******************************************************************************
             TMS320C2000 Linker PC v6.1.3                      
******************************************************************************
>> Linked Mon Oct 13 10:51:47 2025

OUTPUT FILE NAME:   <../RELEASE/IVAM6048M_Ano.out>
ENTRY POINT SYMBOL: "_c_int00"  address: 00316cb3


MEMORY CONFIGURATION

         name            origin    length      used     unused   attr    fill
----------------------  --------  ---------  --------  --------  ----  --------
PAGE 0:
  ZONE0                 00004000   00001000  00000000  00001000  RWIX
  RAML0                 00008000   00003a00  0000336c  00000694  RWIX
  RAML2                 0000ba00   00003600  000031a6  0000045a  RWIX
  RAML6                 0000f000   00000900  00000000  00000900  RWIX
  ZONE6                 00100000   00100000  00000000  00100000  RWIX
  ZONE7A                00200000   0000fc00  00000000  0000fc00  RWIX
  APPFLASH              00300000   00037f7a  000184cd  0001faad  RWIX
  APPFlagW              00337f7a   00000004  00000000  00000004  RWIX
  CSM_RSVD              00337f80   00000076  00000000  00000076  RWIX
  APPBEGIN              00337ff6   00000002  00000002  00000000  RWIX
  CSM_PWL_P0            00337ff8   00000008  00000000  00000008  RWIX
  IAPFLASH              00338000   00007f7c  00000000  00007f7c  RWIX
  IAPFlagW              0033ff7c   00000004  00000000  00000004  RWIX
  IAPBEGIN              0033fff6   00000002  00000000  00000002  RWIX
  ADC_CAL               00380080   00000009  00000007  00000002  RWIX
  OTP                   00380400   00000400  00000000  00000400  RWIX
  IQTABLES              003fe000   00000b50  00000000  00000b50  RWIX
  IQTABLES2             003feb50   0000008c  00000000  0000008c  RWIX
  FPUTABLES             003febdc   000006a0  000006a0  00000000  RWIX
  ROM                   003ff27c   00000d44  00000000  00000d44  RWIX
  RESET                 003fffc0   00000002  00000000  00000002  RWIX
  VECTORS               003fffc2   0000003e  00000000  0000003e  RWIX

PAGE 1:
  BOOT_RSVD             00000000   00000050  00000000  00000050  RWIX
  RAMM0                 00000050   000003b0  00000339  00000077  RWIX
  RAMM1                 00000400   00000400  00000400  00000000  RWIX
  DEV_EMU               00000880   00000180  000000d0  000000b0  RWIX
  FLASH_REGS            00000a80   00000060  00000008  00000058  RWIX
  CSM                   00000ae0   00000010  00000000  00000010  RWIX
  ADC_MIRROR            00000b00   00000010  00000010  00000000  RWIX
  XINTF                 00000b20   00000020  0000001e  00000002  RWIX
  CPU_TIMER0            00000c00   00000008  00000008  00000000  RWIX
  CPU_TIMER1            00000c08   00000008  00000008  00000000  RWIX
  CPU_TIMER2            00000c10   00000008  00000008  00000000  RWIX
  PIE_CTRL              00000ce0   00000020  0000001a  00000006  RWIX
  PIE_VECT              00000d00   00000100  00000100  00000000  RWIX
  DMA                   00001000   00000200  000000e0  00000120  RWIX
  MCBSPA                00005000   00000040  00000025  0000001b  RWIX
  MCBSPB                00005040   00000040  00000025  0000001b  RWIX
  ECANA                 00006000   00000040  00000034  0000000c  RWIX
  ECANA_LAM             00006040   00000040  00000040  00000000  RWIX
  ECANA_MOTS            00006080   00000040  00000040  00000000  RWIX
  ECANA_MOTO            000060c0   00000040  00000040  00000000  RWIX
  ECANA_MBOX            00006100   00000100  00000100  00000000  RWIX
  ECANB                 00006200   00000040  00000034  0000000c  RWIX
  ECANB_LAM             00006240   00000040  00000040  00000000  RWIX
  ECANB_MOTS            00006280   00000040  00000040  00000000  RWIX
  ECANB_MOTO            000062c0   00000040  00000040  00000000  RWIX
  ECANB_MBOX            00006300   00000100  00000100  00000000  RWIX
  EPWM1                 00006800   00000022  00000022  00000000  RWIX
  EPWM2                 00006840   00000022  00000022  00000000  RWIX
  EPWM3                 00006880   00000022  00000022  00000000  RWIX
  EPWM4                 000068c0   00000022  00000022  00000000  RWIX
  EPWM5                 00006900   00000022  00000022  00000000  RWIX
  EPWM6                 00006940   00000022  00000022  00000000  RWIX
  ECAP1                 00006a00   00000020  00000020  00000000  RWIX
  ECAP2                 00006a20   00000020  00000020  00000000  RWIX
  ECAP3                 00006a40   00000020  00000020  00000000  RWIX
  ECAP4                 00006a60   00000020  00000020  00000000  RWIX
  ECAP5                 00006a80   00000020  00000020  00000000  RWIX
  ECAP6                 00006aa0   00000020  00000020  00000000  RWIX
  EQEP1                 00006b00   00000040  00000040  00000000  RWIX
  EQEP2                 00006b40   00000040  00000040  00000000  RWIX
  GPIOCTRL              00006f80   00000040  0000002e  00000012  RWIX
  GPIODAT               00006fc0   00000020  00000020  00000000  RWIX
  GPIOINT               00006fe0   00000020  0000000a  00000016  RWIX
  SYSTEM                00007010   00000020  00000020  00000000  RWIX
  SPIA                  00007040   00000010  00000010  00000000  RWIX
  SCIA                  00007050   00000010  00000010  00000000  RWIX
  XINTRUPT              00007070   00000010  00000010  00000000  RWIX
  ADC                   00007100   00000020  0000001e  00000002  RWIX
  SCIB                  00007750   00000010  00000010  00000000  RWIX
  SCIC                  00007770   00000010  00000010  00000000  RWIX
  I2CA                  00007900   00000040  00000022  0000001e  RWIX
  FUNCRAM               0000f900   00000700  00000000  00000700  RWIX
  ZONE7B                0020fc00   00000400  00000000  00000400  RWIX
  PARTID                00380090   00000001  00000001  00000000  RWIX
  CSM_PWL               003f7ff8   00000008  00000000  00000008  RWIX


SECTION ALLOCATION MAP

 output                                  attributes/
section   page    origin      length       input sections
--------  ----  ----------  ----------   ----------------
.pinit     0    00300000    00000000     UNINITIALIZED

.ebss      0    0000ba00    000031a6     UNINITIALIZED
                  0000ba00    00000875     AnoAssistant.obj (.ebss)
                  0000c275    0000000b     I2cApp.obj (.ebss)
                  0000c280    00000581     MonitorProtocol.obj (.ebss)
                  0000c801    00000001     Logic.obj (.ebss)
                  0000c802    00000036     Bat.obj (.ebss)
                  0000c838    00000008     Llc.obj (.ebss)
                  0000c840    00000520     Inv.obj (.ebss)
                  0000cd60    00000018     DSP2833x_CpuTimers.obj (.ebss)
                  0000cd78    00000008     Main.obj (.ebss)
                  0000cd80    0000036f     Grid.obj (.ebss)
                  0000d0ef    00000001     --HOLE--
                  0000d0f0    0000000e     MonitorModbus.obj (.ebss)
                  0000d0fe    00000002     --HOLE--
                  0000d100    00000360     Upgrade.obj (.ebss)
                  0000d460    00000016     Relay.obj (.ebss)
                  0000d476    0000000a     Bus.obj (.ebss)
                  0000d480    0000030e     Adc.obj (.ebss)
                  0000d78e    0000002c     DcDc.obj (.ebss)
                  0000d7ba    00000006     DSP2833x_SWPrioritizedDefaultIsr.obj (.ebss)
                  0000d7c0    0000030a     PvInvComm.obj (.ebss)
                  0000daca    0000002a     Ecap.obj (.ebss)
                  0000daf4    00000004     Flash28335_API_V210.lib : Flash28_Globals.obj (.ebss)
                  0000daf8    00000004     rts2800_fpu32.lib : _lock.obj (.ebss)
                  0000dafc    00000004                       : exit.obj (.ebss)
                  0000db00    000002b8     Pll.obj (.ebss)
                  0000ddb8    00000008     --HOLE--
                  0000ddc0    000002a2     CanInModDeal.obj (.ebss)
                  0000e062    0000001e     --HOLE--
                  0000e080    0000028a     MonitorSci.obj (.ebss)
                  0000e30a    00000028     Fan.obj (.ebss)
                  0000e332    0000000e     --HOLE--
                  0000e340    000001c0     Ipoms.obj (.ebss)
                  0000e500    00000183     Eeprom.obj (.ebss)
                  0000e683    00000001     --HOLE--
                  0000e684    00000024     Example_Flash2833x_API.obj (.ebss)
                  0000e6a8    00000018     --HOLE--
                  0000e6c0    00000168     Fault.obj (.ebss)
                  0000e828    00000018     --HOLE--
                  0000e840    00000100     Candriver.obj (.ebss)
                  0000e940    000000ac     Powerderating.obj (.ebss)
                  0000e9ec    00000014     --HOLE--
                  0000ea00    00000088     AdcATE.obj (.ebss)
                  0000ea88    00000022     Task.obj (.ebss)
                  0000eaaa    00000016     --HOLE--
                  0000eac0    00000080     System.obj (.ebss)
                  0000eb40    00000066     Gen.obj (.ebss)

.data      0    00300000    00000000     UNINITIALIZED

ramfuncs   0    00300000    00002f17     RUN ADDR = 00008000
                  00300000    00000d00     Pll.obj (ramfuncs)
                  00300d00    0000070a     Inv.obj (ramfuncs)
                  0030140a    00000535     Candriver.obj (ramfuncs)
                  0030193f    000004d4     CanInModDeal.obj (ramfuncs)
                  00301e13    00000448     Adc.obj (ramfuncs)
                  0030225b    0000039e     Eeprom.obj (ramfuncs)
                  003025f9    00000271     Relay.obj (ramfuncs)
                  0030286a    0000025a     Fault.obj (ramfuncs)
                  00302ac4    000000eb     MonitorSci.obj (ramfuncs)
                  00302baf    000000da     PvInvComm.obj (ramfuncs)
                  00302c89    000000a6     DcDc.obj (ramfuncs)
                  00302d2f    000000a0     I2cApp.obj (ramfuncs)
                  00302dcf    0000009e     I2cDrv.obj (ramfuncs)
                  00302e6d    0000005b     Llc.obj (ramfuncs)
                  00302ec8    00000026     Ecap.obj (ramfuncs)
                  00302eee    0000001b     DSP2833x_SysCtrl.obj (ramfuncs)
                  00302f09    0000000a     Example_Flash2833x_API.obj (ramfuncs)
                  00302f13    00000004     DSP2833x_usDelay.obj (ramfuncs)

Flash28_API 
*          0    00302f18    00000455     RUN ADDR = 0000af18
                  00302f18    00000020     Flash28335_API_V210.lib : Flash28_Erase.obj (.econst:_Sector$1)
                  00302f38    00000008                             : Flash28_Erase.obj (.econst:_SecKey$2)
                  00302f40    000000a0                             : Flash28_Erase.obj (.text)
                  00302fe0    0000009a                             : Flash28_Erase_Pulse.obj (.text)
                  0030307a    00000084                             : Flash28_Internals.obj (.text)
                  003030fe    00000080                             : Flash28_Prog_Pulse.obj (.text)
                  0030317e    0000007d                             : Flash28_Compact_Pulse.obj (.text)
                  003031fb    0000005a                             : Flash28_EraseSector.obj (.text)
                  00303255    00000053                             : Flash28_CompactSector.obj (.text)
                  003032a8    00000041                             : Flash28_ClearLoop.obj (.text)
                  003032e9    00000033                             : Flash28_ClearSector.obj (.text)
                  0030331c    00000029                             : Flash28_Init.obj (.text)
                  00303345    00000014                             : Flash28_Utils.obj (.text)
                  00303359    0000000d                             : Flash28_Delay.obj (.text)
                  00303366    00000007                             : Flash28_DisInt.obj (.text)

.text      0    0030336d    00013c27     
                  0030336d    0000206f     Inv.obj (.text)
                  003053dc    00001ea4     Grid.obj (.text)
                  00307280    00001d9d     GridStandard.obj (.text)
                  0030901d    00001cda     System.obj (.text)
                  0030acf7    000019db     Fault.obj (.text)
                  0030c6d2    000018a7     CanInModDeal.obj (.text)
                  0030df79    000010a3     MonitorProtocol.obj (.text)
                  0030f01c    00000fbf     Adc.obj (.text)
                  0030ffdb    00000b65     Gen.obj (.text)
                  00310b40    0000098e     AdcATE.obj (.text)
                  003114ce    00000915     Bat.obj (.text)
                  00311de3    0000086a     AnoAssistant.obj (.text)
                  0031264d    00000850     Ipoms.obj (.text)
                  00312e9d    00000600     Candriver.obj (.text)
                  0031349d    000005a0     MonitorModbus.obj (.text)
                  00313a3d    00000564     PvInvComm.obj (.text)
                  00313fa1    00000549     Powerderating.obj (.text)
                  003144ea    00000541     Relay.obj (.text)
                  00314a2b    0000044c     Ecap.obj (.text)
                  00314e77    00000405     Eeprom.obj (.text)
                  0031527c    00000337     DSP2833x_EPwm.obj (.text)
                  003155b3    0000028f     DSP2833x_SWPrioritizedDefaultIsr.obj (.text:retain)
                  00315842    00000289     Upgrade.obj (.text)
                  00315acb    00000249     Llc.obj (.text)
                  00315d14    00000245     Bus.obj (.text)
                  00315f59    000001b7     Task.obj (.text)
                  00316110    00000173     Fan.obj (.text)
                  00316283    00000165     DSP2833x_Gpio.obj (.text)
                  003163e8    00000165     Pll.obj (.text)
                  0031654d    0000010b     DSP2833x_ECan.obj (.text)
                  00316658    000000ef     DSP2833x_Xintf.obj (.text)
                  00316747    000000e2     I2cApp.obj (.text)
                  00316829    000000da     DSP2833x_Mcbsp.obj (.text)
                  00316903    000000bf     MonitorSci.obj (.text)
                  003169c2    000000ab     DSP2833x_SysCtrl.obj (.text)
                  00316a6d    000000a9     Main.obj (.text)
                  00316b16    0000008c     DcDc.obj (.text)
                  00316ba2    0000005c     DSP2833x_Sci.obj (.text)
                  00316bfe    0000005b     DSP2833x_CpuTimers.obj (.text)
                  00316c59    0000005a     DSP2833x_ECap.obj (.text)
                  00316cb3    00000046     rts2800_fpu32.lib : boot.obj (.text)
                  00316cf9    00000043     rts2800_fpu32_fast_supplement.lib : sincos_f32.obj (.text)
                  00316d3c    00000037     I2cDrv.obj (.text)
                  00316d73    00000034     rts2800_fpu32_fast_supplement.lib : cos_f32.obj (.text)
                  00316da7    00000034                                       : sin_f32.obj (.text)
                  00316ddb    0000002a     rts2800_fpu32.lib : l_div.obj (.text)
                  00316e05    00000028     DSP2833x_PieCtrl.obj (.text)
                  00316e2d    00000027     DSP2833x_Spi.obj (.text)
                  00316e54    00000021     rts2800_fpu32.lib : memcpy_ff.obj (.text)
                  00316e75    00000021     rts2800_fpu32_fast_supplement.lib : sqrt_f32.obj (.text)
                  00316e96    00000020     DSP2833x_Adc.obj (.text)
                  00316eb6    0000001c     Example_Flash2833x_API.obj (.text)
                  00316ed2    00000019     Logic.obj (.text)
                  00316eeb    00000019     rts2800_fpu32.lib : args_main.obj (.text)
                  00316f04    00000019                       : exit.obj (.text)
                  00316f1d    00000019     rts2800_fpu32_fast_supplement.lib : div_f32.obj (.text)
                  00316f36    00000017     DSP2833x_I2C.obj (.text)
                  00316f4d    00000010     DSP2833x_SWPrioritizedPieVect.obj (.text)
                  00316f5d    0000000c     DSP2833x_MemCopy.obj (.text)
                  00316f69    0000000b     rts2800_fpu32.lib : u_div.obj (.text)
                  00316f74    00000009                       : _lock.obj (.text)
                  00316f7d    00000008     DSP2833x_CodeStartBranch.obj (.text)
                  00316f85    00000007     rts2800_fpu32.lib : memset.obj (.text)
                  00316f8c    00000006     Systable.obj (.text)
                  00316f92    00000002     DSP2833x_EQep.obj (.text)

.econst    0    00316f94    00000cb2     
                  00316f94    000005d9     MonitorProtocol.obj (.econst:_uiSetDataRange)
                  0031756d    000001f3     MonitorProtocol.obj (.econst:_uiDefaultData)
                  00317760    00000100     DSP2833x_SWPrioritizedPieVect.obj (.econst)
                  00317860    00000100     Ipoms.obj (.econst:_auchCRCHi)
                  00317960    00000100     Ipoms.obj (.econst:_auchCRCLo)
                  00317a60    00000100     MonitorProtocol.obj (.econst:_uiCRCTable)
                  00317b60    000000c8     AnoAssistant.obj (.econst:_GetDataSubArray)
                  00317c28    0000001e     Task.obj (.econst:_constTaskBoxTable)

.cinit     0    00317c46    00000888     
                  00317c46    00000290     Fault.obj (.cinit)
                  00317ed6    000000f8     CanInModDeal.obj (.cinit)
                  00317fce    000000a7     Grid.obj (.cinit)
                  00318075    00000096     AdcATE.obj (.cinit)
                  0031810b    0000008d     Gen.obj (.cinit)
                  00318198    00000070     System.obj (.cinit)
                  00318208    00000052     Relay.obj (.cinit)
                  0031825a    00000050     Inv.obj (.cinit)
                  003182aa    0000002e     Fan.obj (.cinit)
                  003182d8    0000002c     Eeprom.obj (.cinit)
                  00318304    0000002c     I2cApp.obj (.cinit)
                  00318330    00000028     AnoAssistant.obj (.cinit)
                  00318358    00000028     Task.obj (.cinit)
                  00318380    00000027     Bat.obj (.cinit)
                  003183a7    00000023     Example_Flash2833x_API.obj (.cinit)
                  003183ca    00000022     Pll.obj (.cinit)
                  003183ec    00000021     Adc.obj (.cinit)
                  0031840d    00000020     PvInvComm.obj (.cinit)
                  0031842d    0000001a     Upgrade.obj (.cinit)
                  00318447    00000019     Bus.obj (.cinit)
                  00318460    00000015     Llc.obj (.cinit)
                  00318475    00000014     Candriver.obj (.cinit)
                  00318489    0000000a     Flash28335_API_V210.lib : Flash28_Globals.obj (.cinit)
                  00318493    0000000a     rts2800_fpu32.lib : _lock.obj (.cinit)
                  0031849d    0000000a                       : exit.obj (.cinit)
                  003184a7    00000009     Powerderating.obj (.cinit)
                  003184b0    00000008     Ecap.obj (.cinit)
                  003184b8    00000008     MonitorProtocol.obj (.cinit)
                  003184c0    00000008     MonitorSci.obj (.cinit)
                  003184c8    00000004     MonitorModbus.obj (.cinit)
                  003184cc    00000002     --HOLE-- [fill = 0]

codestart 
*          0    00337ff6    00000002     
                  00337ff6    00000002     DSP2833x_CodeStartBranch.obj (codestart)

.adc_cal   0    00380080    00000007     NOLOAD SECTION
                  00380080    00000007     DSP2833x_ADC_cal.obj (.adc_cal)

FPUmathTables 
*          0    003febdc    000006a0     NOLOAD SECTION
                  003febdc    000006a0     rts2800_fpu32_fast_supplement.lib : FPUmathTables.obj (FPUmathTables)

.reset     0    003fffc0    00000002     DSECT
                  003fffc0    00000002     rts2800_fpu32.lib : boot.obj (.reset)

vectors    0    003fffc2    00000000     DSECT

E2promBag 
*          1    00000080    000001f6     UNINITIALIZED
                  00000080    000001f6     Eeprom.obj (E2promBag)

SysInfo    1    00000280    00000074     UNINITIALIZED
                  00000280    00000074     System.obj (SysInfo)

I2cDrvBag 
*          1    00000300    00000068     UNINITIALIZED
                  00000300    00000068     I2cDrv.obj (I2cDrvBag)

I2cE2Bag   1    00000380    00000067     UNINITIALIZED
                  00000380    00000067     I2cApp.obj (I2cE2Bag)

.stack     1    00000400    00000400     UNINITIALIZED
                  00000400    00000400     --HOLE--

DevEmuRegsFile 
*          1    00000880    000000d0     UNINITIALIZED
                  00000880    000000d0     DSP2833x_GlobalVariableDefs.obj (DevEmuRegsFile)

FlashRegsFile 
*          1    00000a80    00000008     UNINITIALIZED
                  00000a80    00000008     DSP2833x_GlobalVariableDefs.obj (FlashRegsFile)

AdcMirrorFile 
*          1    00000b00    00000010     UNINITIALIZED
                  00000b00    00000010     DSP2833x_GlobalVariableDefs.obj (AdcMirrorFile)

XintfRegsFile 
*          1    00000b20    0000001e     UNINITIALIZED
                  00000b20    0000001e     DSP2833x_GlobalVariableDefs.obj (XintfRegsFile)

CpuTimer0RegsFile 
*          1    00000c00    00000008     UNINITIALIZED
                  00000c00    00000008     DSP2833x_GlobalVariableDefs.obj (CpuTimer0RegsFile)

CpuTimer1RegsFile 
*          1    00000c08    00000008     UNINITIALIZED
                  00000c08    00000008     DSP2833x_GlobalVariableDefs.obj (CpuTimer1RegsFile)

CpuTimer2RegsFile 
*          1    00000c10    00000008     UNINITIALIZED
                  00000c10    00000008     DSP2833x_GlobalVariableDefs.obj (CpuTimer2RegsFile)

PieCtrlRegsFile 
*          1    00000ce0    0000001a     UNINITIALIZED
                  00000ce0    0000001a     DSP2833x_GlobalVariableDefs.obj (PieCtrlRegsFile)

PieVectTableFile 
*          1    00000d00    00000100     UNINITIALIZED
                  00000d00    00000100     DSP2833x_GlobalVariableDefs.obj (PieVectTableFile)

DmaRegsFile 
*          1    00001000    000000e0     UNINITIALIZED
                  00001000    000000e0     DSP2833x_GlobalVariableDefs.obj (DmaRegsFile)

McbspaRegsFile 
*          1    00005000    00000025     UNINITIALIZED
                  00005000    00000025     DSP2833x_GlobalVariableDefs.obj (McbspaRegsFile)

McbspbRegsFile 
*          1    00005040    00000025     UNINITIALIZED
                  00005040    00000025     DSP2833x_GlobalVariableDefs.obj (McbspbRegsFile)

ECanaRegsFile 
*          1    00006000    00000034     UNINITIALIZED
                  00006000    00000034     DSP2833x_GlobalVariableDefs.obj (ECanaRegsFile)

ECanaLAMRegsFile 
*          1    00006040    00000040     UNINITIALIZED
                  00006040    00000040     DSP2833x_GlobalVariableDefs.obj (ECanaLAMRegsFile)

ECanaMOTSRegsFile 
*          1    00006080    00000040     UNINITIALIZED
                  00006080    00000040     DSP2833x_GlobalVariableDefs.obj (ECanaMOTSRegsFile)

ECanaMOTORegsFile 
*          1    000060c0    00000040     UNINITIALIZED
                  000060c0    00000040     DSP2833x_GlobalVariableDefs.obj (ECanaMOTORegsFile)

ECanaMboxesFile 
*          1    00006100    00000100     UNINITIALIZED
                  00006100    00000100     DSP2833x_GlobalVariableDefs.obj (ECanaMboxesFile)

ECanbRegsFile 
*          1    00006200    00000034     UNINITIALIZED
                  00006200    00000034     DSP2833x_GlobalVariableDefs.obj (ECanbRegsFile)

ECanbLAMRegsFile 
*          1    00006240    00000040     UNINITIALIZED
                  00006240    00000040     DSP2833x_GlobalVariableDefs.obj (ECanbLAMRegsFile)

ECanbMOTSRegsFile 
*          1    00006280    00000040     UNINITIALIZED
                  00006280    00000040     DSP2833x_GlobalVariableDefs.obj (ECanbMOTSRegsFile)

ECanbMOTORegsFile 
*          1    000062c0    00000040     UNINITIALIZED
                  000062c0    00000040     DSP2833x_GlobalVariableDefs.obj (ECanbMOTORegsFile)

ECanbMboxesFile 
*          1    00006300    00000100     UNINITIALIZED
                  00006300    00000100     DSP2833x_GlobalVariableDefs.obj (ECanbMboxesFile)

EPwm1RegsFile 
*          1    00006800    00000022     UNINITIALIZED
                  00006800    00000022     DSP2833x_GlobalVariableDefs.obj (EPwm1RegsFile)

EPwm2RegsFile 
*          1    00006840    00000022     UNINITIALIZED
                  00006840    00000022     DSP2833x_GlobalVariableDefs.obj (EPwm2RegsFile)

EPwm3RegsFile 
*          1    00006880    00000022     UNINITIALIZED
                  00006880    00000022     DSP2833x_GlobalVariableDefs.obj (EPwm3RegsFile)

EPwm4RegsFile 
*          1    000068c0    00000022     UNINITIALIZED
                  000068c0    00000022     DSP2833x_GlobalVariableDefs.obj (EPwm4RegsFile)

EPwm5RegsFile 
*          1    00006900    00000022     UNINITIALIZED
                  00006900    00000022     DSP2833x_GlobalVariableDefs.obj (EPwm5RegsFile)

EPwm6RegsFile 
*          1    00006940    00000022     UNINITIALIZED
                  00006940    00000022     DSP2833x_GlobalVariableDefs.obj (EPwm6RegsFile)

ECap1RegsFile 
*          1    00006a00    00000020     UNINITIALIZED
                  00006a00    00000020     DSP2833x_GlobalVariableDefs.obj (ECap1RegsFile)

ECap2RegsFile 
*          1    00006a20    00000020     UNINITIALIZED
                  00006a20    00000020     DSP2833x_GlobalVariableDefs.obj (ECap2RegsFile)

ECap3RegsFile 
*          1    00006a40    00000020     UNINITIALIZED
                  00006a40    00000020     DSP2833x_GlobalVariableDefs.obj (ECap3RegsFile)

ECap4RegsFile 
*          1    00006a60    00000020     UNINITIALIZED
                  00006a60    00000020     DSP2833x_GlobalVariableDefs.obj (ECap4RegsFile)

ECap5RegsFile 
*          1    00006a80    00000020     UNINITIALIZED
                  00006a80    00000020     DSP2833x_GlobalVariableDefs.obj (ECap5RegsFile)

ECap6RegsFile 
*          1    00006aa0    00000020     UNINITIALIZED
                  00006aa0    00000020     DSP2833x_GlobalVariableDefs.obj (ECap6RegsFile)

EQep1RegsFile 
*          1    00006b00    00000040     UNINITIALIZED
                  00006b00    00000040     DSP2833x_GlobalVariableDefs.obj (EQep1RegsFile)

EQep2RegsFile 
*          1    00006b40    00000040     UNINITIALIZED
                  00006b40    00000040     DSP2833x_GlobalVariableDefs.obj (EQep2RegsFile)

GpioCtrlRegsFile 
*          1    00006f80    0000002e     UNINITIALIZED
                  00006f80    0000002e     DSP2833x_GlobalVariableDefs.obj (GpioCtrlRegsFile)

GpioDataRegsFile 
*          1    00006fc0    00000020     UNINITIALIZED
                  00006fc0    00000020     DSP2833x_GlobalVariableDefs.obj (GpioDataRegsFile)

GpioIntRegsFile 
*          1    00006fe0    0000000a     UNINITIALIZED
                  00006fe0    0000000a     DSP2833x_GlobalVariableDefs.obj (GpioIntRegsFile)

SysCtrlRegsFile 
*          1    00007010    00000020     UNINITIALIZED
                  00007010    00000020     DSP2833x_GlobalVariableDefs.obj (SysCtrlRegsFile)

SpiaRegsFile 
*          1    00007040    00000010     UNINITIALIZED
                  00007040    00000010     DSP2833x_GlobalVariableDefs.obj (SpiaRegsFile)

SciaRegsFile 
*          1    00007050    00000010     UNINITIALIZED
                  00007050    00000010     DSP2833x_GlobalVariableDefs.obj (SciaRegsFile)

XIntruptRegsFile 
*          1    00007070    00000010     UNINITIALIZED
                  00007070    00000010     DSP2833x_GlobalVariableDefs.obj (XIntruptRegsFile)

AdcRegsFile 
*          1    00007100    0000001e     UNINITIALIZED
                  00007100    0000001e     DSP2833x_GlobalVariableDefs.obj (AdcRegsFile)

ScibRegsFile 
*          1    00007750    00000010     UNINITIALIZED
                  00007750    00000010     DSP2833x_GlobalVariableDefs.obj (ScibRegsFile)

ScicRegsFile 
*          1    00007770    00000010     UNINITIALIZED
                  00007770    00000010     DSP2833x_GlobalVariableDefs.obj (ScicRegsFile)

I2caRegsFile 
*          1    00007900    00000022     UNINITIALIZED
                  00007900    00000022     DSP2833x_GlobalVariableDefs.obj (I2caRegsFile)

PartIdRegsFile 
*          1    00380090    00000001     UNINITIALIZED
                  00380090    00000001     DSP2833x_GlobalVariableDefs.obj (PartIdRegsFile)


GLOBAL SYMBOLS: SORTED ALPHABETICALLY BY Name 

address    name
--------   ----
00300000   .data
0030336d   .text
00316f04   C$$EXIT
00316f1d   FS$$DIV
00316ddb   L$$DIV
00316dea   L$$MOD
00316f69   U$$DIV
00316f6e   U$$MOD
00316df8   UL$$DIV
00316dff   UL$$MOD
0000d4b4   _ADC_Offset
0000d4e4   _ADC_OffsetAccu
00380080   _ADC_cal
00310ef0   _AdcATE_BatAdjust
00311376   _AdcATE_BusAdjust
003111c4   _AdcATE_GenAdjust
003110eb   _AdcATE_GridAdjust
00310b40   _AdcATE_Init
00311012   _AdcATE_InvAdjust
0031129d   _AdcATE_OutputAdjust
00310b59   _AdcATE_PvAdjust
0031147c   _AdcATE_ScodeCheck
0031147c   _AdcATE_Task_100ms
00310b41   _AdcATE_Task_1ms
00310b58   _AdcATE_Task_20ms
00310b42   _AdcATE_Task_5ms
00000b00   _AdcMirror
00007100   _AdcRegs
0030f1e3   _Adc_AdjustRatioRenew
0030f326   _Adc_CalibsCoefRenew
0000a14a   _Adc_DcDcCalcRealTime
0000a1ab   _Adc_DcDcSampleAcc
0000a20c   _Adc_DeltaOmegaAcc
0030f01c   _Adc_Initialize
00009f86   _Adc_InvCalcRealTime
00009fbf   _Adc_InvSampleAcc
0030f534   _Adc_InvSampleSlowAcc
0030f473   _Adc_InvSampleSlowCalc
00009e13   _Adc_ResultGetPrd
00009edf   _Adc_ResultGetZero
0030f1c7   _Adc_SamplePeriodPointInit
0030f631   _Adc_Task_100ms
0030f684   _Adc_Task_1ms
0030f628   _Adc_Task_20ms
0030f61f   _Adc_Task_5ms
0030ff65   _Adc_VoltFloDeal
00312082   _Ano_ChannelDataSend
00311fa4   _Ano_ChannelDataSendPack
00312105   _Ano_ChannelSnatchGet
00311f63   _Ano_CmdAckPack
00312060   _Ano_CmdAckSend
00311ed5   _Ano_CmdParsing
003120b2   _Ano_CmdSumCheck
003120d3   _Ano_DataSend
00311e5d   _Ano_Machine
003120a5   _Ano_SnatchWaitSend
00311e03   _Ano_System_AppInit
00311de4   _Ano_System_PeripheralInit
00311de3   _Ano_System_PinInit
00311e45   _Ano_Task_100ms
00311e28   _Ano_Task_1ms
00311e33   _Ano_Task_20ms
00311e29   _Ano_Task_5ms
00311e18   _Ano_Task_RealTimeDone
0000e731   _BatAbnormalFlg
0000e30e   _BatPowerCtrFanStart
0000e318   _BatPowerCtrFanStop
0031170b   _Bat_BatForceChargeJudge
003114ce   _Bat_Initialize
003114e9   _Bat_Task_100ms
003114dc   _Bat_Task_1ms
003114de   _Bat_Task_20ms
003114dd   _Bat_Task_5ms
00315d14   _Bus_Initialize
00315d17   _Bus_Task_100ms
00315d15   _Bus_Task_1ms
00315d18   _Bus_Task_20ms
00315d16   _Bus_Task_5ms
0000ea40   _Calibs
00312fa2   _CanDriver_Old_PeripheralInit
003131ec   _CanDriver_SendBoxData
003131c7   _CanDriver_SendData
0031322b   _CanDriver_SendFinishDeal
0031302a   _CanDriver_System_AppInit
00312ea0   _CanDriver_System_PeripheralInit
00312e9d   _CanDriver_System_PinInit
003131c6   _CanDriver_Task_100ms
003131ba   _CanDriver_Task_1ms
003131c5   _CanDriver_Task_20ms
003131c4   _CanDriver_Task_5ms
00313043   _CanDriver_Task_RealTime
0030ca4a   _CanInModDeal_IDIdentify
0030c995   _CanInModDeal_IDIdentifyDeal
0030c6da   _CanInModDeal_ParaFrameInit
0030c6d2   _CanInModDeal_System_AppInit
0030c7dc   _CanInModDeal_Task_100ms
0030c7b4   _CanInModDeal_Task_1ms
0030c7db   _CanInModDeal_Task_20ms
0030c7da   _CanInModDeal_Task_5ms
0030c7b3   _CanInModDeal_Task_RealTime
0030d4df   _CanPara_ComDataDeal
0030de44   _CanPara_ComStateDataInt
0000993f   _CanPara_ComStatusManage
0030ca6f   _CanPara_FrameIDMsgDataSend
0030d850   _CanPara_FreqReguLoop
0030dcde   _CanPara_PeakShavingReguLoop
0030db6f   _CanPara_RmsVoltReguLoop
0030ca78   _CanPara_SelfFrameDataCopyWhenIDChange
0030de70   _CanPara_SysDataRenew
0030de45   _CanPara_SysRxDataClr
0030df5f   _CanPara_TestDataSend
00316c37   _ConfigCpuTimer
0000cd70   _CpuTimer0
00000c00   _CpuTimer0Regs
0000cd60   _CpuTimer1
00000c08   _CpuTimer1Regs
0000cd68   _CpuTimer2
00000c10   _CpuTimer2Regs
0000af13   _DSP28x_usDelay
00316b64   _DcDc_BusBlcRealTimeDone
00316b16   _DcDc_Initialize
00316b62   _DcDc_Task_1ms
00316b65   _DcDc_Task_20ms
00316b63   _DcDc_Task_5ms
00316b5d   _DcDc_Task_RealTime
00312a07   _DebugSci_SetDataUpdate
00000880   _DevEmuRegs
003169d5   _DisableDog
00001000   _DmaRegs
00315236   _E2prom_AdjustRatioGet
003151b8   _E2prom_DirectUpInitDeal
0031513e   _E2prom_FaultDataBuffIn
0031513d   _E2prom_FaultDataBuffInDeal
00315174   _E2prom_FaultDataBuffOutDeal
00314f41   _E2prom_FaultDataDeal
00315133   _E2prom_FaultDataDirectUpDeal
00315051   _E2prom_FaultDataFetchCheck
00315087   _E2prom_FaultDataFetchDeal
00315050   _E2prom_FaultDataSavePreprocess
0031511a   _E2prom_FaultDataSendFinishDeal
00314f42   _E2prom_FaultInE2promInit
00315278   _E2prom_FaultStatusGet
0000a25b   _E2prom_LogicMachine
0000a2af   _E2prom_LogicRun
00314f7b   _E2prom_PowerOffFaultHeaderDeal
00314fca   _E2prom_PowerOnFaultHeaderDeal
00315274   _E2prom_ReadStatusGet
00314e87   _E2prom_System_AppInit
00314f2c   _E2prom_Task_100ms
00314ec2   _E2prom_Task_1ms
00314f2b   _E2prom_Task_20ms
00314f2a   _E2prom_Task_5ms
00314eb8   _E2prom_Task_RealTime
003151cf   _E2prom_WriteEepromDefaultData
00315805   _ECAP1_INT_ISR
00314a2b   _ECAP_InitECap
00314a30   _ECAP_InitECap1
00314a55   _ECAP_InitECap2
00314a7a   _ECAP_InitECap3
00314aa8   _ECAP_InitECap4
00314ad6   _ECAP_InitECap5
00314b04   _ECAP_InitECap6
00314b3e   _ECAP_Initialize
00006040   _ECanaLAMRegs
000060c0   _ECanaMOTORegs
00006080   _ECanaMOTSRegs
00006100   _ECanaMboxes
00006000   _ECanaRegs
00006240   _ECanbLAMRegs
000062c0   _ECanbMOTORegs
00006280   _ECanbMOTSRegs
00006300   _ECanbMboxes
00006200   _ECanbRegs
00006a00   _ECap1Regs
00006a20   _ECap2Regs
00006a40   _ECap3Regs
00006a60   _ECap4Regs
00006a80   _ECap5Regs
00006aa0   _ECap6Regs
00314e77   _EEDRV_Init_I2C
003155b3   _EMUINT_ISR
0031577b   _EPWM1_INT_ISR
003157c0   _EPWM2_INT_ISR
0031569e   _EPWM4_TZINT_ISR
003156ff   _EPWM5_TZINT_ISR
00006800   _EPwm1Regs
0031549f   _EPwm1TzRegCongfig
00006840   _EPwm2Regs
003154b3   _EPwm2TzRegCongfig
00006880   _EPwm3Regs
003154c7   _EPwm3TzRegCongfig
000068c0   _EPwm4Regs
003154db   _EPwm4TzRegCongfig
00006900   _EPwm5Regs
003154ed   _EPwm5TzRegCongfig
00006940   _EPwm6Regs
003154ff   _EPwm6TzRegCongfig
00006b00   _EQep1Regs
00006b40   _EQep2Regs
0000aec8   _Ecap_InvOcpCntCap6
00314bff   _Ecap_Task_1ms
00314bfe   _Ecap_Task_20ms
00314c4e   _Ecap_Task_5ms
00314bff   _Ecap_ZeroSyncPreiodCap
00316e24   _EnableInterrupts
003ff0de   _FPUatan2HalfPITable
003ff0e2   _FPUatan2Table
003ff268   _FPUatan2TableEnd
003fecdc   _FPUcosTable
003ff0de   _FPUcosTableEnd
003febdc   _FPUsinTable
003fefdc   _FPUsinTableEnd
00316114   _Fan_FanControl
00316110   _Fan_Initialize
00316113   _Fan_Task_100ms
00316111   _Fan_Task_1ms
00316114   _Fan_Task_20ms
00316112   _Fan_Task_5ms
0030aef8   _Fault_AlarmCodeShow
0030ae27   _Fault_FaultCodeShow
0000aa59   _Fault_GenDQFastCheck
0000a9f7   _Fault_GenOverVoltFastCheck
0000aa2b   _Fault_GenUnderVoltFastCheck
0030afc9   _Fault_GetFaultWarnBit
0000a988   _Fault_GridDQFastCheck
0000a8cb   _Fault_GridOverVoltFastCheck
0000a930   _Fault_GridUnderVoltFastCheck
0030acf7   _Fault_Initialize
0000a86a   _Fault_InvCurrLimitCheck
0000a8a3   _Fault_InvOverCurrFastCheck
0030adbf   _Fault_ModuleFaultSumry
0030ad69   _Fault_Task_1ms
0030ad70   _Fault_Task_20ms
0030ad0f   _Fault_Task_DcDcRealTime
0030ad36   _Fault_Task_InvRealTime
0000b2e9   _Fl28335_ClearSector
0000b255   _Fl28335_CompactSector
0000b1fb   _Fl28335_EraseSector
0000b31c   _Fl28335_Init
0000b2a8   _Fl28x_ClearLoop
0000b0dc   _Fl28x_ClosePulse
0000b1b8   _Fl28x_CompactPulse
0000b17e   _Fl28x_CompactVerify
0000b359   _Fl28x_Delay
0000b366   _Fl28x_DisableInt
0000b34d   _Fl28x_DisableNMI
0000b087   _Fl28x_EnterCmdMode
0000b028   _Fl28x_ErasePulse
0000afe0   _Fl28x_EraseVerify
0000b0ac   _Fl28x_FlashRegSleep
0000b07a   _Fl28x_LeaveCmdMode
0000b0f3   _Fl28x_MaskAll
0000b0cb   _Fl28x_OpenPulse
0000b13c   _Fl28x_ProgPulse
0000b0fe   _Fl28x_ProgVerify
0000b36a   _Fl28x_RestoreInt
0000b345   _Fl28x_WatchDogDisable
0000af40   _Flash28335_Erase
0030336d   _Flash28_API_LoadEnd
00302f18   _Flash28_API_LoadStart
0000af18   _Flash28_API_RunStart
0000af09   _FlashClear
00000a80   _FlashRegs
0000e684   _FlashStatus
00316eb6   _Flash_API_Init
0000daf6   _Flash_CPUScaleFactor
0000daf4   _Flash_CallbackPtr
00310267   _Gen_DryContactCtrl
0031086d   _Gen_GenFreqCheck
00310b3f   _Gen_GenOverLoadCheck
0031007b   _Gen_GenStandardSet
00310862   _Gen_GenVoltCheck
00310b3e   _Gen_GridSeqFaultCheck
0030ffdb   _Gen_Initialize
00310442   _Gen_MicroInvInput
00310268   _Gen_SmartLoadRelayCtrl
00310b3d   _Gen_SourceChk
00310044   _Gen_Task_100ms
00310031   _Gen_Task_20ms
00310268   _Gen_Task_5ms
00310030   _Gen_Task_RealTime
00317b60   _GetDataSubArray
00315ac7   _GetSCIPassThroughMode
00006f80   _GpioCtrlRegs
00006fc0   _GpioDataRegs
00006fe0   _GpioIntRegs
00307351   _GridSTD_50HzDefault
00307425   _GridSTD_60HzDefault
00308f5c   _GridSTD_APL
00307638   _GridSTD_Australia
003080bd   _GridSTD_Australia_AS4777_2
00307f19   _GridSTD_Australia_B
00307fec   _GridSTD_Australia_C
00307cb3   _GridSTD_Austria
00307d7a   _GridSTD_Austria_OVE_directive_R25
00307978   _GridSTD_Brazil
0030756a   _GridSTD_Britain
00308dc8   _GridSTD_CEI_0_16_IT
00308cf6   _GridSTD_CEI_0_21_Areti
00308c24   _GridSTD_CEI_0_21_External
00308260   _GridSTD_CPUC_RULE21
00307bdf   _GridSTD_Czech
00307a45   _GridSTD_EN50549
00308b56   _GridSTD_EN50549_1_GR
003084d3   _GridSTD_EN50549_1_Norway_133V
003085a0   _GridSTD_EN50549_1_Norway_230V
00308b57   _GridSTD_EN50549_1_Poland
00308a88   _GridSTD_EN50549_1_Switzerland
003088e0   _GridSTD_EN50549_CZ_PPDS_16A
003089b4   _GridSTD_EN50549_CZ_PPDS_L16A
00308404   _GridSTD_G98
00307280   _GridSTD_Germany
00307497   _GridSTD_Italy
0030866d   _GridSTD_Japan_200VAC_3P3W
0030873c   _GridSTD_Japan_400VAC_3P3W
0030880e   _GridSTD_Japan_415VAC_3P4W
00307e4b   _GridSTD_Netherland
003078aa   _GridSTD_Netherland_EN_50549_1
00307709   _GridSTD_NewZealand
00307b12   _GridSTD_Poland
00308332   _GridSTD_SRD_UL_1741
003077db   _GridSTD_SouthAfrican
00307e49   _GridSTD_Spain_NTS_2021
00307e4a   _GridSTD_Spain_UNE217001
0030818e   _GridSTD_UL1741_IEEE1547
00308e9a   _GridSTD_UPS
00306432   _Grid_AntiIslandChk
003062a6   _Grid_Grid10minOvCheck
0030704c   _Grid_GridAdaptFG
00305663   _Grid_GridFreqCheck
00307229   _Grid_GridHVRT
0030710e   _Grid_GridLVRT
00306327   _Grid_GridRateParaSet
0030650c   _Grid_GridUFDnPower
00306326   _Grid_GridUnbalanceCheck
00305654   _Grid_GridVoltCheck
003053dc   _Grid_Initialize
00306e83   _Grid_PFPowerCurve
0030650d   _Grid_PFResponCurve
00306ce6   _Grid_PFUCurve
00306a97   _Grid_PUCurve
00306d9b   _Grid_QPowerCurve
003068b6   _Grid_QUCurve
00305630   _Grid_Task_100ms
00305537   _Grid_Task_1ms
00305625   _Grid_Task_20ms
0030556e   _Grid_Task_5ms
00305536   _Grid_Task_RealTime
0000ad2f   _I2cApp_E2promManage
00316747   _I2cApp_System_Initialize
00316751   _I2cApp_Task_100ms
0031674f   _I2cApp_Task_1ms
00316752   _I2cApp_Task_20ms
00316750   _I2cApp_Task_5ms
00316752   _I2cApp_Task_E2promCommCheck
00316748   _I2cApp_Task_RealTime
0000adcf   _I2cDrv_I2cApp_ReadExecute
0000ae1c   _I2cDrv_I2cApp_WriteExecute
00316d72   _I2cDrv_System_AppInit
00316d3c   _I2cDrv_System_I2cPinInit
00316d52   _I2cDrv_System_PeripheralInit
00007900   _I2caRegs
003155c9   _ILLEGAL_ISR
0031582e   _INT_NOTUSED_ISR
00316e96   _InitAdc
00316bfe   _InitCpuTimers
0031654d   _InitECan
00316644   _InitECanGpio
0031654d   _InitECanb
00316644   _InitECanbGpio
003165c9   _InitECanb_Old
00316c59   _InitECap
00316c5f   _InitECap1Gpio
00316c6d   _InitECap2Gpio
00316c7b   _InitECap3Gpio
00316c89   _InitECap4Gpio
00316c97   _InitECap5Gpio
00316ca5   _InitECap6Gpio
00316c5a   _InitECapGpio
0031527c   _InitEPwm
003152aa   _InitEPwm1
0031550f   _InitEPwm1Gpio
00315317   _InitEPwm2
00315521   _InitEPwm2Gpio
00315386   _InitEPwm3
00315533   _InitEPwm3Gpio
003153d6   _InitEPwm4
00315547   _InitEPwm4Gpio
00315419   _InitEPwm5
0031555b   _InitEPwm5Gpio
0031545c   _InitEPwm6
0031556d   _InitEPwm6Gpio
0031557f   _InitEPwmSyncGpio
00316f92   _InitEQep
00316f93   _InitEQepGpio
0000aeee   _InitFlash
00316283   _InitGpio
00316f36   _InitI2C
00316f37   _InitI2CGpio
0031629e   _InitLogicIO
00316829   _InitMcbsp
0031688b   _InitMcbspGpio
00316829   _InitMcbspa
00316854   _InitMcbspa12bit
0031685f   _InitMcbspa16bit
0031686a   _InitMcbspa20bit
00316875   _InitMcbspa24bit
00316880   _InitMcbspa32bit
0031684d   _InitMcbspa8bit
0031688b   _InitMcbspaGpio
00316a24   _InitPeripheralClocks
00316e05   _InitPieCtrl
00316f4d   _InitPieVectTable
003169dd   _InitPll
00316ba2   _InitSci
00316bb8   _InitSciGpio
00316bbf   _InitSciaGpio
00316bd4   _InitScibGpio
00316be8   _InitScicGpio
00316e2d   _InitSpi
00316e2e   _InitSpiGpio
00316e2e   _InitSpiaGpio
003169c2   _InitSysCtrl
00315592   _InitTzGpio
00316658   _InitXintf
003166ed   _InitXintf16Gpio
003166aa   _InitXintf32Gpio
0000e30b   _InnerTempFanStart
0000e30d   _InnerTempFanStop
00313e7a   _IntSci_ClearBuffer
00313f59   _IntSci_CommErrCheck
00313d5b   _IntSci_CommandDeal
00313cff   _IntSci_CommandIdentify
00313f79   _IntSci_CrcCheck
0000abaf   _IntSci_Machine
00313e86   _IntSci_ReceiveDataCheck
00313dc5   _IntSci_RenewTxBuffer
00313a5c   _IntSci_System_AppInit
00313a3e   _IntSci_System_PeripheralInit
00313a3d   _IntSci_System_PinInit
00313cfe   _IntSci_Task_100ms
00313a76   _IntSci_Task_1ms
00313b0d   _IntSci_Task_20ms
00313a77   _IntSci_Task_5ms
00313a6c   _IntSci_Task_RealTime
0000e312   _InvPowerCtrFanStart
0000e316   _InvPowerCtrFanStop
0030467b   _Inv_DataReset
0030336d   _Inv_Initialize
00009244   _Inv_InvCtrlDataCalu
003047ce   _Inv_InvDrivePowerSetup
00009124   _Inv_InvPWMEanbleCheck
00304902   _Inv_InvVoltRmsGiven
003049a7   _Inv_InvVoltSoftStart
00303712   _Inv_MainStateMachine
0030486e   _Inv_OffGridDCVoltLoop
00304627   _Inv_OffGridLoopReset
000090e0   _Inv_OffGridRealCurrLoop
00009000   _Inv_OffGridRealVoltLoop
003045bd   _Inv_OffGridRmsLoop
003044d4   _Inv_OnGridBusSoftStart
00008d00   _Inv_OnGridBusVoltLoop
00008e13   _Inv_OnGridControlLoop
003047e8   _Inv_OnGridDCCurrLoop
00304400   _Inv_OnGridDeltaBusRefCtrl
003045a5   _Inv_OnGridLoopReset
00303f3a   _Inv_OnGridPowerGiven
00304316   _Inv_OnGridPowerLoop
00304150   _Inv_OnGridPowerSoftStart
003046dc   _Inv_OpenLoop
000092ac   _Inv_ParaDqPowerCalc
000093b8   _Inv_ParaDroopCtrl
00304a8e   _Inv_ParaQvarAvgLoop
0000918c   _Inv_PwmDriverOutput
0030528b   _Inv_SoftSelfChk
003037a0   _Inv_SubStateMachine
003036cf   _Inv_Task_1ms
003036fb   _Inv_Task_20ms
003036e6   _Inv_Task_5ms
00303641   _Inv_Task_RealTime
00312e3b   _IpmosSetDataRecord
00312b6f   _Ipoms_AlarmUpdate
0031280b   _Ipoms_AnalogArrayUpdate
0031295a   _Ipoms_AnalogInforUpdate
00312904   _Ipoms_AnalogUpdate
003129b1   _Ipoms_CmdDataUpdate
00312a5d   _Ipoms_CmdData_BMSIUpdate
00312813   _Ipoms_CmdParsing
00312b09   _Ipoms_CrcCheck
00312812   _Ipoms_DigitalUpdate
00312cca   _Ipoms_Modbus
00312c99   _Ipoms_ModbusFaultResp
00312826   _Ipoms_ModbusMachine
00312e9c   _Ipoms_RealTime
00312ab3   _Ipoms_SetDataUpdate
00312c2b   _Ipoms_SetPara
00312bc0   _Ipoms_SetSysPara
00312b1d   _Ipoms_SysParaUpdate
00312664   _Ipoms_System_AppInit
00312663   _Ipoms_System_PeripheralInit
0031264d   _Ipoms_System_PinInit
0031267a   _Ipoms_Task_100ms
00312676   _Ipoms_Task_1ms
00312813   _Ipoms_Task_20ms
00312677   _Ipoms_Task_5ms
00312826   _Ipoms_Task_RealTime
0000ea88   _IqDataResult
0000ea8a   _IqDataTemp
0000e30a   _LlcTempFanStart
0000e30c   _LlcTempFanStop
00315b64   _Llc_Task_1ms
00315b66   _Llc_Task_20ms
00315b65   _Llc_Task_5ms
00315acb   _Llc_Task_RealTime
00316ed2   _Logic_Initialize
00316edd   _Logic_Task_1ms
00316edf   _Logic_Task_20ms
00316ede   _Logic_Task_5ms
00005000   _McbspaRegs
00005040   _McbspbRegs
00316f5d   _MemCopy
0031349d   _MonitorModbus_CrcCheck
00313894   _MonitorModbus_RenewTxBuffer
00313a31   _MonitorModbus_Sci_ClearBuffer
003135b8   _MonitorModbus_Sci_CommandDeal
003134ca   _MonitorModbus_Sci_CommandIdentify
003134c9   _MonitorModbus_System_AppInit
0030dfdf   _MonitorProtocol_AlarmRenew
0030ef68   _MonitorProtocol_AnologInfoDataUpdate
0030e5c3   _MonitorProtocol_AnologShowDeal
0030e7f0   _MonitorProtocol_AnologUpdate
0030e6a7   _MonitorProtocol_ModuleStateShow
0030e40b   _MonitorProtocol_PowerMsgShow
0030df87   _MonitorProtocol_Task_100ms
0030df7a   _MonitorProtocol_Task_1ms
0030df7c   _MonitorProtocol_Task_20ms
0030df7b   _MonitorProtocol_Task_5ms
0030df79   _MonitorProtocol_Task_RealTime
00316941   _MonitorSci_Debug_PeripheralInit
0000aac4   _MonitorSci_Machine
00316960   _MonitorSci_System_AppInit
00316904   _MonitorSci_System_PeripheralInit
00316923   _MonitorSci_System_PeripheralInit_38400
00316903   _MonitorSci_System_PinInit
003169c1   _MonitorSci_Task_100ms
00316971   _MonitorSci_Task_1ms
003169a6   _MonitorSci_Task_20ms
00316972   _MonitorSci_Task_5ms
00316967   _MonitorSci_Task_RealTime
003155be   _NMI_ISR
0000dacd   _New_PWM_TBPRD
00315824   _PIE_RESERVED
0031346f   _ParaCan_CanTxSelfMsgData
00313240   _ParaCan_MasterCanTxData
0000940a   _ParaCan_RecieveDataDeal
000096d2   _ParaCan_RecieveSyncDeal
00313358   _ParaCan_SlaverCanTxData
00313238   _ParaCan_sEncodeCanTxData
00380090   _PartIdRegs
00315a73   _PassModeEscCountDown_20ms
0000d104   _PassThroughSCI_State
00315a38   _PassThroughing
00000ce0   _PieCtrlRegs
00000d00   _PieVectTable
00317760   _PieVectTableInit
003163e8   _Pll_Initialize
000081ae   _Pll_LockGenPhase
00008000   _Pll_LockGridPhase
00008522   _Pll_LockInvPhase
0000835c   _Pll_LockPccPhase
003164b4   _Pll_Task_1ms
003164b3   _Pll_Task_20ms
003164b2   _Pll_Task_5ms
003164b1   _Pll_Task_RealTime
00313fb0   _PowerDerating_BatDeratedCalc
00314005   _PowerDerating_BatTmpDeratedCalc
003142b4   _PowerDerating_GridOverFreqDeratedCalc
003142b3   _PowerDerating_GridUnderFreqDeratedCalc
003142b5   _PowerDerating_GridVoltDeratedCalc
00314181   _PowerDerating_InvTmpDeratedCalc
00314397   _PowerDerating_OffGridInvVoltDerCalc
00314004   _PowerDerating_OutVoltDeratedCalc
00314210   _PowerDerating_PvTmpDeratedCalc
00313fa1   _PowerDerating_System_AppInit
00313faf   _PowerDerating_Task_100ms
00313fa2   _PowerDerating_Task_1ms
00313fa4   _PowerDerating_Task_20ms
00313fa3   _PowerDerating_Task_5ms
0000e314   _PvPowerCtrFanStart
0000e310   _PvPowerCtrFanStop
0000d108   _QList
0030a94e   _RamCheck
00302f17   _RamfuncsLoadEnd
00300000   _RamfuncsLoadStart
00008000   _RamfuncsRunStart
0031462a   _Relay_DebugDriver
0000a7a6   _Relay_GenRlyDrive
0000a5f9   _Relay_GridRlyDrive
003144ea   _Relay_Initialize
0000a6e9   _Relay_InvRlyDrive
00314513   _Relay_RlyOperateDeal
00314697   _Relay_RlyPowerCtrl
00314615   _Relay_RlySlowDriver
00314503   _Relay_Task_1ms
00314508   _Relay_Task_20ms
00314502   _Relay_Task_RealTime
00304a8d   _RepeatCtrl
00316af4   _Run_Time_Begin
00316afb   _Run_Time_End
00316f8c   _SYS_TABLE_Initialize
00316f90   _SYS_TABLE_OneCycleDone
00316f8e   _SYS_TABLE_OneMsDone
00316f8f   _SYS_TABLE_QuarterCycleDone
00316f8d   _SYS_TABLE_RealTimeDone
00316f91   _SYS_TABLE_TenPerSecDone
0000d118   _SciList
0030f00b   _Sci_CrcCaculate
00007050   _SciaRegs
00007750   _ScibRegs
00007770   _ScicRegs
0000e688   _Sector
003169cb   _ServiceDog
00007040   _SpiaRegs
00009883   _SynPWM_ADCISR_Func
0000dd40   _Syn_PLL
0000db40   _Syn_PWM
00007010   _SysCtrlRegs
0030a99d   _System_ClockCalculate
0030901d   _System_Initialize
0030aa6f   _System_LowPowerModeChk
00309b98   _System_MainStateMachine
0030ac89   _System_MpptMultiPointEnableGet
0030a4a8   _System_PowerBalanceCalculate
0030aa04   _System_ShutdownChk
00309bd4   _System_SubStateMachine
0030a980   _System_SwitchKeyCheck
003090ad   _System_Task_100ms
00309089   _System_Task_1ms
00309095   _System_Task_20ms
00309090   _System_Task_5ms
00309088   _System_Task_RealTime
0031607a   _TASK_Initialize
003160ec   _TASK_InvokingProcess
003160bc   _TASK_TimerCheckIn
00315658   _TINT0_ISR
0031610f   _Task_FlashUpdateJump
00315f59   _Task_RealTimePwm1
00315f89   _Task_RealTimePwm2
0000e84f   _TestIdRestart
00315637   _USER10_ISR
00315642   _USER11_ISR
0031564d   _USER12_ISR
003155d4   _USER1_ISR
003155df   _USER2_ISR
003155ea   _USER3_ISR
003155f5   _USER4_ISR
00315600   _USER5_ISR
0031560b   _USER6_ISR
00315616   _USER7_ISR
00315621   _USER8_ISR
0031562c   _USER9_ISR
0000e734   _UiLineLossTempA
0000e72a   _UiLineLossTempB
0000e850   _UnFastMsgId
0000d102   _UpgradeFlg
00315a1f   _Upgrade_Jump
003159e6   _Upgrade_JumpCheck
0000d494   _VTest
00007070   _XIntruptRegs
00000b20   _XintfRegs
00000800   __STACK_END
00000400   __STACK_SIZE
00000001   __TI_args_main
ffffffff   ___binit__
ffffffff   ___c_args__
00317c46   ___cinit__
00300000   ___data__
00300000   ___edata__
00316f94   ___etext__
00316e54   ___memcpy_ff
ffffffff   ___pinit__
0030336d   ___text__
00316eeb   __args_main
0000dafc   __cleanup_ptr
0000dafe   __dtors_ptr
0000dafa   __lock
00316f7c   __nop
00316f78   __register_lock
00316f74   __register_unlock
00000400   __stack
0000daf8   __unlock
00316f04   _abort
00317860   _auchCRCHi
00317960   _auchCRCLo
00316cb3   _c_int00
003168e4   _clkg_delay_loop
00317c28   _constTaskBoxTable
00316d73   _cos
003168c5   _delay_loop
0000c816   _dwBatStageCVToFloatDelay
00316f06   _exit
0000cdbe   _f32_ABS_DeltaPllAngle
0000eb64   _fAcFrzHighInteg
0000eb62   _fAcFrzHighOut
0000c858   _fActivePower_Droop_Factor
0000db0a   _fBasicTheta
0000e946   _fChargeCurrDeratingSet
0000c810   _fChrgProtCurrLimit
0000e956   _fDcdcPowerRef
0000db04   _fDeltaTheta
0000db06   _fDeltaThetaLittle
0000e95a   _fDisChgCurrDeratingSet
0000db20   _fGenBasicTheta
0000db1a   _fGenDeltaTheta
0000db22   _fGenDeltaThetaLittle
0000c852   _fInvAActivePowerReal
0000c86e   _fInvAReactivePowerReal
0000de5a   _fInvActivePowerAvg
0000c862   _fInvActivePowerFilt
0000c86a   _fInvActivePowerReal
0000c854   _fInvBActivePowerReal
0000c856   _fInvBReactivePowerReal
0000e954   _fInvCurrErrCompen
0000c85e   _fInvCurrFeedForwardKp
0000e948   _fInvCurrLimit
0000de5e   _fInvDcLoopOutAvg
0000db08   _fInvFollowPLL_ABSDiffTheta
0000db0c   _fInvFollowPLL_DiffTheta
0000c874   _fInvIntegTopLimitTemp
0000e94e   _fInvPowerDerateRef
0000e94c   _fInvPowerLimit
0000de5c   _fInvReactivePowerAvg
0000c864   _fInvReactivePowerFilt
0000c866   _fInvReactivePowerReal
0000de4e   _fInvRmsLoopOutAvg
0000c860   _fInvVoltFeedForwardKp
0000e74e   _fLineWaveVoltAHighLoss
0000e758   _fLineWaveVoltALowLoss
0000e750   _fLineWaveVoltBHighLoss
0000e74a   _fLineWaveVoltBLowLoss
0000db14   _fLockGenErr
0000db1e   _fLockGenInteg
0000db18   _fLockGridErr
0000db16   _fLockGridInteg
0000c86c   _fLoopLimitDerateScale
0000c870   _fLoopLimitDerateScaleSet
0000c876   _fOnGridBus1msAvg
0000c872   _fOnGridBus1msAvgSum
0000c85a   _fOnGridCurrARefLimit
0000db10   _fPCCPhaselockErr
0000db0e   _fPCCPllPhaseLoopInteg
0000e950   _fPfcInvCurrRef
0000c85c   _fPinvLoopOutputRef
0000e95c   _fPv1PowerDerateRef
0000e958   _fPv2PowerDerateRef
0000eb5e   _fPvPowerLimitInteg
0000eb60   _fPvPowerLimitOut
0000c850   _fReactivePower_Droop_Factor
0000e944   _fRecCurrLimit
0000e94a   _fRecPowerDerateRef
0000db12   _fSysFollowGrid_ABSDiffTheta
0000db1c   _fSysFollowGrid_DiffTheta
0000e752   _fTempA
0000e74c   _fTempB
0000d498   _fVGridARms_ScaleFilt
0000d49a   _fVGridBRms_ScaleFilt
0000d4a0   _fVLineABRms_ScaleFilt
0000d495   _g_AdcFlag
0000eb00   _g_ComInfo
0000d78e   _g_DcDcVar
0000e31a   _g_FanVar
0000eb8e   _g_GenConnect
0000eb68   _g_GenFreq
0000eb80   _g_GenVolt
0000cfc0   _g_Grid10minAve
0000ce80   _g_GridManager
0000cbc0   _g_InvVar
0000cb40   _g_ParaVar
0000d4d6   _g_RelayVar
0000cdda   _g_SafetyConfig
0000ce40   _g_SafetyConnect
0000ce00   _g_SafetyFreq
0000ce14   _g_SafetyVolt
0000dace   _g_StrEcap
0000e782   _g_SysAlarm
0000e794   _g_SysFault
00000280   _g_SystemInfo
0000eae3   _g_SystemVar
0000cdc4   _g_fGenVoltFilt
0000cdc6   _g_fGridRefCos_7th
0000cdd2   _g_fGridRefCosine
0000cdce   _g_fGridRefCosine_Line
0000cdd0   _g_fGridRefSine
0000cdbc   _g_fGridRefSine_7th
0000cdcc   _g_fGridRefSine_Line
0000cdc0   _g_fGridVoltAxisD
0000cdba   _g_fGridVoltAxisQ
0000cdc2   _g_fGridVoltFilt
0000cdc8   _g_fPllAngle
0000cd85   _g_sGridPhaseChkCnt
0000cdd6   _g_sGridVoltLineRmsMaxMin
0000c826   _g_strBatVoltLoop
0000cdde   _g_strGridVoltAxis
0000d140   _g_ubRxBuffer
0000d7db   _g_uiM2SSetDataStartId
0000eace   _g_unSysInitFlag
0000d103   _g_uwSCIPassThroughMode
0000d101   _g_uwSCIPassThroughModeEscCnt
0000cdca   _gf_PLL_Angle
0000d48f   _gi_wBoostCurr1Sample
0000d493   _gi_wBoostCurr2Sample
0000d48c   _gi_wCtACurr1Sample
0000d484   _gi_wCtACurr2Sample
0000d48b   _gi_wGenACurr1Sample
0000d488   _gi_wGenACurr2Sample
0000d492   _gi_wGenAVolt1Sample
0000d483   _gi_wGenAVolt2Sample
0000d48a   _gi_wGridAVolt1Sample
0000d481   _gi_wGridAVolt2Sample
0000d490   _gi_wInvACurr1Sample
0000d482   _gi_wInvACurr2Sample
0000d48e   _gi_wInvAVolt1Sample
0000d485   _gi_wInvAVolt2Sample
0000d489   _gi_wNEVolt1Sample
0000d487   _gi_wNEVolt2Sample
0000d48d   _gi_wOutACurr1Sample
0000d486   _gi_wOutACurr2Sample
0000d491   _gi_wOutAVolt1Sample
0000d480   _gi_wOutAVolt2Sample
0000d7ba   _i
0000ddc7   _i16SysToUPM_GridOrCTGridPeakshavingLoopAvgOutA
0000ddc9   _i16SysToUPM_GridOrCTGridPeakshavingLoopAvgOutB
0000ddc8   _i16SysToUPM_GridOrCTGridPeakshavingLoopAvgOutC
0000de56   _i32_SysGridAPowerSum
0000de50   _i32_SysGridBPowerSum
0000de54   _i32_SysGridCPowerSum
0000e380   _iAnalogSendData
0000dec0   _iIDAddrBuf
0000d7e6   _iPfcInvCommTxData
0000ddd5   _iSysCTPowerAvgA
0000ddd4   _iSysCTPowerAvgB
0000ddd6   _iSysCTPowerAvgC
0000ddc4   _iSysInvAForwardCurrAvg
0000ddcf   _iSysInvBForwardCurrAvg
0000ddd1   _iSysInvCForwardCurrAvg
0000ddc1   _iSysReactivePowerAvgA
0000ddc0   _iSysReactivePowerAvgB
0000ddc2   _iSysReactivePowerAvgC
0000d7bb   _i_ArrRec
0000c28a   _lDateDays
0000cd7c   _lRunTimeCounter
0000cd7a   _lRunTime_MAX
00316a6d   _main
00316f85   _memset
00315838   _rsvd_ISR
0000e852   _rxMsg_ParaCan
00315848   _sInitialSci
0031598c   _sJMPToIAPReflash
00315861   _sQDataIn
0031589d   _sQDataOut
00315842   _sQInit
00315955   _sSciDataPass
0031591d   _sSciRxISR
003158ec   _sSciTxData
0000e35a   _sSysPara
00315996   _sTxChar
0000e730   _s_uiGridLoadOverAlarmFlag
0000e72f   _s_uiInvLoadOverAlarmFlag
003158c8   _sbSciGetRxData
003158b4   _sbSciGetRxRdy
003158d8   _sbSciGetTxRdy
00316da7   _sin
00316cf9   _sincos
00316e75   _sqrt
0000d600   _stADC
0000d514   _stBasicPower
0000d540   _stEnergyCal
0000d500   _stFreqValue
0000c88c   _stGridVoltScaleBack
0000d4ca   _stHwGain
0000c886   _stOutVoltScaleBack
0000e8c0   _stParaCan_Rx_DataTransmitAll
0000e900   _stParaCan_Tx_DataTransmitAll
0000d580   _stPower
0000d4c0   _stTempValue
0000d6c0   _stValue
0000eae5   _stateTest
0000ba17   _strAnoDataSendManage
0000ba23   _strAnoSnatchSet
0000c818   _strBMSLogicInfo
0000c80a   _strBatChgState
0000e980   _strBatPowerDerate
0000cae4   _strBusVoltDownLmtRegu
0000cb00   _strBusVoltUpLmtRegu
0000e872   _strCanFrameRx
0000e880   _strCanFrameTx
0000e862   _strCanFrameTx_Freq
0000e86a   _strCanFrameTx_SyncPll
0000e9c0   _strDeratedPercent
00000080   _strE2promBag
0000e52b   _strFaultHeader
0000e5c0   _strFaultWriteBuff
0000dfc0   _strFrameAnalogData
0000df40   _strFrameFlagData
0000dd00   _strGenVolt
0000dd80   _strGridVolt
00000300   _strI2cDrvBag
00000380   _strI2cE2promBag
0000c900   _strInvCapCurr
0000ca64   _strInvCtrlBatDisChgPRegu
0000c8d2   _strInvCurrAvg
0000c91e   _strInvCurrCtrl
0000c8d8   _strInvCurrFilter
0000c906   _strInvCurrLimitCtrl
0000c8c6   _strInvCurrLimitCtrlPre
0000cc40   _strInvCurrSave
0000c8b0   _strInvCurrSum
0000c8e4   _strInvDcCurrLoopInt
0000c8de   _strInvDcCurrLoopOut
0000c8f0   _strInvDcVoltLoopInt
0000c8ea   _strInvDcVoltLoopOut
0000c8cc   _strInvDcVoltLoopOutFilt
0000ca40   _strLoadCurrARealRegu
0000c952   _strLoadCurrBRealRegu
0000c8f6   _strLoadCurrCtrl
0000c880   _strLoadCurrFeedWard
0000c892   _strLoadRmsRefSet
0000cad2   _strLoadVoltARealRegu
0000ca00   _strLoadVoltARmsRegu
0000ca24   _strLoadVoltBRealRegu
0000ca12   _strLoadVoltBRmsRegu
0000c90c   _strLoadVoltRealLoopRef
0000c8a4   _strLoadVoltRealLoopRefSwitch
0000c8aa   _strLoadVoltRmsRealRef
0000deaa   _strMFrameFlagData
0000de23   _strMFrameSetFlag
0000de22   _strMFrameSetFlag2
0000df14   _strMasterAnalogData
0000de21   _strMasterSetFlag
0000de20   _strMasterSetFlag2
0000d7d5   _strMstFuction
0000d7e0   _strMstState
0000c964   _strOnGridCurrARegu
0000c924   _strOnGridCurrBRegu
0000cac0   _strOnGridDeltaDownBusRef
0000c992   _strOnGridDeltaUpBusRef
0000c898   _strOnGridIdRef
0000c912   _strOnGridIqRef
0000c940   _strOnGridPaRegu
0000c9a4   _strOnGridPbRegu
0000c9c0   _strOnGridQaRegu
0000c980   _strOnGridQbRegu
0000dcc0   _strPCCVolt
0000c9d2   _strPNBUSRmsReguVolt
0000c9e4   _strPNBUSRmsReguVoltOnGrid
0000cb12   _strPVBatChgPowerLimitLoop
0000ca80   _strPVInvCtrlBatChgPRegu
0000caa4   _strParaGridShavingARegu
0000ca92   _strParaGridShavingBRegu
0000dc80   _strPllOfSys
0000db30   _strPllToEcap
0000dbc0   _strPllToGen
0000dc40   _strPllToGrid
0000db80   _strPllToInv
0000dc00   _strPllToPCC
0000db24   _strPllToSys
0000db56   _strPllValue
0000e95e   _strPvPowerDerate
0000c918   _strRmsInverse
0000de3c   _strRxFromSyncData
0000de71   _strRxFromSysAnalog
0000df00   _strRxFromSysCtrlAnalog
0000de46   _strRxFromSysSetData
0000de60   _strRxFromSysState
0000de68   _strSelfFrameAnalogData
0000de64   _strSelfFrameFlagData
0000d840   _strSlvAnalog
0000d7e2   _strSlvState
0000c8b6   _strStaticRealVoltErr
0000c8c0   _strStaticRealVoltErrFilter
0000c89e   _strStaticRealVoltOut
0000e888   _strSysToSysSendBuffer
0000de80   _strSysTxAnalogData
0000de4c   _strSysTxSetData
0000ca52   _strVNERmsReguVoltOnGrid
0000c878   _strVoltGridLoop_Ref
003121f9   _swGetFunc1
0031221d   _swGetFunc10
00312221   _swGetFunc11
00312225   _swGetFunc12
00312229   _swGetFunc13
0031222d   _swGetFunc14
00312231   _swGetFunc15
00312235   _swGetFunc16
00312239   _swGetFunc17
0031223d   _swGetFunc18
00312241   _swGetFunc19
003121fd   _swGetFunc2
00312245   _swGetFunc20
00312249   _swGetFunc21
0031224e   _swGetFunc22
00312252   _swGetFunc23
00312257   _swGetFunc24
0031225b   _swGetFunc25
0031225d   _swGetFunc26
0031225f   _swGetFunc27
00312261   _swGetFunc28
00312263   _swGetFunc29
00312201   _swGetFunc3
00312265   _swGetFunc30
00312267   _swGetFunc31
0031226b   _swGetFunc32
0031226f   _swGetFunc33
00312273   _swGetFunc34
00312277   _swGetFunc35
0031227b   _swGetFunc36
0031227f   _swGetFunc37
0031228d   _swGetFunc38
003122a2   _swGetFunc39
00312205   _swGetFunc4
003122b7   _swGetFunc40
003122cc   _swGetFunc41
003122e1   _swGetFunc42
003122f6   _swGetFunc43
0031230b   _swGetFunc44
00312320   _swGetFunc45
00312335   _swGetFunc46
00312346   _swGetFunc47
00312357   _swGetFunc48
00312368   _swGetFunc49
00312209   _swGetFunc5
0031236c   _swGetFunc50
0031237a   _swGetFunc51
00312388   _swGetFunc52
00312396   _swGetFunc53
003123a4   _swGetFunc54
003123b2   _swGetFunc55
003123c0   _swGetFunc56
003123ce   _swGetFunc57
003123dc   _swGetFunc58
003123ea   _swGetFunc59
0031220d   _swGetFunc6
003123f8   _swGetFunc60
00312406   _swGetFunc61
00312414   _swGetFunc62
00312422   _swGetFunc63
00312430   _swGetFunc64
0031243e   _swGetFunc65
0031244c   _swGetFunc66
0031245a   _swGetFunc67
00312468   _swGetFunc68
00312476   _swGetFunc69
00312211   _swGetFunc7
00312484   _swGetFunc70
00312496   _swGetFunc71
003124a8   _swGetFunc72
003124b3   _swGetFunc73
003124c1   _swGetFunc74
003124cf   _swGetFunc75
003124dd   _swGetFunc76
003124eb   _swGetFunc77
003124f9   _swGetFunc78
00312507   _swGetFunc79
00312215   _swGetFunc8
00312515   _swGetFunc80
00312523   _swGetFunc81
00312531   _swGetFunc82
0031253f   _swGetFunc83
0031254d   _swGetFunc84
0031255b   _swGetFunc85
00312569   _swGetFunc86
00312577   _swGetFunc87
00312589   _swGetFunc88
0031259e   _swGetFunc89
00312219   _swGetFunc9
003125b3   _swGetFunc90
003125c8   _swGetFunc91
003125dd   _swGetFunc92
003125eb   _swGetFunc93
003125f9   _swGetFunc94
00312607   _swGetFunc95
00312615   _swGetFunc96
00312623   _swGetFunc97
00312631   _swGetFunc98
0031263f   _swGetFunc99
003121f7   _swReturnNull
0000ea8c   _taskBoxTable
0000e85a   _txMsg_ParaCan
0000d7bc   _u16_ArrRec
0000cd81   _u16_Cnt_NoGrid_Delay
0000cd88   _u16_Flag_NoGrid_Delay
0000d106   _ubTimeOutCnt
0000e942   _uiAmmterPower
0000ba2b   _uiAnoAckTxDataBuff
0000ba40   _uiAnoChanelTxDataBuff
0000ba0f   _uiAnoChannelDataPackFinish
0000ba15   _uiAnoChannelSnatchEnable
0000ba10   _uiAnoChannelSnatchFinish
0000ba12   _uiAnoCmdAckSendFinish
0000ba02   _uiAnoCmdCheckFinish
0000ba05   _uiAnoCmdCheckSuccess
0000ba03   _uiAnoCmdParseFinish
0000ba0e   _uiAnoSciReceiveDataLengthCnt
0000ba51   _uiAnoSciRxDataBuff
0000ba16   _uiAnoSendDataLength
0000ba13   _uiAno_DataReceivingTimeCnt
0000ba14   _uiAno_DataSend_State
0000ba0d   _uiAno_Machine_State
0000e089   _uiBuffLength
00317a60   _uiCRCTable
0000ddd9   _uiCanFrameManageState
0000e844   _uiCanInitialFinish
0000ddda   _uiCanManageCnt
0000dddf   _uiCanManageStateFail
0000d0fa   _uiCanSyncDataIDBegin
0000dde7   _uiCanTimeToSend
0000e84e   _uiCanToolFlag
0000e849   _uiCanToolPtlNum
0000e848   _uiCanTxErrorCnt
0000bc80   _uiChannel0DataBuff
0000be80   _uiChannel1DataBuff
0000c080   _uiChannel2DataBuff
0000ba80   _uiChannel3DataBuff
0000c808   _uiChrgOverProtCnt
0000db03   _uiCounter_GenPhaseLock
0000db00   _uiCounter_PCCPhaseLock
0000db01   _uiCounter_PhaseLock
0000de1e   _uiCurrBufNum
0000de16   _uiCurrBufPos
0000dde3   _uiCurrCheckPos
0000e342   _uiDataRecvFlag
0031756d   _uiDefaultData
0000e347   _uiDeviceAddress
0000e51a   _uiE2promDelayCnt
0000e51c   _uiE2promI2cComFault
0000e524   _uiE2promInitFinish
0000e507   _uiE2promReadDataType
0000e508   _uiE2promReadSetFlag
0000e50c   _uiE2promWriteDataType
0000e509   _uiE2promWriteReadFaultFlag
0000d0f4   _uiErrorCode
0000e344   _uiExtraAddress
0000e511   _uiFaultBuffLen
0000c281   _uiFaultCode
0000e50d   _uiFaultDataCheckPos
0000e540   _uiFaultDataTranBuff
0000e50e   _uiFaultDataTranFalseCnt
0000e516   _uiFaultDataUpDateMode
0000e517   _uiFaultDataWaitToMonitor
0000e510   _uiFaultDirectUpInitFinish
0000e513   _uiFaultHeaderFault
0000e50b   _uiFaultHeaderInitFinish
0000e52f   _uiFaultHeaderReadBuff
0000e537   _uiFaultHeaderWriteBuff
0000e50a   _uiFaultInE2promInitFinish
0000e580   _uiFaultReadDataBuffer
0000e519   _uiFaultReadDataLen
0000e527   _uiFaultRenewFlag
0000e522   _uiFaultSendFinishFlag
0000de8a   _uiFrameData_ComOK
0000de9a   _uiFrameData_ComOKBack
0000de33   _uiFrameOnSelfPhaseNum
0000dde1   _uiFrameOnSelfPhaseNumBack
0000de38   _uiFrameOnlineMaxNum
0000de35   _uiFrameOnlineNum
0000dde2   _uiFrameOnlineNumBack
0000ddc5   _uiFrameOnlineNumChange
0000de36   _uiFrameParaOutType
0000de1c   _uiFrameParaPhaseSeq
0000de1b   _uiFrameParaPhaseSeqTypeIdetify
0000de19   _uiFrameParallelEnable
0000c280   _uiGridFaultCode
0000de2d   _uiHadReceiveMasterData
0000dde5   _uiIDAddrRepeat
0000de15   _uiIDCodeInitFinish
0000dde4   _uiIDCodeNum
0000de14   _uiIDDataCopyFinish
0000de1d   _uiIDDealStatusTempID
0000de17   _uiIDDealStep
0000de18   _uiIDIdentifing
0000de13   _uiIDIdentifyFinish
0000e841   _uiInCanPtlNum
0000e843   _uiInCanRecvComplete
0000d7c7   _uiIntSciBuffLength
0000d7c2   _uiIntSciBufferDataID
0000d7cf   _uiIntSciBufferDataLength
0000d7cd   _uiIntSciCmd
0000d7cb   _uiIntSciCmdBack
0000d7d1   _uiIntSciComID
0000d7d2   _uiIntSciComRegID
0000d7ca   _uiIntSciComRegIDBack
0000d7ce   _uiIntSciErrorCode
0000d7d3   _uiIntSciFrameEndTimeCnt
0000d7c4   _uiIntSciFrameStartMinTime
0000d7c6   _uiIntSciFrameStartTimeCnt
0000d7c3   _uiIntSciMasterAddr
0000d880   _uiIntSciRxDataBuff
0000d7c0   _uiIntSciRxDataLengthCnt
0000d7d0   _uiIntSciRxErrCnt
0000d7c8   _uiIntSciRxOverErrCnt
0000d7c1   _uiIntSciSlaveAddr
0000d9c0   _uiIntSciTxDataBuff
0000d7c9   _uiIntSciTxNum
0000d7cc   _uiIntSciTxNumBack
0000e72e   _uiInvBatOverProtCnt
0000e72d   _uiInvBatOverProtFlag
0000e08c   _uiMSciCommFaultCnt
0000d800   _uiMasterAnalogData
0000ddde   _uiMasterDataDelayCnt
0000dde0   _uiMasterDataRenewDelay
0000de1f   _uiMasterExist
0000de2f   _uiMasterFrameChanged
0000de2a   _uiMasterFrameID
0000de30   _uiMasterFrameIDBack
0000de2b   _uiMasterIDFromCanDriver
0000de26   _uiMasterNum
0000ddd8   _uiMasterPhaseSend
0000de2c   _uiMasterPolicyFinished
0000e348   _uiMbCharRecMaxTime
0000e34a   _uiMbFrameStartMinTime
0000e082   _uiModbusSlaveAddr
0000e846   _uiMonComFault
0000e51d   _uiMonitorComFault
0000eacb   _uiMonitorTimeFinish
0000c842   _uiOnGridBus1msAvgCnt
0000c844   _uiOnGridSoftAFlag
0000c841   _uiOnGridSoftBFlag
0000ded1   _uiParaCanFailCnt
0000dee2   _uiParaCanOkCnt
0000e845   _uiParaMasterLossCnt
0000de31   _uiPhaseAMasterDataHadReceive
0000eae0   _uiPowOnFinish
0000e514   _uiPowerOffFlag
0000e526   _uiPowerOffHeaderWriteFinish
0000e515   _uiPowerOffTimeMsCnt
0000e941   _uiPvPowerSoftStartFinsh
0000e34c   _uiRTUCharIntervalCnt
0000e085   _uiRTUFrameEndTimeCnt
0000e341   _uiRTUFrameIntervalCnt
0000e086   _uiRTUFrameStartMinTime
0000e084   _uiRTUFrameStartTimeCnt
0000e504   _uiReadFaultDataFinish
0000e503   _uiReadFaultDataFlag
0000e500   _uiReadFaultHeaderFinish
0000e505   _uiReadFaultHeaderFlag
0000e512   _uiReadFaultNum
0000e346   _uiRecFrameLength
0000e081   _uiReceiveDataLengthCnt
0000e345   _uiReceivedLength
0000d0f2   _uiRecordAckFlag
0000de2e   _uiRenewParaCtrlDataFlag
0000e840   _uiSCanID
0000e842   _uiSCanPtlNum
0000e847   _uiSCanRecvComplete
0000e08a   _uiSciACommEnable
0000c600   _uiSciAnalogDataBag
0000c2c0   _uiSciAnalogInforDataBag
0000d0f3   _uiSciBufferDataID
0000d0f9   _uiSciBufferDataLength
0000e34d   _uiSciCmdParseState
0000d0f1   _uiSciComID
0000c340   _uiSciCommandDataBag
0000e083   _uiSciCommandDataGenaRecordClearCnt
0000e080   _uiSciCommandDataGenaRecordClearFlag
0000c29a   _uiSciCommand_BMSDataBag
0000e34b   _uiSciModbusState
0000e200   _uiSciRxDataBuff
0000c400   _uiSciSetDataBag
0000e0c0   _uiSciTxDataBuff
0000de25   _uiSelfFrameCanID
0000de24   _uiSelfFrameCanIDPre
0000dde6   _uiSelfFrameDataReady
0000de29   _uiSelfIDAdrr
0000de27   _uiSelfMstOrSlv
0000ddd7   _uiSelfMstOrSlvBack
0000de12   _uiSendCnt
0000e340   _uiSendLength
0000e343   _uiSendPtr
00316f94   _uiSetDataRange
0000eae1   _uiSetTimeFlag
0000d81a   _uiSlaveAnalogData
0000ba04   _uiSnatchRecordPosition
0000c84c   _uiSwitchingAFlag
0000c846   _uiSwitchingBFlag
0000dddb   _uiSysAllUpmPllSyncFinished
0000de1a   _uiSysBaseFrameNumSet
0000ddc6   _uiSysBaseFrameNumSetBack
0000ddd2   _uiSysComOkNum
0000ddcc   _uiSysGenNormalNum
0000ddca   _uiSysGridNormalNum
0000ddce   _uiSysGridRlyReadyNum
0000ddd3   _uiSysInvRlyReadyNum
0000dde8   _uiSysMdlTurnOnNum
0000ddcb   _uiSysNoFaultNum
0000ddcd   _uiSysOffGridRunNum
0000ddc3   _uiSysOnGenRunNum
0000ddd0   _uiSysOnGridRunNum
0000de03   _uiSysRunningNum
0000de34   _uiSysSetFrameNumIsEvenNum
0000dddc   _uiSysUpmInvStateNum
0000dddd   _uiSysUpmInvStateSum
0000de32   _uiSysWorkMinFrameNum
0000eae2   _uiSystemClock1msCnt
0000eaca   _uiSystemRunState
0000eac9   _uiSystermOffDecrateBusFlag
0000e50f   _uiTestHeaderSave
0000eac8   _uiTzCnt
0000d0f0   _uiUpgradeAckFlag
0000d100   _uiUpgradeStartStep
0000de02   _uiWaitAllUPMInvKMONReadyCnt
0000c282   _uiWarnCode
0000e506   _uiWriteFaultBuffOver
0000e501   _uiWriteFaultDataFlag
0000e502   _uiWriteFaultHeaderFlag
0000daca   _uiZeroSYNCLosscnt
0000cd7e   _ulBeginTime_TIM
0000cd78   _ulEndTime_TIM
0000ba1b   _unAnoChannelSet
0000c288   _unDate
0000e34e   _unDigitalFlag
0000c28c   _unFaultFlag
0000e088   _unFlagSci
0000d7d6   _unIntSciFlag
0000c287   _unPowerFlowMsg
0000c286   _unPowerFlowMsg2
0000de28   _unRxSysStaFlag
0000de37   _unRxSysStaFlag2
0000e349   _unTestSciFlag
0000c802   _wBatStageFloatToCVDelay
0000c807   _wBatStageToNoThingDelay
0000e3c0   _wUart1RecvData
0000e400   _wUart1SendData
ffffffff   binit
00317c46   cinit
00337ff6   code_start
00300000   edata
00316f94   etext
ffffffff   pinit


GLOBAL SYMBOLS: SORTED BY Symbol Address 

address    name
--------   ----
00000001   __TI_args_main
00000080   _strE2promBag
00000280   _g_SystemInfo
00000300   _strI2cDrvBag
00000380   _strI2cE2promBag
00000400   __STACK_SIZE
00000400   __stack
00000800   __STACK_END
00000880   _DevEmuRegs
00000a80   _FlashRegs
00000b00   _AdcMirror
00000b20   _XintfRegs
00000c00   _CpuTimer0Regs
00000c08   _CpuTimer1Regs
00000c10   _CpuTimer2Regs
00000ce0   _PieCtrlRegs
00000d00   _PieVectTable
00001000   _DmaRegs
00005000   _McbspaRegs
00005040   _McbspbRegs
00006000   _ECanaRegs
00006040   _ECanaLAMRegs
00006080   _ECanaMOTSRegs
000060c0   _ECanaMOTORegs
00006100   _ECanaMboxes
00006200   _ECanbRegs
00006240   _ECanbLAMRegs
00006280   _ECanbMOTSRegs
000062c0   _ECanbMOTORegs
00006300   _ECanbMboxes
00006800   _EPwm1Regs
00006840   _EPwm2Regs
00006880   _EPwm3Regs
000068c0   _EPwm4Regs
00006900   _EPwm5Regs
00006940   _EPwm6Regs
00006a00   _ECap1Regs
00006a20   _ECap2Regs
00006a40   _ECap3Regs
00006a60   _ECap4Regs
00006a80   _ECap5Regs
00006aa0   _ECap6Regs
00006b00   _EQep1Regs
00006b40   _EQep2Regs
00006f80   _GpioCtrlRegs
00006fc0   _GpioDataRegs
00006fe0   _GpioIntRegs
00007010   _SysCtrlRegs
00007040   _SpiaRegs
00007050   _SciaRegs
00007070   _XIntruptRegs
00007100   _AdcRegs
00007750   _ScibRegs
00007770   _ScicRegs
00007900   _I2caRegs
00008000   _Pll_LockGridPhase
00008000   _RamfuncsRunStart
000081ae   _Pll_LockGenPhase
0000835c   _Pll_LockPccPhase
00008522   _Pll_LockInvPhase
00008d00   _Inv_OnGridBusVoltLoop
00008e13   _Inv_OnGridControlLoop
00009000   _Inv_OffGridRealVoltLoop
000090e0   _Inv_OffGridRealCurrLoop
00009124   _Inv_InvPWMEanbleCheck
0000918c   _Inv_PwmDriverOutput
00009244   _Inv_InvCtrlDataCalu
000092ac   _Inv_ParaDqPowerCalc
000093b8   _Inv_ParaDroopCtrl
0000940a   _ParaCan_RecieveDataDeal
000096d2   _ParaCan_RecieveSyncDeal
00009883   _SynPWM_ADCISR_Func
0000993f   _CanPara_ComStatusManage
00009e13   _Adc_ResultGetPrd
00009edf   _Adc_ResultGetZero
00009f86   _Adc_InvCalcRealTime
00009fbf   _Adc_InvSampleAcc
0000a14a   _Adc_DcDcCalcRealTime
0000a1ab   _Adc_DcDcSampleAcc
0000a20c   _Adc_DeltaOmegaAcc
0000a25b   _E2prom_LogicMachine
0000a2af   _E2prom_LogicRun
0000a5f9   _Relay_GridRlyDrive
0000a6e9   _Relay_InvRlyDrive
0000a7a6   _Relay_GenRlyDrive
0000a86a   _Fault_InvCurrLimitCheck
0000a8a3   _Fault_InvOverCurrFastCheck
0000a8cb   _Fault_GridOverVoltFastCheck
0000a930   _Fault_GridUnderVoltFastCheck
0000a988   _Fault_GridDQFastCheck
0000a9f7   _Fault_GenOverVoltFastCheck
0000aa2b   _Fault_GenUnderVoltFastCheck
0000aa59   _Fault_GenDQFastCheck
0000aac4   _MonitorSci_Machine
0000abaf   _IntSci_Machine
0000ad2f   _I2cApp_E2promManage
0000adcf   _I2cDrv_I2cApp_ReadExecute
0000ae1c   _I2cDrv_I2cApp_WriteExecute
0000aec8   _Ecap_InvOcpCntCap6
0000aeee   _InitFlash
0000af09   _FlashClear
0000af13   _DSP28x_usDelay
0000af18   _Flash28_API_RunStart
0000af40   _Flash28335_Erase
0000afe0   _Fl28x_EraseVerify
0000b028   _Fl28x_ErasePulse
0000b07a   _Fl28x_LeaveCmdMode
0000b087   _Fl28x_EnterCmdMode
0000b0ac   _Fl28x_FlashRegSleep
0000b0cb   _Fl28x_OpenPulse
0000b0dc   _Fl28x_ClosePulse
0000b0f3   _Fl28x_MaskAll
0000b0fe   _Fl28x_ProgVerify
0000b13c   _Fl28x_ProgPulse
0000b17e   _Fl28x_CompactVerify
0000b1b8   _Fl28x_CompactPulse
0000b1fb   _Fl28335_EraseSector
0000b255   _Fl28335_CompactSector
0000b2a8   _Fl28x_ClearLoop
0000b2e9   _Fl28335_ClearSector
0000b31c   _Fl28335_Init
0000b345   _Fl28x_WatchDogDisable
0000b34d   _Fl28x_DisableNMI
0000b359   _Fl28x_Delay
0000b366   _Fl28x_DisableInt
0000b36a   _Fl28x_RestoreInt
0000ba02   _uiAnoCmdCheckFinish
0000ba03   _uiAnoCmdParseFinish
0000ba04   _uiSnatchRecordPosition
0000ba05   _uiAnoCmdCheckSuccess
0000ba0d   _uiAno_Machine_State
0000ba0e   _uiAnoSciReceiveDataLengthCnt
0000ba0f   _uiAnoChannelDataPackFinish
0000ba10   _uiAnoChannelSnatchFinish
0000ba12   _uiAnoCmdAckSendFinish
0000ba13   _uiAno_DataReceivingTimeCnt
0000ba14   _uiAno_DataSend_State
0000ba15   _uiAnoChannelSnatchEnable
0000ba16   _uiAnoSendDataLength
0000ba17   _strAnoDataSendManage
0000ba1b   _unAnoChannelSet
0000ba23   _strAnoSnatchSet
0000ba2b   _uiAnoAckTxDataBuff
0000ba40   _uiAnoChanelTxDataBuff
0000ba51   _uiAnoSciRxDataBuff
0000ba80   _uiChannel3DataBuff
0000bc80   _uiChannel0DataBuff
0000be80   _uiChannel1DataBuff
0000c080   _uiChannel2DataBuff
0000c280   _uiGridFaultCode
0000c281   _uiFaultCode
0000c282   _uiWarnCode
0000c286   _unPowerFlowMsg2
0000c287   _unPowerFlowMsg
0000c288   _unDate
0000c28a   _lDateDays
0000c28c   _unFaultFlag
0000c29a   _uiSciCommand_BMSDataBag
0000c2c0   _uiSciAnalogInforDataBag
0000c340   _uiSciCommandDataBag
0000c400   _uiSciSetDataBag
0000c600   _uiSciAnalogDataBag
0000c802   _wBatStageFloatToCVDelay
0000c807   _wBatStageToNoThingDelay
0000c808   _uiChrgOverProtCnt
0000c80a   _strBatChgState
0000c810   _fChrgProtCurrLimit
0000c816   _dwBatStageCVToFloatDelay
0000c818   _strBMSLogicInfo
0000c826   _g_strBatVoltLoop
0000c841   _uiOnGridSoftBFlag
0000c842   _uiOnGridBus1msAvgCnt
0000c844   _uiOnGridSoftAFlag
0000c846   _uiSwitchingBFlag
0000c84c   _uiSwitchingAFlag
0000c850   _fReactivePower_Droop_Factor
0000c852   _fInvAActivePowerReal
0000c854   _fInvBActivePowerReal
0000c856   _fInvBReactivePowerReal
0000c858   _fActivePower_Droop_Factor
0000c85a   _fOnGridCurrARefLimit
0000c85c   _fPinvLoopOutputRef
0000c85e   _fInvCurrFeedForwardKp
0000c860   _fInvVoltFeedForwardKp
0000c862   _fInvActivePowerFilt
0000c864   _fInvReactivePowerFilt
0000c866   _fInvReactivePowerReal
0000c86a   _fInvActivePowerReal
0000c86c   _fLoopLimitDerateScale
0000c86e   _fInvAReactivePowerReal
0000c870   _fLoopLimitDerateScaleSet
0000c872   _fOnGridBus1msAvgSum
0000c874   _fInvIntegTopLimitTemp
0000c876   _fOnGridBus1msAvg
0000c878   _strVoltGridLoop_Ref
0000c880   _strLoadCurrFeedWard
0000c886   _stOutVoltScaleBack
0000c88c   _stGridVoltScaleBack
0000c892   _strLoadRmsRefSet
0000c898   _strOnGridIdRef
0000c89e   _strStaticRealVoltOut
0000c8a4   _strLoadVoltRealLoopRefSwitch
0000c8aa   _strLoadVoltRmsRealRef
0000c8b0   _strInvCurrSum
0000c8b6   _strStaticRealVoltErr
0000c8c0   _strStaticRealVoltErrFilter
0000c8c6   _strInvCurrLimitCtrlPre
0000c8cc   _strInvDcVoltLoopOutFilt
0000c8d2   _strInvCurrAvg
0000c8d8   _strInvCurrFilter
0000c8de   _strInvDcCurrLoopOut
0000c8e4   _strInvDcCurrLoopInt
0000c8ea   _strInvDcVoltLoopOut
0000c8f0   _strInvDcVoltLoopInt
0000c8f6   _strLoadCurrCtrl
0000c900   _strInvCapCurr
0000c906   _strInvCurrLimitCtrl
0000c90c   _strLoadVoltRealLoopRef
0000c912   _strOnGridIqRef
0000c918   _strRmsInverse
0000c91e   _strInvCurrCtrl
0000c924   _strOnGridCurrBRegu
0000c940   _strOnGridPaRegu
0000c952   _strLoadCurrBRealRegu
0000c964   _strOnGridCurrARegu
0000c980   _strOnGridQbRegu
0000c992   _strOnGridDeltaUpBusRef
0000c9a4   _strOnGridPbRegu
0000c9c0   _strOnGridQaRegu
0000c9d2   _strPNBUSRmsReguVolt
0000c9e4   _strPNBUSRmsReguVoltOnGrid
0000ca00   _strLoadVoltARmsRegu
0000ca12   _strLoadVoltBRmsRegu
0000ca24   _strLoadVoltBRealRegu
0000ca40   _strLoadCurrARealRegu
0000ca52   _strVNERmsReguVoltOnGrid
0000ca64   _strInvCtrlBatDisChgPRegu
0000ca80   _strPVInvCtrlBatChgPRegu
0000ca92   _strParaGridShavingBRegu
0000caa4   _strParaGridShavingARegu
0000cac0   _strOnGridDeltaDownBusRef
0000cad2   _strLoadVoltARealRegu
0000cae4   _strBusVoltDownLmtRegu
0000cb00   _strBusVoltUpLmtRegu
0000cb12   _strPVBatChgPowerLimitLoop
0000cb40   _g_ParaVar
0000cbc0   _g_InvVar
0000cc40   _strInvCurrSave
0000cd60   _CpuTimer1
0000cd68   _CpuTimer2
0000cd70   _CpuTimer0
0000cd78   _ulEndTime_TIM
0000cd7a   _lRunTime_MAX
0000cd7c   _lRunTimeCounter
0000cd7e   _ulBeginTime_TIM
0000cd81   _u16_Cnt_NoGrid_Delay
0000cd85   _g_sGridPhaseChkCnt
0000cd88   _u16_Flag_NoGrid_Delay
0000cdba   _g_fGridVoltAxisQ
0000cdbc   _g_fGridRefSine_7th
0000cdbe   _f32_ABS_DeltaPllAngle
0000cdc0   _g_fGridVoltAxisD
0000cdc2   _g_fGridVoltFilt
0000cdc4   _g_fGenVoltFilt
0000cdc6   _g_fGridRefCos_7th
0000cdc8   _g_fPllAngle
0000cdca   _gf_PLL_Angle
0000cdcc   _g_fGridRefSine_Line
0000cdce   _g_fGridRefCosine_Line
0000cdd0   _g_fGridRefSine
0000cdd2   _g_fGridRefCosine
0000cdd6   _g_sGridVoltLineRmsMaxMin
0000cdda   _g_SafetyConfig
0000cdde   _g_strGridVoltAxis
0000ce00   _g_SafetyFreq
0000ce14   _g_SafetyVolt
0000ce40   _g_SafetyConnect
0000ce80   _g_GridManager
0000cfc0   _g_Grid10minAve
0000d0f0   _uiUpgradeAckFlag
0000d0f1   _uiSciComID
0000d0f2   _uiRecordAckFlag
0000d0f3   _uiSciBufferDataID
0000d0f4   _uiErrorCode
0000d0f9   _uiSciBufferDataLength
0000d0fa   _uiCanSyncDataIDBegin
0000d100   _uiUpgradeStartStep
0000d101   _g_uwSCIPassThroughModeEscCnt
0000d102   _UpgradeFlg
0000d103   _g_uwSCIPassThroughMode
0000d104   _PassThroughSCI_State
0000d106   _ubTimeOutCnt
0000d108   _QList
0000d118   _SciList
0000d140   _g_ubRxBuffer
0000d480   _gi_wOutAVolt2Sample
0000d481   _gi_wGridAVolt2Sample
0000d482   _gi_wInvACurr2Sample
0000d483   _gi_wGenAVolt2Sample
0000d484   _gi_wCtACurr2Sample
0000d485   _gi_wInvAVolt2Sample
0000d486   _gi_wOutACurr2Sample
0000d487   _gi_wNEVolt2Sample
0000d488   _gi_wGenACurr2Sample
0000d489   _gi_wNEVolt1Sample
0000d48a   _gi_wGridAVolt1Sample
0000d48b   _gi_wGenACurr1Sample
0000d48c   _gi_wCtACurr1Sample
0000d48d   _gi_wOutACurr1Sample
0000d48e   _gi_wInvAVolt1Sample
0000d48f   _gi_wBoostCurr1Sample
0000d490   _gi_wInvACurr1Sample
0000d491   _gi_wOutAVolt1Sample
0000d492   _gi_wGenAVolt1Sample
0000d493   _gi_wBoostCurr2Sample
0000d494   _VTest
0000d495   _g_AdcFlag
0000d498   _fVGridARms_ScaleFilt
0000d49a   _fVGridBRms_ScaleFilt
0000d4a0   _fVLineABRms_ScaleFilt
0000d4b4   _ADC_Offset
0000d4c0   _stTempValue
0000d4ca   _stHwGain
0000d4d6   _g_RelayVar
0000d4e4   _ADC_OffsetAccu
0000d500   _stFreqValue
0000d514   _stBasicPower
0000d540   _stEnergyCal
0000d580   _stPower
0000d600   _stADC
0000d6c0   _stValue
0000d78e   _g_DcDcVar
0000d7ba   _i
0000d7bb   _i_ArrRec
0000d7bc   _u16_ArrRec
0000d7c0   _uiIntSciRxDataLengthCnt
0000d7c1   _uiIntSciSlaveAddr
0000d7c2   _uiIntSciBufferDataID
0000d7c3   _uiIntSciMasterAddr
0000d7c4   _uiIntSciFrameStartMinTime
0000d7c6   _uiIntSciFrameStartTimeCnt
0000d7c7   _uiIntSciBuffLength
0000d7c8   _uiIntSciRxOverErrCnt
0000d7c9   _uiIntSciTxNum
0000d7ca   _uiIntSciComRegIDBack
0000d7cb   _uiIntSciCmdBack
0000d7cc   _uiIntSciTxNumBack
0000d7cd   _uiIntSciCmd
0000d7ce   _uiIntSciErrorCode
0000d7cf   _uiIntSciBufferDataLength
0000d7d0   _uiIntSciRxErrCnt
0000d7d1   _uiIntSciComID
0000d7d2   _uiIntSciComRegID
0000d7d3   _uiIntSciFrameEndTimeCnt
0000d7d5   _strMstFuction
0000d7d6   _unIntSciFlag
0000d7db   _g_uiM2SSetDataStartId
0000d7e0   _strMstState
0000d7e2   _strSlvState
0000d7e6   _iPfcInvCommTxData
0000d800   _uiMasterAnalogData
0000d81a   _uiSlaveAnalogData
0000d840   _strSlvAnalog
0000d880   _uiIntSciRxDataBuff
0000d9c0   _uiIntSciTxDataBuff
0000daca   _uiZeroSYNCLosscnt
0000dacd   _New_PWM_TBPRD
0000dace   _g_StrEcap
0000daf4   _Flash_CallbackPtr
0000daf6   _Flash_CPUScaleFactor
0000daf8   __unlock
0000dafa   __lock
0000dafc   __cleanup_ptr
0000dafe   __dtors_ptr
0000db00   _uiCounter_PCCPhaseLock
0000db01   _uiCounter_PhaseLock
0000db03   _uiCounter_GenPhaseLock
0000db04   _fDeltaTheta
0000db06   _fDeltaThetaLittle
0000db08   _fInvFollowPLL_ABSDiffTheta
0000db0a   _fBasicTheta
0000db0c   _fInvFollowPLL_DiffTheta
0000db0e   _fPCCPllPhaseLoopInteg
0000db10   _fPCCPhaselockErr
0000db12   _fSysFollowGrid_ABSDiffTheta
0000db14   _fLockGenErr
0000db16   _fLockGridInteg
0000db18   _fLockGridErr
0000db1a   _fGenDeltaTheta
0000db1c   _fSysFollowGrid_DiffTheta
0000db1e   _fLockGenInteg
0000db20   _fGenBasicTheta
0000db22   _fGenDeltaThetaLittle
0000db24   _strPllToSys
0000db30   _strPllToEcap
0000db40   _Syn_PWM
0000db56   _strPllValue
0000db80   _strPllToInv
0000dbc0   _strPllToGen
0000dc00   _strPllToPCC
0000dc40   _strPllToGrid
0000dc80   _strPllOfSys
0000dcc0   _strPCCVolt
0000dd00   _strGenVolt
0000dd40   _Syn_PLL
0000dd80   _strGridVolt
0000ddc0   _iSysReactivePowerAvgB
0000ddc1   _iSysReactivePowerAvgA
0000ddc2   _iSysReactivePowerAvgC
[...]
0000e95c   _fPv1PowerDerateRef
0000e95e   _strPvPowerDerate
0000e980   _strBatPowerDerate
0000e9c0   _strDeratedPercent
0000ea40   _Calibs
0000ea88   _IqDataResult
0000ea8a   _IqDataTemp
0000ea8c   _taskBoxTable
0000eac8   _uiTzCnt
0000eac9   _uiSystermOffDecrateBusFlag
0000eaca   _uiSystemRunState
0000eacb   _uiMonitorTimeFinish
0000eace   _g_unSysInitFlag
0000eae0   _uiPowOnFinish
0000eae1   _uiSetTimeFlag
0000eae2   _uiSystemClock1msCnt
0000eae3   _g_SystemVar
0000eae5   _stateTest
0000eb00   _g_ComInfo
0000eb5e   _fPvPowerLimitInteg
0000eb60   _fPvPowerLimitOut
0000eb62   _fAcFrzHighOut
0000eb64   _fAcFrzHighInteg
0000eb68   _g_GenFreq
0000eb80   _g_GenVolt
0000eb8e   _g_GenConnect
00300000   .data
00300000   _RamfuncsLoadStart
00300000   ___data__
00300000   ___edata__
00300000   edata
00302f17   _RamfuncsLoadEnd
00302f18   _Flash28_API_LoadStart
0030336d   .text
0030336d   _Flash28_API_LoadEnd
0030336d   _Inv_Initialize
0030336d   ___text__
00303641   _Inv_Task_RealTime
003036cf   _Inv_Task_1ms
003036e6   _Inv_Task_5ms
003036fb   _Inv_Task_20ms
00303712   _Inv_MainStateMachine
003037a0   _Inv_SubStateMachine
00303f3a   _Inv_OnGridPowerGiven
00304150   _Inv_OnGridPowerSoftStart
00304316   _Inv_OnGridPowerLoop
00304400   _Inv_OnGridDeltaBusRefCtrl
003044d4   _Inv_OnGridBusSoftStart
003045a5   _Inv_OnGridLoopReset
003045bd   _Inv_OffGridRmsLoop
00304627   _Inv_OffGridLoopReset
0030467b   _Inv_DataReset
003046dc   _Inv_OpenLoop
003047ce   _Inv_InvDrivePowerSetup
003047e8   _Inv_OnGridDCCurrLoop
0030486e   _Inv_OffGridDCVoltLoop
00304902   _Inv_InvVoltRmsGiven
003049a7   _Inv_InvVoltSoftStart
00304a8d   _RepeatCtrl
00304a8e   _Inv_ParaQvarAvgLoop
0030528b   _Inv_SoftSelfChk
003053dc   _Grid_Initialize
00305536   _Grid_Task_RealTime
00305537   _Grid_Task_1ms
0030556e   _Grid_Task_5ms
00305625   _Grid_Task_20ms
00305630   _Grid_Task_100ms
00305654   _Grid_GridVoltCheck
00305663   _Grid_GridFreqCheck
003062a6   _Grid_Grid10minOvCheck
00306326   _Grid_GridUnbalanceCheck
00306327   _Grid_GridRateParaSet
00306432   _Grid_AntiIslandChk
0030650c   _Grid_GridUFDnPower
0030650d   _Grid_PFResponCurve
003068b6   _Grid_QUCurve
00306a97   _Grid_PUCurve
00306ce6   _Grid_PFUCurve
00306d9b   _Grid_QPowerCurve
00306e83   _Grid_PFPowerCurve
0030704c   _Grid_GridAdaptFG
0030710e   _Grid_GridLVRT
00307229   _Grid_GridHVRT
00307280   _GridSTD_Germany
00307351   _GridSTD_50HzDefault
00307425   _GridSTD_60HzDefault
00307497   _GridSTD_Italy
0030756a   _GridSTD_Britain
00307638   _GridSTD_Australia
00307709   _GridSTD_NewZealand
003077db   _GridSTD_SouthAfrican
003078aa   _GridSTD_Netherland_EN_50549_1
00307978   _GridSTD_Brazil
00307a45   _GridSTD_EN50549
00307b12   _GridSTD_Poland
00307bdf   _GridSTD_Czech
00307cb3   _GridSTD_Austria
00307d7a   _GridSTD_Austria_OVE_directive_R25
00307e49   _GridSTD_Spain_NTS_2021
00307e4a   _GridSTD_Spain_UNE217001
00307e4b   _GridSTD_Netherland
00307f19   _GridSTD_Australia_B
00307fec   _GridSTD_Australia_C
003080bd   _GridSTD_Australia_AS4777_2
0030818e   _GridSTD_UL1741_IEEE1547
00308260   _GridSTD_CPUC_RULE21
00308332   _GridSTD_SRD_UL_1741
00308404   _GridSTD_G98
003084d3   _GridSTD_EN50549_1_Norway_133V
003085a0   _GridSTD_EN50549_1_Norway_230V
0030866d   _GridSTD_Japan_200VAC_3P3W
0030873c   _GridSTD_Japan_400VAC_3P3W
0030880e   _GridSTD_Japan_415VAC_3P4W
003088e0   _GridSTD_EN50549_CZ_PPDS_16A
003089b4   _GridSTD_EN50549_CZ_PPDS_L16A
00308a88   _GridSTD_EN50549_1_Switzerland
00308b56   _GridSTD_EN50549_1_GR
00308b57   _GridSTD_EN50549_1_Poland
00308c24   _GridSTD_CEI_0_21_External
00308cf6   _GridSTD_CEI_0_21_Areti
00308dc8   _GridSTD_CEI_0_16_IT
00308e9a   _GridSTD_UPS
00308f5c   _GridSTD_APL
0030901d   _System_Initialize
00309088   _System_Task_RealTime
00309089   _System_Task_1ms
00309090   _System_Task_5ms
00309095   _System_Task_20ms
003090ad   _System_Task_100ms
00309b98   _System_MainStateMachine
00309bd4   _System_SubStateMachine
0030a4a8   _System_PowerBalanceCalculate
0030a94e   _RamCheck
0030a980   _System_SwitchKeyCheck
0030a99d   _System_ClockCalculate
0030aa04   _System_ShutdownChk
0030aa6f   _System_LowPowerModeChk
0030ac89   _System_MpptMultiPointEnableGet
0030acf7   _Fault_Initialize
0030ad0f   _Fault_Task_DcDcRealTime
0030ad36   _Fault_Task_InvRealTime
0030ad69   _Fault_Task_1ms
0030ad70   _Fault_Task_20ms
0030adbf   _Fault_ModuleFaultSumry
0030ae27   _Fault_FaultCodeShow
0030aef8   _Fault_AlarmCodeShow
0030afc9   _Fault_GetFaultWarnBit
0030c6d2   _CanInModDeal_System_AppInit
0030c6da   _CanInModDeal_ParaFrameInit
0030c7b3   _CanInModDeal_Task_RealTime
0030c7b4   _CanInModDeal_Task_1ms
0030c7da   _CanInModDeal_Task_5ms
0030c7db   _CanInModDeal_Task_20ms
0030c7dc   _CanInModDeal_Task_100ms
0030c995   _CanInModDeal_IDIdentifyDeal
0030ca4a   _CanInModDeal_IDIdentify
0030ca6f   _CanPara_FrameIDMsgDataSend
0030ca78   _CanPara_SelfFrameDataCopyWhenIDChange
0030d4df   _CanPara_ComDataDeal
0030d850   _CanPara_FreqReguLoop
0030db6f   _CanPara_RmsVoltReguLoop
0030dcde   _CanPara_PeakShavingReguLoop
0030de44   _CanPara_ComStateDataInt
0030de45   _CanPara_SysRxDataClr
0030de70   _CanPara_SysDataRenew
0030df5f   _CanPara_TestDataSend
0030df79   _MonitorProtocol_Task_RealTime
0030df7a   _MonitorProtocol_Task_1ms
0030df7b   _MonitorProtocol_Task_5ms
0030df7c   _MonitorProtocol_Task_20ms
0030df87   _MonitorProtocol_Task_100ms
0030dfdf   _MonitorProtocol_AlarmRenew
0030e40b   _MonitorProtocol_PowerMsgShow
0030e5c3   _MonitorProtocol_AnologShowDeal
0030e6a7   _MonitorProtocol_ModuleStateShow
0030e7f0   _MonitorProtocol_AnologUpdate
0030ef68   _MonitorProtocol_AnologInfoDataUpdate
0030f00b   _Sci_CrcCaculate
0030f01c   _Adc_Initialize
0030f1c7   _Adc_SamplePeriodPointInit
0030f1e3   _Adc_AdjustRatioRenew
0030f326   _Adc_CalibsCoefRenew
0030f473   _Adc_InvSampleSlowCalc
0030f534   _Adc_InvSampleSlowAcc
0030f61f   _Adc_Task_5ms
0030f628   _Adc_Task_20ms
0030f631   _Adc_Task_100ms
0030f684   _Adc_Task_1ms
0030ff65   _Adc_VoltFloDeal
0030ffdb   _Gen_Initialize
00310030   _Gen_Task_RealTime
00310031   _Gen_Task_20ms
00310044   _Gen_Task_100ms
0031007b   _Gen_GenStandardSet
00310267   _Gen_DryContactCtrl
00310268   _Gen_SmartLoadRelayCtrl
00310268   _Gen_Task_5ms
00310442   _Gen_MicroInvInput
00310862   _Gen_GenVoltCheck
0031086d   _Gen_GenFreqCheck
00310b3d   _Gen_SourceChk
00310b3e   _Gen_GridSeqFaultCheck
00310b3f   _Gen_GenOverLoadCheck
00310b40   _AdcATE_Init
00310b41   _AdcATE_Task_1ms
00310b42   _AdcATE_Task_5ms
00310b58   _AdcATE_Task_20ms
00310b59   _AdcATE_PvAdjust
00310ef0   _AdcATE_BatAdjust
00311012   _AdcATE_InvAdjust
003110eb   _AdcATE_GridAdjust
003111c4   _AdcATE_GenAdjust
0031129d   _AdcATE_OutputAdjust
00311376   _AdcATE_BusAdjust
0031147c   _AdcATE_ScodeCheck
0031147c   _AdcATE_Task_100ms
003114ce   _Bat_Initialize
003114dc   _Bat_Task_1ms
003114dd   _Bat_Task_5ms
003114de   _Bat_Task_20ms
003114e9   _Bat_Task_100ms
0031170b   _Bat_BatForceChargeJudge
00311de3   _Ano_System_PinInit
00311de4   _Ano_System_PeripheralInit
00311e03   _Ano_System_AppInit
00311e18   _Ano_Task_RealTimeDone
00311e28   _Ano_Task_1ms
00311e29   _Ano_Task_5ms
00311e33   _Ano_Task_20ms
00311e45   _Ano_Task_100ms
00311e5d   _Ano_Machine
00311ed5   _Ano_CmdParsing
00311f63   _Ano_CmdAckPack
00311fa4   _Ano_ChannelDataSendPack
00312060   _Ano_CmdAckSend
00312082   _Ano_ChannelDataSend
003120a5   _Ano_SnatchWaitSend
003120b2   _Ano_CmdSumCheck
003120d3   _Ano_DataSend
00312105   _Ano_ChannelSnatchGet
003121f7   _swReturnNull
003121f9   _swGetFunc1
003121fd   _swGetFunc2
00312201   _swGetFunc3
00312205   _swGetFunc4
00312209   _swGetFunc5
0031220d   _swGetFunc6
00312211   _swGetFunc7
00312215   _swGetFunc8
00312219   _swGetFunc9
0031221d   _swGetFunc10
00312221   _swGetFunc11
00312225   _swGetFunc12
00312229   _swGetFunc13
0031222d   _swGetFunc14
00312231   _swGetFunc15
00312235   _swGetFunc16
00312239   _swGetFunc17
0031223d   _swGetFunc18
00312241   _swGetFunc19
00312245   _swGetFunc20
00312249   _swGetFunc21
0031224e   _swGetFunc22
00312252   _swGetFunc23
00312257   _swGetFunc24
0031225b   _swGetFunc25
0031225d   _swGetFunc26
0031225f   _swGetFunc27
00312261   _swGetFunc28
00312263   _swGetFunc29
00312265   _swGetFunc30
00312267   _swGetFunc31
0031226b   _swGetFunc32
0031226f   _swGetFunc33
00312273   _swGetFunc34
00312277   _swGetFunc35
0031227b   _swGetFunc36
0031227f   _swGetFunc37
0031228d   _swGetFunc38
003122a2   _swGetFunc39
003122b7   _swGetFunc40
003122cc   _swGetFunc41
003122e1   _swGetFunc42
003122f6   _swGetFunc43
0031230b   _swGetFunc44
00312320   _swGetFunc45
00312335   _swGetFunc46
00312346   _swGetFunc47
00312357   _swGetFunc48
00312368   _swGetFunc49
0031236c   _swGetFunc50
0031237a   _swGetFunc51
00312388   _swGetFunc52
00312396   _swGetFunc53
003123a4   _swGetFunc54
003123b2   _swGetFunc55
003123c0   _swGetFunc56
003123ce   _swGetFunc57
003123dc   _swGetFunc58
003123ea   _swGetFunc59
003123f8   _swGetFunc60
00312406   _swGetFunc61
00312414   _swGetFunc62
00312422   _swGetFunc63
00312430   _swGetFunc64
0031243e   _swGetFunc65
0031244c   _swGetFunc66
0031245a   _swGetFunc67
00312468   _swGetFunc68
00312476   _swGetFunc69
00312484   _swGetFunc70
00312496   _swGetFunc71
003124a8   _swGetFunc72
003124b3   _swGetFunc73
003124c1   _swGetFunc74
003124cf   _swGetFunc75
003124dd   _swGetFunc76
003124eb   _swGetFunc77
003124f9   _swGetFunc78
00312507   _swGetFunc79
00312515   _swGetFunc80
00312523   _swGetFunc81
00312531   _swGetFunc82
0031253f   _swGetFunc83
0031254d   _swGetFunc84
0031255b   _swGetFunc85
00312569   _swGetFunc86
00312577   _swGetFunc87
00312589   _swGetFunc88
0031259e   _swGetFunc89
003125b3   _swGetFunc90
003125c8   _swGetFunc91
003125dd   _swGetFunc92
003125eb   _swGetFunc93
003125f9   _swGetFunc94
00312607   _swGetFunc95
00312615   _swGetFunc96
00312623   _swGetFunc97
00312631   _swGetFunc98
0031263f   _swGetFunc99
0031264d   _Ipoms_System_PinInit
00312663   _Ipoms_System_PeripheralInit
00312664   _Ipoms_System_AppInit
00312676   _Ipoms_Task_1ms
00312677   _Ipoms_Task_5ms
0031267a   _Ipoms_Task_100ms
0031280b   _Ipoms_AnalogArrayUpdate
00312812   _Ipoms_DigitalUpdate
00312813   _Ipoms_CmdParsing
00312813   _Ipoms_Task_20ms
00312826   _Ipoms_ModbusMachine
00312826   _Ipoms_Task_RealTime
00312904   _Ipoms_AnalogUpdate
0031295a   _Ipoms_AnalogInforUpdate
003129b1   _Ipoms_CmdDataUpdate
00312a07   _DebugSci_SetDataUpdate
00312a5d   _Ipoms_CmdData_BMSIUpdate
00312ab3   _Ipoms_SetDataUpdate
00312b09   _Ipoms_CrcCheck
00312b1d   _Ipoms_SysParaUpdate
00312b6f   _Ipoms_AlarmUpdate
00312bc0   _Ipoms_SetSysPara
00312c2b   _Ipoms_SetPara
00312c99   _Ipoms_ModbusFaultResp
00312cca   _Ipoms_Modbus
00312e3b   _IpmosSetDataRecord
00312e9c   _Ipoms_RealTime
00312e9d   _CanDriver_System_PinInit
00312ea0   _CanDriver_System_PeripheralInit
00312fa2   _CanDriver_Old_PeripheralInit
0031302a   _CanDriver_System_AppInit
00313043   _CanDriver_Task_RealTime
003131ba   _CanDriver_Task_1ms
003131c4   _CanDriver_Task_5ms
003131c5   _CanDriver_Task_20ms
003131c6   _CanDriver_Task_100ms
003131c7   _CanDriver_SendData
003131ec   _CanDriver_SendBoxData
0031322b   _CanDriver_SendFinishDeal
00313238   _ParaCan_sEncodeCanTxData
00313240   _ParaCan_MasterCanTxData
00313358   _ParaCan_SlaverCanTxData
0031346f   _ParaCan_CanTxSelfMsgData
0031349d   _MonitorModbus_CrcCheck
003134c9   _MonitorModbus_System_AppInit
003134ca   _MonitorModbus_Sci_CommandIdentify
003135b8   _MonitorModbus_Sci_CommandDeal
00313894   _MonitorModbus_RenewTxBuffer
00313a31   _MonitorModbus_Sci_ClearBuffer
00313a3d   _IntSci_System_PinInit
00313a3e   _IntSci_System_PeripheralInit
00313a5c   _IntSci_System_AppInit
00313a6c   _IntSci_Task_RealTime
00313a76   _IntSci_Task_1ms
00313a77   _IntSci_Task_5ms
00313b0d   _IntSci_Task_20ms
00313cfe   _IntSci_Task_100ms
00313cff   _IntSci_CommandIdentify
00313d5b   _IntSci_CommandDeal
00313dc5   _IntSci_RenewTxBuffer
00313e7a   _IntSci_ClearBuffer
00313e86   _IntSci_ReceiveDataCheck
00313f59   _IntSci_CommErrCheck
00313f79   _IntSci_CrcCheck
00313fa1   _PowerDerating_System_AppInit
00313fa2   _PowerDerating_Task_1ms
00313fa3   _PowerDerating_Task_5ms
00313fa4   _PowerDerating_Task_20ms
00313faf   _PowerDerating_Task_100ms
00313fb0   _PowerDerating_BatDeratedCalc
00314004   _PowerDerating_OutVoltDeratedCalc
00314005   _PowerDerating_BatTmpDeratedCalc
00314181   _PowerDerating_InvTmpDeratedCalc
00314210   _PowerDerating_PvTmpDeratedCalc
003142b3   _PowerDerating_GridUnderFreqDeratedCalc
003142b4   _PowerDerating_GridOverFreqDeratedCalc
003142b5   _PowerDerating_GridVoltDeratedCalc
00314397   _PowerDerating_OffGridInvVoltDerCalc
003144ea   _Relay_Initialize
00314502   _Relay_Task_RealTime
00314503   _Relay_Task_1ms
00314508   _Relay_Task_20ms
00314513   _Relay_RlyOperateDeal
00314615   _Relay_RlySlowDriver
0031462a   _Relay_DebugDriver
00314697   _Relay_RlyPowerCtrl
00314a2b   _ECAP_InitECap
00314a30   _ECAP_InitECap1
00314a55   _ECAP_InitECap2
00314a7a   _ECAP_InitECap3
00314aa8   _ECAP_InitECap4
00314ad6   _ECAP_InitECap5
00314b04   _ECAP_InitECap6
00314b3e   _ECAP_Initialize
00314bfe   _Ecap_Task_20ms
00314bff   _Ecap_Task_1ms
00314bff   _Ecap_ZeroSyncPreiodCap
00314c4e   _Ecap_Task_5ms
00314e77   _EEDRV_Init_I2C
00314e87   _E2prom_System_AppInit
00314eb8   _E2prom_Task_RealTime
00314ec2   _E2prom_Task_1ms
00314f2a   _E2prom_Task_5ms
00314f2b   _E2prom_Task_20ms
00314f2c   _E2prom_Task_100ms
00314f41   _E2prom_FaultDataDeal
00314f42   _E2prom_FaultInE2promInit
00314f7b   _E2prom_PowerOffFaultHeaderDeal
00314fca   _E2prom_PowerOnFaultHeaderDeal
00315050   _E2prom_FaultDataSavePreprocess
00315051   _E2prom_FaultDataFetchCheck
00315087   _E2prom_FaultDataFetchDeal
0031511a   _E2prom_FaultDataSendFinishDeal
00315133   _E2prom_FaultDataDirectUpDeal
0031513d   _E2prom_FaultDataBuffInDeal
0031513e   _E2prom_FaultDataBuffIn
00315174   _E2prom_FaultDataBuffOutDeal
003151b8   _E2prom_DirectUpInitDeal
003151cf   _E2prom_WriteEepromDefaultData
00315236   _E2prom_AdjustRatioGet
00315274   _E2prom_ReadStatusGet
00315278   _E2prom_FaultStatusGet
0031527c   _InitEPwm
003152aa   _InitEPwm1
00315317   _InitEPwm2
00315386   _InitEPwm3
003153d6   _InitEPwm4
00315419   _InitEPwm5
0031545c   _InitEPwm6
0031549f   _EPwm1TzRegCongfig
003154b3   _EPwm2TzRegCongfig
003154c7   _EPwm3TzRegCongfig
003154db   _EPwm4TzRegCongfig
003154ed   _EPwm5TzRegCongfig
003154ff   _EPwm6TzRegCongfig
0031550f   _InitEPwm1Gpio
00315521   _InitEPwm2Gpio
00315533   _InitEPwm3Gpio
00315547   _InitEPwm4Gpio
0031555b   _InitEPwm5Gpio
0031556d   _InitEPwm6Gpio
0031557f   _InitEPwmSyncGpio
00315592   _InitTzGpio
003155b3   _EMUINT_ISR
003155be   _NMI_ISR
003155c9   _ILLEGAL_ISR
003155d4   _USER1_ISR
003155df   _USER2_ISR
003155ea   _USER3_ISR
003155f5   _USER4_ISR
00315600   _USER5_ISR
0031560b   _USER6_ISR
00315616   _USER7_ISR
00315621   _USER8_ISR
0031562c   _USER9_ISR
00315637   _USER10_ISR
00315642   _USER11_ISR
0031564d   _USER12_ISR
00315658   _TINT0_ISR
0031569e   _EPWM4_TZINT_ISR
003156ff   _EPWM5_TZINT_ISR
0031577b   _EPWM1_INT_ISR
003157c0   _EPWM2_INT_ISR
00315805   _ECAP1_INT_ISR
00315824   _PIE_RESERVED
0031582e   _INT_NOTUSED_ISR
00315838   _rsvd_ISR
00315842   _sQInit
00315848   _sInitialSci
00315861   _sQDataIn
0031589d   _sQDataOut
003158b4   _sbSciGetRxRdy
003158c8   _sbSciGetRxData
003158d8   _sbSciGetTxRdy
003158ec   _sSciTxData
0031591d   _sSciRxISR
00315955   _sSciDataPass
0031598c   _sJMPToIAPReflash
00315996   _sTxChar
003159e6   _Upgrade_JumpCheck
00315a1f   _Upgrade_Jump
00315a38   _PassThroughing
00315a73   _PassModeEscCountDown_20ms
00315ac7   _GetSCIPassThroughMode
00315acb   _Llc_Task_RealTime
00315b64   _Llc_Task_1ms
00315b65   _Llc_Task_5ms
00315b66   _Llc_Task_20ms
00315d14   _Bus_Initialize
00315d15   _Bus_Task_1ms
00315d16   _Bus_Task_5ms
00315d17   _Bus_Task_100ms
00315d18   _Bus_Task_20ms
00315f59   _Task_RealTimePwm1
00315f89   _Task_RealTimePwm2
0031607a   _TASK_Initialize
003160bc   _TASK_TimerCheckIn
003160ec   _TASK_InvokingProcess
0031610f   _Task_FlashUpdateJump
00316110   _Fan_Initialize
00316111   _Fan_Task_1ms
00316112   _Fan_Task_5ms
00316113   _Fan_Task_100ms
00316114   _Fan_FanControl
00316114   _Fan_Task_20ms
00316283   _InitGpio
0031629e   _InitLogicIO
003163e8   _Pll_Initialize
003164b1   _Pll_Task_RealTime
003164b2   _Pll_Task_5ms
003164b3   _Pll_Task_20ms
003164b4   _Pll_Task_1ms
0031654d   _InitECan
0031654d   _InitECanb
003165c9   _InitECanb_Old
00316644   _InitECanGpio
00316644   _InitECanbGpio
00316658   _InitXintf
003166aa   _InitXintf32Gpio
003166ed   _InitXintf16Gpio
00316747   _I2cApp_System_Initialize
00316748   _I2cApp_Task_RealTime
0031674f   _I2cApp_Task_1ms
00316750   _I2cApp_Task_5ms
00316751   _I2cApp_Task_100ms
00316752   _I2cApp_Task_20ms
00316752   _I2cApp_Task_E2promCommCheck
00316829   _InitMcbsp
00316829   _InitMcbspa
0031684d   _InitMcbspa8bit
00316854   _InitMcbspa12bit
0031685f   _InitMcbspa16bit
0031686a   _InitMcbspa20bit
00316875   _InitMcbspa24bit
00316880   _InitMcbspa32bit
0031688b   _InitMcbspGpio
0031688b   _InitMcbspaGpio
003168c5   _delay_loop
003168e4   _clkg_delay_loop
00316903   _MonitorSci_System_PinInit
00316904   _MonitorSci_System_PeripheralInit
00316923   _MonitorSci_System_PeripheralInit_38400
00316941   _MonitorSci_Debug_PeripheralInit
00316960   _MonitorSci_System_AppInit
00316967   _MonitorSci_Task_RealTime
00316971   _MonitorSci_Task_1ms
00316972   _MonitorSci_Task_5ms
003169a6   _MonitorSci_Task_20ms
003169c1   _MonitorSci_Task_100ms
003169c2   _InitSysCtrl
003169cb   _ServiceDog
003169d5   _DisableDog
003169dd   _InitPll
00316a24   _InitPeripheralClocks
00316a6d   _main
00316af4   _Run_Time_Begin
00316afb   _Run_Time_End
00316b16   _DcDc_Initialize
00316b5d   _DcDc_Task_RealTime
00316b62   _DcDc_Task_1ms
00316b63   _DcDc_Task_5ms
00316b64   _DcDc_BusBlcRealTimeDone
00316b65   _DcDc_Task_20ms
00316ba2   _InitSci
00316bb8   _InitSciGpio
00316bbf   _InitSciaGpio
00316bd4   _InitScibGpio
00316be8   _InitScicGpio
00316bfe   _InitCpuTimers
00316c37   _ConfigCpuTimer
00316c59   _InitECap
00316c5a   _InitECapGpio
00316c5f   _InitECap1Gpio
00316c6d   _InitECap2Gpio
00316c7b   _InitECap3Gpio
00316c89   _InitECap4Gpio
00316c97   _InitECap5Gpio
00316ca5   _InitECap6Gpio
00316cb3   _c_int00
00316cf9   _sincos
00316d3c   _I2cDrv_System_I2cPinInit
00316d52   _I2cDrv_System_PeripheralInit
00316d72   _I2cDrv_System_AppInit
00316d73   _cos
00316da7   _sin
00316ddb   L$$DIV
00316dea   L$$MOD
00316df8   UL$$DIV
00316dff   UL$$MOD
00316e05   _InitPieCtrl
00316e24   _EnableInterrupts
00316e2d   _InitSpi
00316e2e   _InitSpiGpio
00316e2e   _InitSpiaGpio
00316e54   ___memcpy_ff
00316e75   _sqrt
00316e96   _InitAdc
00316eb6   _Flash_API_Init
00316ed2   _Logic_Initialize
00316edd   _Logic_Task_1ms
00316ede   _Logic_Task_5ms
00316edf   _Logic_Task_20ms
00316eeb   __args_main
00316f04   C$$EXIT
00316f04   _abort
00316f06   _exit
00316f1d   FS$$DIV
00316f36   _InitI2C
00316f37   _InitI2CGpio
00316f4d   _InitPieVectTable
00316f5d   _MemCopy
00316f69   U$$DIV
00316f6e   U$$MOD
00316f74   __register_unlock
00316f78   __register_lock
00316f7c   __nop
00316f85   _memset
00316f8c   _SYS_TABLE_Initialize
00316f8d   _SYS_TABLE_RealTimeDone
00316f8e   _SYS_TABLE_OneMsDone
00316f8f   _SYS_TABLE_QuarterCycleDone
00316f90   _SYS_TABLE_OneCycleDone
00316f91   _SYS_TABLE_TenPerSecDone
00316f92   _InitEQep
00316f93   _InitEQepGpio
00316f94   ___etext__
00316f94   _uiSetDataRange
00316f94   etext
0031756d   _uiDefaultData
00317760   _PieVectTableInit
00317860   _auchCRCHi
00317960   _auchCRCLo
00317a60   _uiCRCTable
00317b60   _GetDataSubArray
00317c28   _constTaskBoxTable
00317c46   ___cinit__
00317c46   cinit
00337ff6   code_start
00380080   _ADC_cal
00380090   _PartIdRegs
003febdc   _FPUsinTable
003fecdc   _FPUcosTable
003fefdc   _FPUsinTableEnd
003ff0de   _FPUatan2HalfPITable
003ff0de   _FPUcosTableEnd
003ff0e2   _FPUatan2Table
003ff268   _FPUatan2TableEnd
ffffffff   ___binit__
ffffffff   ___c_args__
ffffffff   ___pinit__
ffffffff   binit
ffffffff   pinit

[1338 symbols]
