******************************************************************************
             TMS320C2000 Linker PC v6.1.3                      
******************************************************************************
>> Linked Wed Mar 25 22:15:26 2026

OUTPUT FILE NAME:   <../RELEASE/IVAM8048M_Ano.out>
ENTRY POINT SYMBOL: "_c_int00"  address: 00317d80


MEMORY CONFIGURATION

         name            origin    length      used     unused   attr    fill
----------------------  --------  ---------  --------  --------  ----  --------
PAGE 0:
  ZONE0                 00004000   00001000  00000000  00001000  RWIX
  RAML0                 00008000   00003a00  00003364  0000069c  RWIX
  RAML2                 0000ba00   00003600  000032d8  00000328  RWIX
  RAML6                 0000f000   00000900  00000000  00000900  RWIX
  ZONE6                 00100000   00100000  00000000  00100000  RWIX
  ZONE7A                00200000   0000fc00  00000000  0000fc00  RWIX
  APPFLASH              00300000   00037f7a  00019c4f  0001e32b  RWIX
  APPFlagW              00337f7a   00000004  00000000  00000004  RWIX
  CSM_RSVD              00337f80   00000076  00000000  00000076  RWIX
  APPBEGIN              00337ff6   00000002  00000002  00000000  RWIX
  CSM_PWL_P0            00337ff8   00000008  00000000  00000008  RWIX
  IAPFLASH              00338000   00007f7c  00000000  00007f7c  RWIX
  IAPFlagW              0033ff7c   00000004  00000000  00000004  RWIX
  IAPBEGIN              0033fff6   00000002  00000000  00000002  RWIX
  ADC_CAL               00380080   00000009  00000007  00000002  RWIX
  OTP                   00380400   00000400  00000000  00000400  RWIX
  IQTABLES              003fe000   00000b50  00000000  00000b50  RWIX
  IQTABLES2             003feb50   0000008c  00000000  0000008c  RWIX
  FPUTABLES             003febdc   000006a0  000006a0  00000000  RWIX
  ROM                   003ff27c   00000d44  00000000  00000d44  RWIX
  RESET                 003fffc0   00000002  00000000  00000002  RWIX
  VECTORS               003fffc2   0000003e  00000000  0000003e  RWIX

PAGE 1:
  BOOT_RSVD             00000000   00000050  00000000  00000050  RWIX
  RAMM0                 00000050   000003b0  00000339  00000077  RWIX
  RAMM1                 00000400   00000400  00000400  00000000  RWIX
  DEV_EMU               00000880   00000180  000000d0  000000b0  RWIX
  FLASH_REGS            00000a80   00000060  00000008  00000058  RWIX
  CSM                   00000ae0   00000010  00000000  00000010  RWIX
  ADC_MIRROR            00000b00   00000010  00000010  00000000  RWIX
  XINTF                 00000b20   00000020  0000001e  00000002  RWIX
  CPU_TIMER0            00000c00   00000008  00000008  00000000  RWIX
  CPU_TIMER1            00000c08   00000008  00000008  00000000  RWIX
  CPU_TIMER2            00000c10   00000008  00000008  00000000  RWIX
  PIE_CTRL              00000ce0   00000020  0000001a  00000006  RWIX
  PIE_VECT              00000d00   00000100  00000100  00000000  RWIX
  DMA                   00001000   00000200  000000e0  00000120  RWIX
  MCBSPA                00005000   00000040  00000025  0000001b  RWIX
  MCBSPB                00005040   00000040  00000025  0000001b  RWIX
  ECANA                 00006000   00000040  00000034  0000000c  RWIX
  ECANA_LAM             00006040   00000040  00000040  00000000  RWIX
  ECANA_MOTS            00006080   00000040  00000040  00000000  RWIX
  ECANA_MOTO            000060c0   00000040  00000040  00000000  RWIX
  ECANA_MBOX            00006100   00000100  00000100  00000000  RWIX
  ECANB                 00006200   00000040  00000034  0000000c  RWIX
  ECANB_LAM             00006240   00000040  00000040  00000000  RWIX
  ECANB_MOTS            00006280   00000040  00000040  00000000  RWIX
  ECANB_MOTO            000062c0   00000040  00000040  00000000  RWIX
  ECANB_MBOX            00006300   00000100  00000100  00000000  RWIX
  EPWM1                 00006800   00000022  00000022  00000000  RWIX
  EPWM2                 00006840   00000022  00000022  00000000  RWIX
  EPWM3                 00006880   00000022  00000022  00000000  RWIX
  EPWM4                 000068c0   00000022  00000022  00000000  RWIX
  EPWM5                 00006900   00000022  00000022  00000000  RWIX
  EPWM6                 00006940   00000022  00000022  00000000  RWIX
  ECAP1                 00006a00   00000020  00000020  00000000  RWIX
  ECAP2                 00006a20   00000020  00000020  00000000  RWIX
  ECAP3                 00006a40   00000020  00000020  00000000  RWIX
  ECAP4                 00006a60   00000020  00000020  00000000  RWIX
  ECAP5                 00006a80   00000020  00000020  00000000  RWIX
  ECAP6                 00006aa0   00000020  00000020  00000000  RWIX
  EQEP1                 00006b00   00000040  00000040  00000000  RWIX
  EQEP2                 00006b40   00000040  00000040  00000000  RWIX
  GPIOCTRL              00006f80   00000040  0000002e  00000012  RWIX
  GPIODAT               00006fc0   00000020  00000020  00000000  RWIX
  GPIOINT               00006fe0   00000020  0000000a  00000016  RWIX
  SYSTEM                00007010   00000020  00000020  00000000  RWIX
  SPIA                  00007040   00000010  00000010  00000000  RWIX
  SCIA                  00007050   00000010  00000010  00000000  RWIX
  XINTRUPT              00007070   00000010  00000010  00000000  RWIX
  ADC                   00007100   00000020  0000001e  00000002  RWIX
  SCIB                  00007750   00000010  00000010  00000000  RWIX
  SCIC                  00007770   00000010  00000010  00000000  RWIX
  I2CA                  00007900   00000040  00000022  0000001e  RWIX
  FUNCRAM               0000f900   00000700  00000000  00000700  RWIX
  ZONE7B                0020fc00   00000400  00000000  00000400  RWIX
  PARTID                00380090   00000001  00000001  00000000  RWIX
  CSM_PWL               003f7ff8   00000008  00000000  00000008  RWIX


SECTION ALLOCATION MAP

 output                                  attributes/
section   page    origin      length       input sections
--------  ----  ----------  ----------   ----------------
.pinit     0    00300000    00000000     UNINITIALIZED

.ebss      0    0000ba00    000032d8     UNINITIALIZED
                  0000ba00    00000875     AnoAssistant.obj (.ebss)
                  0000c275    0000000b     I2cApp.obj (.ebss)
                  0000c280    00000581     MonitorProtocol.obj (.ebss)
                  0000c801    00000001     Logic.obj (.ebss)
                  0000c802    00000036     Bat.obj (.ebss)
                  0000c838    00000008     Llc.obj (.ebss)
                  0000c840    00000560     Inv.obj (.ebss)
                  0000cda0    00000018     DSP2833x_CpuTimers.obj (.ebss)
                  0000cdb8    00000008     Main.obj (.ebss)
                  0000cdc0    0000036f     Grid.obj (.ebss)
                  0000d12f    00000001     --HOLE--
                  0000d130    0000000e     MonitorModbus.obj (.ebss)
                  0000d13e    00000002     --HOLE--
                  0000d140    00000360     Upgrade.obj (.ebss)
                  0000d4a0    00000016     Relay.obj (.ebss)
                  0000d4b6    0000000a     Bus.obj (.ebss)
                  0000d4c0    00000356     Adc.obj (.ebss)
                  0000d816    00000024     Example_Flash2833x_API.obj (.ebss)
                  0000d83a    00000006     DSP2833x_SWPrioritizedDefaultIsr.obj (.ebss)
                  0000d840    0000030a     PvInvComm.obj (.ebss)
                  0000db4a    0000002c     DcDc.obj (.ebss)
                  0000db76    00000004     Flash28335_API_V210.lib : Flash28_Globals.obj (.ebss)
                  0000db7a    00000004     rts2800_fpu32.lib : _lock.obj (.ebss)
                  0000db7e    00000002     --HOLE--
                  0000db80    000002b8     Pll.obj (.ebss)
                  0000de38    00000004     rts2800_fpu32.lib : exit.obj (.ebss)
                  0000de3c    00000004     --HOLE--
                  0000de40    0000028a     MonitorSci.obj (.ebss)
                  0000e0ca    0000002c     Ecap.obj (.ebss)
                  0000e0f6    0000000a     --HOLE--
                  0000e100    0000027e     CanInModDeal.obj (.ebss)
                  0000e37e    00000002     --HOLE--
                  0000e380    000001c0     Ipoms.obj (.ebss)
                  0000e540    000001a8     Fault.obj (.ebss)
                  0000e6e8    00000018     --HOLE--
                  0000e700    00000183     Eeprom.obj (.ebss)
                  0000e883    00000001     --HOLE--
                  0000e884    00000022     Fan.obj (.ebss)
                  0000e8a6    0000001a     --HOLE--
                  0000e8c0    00000100     Candriver.obj (.ebss)
                  0000e9c0    000000ac     Powerderating.obj (.ebss)
                  0000ea6c    00000014     --HOLE--
                  0000ea80    00000096     ModelConfig.obj (.ebss)
                  0000eb16    00000022     Task.obj (.ebss)
                  0000eb38    00000008     --HOLE--
                  0000eb40    00000088     AdcATE.obj (.ebss)
                  0000ebc8    00000038     --HOLE--
                  0000ec00    00000080     System.obj (.ebss)
                  0000ec80    00000058     Gen.obj (.ebss)

.data      0    00300000    00000000     UNINITIALIZED

ramfuncs   0    00300000    00002f0f     RUN ADDR = 00008000
                  00300000    00000c57     Pll.obj (ramfuncs)
                  00300c57    00000835     Inv.obj (ramfuncs)
                  0030148c    00000714     Candriver.obj (ramfuncs)
                  00301ba0    00000469     Adc.obj (ramfuncs)
                  00302009    00000392     Eeprom.obj (ramfuncs)
                  0030239b    00000286     Relay.obj (ramfuncs)
                  00302621    00000268     Fault.obj (ramfuncs)
                  00302889    00000224     CanInModDeal.obj (ramfuncs)
                  00302aad    000000eb     MonitorSci.obj (ramfuncs)
                  00302b98    000000da     PvInvComm.obj (ramfuncs)
                  00302c72    000000a6     DcDc.obj (ramfuncs)
                  00302d18    000000a0     I2cApp.obj (ramfuncs)
                  00302db8    0000009e     I2cDrv.obj (ramfuncs)
                  00302e56    0000005b     Llc.obj (ramfuncs)
                  00302eb1    00000035     Ecap.obj (ramfuncs)
                  00302ee6    0000001b     DSP2833x_SysCtrl.obj (ramfuncs)
                  00302f01    0000000a     Example_Flash2833x_API.obj (ramfuncs)
                  00302f0b    00000004     DSP2833x_usDelay.obj (ramfuncs)

.text      0    00302f0f    00015153     
                  00302f0f    0000225b     Inv.obj (.text)
                  0030516a    0000214a     System.obj (.text)
                  003072b4    00001f53     Grid.obj (.text)
                  00309207    00001d9d     GridStandard.obj (.text)
                  0030afa4    00001a8e     Fault.obj (.text)
                  0030ca32    00001964     CanInModDeal.obj (.text)
                  0030e396    000015cc     MonitorProtocol.obj (.text)
                  0030f962    0000117e     Adc.obj (.text)
                  00310ae0    00000b79     Gen.obj (.text)
                  00311659    00000a3f     Bat.obj (.text)
                  00312098    0000098e     AdcATE.obj (.text)
                  00312a26    0000086a     AnoAssistant.obj (.text)
                  00313290    00000850     Ipoms.obj (.text)
                  00313ae0    00000679     Powerderating.obj (.text)
                  00314159    0000056e     PvInvComm.obj (.text)
                  003146c7    00000564     MonitorModbus.obj (.text)
                  00314c2b    00000541     Relay.obj (.text)
                  0031516c    000004e3     Candriver.obj (.text)
                  0031564f    00000411     Eeprom.obj (.text)
                  00315a60    000003f5     Ecap.obj (.text)
                  00315e55    000003f4     Llc.obj (.text)
                  00316249    00000373     DSP2833x_EPwm.obj (.text)
                  003165bc    00000307     Bus.obj (.text)
                  003168c3    0000028f     DSP2833x_SWPrioritizedDefaultIsr.obj (.text:retain)
                  00316b52    00000289     Upgrade.obj (.text)
                  00316ddb    0000023c     Fan.obj (.text)
                  00317017    000001bb     Task.obj (.text)
                  003171d2    00000165     DSP2833x_Gpio.obj (.text)
                  00317337    00000165     Pll.obj (.text)
                  0031749c    00000130     ModelConfig.obj (.text)
                  003175cc    0000010b     DSP2833x_ECan.obj (.text)
                  003176d7    000000ef     DSP2833x_Xintf.obj (.text)
                  003177c6    000000e2     I2cApp.obj (.text)
                  003178a8    000000da     DSP2833x_Mcbsp.obj (.text)
                  00317982    000000d6     DcDc.obj (.text)
                  00317a58    000000bf     MonitorSci.obj (.text)
                  00317b17    000000ad     Main.obj (.text)
                  00317bc4    000000ab     DSP2833x_SysCtrl.obj (.text)
                  00317c6f    0000005c     DSP2833x_Sci.obj (.text)
                  00317ccb    0000005b     DSP2833x_CpuTimers.obj (.text)
                  00317d26    0000005a     DSP2833x_ECap.obj (.text)
                  00317d80    00000046     rts2800_fpu32.lib : boot.obj (.text)
                  00317dc6    00000043     rts2800_fpu32_fast_supplement.lib : sincos_f32.obj (.text)
                  00317e09    00000037     I2cDrv.obj (.text)
                  00317e40    00000034     rts2800_fpu32_fast_supplement.lib : cos_f32.obj (.text)
                  00317e74    00000034                                       : sin_f32.obj (.text)
                  00317ea8    0000002a     rts2800_fpu32.lib : l_div.obj (.text)
                  00317ed2    00000028     DSP2833x_PieCtrl.obj (.text)
                  00317efa    00000027     DSP2833x_Spi.obj (.text)
                  00317f21    00000021     rts2800_fpu32.lib : memcpy_ff.obj (.text)
                  00317f42    00000021     rts2800_fpu32_fast_supplement.lib : sqrt_f32.obj (.text)
                  00317f63    00000020     DSP2833x_Adc.obj (.text)
                  00317f83    0000001c     Example_Flash2833x_API.obj (.text)
                  00317f9f    0000001a     Logic.obj (.text)
                  00317fb9    00000019     rts2800_fpu32.lib : args_main.obj (.text)
                  00317fd2    00000019                       : exit.obj (.text)
                  00317feb    00000019     rts2800_fpu32_fast_supplement.lib : div_f32.obj (.text)
                  00318004    00000017     DSP2833x_I2C.obj (.text)
                  0031801b    00000010     DSP2833x_SWPrioritizedPieVect.obj (.text)
                  0031802b    0000000c     DSP2833x_MemCopy.obj (.text)
                  00318037    0000000b     rts2800_fpu32.lib : u_div.obj (.text)
                  00318042    00000009                       : _lock.obj (.text)
                  0031804b    00000008     DSP2833x_CodeStartBranch.obj (.text)
                  00318053    00000007     rts2800_fpu32.lib : memset.obj (.text)
                  0031805a    00000006     Systable.obj (.text)
                  00318060    00000002     DSP2833x_EQep.obj (.text)

Flash28_API 
*          0    00318062    00000455     RUN ADDR = 0000af10
                  00318062    00000020     Flash28335_API_V210.lib : Flash28_Erase.obj (.econst:_Sector$1)
                  00318082    00000008                             : Flash28_Erase.obj (.econst:_SecKey$2)
                  0031808a    000000a0                             : Flash28_Erase.obj (.text)
                  0031812a    0000009a                             : Flash28_Erase_Pulse.obj (.text)
                  003181c4    00000084                             : Flash28_Internals.obj (.text)
                  00318248    00000080                             : Flash28_Prog_Pulse.obj (.text)
                  003182c8    0000007d                             : Flash28_Compact_Pulse.obj (.text)
                  00318345    0000005a                             : Flash28_EraseSector.obj (.text)
                  0031839f    00000053                             : Flash28_CompactSector.obj (.text)
                  003183f2    00000041                             : Flash28_ClearLoop.obj (.text)
                  00318433    00000033                             : Flash28_ClearSector.obj (.text)
                  00318466    00000029                             : Flash28_Init.obj (.text)
                  0031848f    00000014                             : Flash28_Utils.obj (.text)
                  003184a3    0000000d                             : Flash28_Delay.obj (.text)
                  003184b0    00000007                             : Flash28_DisInt.obj (.text)

.econst    0    003184b8    00000e48     
                  003184b8    000005d9     MonitorProtocol.obj (.econst:_uiSetDataRange)
                  00318a91    000001f3     MonitorProtocol.obj (.econst:_uiDefaultData)
                  00318c84    0000012c     ModelConfig.obj (.econst:_g_ModelParamTable)
                  00318db0    00000100     DSP2833x_SWPrioritizedPieVect.obj (.econst)
                  00318eb0    00000100     Ipoms.obj (.econst:_auchCRCHi)
                  00318fb0    00000100     Ipoms.obj (.econst:_auchCRCLo)
                  003190b0    00000100     MonitorProtocol.obj (.econst:_uiCRCTable)
                  003191b0    000000c8     AnoAssistant.obj (.econst:_GetDataSubArray)
                  00319278    00000069     MonitorProtocol.obj (.econst:_uiDataRangeOverride)
                  003192e1    00000001     --HOLE-- [fill = 0]
                  003192e2    0000001e     Task.obj (.econst:_constTaskBoxTable)

.cinit     0    00319300    00000950     
                  00319300    00000317     Fault.obj (.cinit)
                  00319617    000000fd     CanInModDeal.obj (.cinit)
                  00319714    000000a7     Grid.obj (.cinit)
                  003197bb    00000096     AdcATE.obj (.cinit)
                  00319851    00000085     Gen.obj (.cinit)
                  003198d6    00000080     System.obj (.cinit)
                  00319956    00000066     Inv.obj (.cinit)
                  003199bc    00000052     Relay.obj (.cinit)
                  00319a0e    00000039     Adc.obj (.cinit)
                  00319a47    0000002c     Eeprom.obj (.cinit)
                  00319a73    0000002c     I2cApp.obj (.cinit)
                  00319a9f    00000028     AnoAssistant.obj (.cinit)
                  00319ac7    00000028     Task.obj (.cinit)
                  00319aef    00000027     Bat.obj (.cinit)
                  00319b16    00000024     PvInvComm.obj (.cinit)
                  00319b3a    00000023     Example_Flash2833x_API.obj (.cinit)
                  00319b5d    00000022     Pll.obj (.cinit)
                  00319b7f    0000001c     Candriver.obj (.cinit)
                  00319b9b    0000001c     Fan.obj (.cinit)
                  00319bb7    0000001a     Upgrade.obj (.cinit)
                  00319bd1    00000019     Bus.obj (.cinit)
                  00319bea    00000019     Llc.obj (.cinit)
                  00319c03    0000000c     Ecap.obj (.cinit)
                  00319c0f    0000000c     MonitorProtocol.obj (.cinit)
                  00319c1b    0000000a     Flash28335_API_V210.lib : Flash28_Globals.obj (.cinit)
                  00319c25    0000000a     rts2800_fpu32.lib : _lock.obj (.cinit)
                  00319c2f    0000000a                       : exit.obj (.cinit)
                  00319c39    00000009     Powerderating.obj (.cinit)
                  00319c42    00000008     MonitorSci.obj (.cinit)
                  00319c4a    00000004     MonitorModbus.obj (.cinit)
                  00319c4e    00000002     --HOLE-- [fill = 0]

codestart 
*          0    00337ff6    00000002     
                  00337ff6    00000002     DSP2833x_CodeStartBranch.obj (codestart)

.adc_cal   0    00380080    00000007     NOLOAD SECTION
                  00380080    00000007     DSP2833x_ADC_cal.obj (.adc_cal)

FPUmathTables 
*          0    003febdc    000006a0     NOLOAD SECTION
                  003febdc    000006a0     rts2800_fpu32_fast_supplement.lib : FPUmathTables.obj (FPUmathTables)

.reset     0    003fffc0    00000002     DSECT
                  003fffc0    00000002     rts2800_fpu32.lib : boot.obj (.reset)

vectors    0    003fffc2    00000000     DSECT

E2promBag 
*          1    00000080    000001f6     UNINITIALIZED
                  00000080    000001f6     Eeprom.obj (E2promBag)

SysInfo    1    00000280    00000074     UNINITIALIZED
                  00000280    00000074     System.obj (SysInfo)

I2cDrvBag 
*          1    00000300    00000068     UNINITIALIZED
                  00000300    00000068     I2cDrv.obj (I2cDrvBag)

I2cE2Bag   1    00000380    00000067     UNINITIALIZED
                  00000380    00000067     I2cApp.obj (I2cE2Bag)

.stack     1    00000400    00000400     UNINITIALIZED
                  00000400    00000400     --HOLE--

DevEmuRegsFile 
*          1    00000880    000000d0     UNINITIALIZED
                  00000880    000000d0     DSP2833x_GlobalVariableDefs.obj (DevEmuRegsFile)

FlashRegsFile 
*          1    00000a80    00000008     UNINITIALIZED
                  00000a80    00000008     DSP2833x_GlobalVariableDefs.obj (FlashRegsFile)

AdcMirrorFile 
*          1    00000b00    00000010     UNINITIALIZED
                  00000b00    00000010     DSP2833x_GlobalVariableDefs.obj (AdcMirrorFile)

XintfRegsFile 
*          1    00000b20    0000001e     UNINITIALIZED
                  00000b20    0000001e     DSP2833x_GlobalVariableDefs.obj (XintfRegsFile)

CpuTimer0RegsFile 
*          1    00000c00    00000008     UNINITIALIZED
                  00000c00    00000008     DSP2833x_GlobalVariableDefs.obj (CpuTimer0RegsFile)

CpuTimer1RegsFile 
*          1    00000c08    00000008     UNINITIALIZED
                  00000c08    00000008     DSP2833x_GlobalVariableDefs.obj (CpuTimer1RegsFile)

CpuTimer2RegsFile 
*          1    00000c10    00000008     UNINITIALIZED
                  00000c10    00000008     DSP2833x_GlobalVariableDefs.obj (CpuTimer2RegsFile)

PieCtrlRegsFile 
*          1    00000ce0    0000001a     UNINITIALIZED
                  00000ce0    0000001a     DSP2833x_GlobalVariableDefs.obj (PieCtrlRegsFile)

PieVectTableFile 
*          1    00000d00    00000100     UNINITIALIZED
                  00000d00    00000100     DSP2833x_GlobalVariableDefs.obj (PieVectTableFile)

DmaRegsFile 
*          1    00001000    000000e0     UNINITIALIZED
                  00001000    000000e0     DSP2833x_GlobalVariableDefs.obj (DmaRegsFile)

McbspaRegsFile 
*          1    00005000    00000025     UNINITIALIZED
                  00005000    00000025     DSP2833x_GlobalVariableDefs.obj (McbspaRegsFile)

McbspbRegsFile 
*          1    00005040    00000025     UNINITIALIZED
                  00005040    00000025     DSP2833x_GlobalVariableDefs.obj (McbspbRegsFile)

ECanaRegsFile 
*          1    00006000    00000034     UNINITIALIZED
                  00006000    00000034     DSP2833x_GlobalVariableDefs.obj (ECanaRegsFile)

ECanaLAMRegsFile 
*          1    00006040    00000040     UNINITIALIZED
                  00006040    00000040     DSP2833x_GlobalVariableDefs.obj (ECanaLAMRegsFile)

ECanaMOTSRegsFile 
*          1    00006080    00000040     UNINITIALIZED
                  00006080    00000040     DSP2833x_GlobalVariableDefs.obj (ECanaMOTSRegsFile)

ECanaMOTORegsFile 
*          1    000060c0    00000040     UNINITIALIZED
                  000060c0    00000040     DSP2833x_GlobalVariableDefs.obj (ECanaMOTORegsFile)

ECanaMboxesFile 
*          1    00006100    00000100     UNINITIALIZED
                  00006100    00000100     DSP2833x_GlobalVariableDefs.obj (ECanaMboxesFile)

ECanbRegsFile 
*          1    00006200    00000034     UNINITIALIZED
                  00006200    00000034     DSP2833x_GlobalVariableDefs.obj (ECanbRegsFile)

ECanbLAMRegsFile 
*          1    00006240    00000040     UNINITIALIZED
                  00006240    00000040     DSP2833x_GlobalVariableDefs.obj (ECanbLAMRegsFile)

ECanbMOTSRegsFile 
*          1    00006280    00000040     UNINITIALIZED
                  00006280    00000040     DSP2833x_GlobalVariableDefs.obj (ECanbMOTSRegsFile)

ECanbMOTORegsFile 
*          1    000062c0    00000040     UNINITIALIZED
                  000062c0    00000040     DSP2833x_GlobalVariableDefs.obj (ECanbMOTORegsFile)

ECanbMboxesFile 
*          1    00006300    00000100     UNINITIALIZED
                  00006300    00000100     DSP2833x_GlobalVariableDefs.obj (ECanbMboxesFile)

EPwm1RegsFile 
*          1    00006800    00000022     UNINITIALIZED
                  00006800    00000022     DSP2833x_GlobalVariableDefs.obj (EPwm1RegsFile)

EPwm2RegsFile 
*          1    00006840    00000022     UNINITIALIZED
                  00006840    00000022     DSP2833x_GlobalVariableDefs.obj (EPwm2RegsFile)

EPwm3RegsFile 
*          1    00006880    00000022     UNINITIALIZED
                  00006880    00000022     DSP2833x_GlobalVariableDefs.obj (EPwm3RegsFile)

EPwm4RegsFile 
*          1    000068c0    00000022     UNINITIALIZED
                  000068c0    00000022     DSP2833x_GlobalVariableDefs.obj (EPwm4RegsFile)

EPwm5RegsFile 
*          1    00006900    00000022     UNINITIALIZED
                  00006900    00000022     DSP2833x_GlobalVariableDefs.obj (EPwm5RegsFile)

EPwm6RegsFile 
*          1    00006940    00000022     UNINITIALIZED
                  00006940    00000022     DSP2833x_GlobalVariableDefs.obj (EPwm6RegsFile)

ECap1RegsFile 
*          1    00006a00    00000020     UNINITIALIZED
                  00006a00    00000020     DSP2833x_GlobalVariableDefs.obj (ECap1RegsFile)

ECap2RegsFile 
*          1    00006a20    00000020     UNINITIALIZED
                  00006a20    00000020     DSP2833x_GlobalVariableDefs.obj (ECap2RegsFile)

ECap3RegsFile 
*          1    00006a40    00000020     UNINITIALIZED
                  00006a40    00000020     DSP2833x_GlobalVariableDefs.obj (ECap3RegsFile)

ECap4RegsFile 
*          1    00006a60    00000020     UNINITIALIZED
                  00006a60    00000020     DSP2833x_GlobalVariableDefs.obj (ECap4RegsFile)

ECap5RegsFile 
*          1    00006a80    00000020     UNINITIALIZED
                  00006a80    00000020     DSP2833x_GlobalVariableDefs.obj (ECap5RegsFile)

ECap6RegsFile 
*          1    00006aa0    00000020     UNINITIALIZED
                  00006aa0    00000020     DSP2833x_GlobalVariableDefs.obj (ECap6RegsFile)

EQep1RegsFile 
*          1    00006b00    00000040     UNINITIALIZED
                  00006b00    00000040     DSP2833x_GlobalVariableDefs.obj (EQep1RegsFile)

EQep2RegsFile 
*          1    00006b40    00000040     UNINITIALIZED
                  00006b40    00000040     DSP2833x_GlobalVariableDefs.obj (EQep2RegsFile)

GpioCtrlRegsFile 
*          1    00006f80    0000002e     UNINITIALIZED
                  00006f80    0000002e     DSP2833x_GlobalVariableDefs.obj (GpioCtrlRegsFile)

GpioDataRegsFile 
*          1    00006fc0    00000020     UNINITIALIZED
                  00006fc0    00000020     DSP2833x_GlobalVariableDefs.obj (GpioDataRegsFile)

GpioIntRegsFile 
*          1    00006fe0    0000000a     UNINITIALIZED
                  00006fe0    0000000a     DSP2833x_GlobalVariableDefs.obj (GpioIntRegsFile)

SysCtrlRegsFile 
*          1    00007010    00000020     UNINITIALIZED
                  00007010    00000020     DSP2833x_GlobalVariableDefs.obj (SysCtrlRegsFile)

SpiaRegsFile 
*          1    00007040    00000010     UNINITIALIZED
                  00007040    00000010     DSP2833x_GlobalVariableDefs.obj (SpiaRegsFile)

SciaRegsFile 
*          1    00007050    00000010     UNINITIALIZED
                  00007050    00000010     DSP2833x_GlobalVariableDefs.obj (SciaRegsFile)

XIntruptRegsFile 
*          1    00007070    00000010     UNINITIALIZED
                  00007070    00000010     DSP2833x_GlobalVariableDefs.obj (XIntruptRegsFile)

AdcRegsFile 
*          1    00007100    0000001e     UNINITIALIZED
                  00007100    0000001e     DSP2833x_GlobalVariableDefs.obj (AdcRegsFile)

ScibRegsFile 
*          1    00007750    00000010     UNINITIALIZED
                  00007750    00000010     DSP2833x_GlobalVariableDefs.obj (ScibRegsFile)

ScicRegsFile 
*          1    00007770    00000010     UNINITIALIZED
                  00007770    00000010     DSP2833x_GlobalVariableDefs.obj (ScicRegsFile)

I2caRegsFile 
*          1    00007900    00000022     UNINITIALIZED
                  00007900    00000022     DSP2833x_GlobalVariableDefs.obj (I2caRegsFile)

PartIdRegsFile 
*          1    00380090    00000001     UNINITIALIZED
                  00380090    00000001     DSP2833x_GlobalVariableDefs.obj (PartIdRegsFile)


GLOBAL SYMBOLS: SORTED ALPHABETICALLY BY Name 

address    name
--------   ----
00300000   .data
00302f0f   .text
00317fd2   C$$EXIT
00317feb   FS$$DIV
00317ea8   L$$DIV
00317eb7   L$$MOD
00318037   U$$DIV
0031803c   U$$MOD
00317ec5   UL$$DIV
00317ecc   UL$$MOD
0000d500   _ADC_Offset
0000d52e   _ADC_OffsetAccu
00380080   _ADC_cal
00312448   _AdcATE_BatAdjust
003128ce   _AdcATE_BusAdjust
0031271c   _AdcATE_GenAdjust
00312643   _AdcATE_GridAdjust
00312098   _AdcATE_Init
0031256a   _AdcATE_InvAdjust
003127f5   _AdcATE_OutputAdjust
003120b1   _AdcATE_PvAdjust
003129d4   _AdcATE_ScodeCheck
003129d4   _AdcATE_Task_100ms
00312099   _AdcATE_Task_1ms
003120b0   _AdcATE_Task_20ms
0031209a   _AdcATE_Task_5ms
00000b00   _AdcMirror
00007100   _AdcRegs
0030fc28   _Adc_AdjustRatioRenew
0030fda9   _Adc_CalibsCoefRenew
00009efe   _Adc_DcDcCalcRealTime
00009f5f   _Adc_DcDcSampleAcc
00009fba   _Adc_DeltaOmegaAcc
0030f962   _Adc_Initialize
00009d23   _Adc_InvCalcRealTime
00009d5c   _Adc_InvSampleAcc
0030ffc3   _Adc_InvSampleSlowAcc
0030ff00   _Adc_InvSampleSlowCalc
00310a68   _Adc_PvCurrSumCalc
00009ba0   _Adc_ResultGetPrd
00009c76   _Adc_ResultGetZero
0030fc0c   _Adc_SamplePeriodPointInit
003100ba   _Adc_Task_100ms
0031010d   _Adc_Task_1ms
003100af   _Adc_Task_20ms
003100a6   _Adc_Task_5ms
003109f2   _Adc_VoltFloDeal
00312cc5   _Ano_ChannelDataSend
00312be7   _Ano_ChannelDataSendPack
00312d48   _Ano_ChannelSnatchGet
00312ba6   _Ano_CmdAckPack
00312ca3   _Ano_CmdAckSend
00312b18   _Ano_CmdParsing
00312cf5   _Ano_CmdSumCheck
00312d16   _Ano_DataSend
00312aa0   _Ano_Machine
00312ce8   _Ano_SnatchWaitSend
00312a46   _Ano_System_AppInit
00312a27   _Ano_System_PeripheralInit
00312a26   _Ano_System_PinInit
00312a88   _Ano_Task_100ms
00312a6b   _Ano_Task_1ms
00312a76   _Ano_Task_20ms
00312a6c   _Ano_Task_5ms
00312a5b   _Ano_Task_RealTimeDone
003118d1   _Bat_BatForceChargeJudge
00311659   _Bat_Initialize
00311692   _Bat_Task_100ms
00311685   _Bat_Task_1ms
00311687   _Bat_Task_20ms
00311686   _Bat_Task_5ms
003165bc   _Bus_Initialize
003165bf   _Bus_Task_100ms
003165bd   _Bus_Task_1ms
003165c0   _Bus_Task_20ms
003165be   _Bus_Task_5ms
0000eb80   _Calibs
00315271   _CanDriver_Old_PeripheralInit
003153b6   _CanDriver_SendBoxData
00315391   _CanDriver_SendData
003153f5   _CanDriver_SendFinishDeal
003152f9   _CanDriver_System_AppInit
0031516f   _CanDriver_System_PeripheralInit
0031516c   _CanDriver_System_PinInit
00315390   _CanDriver_Task_100ms
00315384   _CanDriver_Task_1ms
0031538f   _CanDriver_Task_20ms
0031538e   _CanDriver_Task_5ms
00315312   _CanDriver_Task_RealTime
0030cdab   _CanInModDeal_IDIdentify
0030cd15   _CanInModDeal_IDIdentifyDeal
0030ca3a   _CanInModDeal_ParaFrameInit
0030ca32   _CanInModDeal_System_AppInit
0030cb5d   _CanInModDeal_Task_100ms
0030cb35   _CanInModDeal_Task_1ms
0030cb5c   _CanInModDeal_Task_20ms
0030cb5b   _CanInModDeal_Task_5ms
0030cb34   _CanInModDeal_Task_RealTime
0030dc29   _CanPara_ComDataDeal
0030e2e3   _CanPara_ComStateDataInt
0000a889   _CanPara_ComStatusManage
0030cdd0   _CanPara_FrameIDMsgDataSend
0030dcbb   _CanPara_FreqReguLoop
0030e171   _CanPara_PeakShavingReguLoop
0030dfe1   _CanPara_RmsVoltReguLoop
0030cfdf   _CanPara_SelfFrameDataCopyWhenIDChange
0030e30c   _CanPara_SysDataRenew
0030e2e4   _CanPara_SysRxDataClr
0030e37c   _CanPara_TestDataSend
00317d04   _ConfigCpuTimer
0000cdb0   _CpuTimer0
00000c00   _CpuTimer0Regs
0000cda0   _CpuTimer1
00000c08   _CpuTimer1Regs
0000cda8   _CpuTimer2
00000c10   _CpuTimer2Regs
0000af0b   _DSP28x_usDelay
003179f0   _DcDc_BusBlcRealTimeDone
00317982   _DcDc_Initialize
003179ee   _DcDc_Task_1ms
003179f1   _DcDc_Task_20ms
003179ef   _DcDc_Task_5ms
003179e9   _DcDc_Task_RealTime
0031364a   _DebugSci_SetDataUpdate
00000880   _DevEmuRegs
00317bd7   _DisableDog
00001000   _DmaRegs
00315a1a   _E2prom_AdjustRatioGet
00315990   _E2prom_DirectUpInitDeal
00315916   _E2prom_FaultDataBuffIn
00315915   _E2prom_FaultDataBuffInDeal
0031594c   _E2prom_FaultDataBuffOutDeal
00315719   _E2prom_FaultDataDeal
0031590b   _E2prom_FaultDataDirectUpDeal
00315829   _E2prom_FaultDataFetchCheck
0031585f   _E2prom_FaultDataFetchDeal
00315828   _E2prom_FaultDataSavePreprocess
003158f2   _E2prom_FaultDataSendFinishDeal
0031571a   _E2prom_FaultInE2promInit
00315a5c   _E2prom_FaultStatusGet
0000a009   _E2prom_LogicMachine
0000a05d   _E2prom_LogicRun
00315753   _E2prom_PowerOffFaultHeaderDeal
003157a2   _E2prom_PowerOnFaultHeaderDeal
00315a58   _E2prom_ReadStatusGet
0031565f   _E2prom_System_AppInit
00315704   _E2prom_Task_100ms
0031569a   _E2prom_Task_1ms
00315703   _E2prom_Task_20ms
00315702   _E2prom_Task_5ms
00315690   _E2prom_Task_RealTime
003159a7   _E2prom_WriteEepromDefaultData
00316b15   _ECAP1_INT_ISR
00315a60   _ECAP_InitECap
00315a65   _ECAP_InitECap1
00315a8a   _ECAP_InitECap2
00315aaf   _ECAP_InitECap3
00315add   _ECAP_InitECap4
00315b0b   _ECAP_InitECap5
00315b39   _ECAP_InitECap6
00315b73   _ECAP_Initialize
00006040   _ECanaLAMRegs
000060c0   _ECanaMOTORegs
00006080   _ECanaMOTSRegs
00006100   _ECanaMboxes
00006000   _ECanaRegs
00006240   _ECanbLAMRegs
000062c0   _ECanbMOTORegs
00006280   _ECanbMOTSRegs
00006300   _ECanbMboxes
00006200   _ECanbRegs
00006a00   _ECap1Regs
00006a20   _ECap2Regs
00006a40   _ECap3Regs
00006a60   _ECap4Regs
00006a80   _ECap5Regs
00006aa0   _ECap6Regs
0031564f   _EEDRV_Init_I2C
003168c3   _EMUINT_ISR
00316a8b   _EPWM1_INT_ISR
00316ad0   _EPWM2_INT_ISR
003169ae   _EPWM4_TZINT_ISR
00316a0f   _EPWM5_TZINT_ISR
00006800   _EPwm1Regs
003164a8   _EPwm1TzRegCongfig
00006840   _EPwm2Regs
003164bc   _EPwm2TzRegCongfig
00006880   _EPwm3Regs
003164d0   _EPwm3TzRegCongfig
000068c0   _EPwm4Regs
003164e4   _EPwm4TzRegCongfig
00006900   _EPwm5Regs
003164f6   _EPwm5TzRegCongfig
00006940   _EPwm6Regs
00316508   _EPwm6TzRegCongfig
00006b00   _EQep1Regs
00006b40   _EQep2Regs
00315de6   _Ecap_CalculateRelayAngle
0000aeb1   _Ecap_InvOcpCntCap6
00315c01   _Ecap_Task_1ms
00315c00   _Ecap_Task_20ms
00315c50   _Ecap_Task_5ms
00315c01   _Ecap_ZeroSyncPreiodCap
00317ef1   _EnableInterrupts
003ff0de   _FPUatan2HalfPITable
003ff0e2   _FPUatan2Table
003ff268   _FPUatan2TableEnd
003fecdc   _FPUcosTable
003ff0de   _FPUcosTableEnd
003febdc   _FPUsinTable
003fefdc   _FPUsinTableEnd
00316ddf   _Fan_FanControl
00316ddb   _Fan_Initialize
00316dde   _Fan_Task_100ms
00316ddc   _Fan_Task_1ms
00316ddf   _Fan_Task_20ms
00316ddd   _Fan_Task_5ms
0030b1c4   _Fault_AlarmCodeShow
0030b0f3   _Fault_FaultCodeShow
0000a813   _Fault_GenDQFastCheck
0000a7b1   _Fault_GenOverVoltFastCheck
0000a7e5   _Fault_GenUnderVoltFastCheck
0030b29b   _Fault_GetFaultWarnBit
0000a742   _Fault_GridDQFastCheck
0000a682   _Fault_GridOverVoltFastCheck
0000a6ea   _Fault_GridUnderVoltFastCheck
0030afa4   _Fault_Initialize
0000a621   _Fault_InvCurrLimitCheck
0000a65a   _Fault_InvOverCurrFastCheck
0030b08b   _Fault_ModuleFaultSumry
0030b031   _Fault_Task_1ms
0030b03a   _Fault_Task_20ms
0030afd7   _Fault_Task_DcDcRealTime
0030affe   _Fault_Task_InvRealTime
0000b2e1   _Fl28335_ClearSector
0000b24d   _Fl28335_CompactSector
0000b1f3   _Fl28335_EraseSector
0000b314   _Fl28335_Init
0000b2a0   _Fl28x_ClearLoop
0000b0d4   _Fl28x_ClosePulse
0000b1b0   _Fl28x_CompactPulse
0000b176   _Fl28x_CompactVerify
0000b351   _Fl28x_Delay
0000b35e   _Fl28x_DisableInt
0000b345   _Fl28x_DisableNMI
0000b07f   _Fl28x_EnterCmdMode
0000b020   _Fl28x_ErasePulse
0000afd8   _Fl28x_EraseVerify
0000b0a4   _Fl28x_FlashRegSleep
0000b072   _Fl28x_LeaveCmdMode
0000b0eb   _Fl28x_MaskAll
0000b0c3   _Fl28x_OpenPulse
0000b134   _Fl28x_ProgPulse
0000b0f6   _Fl28x_ProgVerify
0000b362   _Fl28x_RestoreInt
0000b33d   _Fl28x_WatchDogDisable
0000af38   _Flash28335_Erase
003184b7   _Flash28_API_LoadEnd
00318062   _Flash28_API_LoadStart
0000af10   _Flash28_API_RunStart
0000af01   _FlashClear
00000a80   _FlashRegs
0000d816   _FlashStatus
00317f83   _Flash_API_Init
0000db78   _Flash_CPUScaleFactor
0000db76   _Flash_CallbackPtr
00310d7a   _Gen_DryContactCtrl
003113b4   _Gen_GenFreqCheck
00311658   _Gen_GenOverLoadCheck
00310b86   _Gen_GenStandardSet
003113a9   _Gen_GenVoltCheck
00311657   _Gen_GridSeqFaultCheck
00310ae0   _Gen_Initialize
00310f55   _Gen_MicroInvInput
00310d7b   _Gen_SmartLoadRelayCtrl
00311656   _Gen_SourceChk
00310b4f   _Gen_Task_100ms
00310b3c   _Gen_Task_20ms
00310d7b   _Gen_Task_5ms
00310b3b   _Gen_Task_RealTime
0030f625   _GetDataRange
003191b0   _GetDataSubArray
0031749c   _GetMachineInfo
00317597   _GetModelParam
00316dd7   _GetSCIPassThroughMode
00006f80   _GpioCtrlRegs
00006fc0   _GpioDataRegs
00006fe0   _GpioIntRegs
003092d8   _GridSTD_50HzDefault
003093ac   _GridSTD_60HzDefault
0030aee3   _GridSTD_APL
003095bf   _GridSTD_Australia
0030a044   _GridSTD_Australia_AS4777_2
00309ea0   _GridSTD_Australia_B
00309f73   _GridSTD_Australia_C
00309c3a   _GridSTD_Austria
00309d01   _GridSTD_Austria_OVE_directive_R25
003098ff   _GridSTD_Brazil
003094f1   _GridSTD_Britain
0030ad4f   _GridSTD_CEI_0_16_IT
0030ac7d   _GridSTD_CEI_0_21_Areti
0030abab   _GridSTD_CEI_0_21_External
0030a1e7   _GridSTD_CPUC_RULE21
00309b66   _GridSTD_Czech
003099cc   _GridSTD_EN50549
0030aadd   _GridSTD_EN50549_1_GR
0030a45a   _GridSTD_EN50549_1_Norway_133V
0030a527   _GridSTD_EN50549_1_Norway_230V
0030aade   _GridSTD_EN50549_1_Poland
0030aa0f   _GridSTD_EN50549_1_Switzerland
0030a867   _GridSTD_EN50549_CZ_PPDS_16A
0030a93b   _GridSTD_EN50549_CZ_PPDS_L16A
0030a38b   _GridSTD_G98
00309207   _GridSTD_Germany
0030941e   _GridSTD_Italy
0030a5f4   _GridSTD_Japan_200VAC_3P3W
0030a6c3   _GridSTD_Japan_400VAC_3P3W
0030a795   _GridSTD_Japan_415VAC_3P4W
00309dd2   _GridSTD_Netherland
00309831   _GridSTD_Netherland_EN_50549_1
00309690   _GridSTD_NewZealand
00309a99   _GridSTD_Poland
0030a2b9   _GridSTD_SRD_UL_1741
00309762   _GridSTD_SouthAfrican
00309dd0   _GridSTD_Spain_NTS_2021
00309dd1   _GridSTD_Spain_UNE217001
0030a115   _GridSTD_UL1741_IEEE1547
0030ae21   _GridSTD_UPS
00308344   _Grid_AntiIslandChk
003081bc   _Grid_Grid10minOvCheck
00308fb9   _Grid_GridAdaptFG
0030754f   _Grid_GridFreqCheck
003091b0   _Grid_GridHVRT
0030907b   _Grid_GridLVRT
0030823d   _Grid_GridRateParaSet
0030847d   _Grid_GridUFDnPower
0030823c   _Grid_GridUnbalanceCheck
00307540   _Grid_GridVoltCheck
003072b4   _Grid_Initialize
00308df0   _Grid_PFPowerCurve
0030847e   _Grid_PFResponCurve
00308c53   _Grid_PFUCurve
00308a04   _Grid_PUCurve
00308d08   _Grid_QPowerCurve
00308827   _Grid_QUCurve
0030751c   _Grid_Task_100ms
00307423   _Grid_Task_1ms
00307511   _Grid_Task_20ms
0030745a   _Grid_Task_5ms
00307422   _Grid_Task_RealTime
0000ad18   _I2cApp_E2promManage
003177c6   _I2cApp_System_Initialize
003177d0   _I2cApp_Task_100ms
003177ce   _I2cApp_Task_1ms
003177d1   _I2cApp_Task_20ms
003177cf   _I2cApp_Task_5ms
003177d1   _I2cApp_Task_E2promCommCheck
003177c7   _I2cApp_Task_RealTime
0000adb8   _I2cDrv_I2cApp_ReadExecute
0000ae05   _I2cDrv_I2cApp_WriteExecute
00317e3f   _I2cDrv_System_AppInit
00317e09   _I2cDrv_System_I2cPinInit
00317e1f   _I2cDrv_System_PeripheralInit
00007900   _I2caRegs
003168d9   _ILLEGAL_ISR
00316b3e   _INT_NOTUSED_ISR
00317f63   _InitAdc
00317ccb   _InitCpuTimers
003175cc   _InitECan
003176c3   _InitECanGpio
003175cc   _InitECanb
003176c3   _InitECanbGpio
00317648   _InitECanb_Old
00317d26   _InitECap
00317d2c   _InitECap1Gpio
00317d3a   _InitECap2Gpio
00317d48   _InitECap3Gpio
00317d56   _InitECap4Gpio
00317d64   _InitECap5Gpio
00317d72   _InitECap6Gpio
00317d27   _InitECapGpio
00316249   _InitEPwm
00316277   _InitEPwm1
00316518   _InitEPwm1Gpio
003162e4   _InitEPwm2
0031652a   _InitEPwm2Gpio
00316353   _InitEPwm3
0031653c   _InitEPwm3Gpio
003163a3   _InitEPwm4
00316550   _InitEPwm4Gpio
003163fa   _InitEPwm5
00316564   _InitEPwm5Gpio
00316451   _InitEPwm6
00316576   _InitEPwm6Gpio
00316588   _InitEPwmSyncGpio
00318060   _InitEQep
00318061   _InitEQepGpio
0000aee6   _InitFlash
003171d2   _InitGpio
00318004   _InitI2C
00318005   _InitI2CGpio
003171ed   _InitLogicIO
003178a8   _InitMcbsp
0031790a   _InitMcbspGpio
003178a8   _InitMcbspa
003178d3   _InitMcbspa12bit
003178de   _InitMcbspa16bit
003178e9   _InitMcbspa20bit
003178f4   _InitMcbspa24bit
003178ff   _InitMcbspa32bit
003178cc   _InitMcbspa8bit
0031790a   _InitMcbspaGpio
00317c26   _InitPeripheralClocks
00317ed2   _InitPieCtrl
0031801b   _InitPieVectTable
00317bdf   _InitPll
00317c6f   _InitSci
00317c85   _InitSciGpio
00317c8c   _InitSciaGpio
00317ca1   _InitScibGpio
00317cb5   _InitScicGpio
00317efa   _InitSpi
00317efb   _InitSpiGpio
00317efb   _InitSpiaGpio
00317bc4   _InitSysCtrl
0031659b   _InitTzGpio
003176d7   _InitXintf
0031776c   _InitXintf16Gpio
00317729   _InitXintf32Gpio
0000e889   _InnerTempFanStart
0000e88a   _InnerTempFanStop
003145a0   _IntSci_ClearBuffer
0031467f   _IntSci_CommErrCheck
00314481   _IntSci_CommandDeal
00314425   _IntSci_CommandIdentify
0031469f   _IntSci_CrcCheck
0000ab98   _IntSci_Machine
003145ac   _IntSci_ReceiveDataCheck
003144eb   _IntSci_RenewTxBuffer
00314178   _IntSci_System_AppInit
0031415a   _IntSci_System_PeripheralInit
00314159   _IntSci_System_PinInit
00314424   _IntSci_Task_100ms
00314192   _IntSci_Task_1ms
00314229   _IntSci_Task_20ms
00314193   _IntSci_Task_5ms
00314188   _IntSci_Task_RealTime
00304275   _Inv_DataReset
00302f0f   _Inv_Initialize
000092a0   _Inv_InvCtrlDataCalu
003043d6   _Inv_InvDrivePowerSetup
0000917a   _Inv_InvPWMEanbleCheck
00304511   _Inv_InvVoltRmsGiven
00304600   _Inv_InvVoltSoftStart
003032c7   _Inv_MainStateMachine
0030447d   _Inv_OffGridDCVoltLoop
00304221   _Inv_OffGridLoopReset
0000911e   _Inv_OffGridRealCurrLoop
00009018   _Inv_OffGridRealVoltLoop
003041b7   _Inv_OffGridRmsLoop
003040ae   _Inv_OnGridBusSoftStart
00008c57   _Inv_OnGridBusVoltLoop
00008ddf   _Inv_OnGridControlLoop
003043f0   _Inv_OnGridDCCurrLoop
00303fda   _Inv_OnGridDeltaBusRefCtrl
0030419d   _Inv_OnGridLoopReset
00303b96   _Inv_OnGridPowerGiven
00303eeb   _Inv_OnGridPowerLoop
00303d20   _Inv_OnGridPowerSoftStart
003042de   _Inv_OpenLoop
00009308   _Inv_ParaDqPowerCalc
00009414   _Inv_ParaDroopCtrl
003047a1   _Inv_ParaInvCurrAvgLoop
003046e9   _Inv_ParaQvarAvgLoop
000091e2   _Inv_PwmDriverOutput
00305019   _Inv_SoftSelfChk
00303355   _Inv_SubStateMachine
00303286   _Inv_Task_1ms
003032b0   _Inv_Task_20ms
0030329b   _Inv_Task_5ms
0030320a   _Inv_Task_RealTime
00313a7e   _IpmosSetDataRecord
003137b2   _Ipoms_AlarmUpdate
0031344e   _Ipoms_AnalogArrayUpdate
0031359d   _Ipoms_AnalogInforUpdate
00313547   _Ipoms_AnalogUpdate
003135f4   _Ipoms_CmdDataUpdate
003136a0   _Ipoms_CmdData_BMSIUpdate
00313456   _Ipoms_CmdParsing
0031374c   _Ipoms_CrcCheck
00313455   _Ipoms_DigitalUpdate
0031390d   _Ipoms_Modbus
003138dc   _Ipoms_ModbusFaultResp
00313469   _Ipoms_ModbusMachine
00313adf   _Ipoms_RealTime
003136f6   _Ipoms_SetDataUpdate
0031386e   _Ipoms_SetPara
00313803   _Ipoms_SetSysPara
00313760   _Ipoms_SysParaUpdate
003132a7   _Ipoms_System_AppInit
003132a6   _Ipoms_System_PeripheralInit
00313290   _Ipoms_System_PinInit
003132bd   _Ipoms_Task_100ms
003132b9   _Ipoms_Task_1ms
00313456   _Ipoms_Task_20ms
003132ba   _Ipoms_Task_5ms
00313469   _Ipoms_Task_RealTime
0000eb16   _IqDataResult
0000eb17   _IqDataTemp
0000e884   _LlcTempFanStart
0000e885   _LlcTempFanStop
00315eee   _Llc_Task_1ms
00315ef0   _Llc_Task_20ms
00315eef   _Llc_Task_5ms
00315e55   _Llc_Task_RealTime
00317f9f   _Logic_Initialize
00317fab   _Logic_Task_1ms
00317fad   _Logic_Task_20ms
00317fac   _Logic_Task_5ms
00005000   _McbspaRegs
00005040   _McbspbRegs
0031802b   _MemCopy
003146c7   _MonitorModbus_CrcCheck
00314a82   _MonitorModbus_RenewTxBuffer
00314c1f   _MonitorModbus_Sci_ClearBuffer
003147e2   _MonitorModbus_Sci_CommandDeal
003146f4   _MonitorModbus_Sci_CommandIdentify
003146f3   _MonitorModbus_System_AppInit
0030e465   _MonitorProtocol_AlarmRenew
0030f517   _MonitorProtocol_AnologInfoDataUpdate
0030ea6f   _MonitorProtocol_AnologShowDeal
0030eccf   _MonitorProtocol_AnologUpdate
0030eb53   _MonitorProtocol_ModuleStateShow
0030f76d   _MonitorProtocol_PowerCalc
0030e8a9   _MonitorProtocol_PowerMsgShow
0030e40d   _MonitorProtocol_Task_100ms
0030e397   _MonitorProtocol_Task_1ms
0030e3a4   _MonitorProtocol_Task_20ms
0030e398   _MonitorProtocol_Task_5ms
0030e396   _MonitorProtocol_Task_RealTime
00317a96   _MonitorSci_Debug_PeripheralInit
0000aaad   _MonitorSci_Machine
00317ab5   _MonitorSci_System_AppInit
00317a59   _MonitorSci_System_PeripheralInit
00317a78   _MonitorSci_System_PeripheralInit_38400
00317a58   _MonitorSci_System_PinInit
00317b16   _MonitorSci_Task_100ms
00317ac6   _MonitorSci_Task_1ms
00317afb   _MonitorSci_Task_20ms
00317ac7   _MonitorSci_Task_5ms
00317abc   _MonitorSci_Task_RealTime
003168ce   _NMI_ISR
0000e0cd   _New_PWM_TBPRD
00316b34   _PIE_RESERVED
00315621   _ParaCan_CanTxSelfMsgData
00315402   _ParaCan_MasterCanTxData
000095ac   _ParaCan_RecieveDataDeal
0000997d   _ParaCan_RecieveSyncDeal
0031551d   _ParaCan_SlaverCanTxData
00380090   _PartIdRegs
00316d83   _PassModeEscCountDown_20ms
0000d144   _PassThroughSCI_State
00316d48   _PassThroughing
00000ce0   _PieCtrlRegs
00000d00   _PieVectTable
00318db0   _PieVectTableInit
00317337   _Pll_Initialize
000081c9   _Pll_LockGenPhase
00008000   _Pll_LockGridPhase
00008554   _Pll_LockInvPhase
0000838e   _Pll_LockPccPhase
00317403   _Pll_Task_1ms
00317402   _Pll_Task_20ms
00317401   _Pll_Task_5ms
00317400   _Pll_Task_RealTime
00313aef   _PowerDerating_BatDeratedCalc
00313b44   _PowerDerating_BatTmpDeratedCalc
00313ece   _PowerDerating_GridOverFreqDeratedCalc
00313ecd   _PowerDerating_GridUnderFreqDeratedCalc
00313ecf   _PowerDerating_GridVoltDeratedCalc
00313cf4   _PowerDerating_InvTmpDeratedCalc
00313fdd   _PowerDerating_OffGridInvVoltDerCalc
00313b43   _PowerDerating_OutVoltDeratedCalc
00313d93   _PowerDerating_PvTmpDeratedCalc
00313ae0   _PowerDerating_System_AppInit
00313aee   _PowerDerating_Task_100ms
00313ae1   _PowerDerating_Task_1ms
00313ae3   _PowerDerating_Task_20ms
00313ae2   _PowerDerating_Task_5ms
0000d148   _QList
00306e42   _RamCheck
00302f0f   _RamfuncsLoadEnd
00300000   _RamfuncsLoadStart
00008000   _RamfuncsRunStart
00314d6b   _Relay_DebugDriver
0000a524   _Relay_GenRlyDrive
0000a39b   _Relay_GridRlyDrive
00314c2b   _Relay_Initialize
0000a471   _Relay_InvRlyDrive
00314c54   _Relay_RlyOperateDeal
00314dd8   _Relay_RlyPowerCtrl
00314d56   _Relay_RlySlowDriver
00314c44   _Relay_Task_1ms
00314c4b   _Relay_Task_20ms
00314c43   _Relay_Task_RealTime
003046e8   _RepeatCtrl
00317ba2   _Run_Time_Begin
00317ba9   _Run_Time_End
0031805a   _SYS_TABLE_Initialize
0031805e   _SYS_TABLE_OneCycleDone
0031805c   _SYS_TABLE_OneMsDone
0031805d   _SYS_TABLE_QuarterCycleDone
0031805b   _SYS_TABLE_RealTimeDone
0031805f   _SYS_TABLE_TenPerSecDone
0000d158   _SciList
0030f5ba   _SciProtocol_DataCheck
0030f5e4   _SciProtocol_ModelCheck
0030f75c   _Sci_CrcCaculate
00007050   _SciaRegs
00007750   _ScibRegs
00007770   _ScicRegs
0000d81a   _Sector
00317bcd   _ServiceDog
0030f732   _SetSpecialParamsDefaultValue
00007040   _SpiaRegs
00009ae4   _SynPWM_ADCISR_Func
0000ddc0   _Syn_PLL
0000dbc0   _Syn_PWM
00007010   _SysCtrlRegs
00306e91   _System_ClockCalculate
0030516a   _System_Initialize
00306f95   _System_LowPowerModeChk
00305e6a   _System_MainStateMachine
00307232   _System_MpptMultiPointEnableGet
003068ee   _System_PowerBalanceCalculate
00306ef8   _System_ShutdownChk
00305ea6   _System_SubStateMachine
00306e74   _System_SwitchKeyCheck
003051fe   _System_Task_100ms
003051da   _System_Task_1ms
003051e6   _System_Task_20ms
003051e1   _System_Task_5ms
003051d9   _System_Task_RealTime
0031713c   _TASK_Initialize
003171ae   _TASK_InvokingProcess
0031717e   _TASK_TimerCheckIn
00316968   _TINT0_ISR
003171d1   _Task_FlashUpdateJump
00317017   _Task_RealTimePwm1
00317047   _Task_RealTimePwm2
00316947   _USER10_ISR
00316952   _USER11_ISR
0031695d   _USER12_ISR
003168e4   _USER1_ISR
003168ef   _USER2_ISR
003168fa   _USER3_ISR
00316905   _USER4_ISR
00316910   _USER5_ISR
0031691b   _USER6_ISR
00316926   _USER7_ISR
00316931   _USER8_ISR
0031693c   _USER9_ISR
0000e5d4   _UiLineLossTempA
0000e5d8   _UiLineLossTempB
0000e8d2   _UnFastMsgId
003175b8   _UpdateModelParam
0000d142   _UpgradeFlg
00316d2f   _Upgrade_Jump
00316cf6   _Upgrade_JumpCheck
0000d4d7   _VTest
00007070   _XIntruptRegs
00000b20   _XintfRegs
00000800   __STACK_END
00000400   __STACK_SIZE
00000001   __TI_args_main
ffffffff   ___binit__
ffffffff   ___c_args__
00319300   ___cinit__
00300000   ___data__
00300000   ___edata__
00318062   ___etext__
00317f21   ___memcpy_ff
ffffffff   ___pinit__
00302f0f   ___text__
00317fb9   __args_main
0000de38   __cleanup_ptr
0000de3a   __dtors_ptr
0000db7c   __lock
0031804a   __nop
00318046   __register_lock
00318042   __register_unlock
00000400   __stack
0000db7a   __unlock
00317fd2   _abort
00318eb0   _auchCRCHi
00318fb0   _auchCRCLo
00317d80   _c_int00
00317963   _clkg_delay_loop
003192e2   _constTaskBoxTable
00317e40   _cos
00317944   _delay_loop
0000c812   _dwBatStageCVToFloatDelay
00317fd4   _exit
0000ce0c   _f32_ABS_DeltaPllAngle
0000eca2   _fAcFrzHighInteg
0000ec9c   _fAcFrzHighOut
0000c866   _fActivePower_Droop_Factor
0000db8a   _fBasicTheta
0000e61c   _fBatAbnormalChkCurrValue
0000e9ca   _fChargeCurrDeratingSet
0000c814   _fChrgProtCurrLimit
0000e9d2   _fDcdcPowerRef
0000db84   _fDeltaTheta
0000db86   _fDeltaThetaLittle
0000e9d8   _fDisChgCurrDeratingSet
0000db8e   _fGenBasicTheta
0000db9c   _fGenDeltaTheta
0000dba0   _fGenDeltaThetaLittle
0000c856   _fInvAActivePowerReal
0000c874   _fInvAReactivePowerReal
0000e194   _fInvActivePowerAvg
0000c862   _fInvActivePowerFilt
0000c86a   _fInvActivePowerReal
0000c852   _fInvBActivePowerReal
0000c85c   _fInvBReactivePowerReal
0000e9d6   _fInvCurrErrCompen
0000c85e   _fInvCurrFeedForwardKp
0000e9d0   _fInvCurrLimit
0000e196   _fInvDcLoopOutAvg
0000db88   _fInvFollowPLL_ABSDiffTheta
0000db8c   _fInvFollowPLL_DiffTheta
0000e9c8   _fInvPowerDerateRef
0000e9ce   _fInvPowerLimit
0000e192   _fInvReactivePowerAvg
0000c876   _fInvReactivePowerFilt
0000c868   _fInvReactivePowerReal
0000e19a   _fInvRmsLoopOutAvg
0000c858   _fInvVoltFeedForwardKp
0000e5f0   _fLineWaveVoltAHighLoss
0000e5e0   _fLineWaveVoltALowLoss
0000e5e8   _fLineWaveVoltBHighLoss
0000e5e6   _fLineWaveVoltBLowLoss
0000db9a   _fLockGenErr
0000db96   _fLockGenInteg
0000db92   _fLockGridErr
0000db94   _fLockGridInteg
0000c872   _fLoopLimitDerateScale
0000c870   _fLoopLimitDerateScaleSet
0000ea80   _fModelParam
0000c854   _fOnGridCurrARefLimit
0000db98   _fPCCPhaselockErr
0000db90   _fPCCPllPhaseLoopInteg
0000e9de   _fPfcInvCurrRef
0000c85a   _fPinvLoopOutputRef
0000e9d4   _fPowerDerateByCurr
0000e9c6   _fPv1PowerDerateRef
0000e9c4   _fPv2PowerDerateRef
0000eca0   _fPvPowerLimitInteg
0000eca4   _fPvPowerLimitOut
0000c864   _fReactivePower_Droop_Factor
0000e9cc   _fRecCurrLimit
0000e9da   _fRecPowerDerateRef
0000dba2   _fSysFollowGrid_ABSDiffTheta
0000db9e   _fSysFollowGrid_DiffTheta
0000e5ea   _fTempA
0000e5ec   _fTempB
0000d4e0   _fVGenDCA_ScaleFilt
0000d4e2   _fVGridARms_ScaleFilt
0000d4e6   _fVGridBRms_ScaleFilt
0000d4e4   _fVLineABRms_ScaleFilt
0000d4cd   _g_AdcFlag
0000ec40   _g_ComInfo
0000db4a   _g_DcDcVar
0000e88c   _g_FanVar
0000ecc0   _g_GenConnect
0000eca6   _g_GenFreq
0000ecb2   _g_GenVolt
0000d000   _g_Grid10minAve
0000cec0   _g_GridManager
0000cbc0   _g_InvVar
0000cb40   _g_ParaVar
0000d520   _g_RelayVar
0000ce18   _g_SafetyConfig
0000ce80   _g_SafetyConnect
0000ce20   _g_SafetyFreq
0000ce54   _g_SafetyVolt
0000e0d0   _g_StrEcap
0000e62c   _g_SysAlarm
0000e640   _g_SysFault
0000e5ca   _g_SysFaultEn
00000280   _g_SystemInfo
0000ec28   _g_SystemVar
0000ce04   _g_fGenVoltFilt
0000cdfe   _g_fGridRefCos_7th
0000ce16   _g_fGridRefCosine
0000ce12   _g_fGridRefCosine_Line
0000ce14   _g_fGridRefSine
0000cdfc   _g_fGridRefSine_7th
0000ce10   _g_fGridRefSine_Line
0000ce00   _g_fGridVoltAxisD
0000ce02   _g_fGridVoltAxisQ
0000ce0a   _g_fGridVoltFilt
0000ce06   _g_fInvCurrFilt
0000ce08   _g_fPllAngle
0000cdc5   _g_sGridPhaseChkCnt
0000ce1c   _g_sGridVoltLineRmsMaxMin
0000c826   _g_strBatVoltLoop
0000ce40   _g_strGridVoltAxis
0000d180   _g_ubRxBuffer
0000e5bc   _g_uiBatAbnormalFlg
0000d85d   _g_uiM2SSetDataStartId
0000ec09   _g_unSysInitFlag
0000d143   _g_uwSCIPassThroughMode
0000d141   _g_uwSCIPassThroughModeEscCnt
0000ce0e   _gf_PLL_Angle
0000d4cc   _gi_wBoostCurr1Sample
0000d4d6   _gi_wBoostCurr2Sample
0000d4d8   _gi_wCtACurr1Sample
0000d4c8   _gi_wCtACurr2Sample
0000d4c4   _gi_wGenACurr1Sample
0000d4d1   _gi_wGenACurr2Sample
0000d4c3   _gi_wGenAVolt1Sample
0000d4d0   _gi_wGenAVolt2Sample
0000d4c6   _gi_wGridAVolt1Sample
0000d4d3   _gi_wGridAVolt2Sample
0000d4c2   _gi_wInvACurr1Sample
0000d4dc   _gi_wInvACurr2Sample
0000d4ca   _gi_wInvAVolt1Sample
0000d4db   _gi_wInvAVolt2Sample
0000d4c7   _gi_wNEVolt1Sample
0000d4d4   _gi_wNEVolt2Sample
0000d4c5   _gi_wOutACurr1Sample
0000d4d2   _gi_wOutACurr2Sample
0000d4c1   _gi_wOutAVolt1Sample
0000d4ce   _gi_wOutAVolt2Sample
0000d83a   _i
0000e108   _i16SysToUPM_GridOrCTGridPeakshavingLoopAvgOutA
0000e10a   _i16SysToUPM_GridOrCTGridPeakshavingLoopAvgOutB
0000e109   _i16SysToUPM_GridOrCTGridPeakshavingLoopAvgOutC
0000e19e   _i32_SysGridAPowerSum
0000e19c   _i32_SysGridBPowerSum
0000e1a0   _i32_SysGridCPowerSum
0000e3c0   _iAnalogSendData
0000e211   _iIDAddrBuf
0000d868   _iPfcInvCommTxData
0000e117   _iSysCTPowerAvgA
0000e116   _iSysCTPowerAvgB
0000e118   _iSysCTPowerAvgC
0000e102   _iSysInvAForwardCurrAvg
0000e104   _iSysInvBForwardCurrAvg
0000e111   _iSysInvCForwardCurrAvg
0000e112   _iSysReactivePowerAvgA
0000e101   _iSysReactivePowerAvgB
0000e100   _iSysReactivePowerAvgC
0000d83b   _i_ArrRec
0000c28a   _lDateDays
0000cdbc   _lRunTimeCounter
0000cdba   _lRunTime_MAX
00317b17   _main
00318053   _memset
00316b48   _rsvd_ISR
0000e8ec   _rxMsg_ParaCan
00316b58   _sInitialSci
00316c9c   _sJMPToIAPReflash
00316b71   _sQDataIn
00316bad   _sQDataOut
00316b52   _sQInit
00316c65   _sSciDataPass
00316c2d   _sSciRxISR
00316bfc   _sSciTxData
0000e39a   _sSysPara
00316ca6   _sTxChar
0000e5c1   _s_uiGridLoadOverAlarmFlag
0000e14a   _s_uiGridRlyReadyDelayCnt
0000e5c0   _s_uiInvLoadOverAlarmFlag
0000e5bb   _s_uiOutLossCrossZeroFlag
0000e5bd   _s_uiSmLoadLossCrossZeroFlag
00316bd8   _sbSciGetRxData
00316bc4   _sbSciGetRxRdy
00316be8   _sbSciGetTxRdy
00317e74   _sin
00317dc6   _sincos
00317f42   _sqrt
0000d680   _stADC
0000d580   _stBasicPower
0000d5c0   _stEnergyCal
0000d540   _stFreqValue
0000c880   _stGridVoltScaleBack
0000d514   _stHwGain
0000c878   _stOutVoltScaleBack
0000e980   _stParaCan_Rx_DataTransmitAll
0000e940   _stParaCan_Tx_DataTransmitAll
0000d600   _stPower
0000d554   _stPowerConver
0000d50a   _stTempValue
0000c28e   _stValRange
0000d740   _stValue
0000ec2a   _stateTest
0000ba17   _strAnoDataSendManage
0000ba23   _strAnoSnatchSet
0000c818   _strBMSLogicInfo
0000c80d   _strBatChgState
0000ea00   _strBatPowerDerate
0000cae4   _strBusVoltDownLmtRegu
0000cb00   _strBusVoltUpLmtRegu
0000e8f4   _strCanFrameRx
0000e8d4   _strCanFrameTx
0000e900   _strCanFrameTx_Freq
0000e8e4   _strCanFrameTx_SyncPll
0000ea40   _strDeratedPercent
00000080   _strE2promBag
0000e72b   _strFaultHeader
0000e7c0   _strFaultWriteBuff
0000e300   _strFrameAnalogData
0000e280   _strFrameFlagData
0000dd80   _strGenVolt
0000de00   _strGridVolt
00000300   _strI2cDrvBag
00000380   _strI2cE2promBag
0000c900   _strInvCapCurr
0000ca80   _strInvCtrlBatDisChgPRegu
0000c918   _strInvCurrAvg
0000c91e   _strInvCurrCtrl
0000c8d8   _strInvCurrFilter
0000c8f6   _strInvCurrLimitCtrl
0000c8cc   _strInvCurrLimitCtrlPre
0000cc80   _strInvCurrSave
0000c8b0   _strInvCurrSum
0000c8ea   _strInvDcCurrLoopInt
0000c912   _strInvDcCurrLoopOut
0000c8c6   _strInvDcVoltLoopInt
0000c8c0   _strInvDcVoltLoopOut
0000c8d2   _strInvDcVoltLoopOutFilt
0000ca40   _strLoadCurrARealRegu
0000c952   _strLoadCurrBRealRegu
0000c90c   _strLoadCurrCtrl
0000c88c   _strLoadCurrFeedWard
0000c892   _strLoadRmsRefSet
0000cad2   _strLoadVoltARealRegu
0000ca00   _strLoadVoltARmsRegu
0000ca24   _strLoadVoltBRealRegu
0000ca12   _strLoadVoltBRmsRegu
0000c906   _strLoadVoltRealLoopRef
0000c8a4   _strLoadVoltRealLoopRefSwitch
0000c8aa   _strLoadVoltRmsRealRef
0000e1e9   _strMFrameData
0000e264   _strMFrameFlagData
0000e167   _strMFrameSetFlag
0000e16b   _strMFrameSetFlag2
0000e169   _strMFrameSetFlag3
0000e252   _strMasterAnalogData
0000e16a   _strMasterSetFlag
0000e16c   _strMasterSetFlag2
0000e168   _strMasterSetFlag3
0000d856   _strMstFuction
0000d85f   _strMstState
0000c964   _strOnGridCurrARegu
0000c924   _strOnGridCurrBRegu
0000cac0   _strOnGridDeltaDownBusRef
0000c992   _strOnGridDeltaUpBusRef
0000c8e4   _strOnGridIdRef
0000c8de   _strOnGridIqRef
0000c940   _strOnGridPaRegu
0000c9a4   _strOnGridPbRegu
0000c9c0   _strOnGridQaRegu
0000c980   _strOnGridQbRegu
0000dd40   _strPCCVolt
0000c9d2   _strPNBUSRmsReguVolt
0000c9e4   _strPNBUSRmsReguVoltOnGrid
0000ca92   _strPVBatChgPowerLimitLoop
0000cb12   _strPVInvCtrlBatChgPRegu
0000ca64   _strParaGridShavingARegu
0000caa4   _strParaGridShavingBRegu
0000dd00   _strPllOfSys
0000dbb0   _strPllToEcap
0000dc40   _strPllToGen
0000dcc0   _strPllToGrid
0000dc00   _strPllToInv
0000dc80   _strPllToPCC
0000dba4   _strPllToSys
0000dbd6   _strPllValue
0000e9e0   _strPvPowerDerate
0000c8f0   _strRmsInverse
0000e184   _strRxFromSyncData
0000e1b5   _strRxFromSysAnalog
0000e240   _strRxFromSysCtrlAnalog
0000e18e   _strRxFromSysSetData
0000e1a8   _strRxFromSysState
0000e1ae   _strSelfFrameAnalogData
0000e1a2   _strSelfFrameFlagData
0000d8c0   _strSlvAnalog
0000d864   _strSlvState
0000c898   _strStaticRealVoltErr
0000c89e   _strStaticRealVoltErrFilter
0000c8b6   _strStaticRealVoltOut
0000e908   _strSysToSysSendBuffer
0000e1c0   _strSysTxAnalogData
0000e198   _strSysTxSetData
0000ca52   _strVNERmsReguVoltOnGrid
0000c886   _strVoltGridLoop_Ref
00312e3c   _swGetFunc1
00312e60   _swGetFunc10
00312e64   _swGetFunc11
00312e68   _swGetFunc12
00312e6c   _swGetFunc13
00312e70   _swGetFunc14
00312e74   _swGetFunc15
00312e78   _swGetFunc16
00312e7c   _swGetFunc17
00312e80   _swGetFunc18
00312e84   _swGetFunc19
00312e40   _swGetFunc2
00312e88   _swGetFunc20
00312e8c   _swGetFunc21
00312e91   _swGetFunc22
00312e95   _swGetFunc23
00312e9a   _swGetFunc24
00312e9e   _swGetFunc25
00312ea0   _swGetFunc26
00312ea2   _swGetFunc27
00312ea4   _swGetFunc28
00312ea6   _swGetFunc29
00312e44   _swGetFunc3
00312ec0   _swGetFunc30
00312ece   _swGetFunc31
00312ed2   _swGetFunc32
00312ed6   _swGetFunc33
00312eda   _swGetFunc34
00312ede   _swGetFunc35
00312ee2   _swGetFunc36
00312ee6   _swGetFunc37
00312eea   _swGetFunc38
00312eee   _swGetFunc39
00312e48   _swGetFunc4
00312f05   _swGetFunc40
00312f09   _swGetFunc41
00312f1e   _swGetFunc42
00312f33   _swGetFunc43
00312f48   _swGetFunc44
00312f5d   _swGetFunc45
00312f72   _swGetFunc46
00312f87   _swGetFunc47
00312f9c   _swGetFunc48
00312fb1   _swGetFunc49
00312e4c   _swGetFunc5
00312fb5   _swGetFunc50
00312fc3   _swGetFunc51
00312fd1   _swGetFunc52
00312fdf   _swGetFunc53
00312fed   _swGetFunc54
00312ffb   _swGetFunc55
00313009   _swGetFunc56
00313017   _swGetFunc57
00313025   _swGetFunc58
00313033   _swGetFunc59
00312e50   _swGetFunc6
00313041   _swGetFunc60
0031304f   _swGetFunc61
0031305d   _swGetFunc62
0031306b   _swGetFunc63
00313079   _swGetFunc64
00313087   _swGetFunc65
00313095   _swGetFunc66
003130a3   _swGetFunc67
003130b1   _swGetFunc68
003130bf   _swGetFunc69
00312e54   _swGetFunc7
003130cd   _swGetFunc70
003130db   _swGetFunc71
003130ed   _swGetFunc72
003130f8   _swGetFunc73
00313106   _swGetFunc74
00313114   _swGetFunc75
00313122   _swGetFunc76
00313130   _swGetFunc77
0031313e   _swGetFunc78
0031314c   _swGetFunc79
00312e58   _swGetFunc8
0031315a   _swGetFunc80
00313168   _swGetFunc81
00313176   _swGetFunc82
00313184   _swGetFunc83
00313192   _swGetFunc84
003131a0   _swGetFunc85
003131ae   _swGetFunc86
003131c0   _swGetFunc87
003131d2   _swGetFunc88
003131e4   _swGetFunc89
00312e5c   _swGetFunc9
003131f6   _swGetFunc90
0031320b   _swGetFunc91
00313220   _swGetFunc92
0031322e   _swGetFunc93
0031323c   _swGetFunc94
0031324a   _swGetFunc95
00313258   _swGetFunc96
00313266   _swGetFunc97
00313274   _swGetFunc98
00313282   _swGetFunc99
00312e3a   _swReturnNull
0000eb1a   _taskBoxTable
0000e8dc   _txMsg_ParaCan
0000d83c   _u16_ArrRec
0000cdc1   _u16_Cnt_NoGrid_Delay
0000cdc8   _u16_Flag_NoGrid_Delay
0000d146   _ubTimeOutCnt
0000e9c1   _uiAmmterPower
0000ba2b   _uiAnoAckTxDataBuff
0000ba40   _uiAnoChanelTxDataBuff
0000ba12   _uiAnoChannelDataPackFinish
0000ba10   _uiAnoChannelSnatchEnable
0000ba0f   _uiAnoChannelSnatchFinish
0000ba11   _uiAnoCmdAckSendFinish
0000ba02   _uiAnoCmdCheckFinish
0000ba05   _uiAnoCmdCheckSuccess
0000ba03   _uiAnoCmdParseFinish
0000ba0e   _uiAnoSciReceiveDataLengthCnt
0000ba51   _uiAnoSciRxDataBuff
0000ba15   _uiAnoSendDataLength
0000ba16   _uiAno_DataReceivingTimeCnt
0000ba13   _uiAno_DataSend_State
0000ba14   _uiAno_Machine_State
0000e887   _uiAteFanTestTimeCnt
0000de49   _uiBuffLength
003190b0   _uiCRCTable
0000e11e   _uiCanFrameManageState
0000e8ca   _uiCanInitialFinish
0000e11c   _uiCanManageCnt
0000e12a   _uiCanManageStateFail
0000d13a   _uiCanSyncDataIDBegin
0000e129   _uiCanTimeToSend
0000e8c3   _uiCanToolFlag
0000e8cb   _uiCanToolPtlNum
0000e8c0   _uiCanTxErrorCnt
0000c080   _uiChannel0DataBuff
0000ba80   _uiChannel1DataBuff
0000bc80   _uiChannel2DataBuff
0000be80   _uiChannel3DataBuff
0000db80   _uiCounter_GenPhaseLock
0000db83   _uiCounter_PCCPhaseLock
0000db81   _uiCounter_PhaseLock
0000e15c   _uiCurrBufNum
0000e15d   _uiCurrBufPos
0000e11b   _uiCurrCheckPos
00319278   _uiDataRangeOverride
0000e381   _uiDataRecvFlag
00318a91   _uiDefaultData
0000e384   _uiDeviceAddress
0000e71b   _uiE2promDelayCnt
0000e726   _uiE2promI2cComFault
0000e721   _uiE2promInitFinish
0000e70b   _uiE2promReadDataType
0000e702   _uiE2promReadSetFlag
0000e709   _uiE2promWriteDataType
0000e70a   _uiE2promWriteReadFaultFlag
0000d134   _uiErrorCode
0000e385   _uiExtraAddress
0000e72a   _uiFaultBuffLen
0000c282   _uiFaultCode
0000e703   _uiFaultDataCheckPos
0000e740   _uiFaultDataTranBuff
0000e71f   _uiFaultDataTranFalseCnt
0000e701   _uiFaultDataUpDateMode
0000e710   _uiFaultDataWaitToMonitor
0000e728   _uiFaultDirectUpInitFinish
0000e720   _uiFaultHeaderFault
0000e704   _uiFaultHeaderInitFinish
0000e72f   _uiFaultHeaderReadBuff
0000e737   _uiFaultHeaderWriteBuff
0000e700   _uiFaultInE2promInitFinish
0000e780   _uiFaultReadDataBuffer
0000e711   _uiFaultReadDataLen
0000e723   _uiFaultRenewFlag
0000e722   _uiFaultSendFinishFlag
0000e1d9   _uiFrameData_ComOK
0000e1c9   _uiFrameData_ComOKBack
0000e180   _uiFrameOnSelfPhaseNum
0000e124   _uiFrameOnSelfPhaseNumBack
0000e17e   _uiFrameOnlineMaxNum
0000e17b   _uiFrameOnlineNum
0000e125   _uiFrameOnlineNumBack
0000e106   _uiFrameOnlineNumChange
0000e17c   _uiFrameParaOutType
0000e165   _uiFrameParaPhaseSeq
0000e162   _uiFrameParaPhaseSeqTypeIdetify
0000e160   _uiFrameParallelEnable
0000c281   _uiGridFaultCode
0000e175   _uiHadReceiveMasterData
0000e127   _uiIDAddrRepeat
0000e15e   _uiIDCodeInitFinish
0000e119   _uiIDCodeNum
0000e15b   _uiIDDataCopyFinish
0000e164   _uiIDDealStatusTempID
0000e16f   _uiIDDealStep
0000e15f   _uiIDIdentifing
0000e15a   _uiIDIdentifyFinish
0000e8cd   _uiInCanPtlNum
0000e8c9   _uiInCanRecvComplete
0000d841   _uiIntSciBuffLength
0000d844   _uiIntSciBufferDataID
0000d84f   _uiIntSciBufferDataLength
0000d854   _uiIntSciCmd
0000d84d   _uiIntSciCmdBack
0000d853   _uiIntSciComID
0000d84b   _uiIntSciComRegID
0000d84a   _uiIntSciComRegIDBack
0000d851   _uiIntSciErrorCode
0000d845   _uiIntSciFrameEndTimeCnt
0000d847   _uiIntSciFrameStartMinTime
0000d849   _uiIntSciFrameStartTimeCnt
0000d842   _uiIntSciMasterAddr
0000d900   _uiIntSciRxDataBuff
0000d840   _uiIntSciRxDataLengthCnt
0000d852   _uiIntSciRxErrCnt
0000d848   _uiIntSciRxOverErrCnt
0000d843   _uiIntSciSlaveAddr
0000da40   _uiIntSciTxDataBuff
0000d84c   _uiIntSciTxNum
0000d84e   _uiIntSciTxNumBack
0000e5bf   _uiInvBatOverProtCnt
0000e5be   _uiInvBatOverProtFlag
0000de4c   _uiMSciCommFaultCnt
0000d850   _uiMachineInfo
0000d880   _uiMasterAnalogData
0000e12c   _uiMasterDataDelayCnt
0000e123   _uiMasterDataRenewDelay
0000e166   _uiMasterExist
0000e179   _uiMasterFrameChanged
0000e174   _uiMasterFrameID
0000e17a   _uiMasterFrameIDBack
0000e17f   _uiMasterIDFromCanDriver
0000e163   _uiMasterNum
0000e176   _uiMasterPolicyFinished
0000e388   _uiMbCharRecMaxTime
0000e38a   _uiMbFrameStartMinTime
0000de42   _uiModbusSlaveAddr
0000e8ce   _uiMonComFault
0000e729   _uiMonitorComFault
0000ec02   _uiMonitorTimeFinish
0000c849   _uiOnGridSoftAFlag
0000c845   _uiOnGridSoftBFlag
0000e222   _uiParaCanFailCnt
0000e200   _uiParaCanOkCnt
0000e8d1   _uiParaMasterLossCnt
0000ec0e   _uiParaSysInfoConflictRecCnt
0000e177   _uiPhaseAMasterDataHadReceive
0000e121   _uiPhaseMasterDataDelay
0000e122   _uiPhaseMasterDataDelayCnt
0000ec00   _uiPowOnFinish
0000e70f   _uiPowerOffFlag
0000e716   _uiPowerOffHeaderWriteFinish
0000e715   _uiPowerOffTimeMsCnt
0000e9c0   _uiPvPowerSoftStartFinsh
0000e38c   _uiRTUCharIntervalCnt
0000de45   _uiRTUFrameEndTimeCnt
0000e382   _uiRTUFrameIntervalCnt
0000de46   _uiRTUFrameStartMinTime
0000de44   _uiRTUFrameStartTimeCnt
0000e70e   _uiReadFaultDataFinish
0000e70c   _uiReadFaultDataFlag
0000e712   _uiReadFaultHeaderFinish
0000e713   _uiReadFaultHeaderFlag
0000e714   _uiReadFaultNum
0000e386   _uiRecFrameLength
0000de41   _uiReceiveDataLengthCnt
0000e387   _uiReceivedLength
0000d132   _uiRecordAckFlag
0000e11d   _uiRenewParaCtrlDataFlag
0000e8d0   _uiSCanID
0000e8cf   _uiSCanPtlNum
0000e8cc   _uiSCanRecvComplete
0000de4a   _uiSciACommEnable
0000c600   _uiSciAnalogDataBag
0000c2c0   _uiSciAnalogInforDataBag
0000d133   _uiSciBufferDataID
0000d139   _uiSciBufferDataLength
0000e38b   _uiSciCmdParseState
0000d131   _uiSciComID
0000c340   _uiSciCommandDataBag
0000de43   _uiSciCommandDataGenaRecordClearCnt
0000de40   _uiSciCommandDataGenaRecordClearFlag
0000c2a0   _uiSciCommand_BMSDataBag
0000e38d   _uiSciModbusState
0000dfc0   _uiSciRxDataBuff
0000c400   _uiSciSetDataBag
0000de80   _uiSciTxDataBuff
0000e16e   _uiSelfFrameCanID
0000e16d   _uiSelfFrameCanIDPre
0000e12b   _uiSelfFrameDataReady
0000e173   _uiSelfIDAdrr
0000e172   _uiSelfMstOrSlv
0000e11a   _uiSelfMstOrSlvBack
0000e159   _uiSendCnt
0000e380   _uiSendLength
0000e383   _uiSendPtr
0000c286   _uiSetDataLoopId
003184b8   _uiSetDataRange
0000ec04   _uiSetTimeFlag
0000d89a   _uiSlaveAnalogData
0000ba04   _uiSnatchRecordPosition
0000c840   _uiSwitchingAFlag
0000c842   _uiSwitchingBFlag
0000e120   _uiSysAllUpmPllSyncFinished
0000e161   _uiSysBaseFrameNumSet
0000e107   _uiSysBaseFrameNumSetBack
0000e115   _uiSysComOkNum
0000e10c   _uiSysGenNormalNum
0000e126   _uiSysGridNormalNum
0000e10b   _uiSysGridRlyReadyNum
0000e113   _uiSysInvRlyReadyNum
0000e10d   _uiSysMdlTurnOnNum
0000e114   _uiSysNoFaultNum
0000e10f   _uiSysOffGridRunNum
0000e10e   _uiSysOnGenRunNum
0000e110   _uiSysOnGridRunNum
0000e105   _uiSysRunningNum
0000e17d   _uiSysSetFrameNumIsEvenNum
0000e128   _uiSysUpmInvStateNum
0000e11f   _uiSysUpmInvStateSum
0000e181   _uiSysWorkMinFrameNum
0000ec01   _uiSystemClock1msCnt
0000ec06   _uiSystemRunState
0000ec10   _uiSystermOffDecrateBusFlag
0000e727   _uiTestHeaderSave
0000ec03   _uiTzCnt
0000d130   _uiUpgradeAckFlag
0000d140   _uiUpgradeStartStep
0000e103   _uiWaitAllUPMInvKMONReadyCnt
0000c280   _uiWarnCode
0000e70d   _uiWriteFaultBuffOver
0000e724   _uiWriteFaultDataFlag
0000e705   _uiWriteFaultHeaderFlag
0000e0ca   _uiZeroSYNCLosscnt
0000cdbe   _ulBeginTime_TIM
0000cdb8   _ulEndTime_TIM
0000ba1b   _unAnoChannelSet
0000c28c   _unDate
0000e38e   _unDigitalFlag
0000c292   _unFaultFlag
0000de48   _unFlagSci
0000d855   _unIntSciFlag
0000c288   _unPowerFlowMsg
0000c289   _unPowerFlowMsg2
0000e171   _unRxSysStaFlag
0000e170   _unRxSysStaFlag2
0000e389   _unTestSciFlag
0000c80a   _wBatStageFloatToCVDelay
0000c809   _wBatStageToNoThingDelay
0000e400   _wUart1RecvData
0000e440   _wUart1SendData
ffffffff   binit
00319300   cinit
00337ff6   code_start
00300000   edata
00318062   etext
ffffffff   pinit


GLOBAL SYMBOLS: SORTED BY Symbol Address 

address    name
--------   ----
00000001   __TI_args_main
00000080   _strE2promBag
00000280   _g_SystemInfo
00000300   _strI2cDrvBag
00000380   _strI2cE2promBag
00000400   __STACK_SIZE
00000400   __stack
00000800   __STACK_END
00000880   _DevEmuRegs
00000a80   _FlashRegs
00000b00   _AdcMirror
00000b20   _XintfRegs
00000c00   _CpuTimer0Regs
00000c08   _CpuTimer1Regs
00000c10   _CpuTimer2Regs
00000ce0   _PieCtrlRegs
00000d00   _PieVectTable
00001000   _DmaRegs
00005000   _McbspaRegs
00005040   _McbspbRegs
00006000   _ECanaRegs
00006040   _ECanaLAMRegs
00006080   _ECanaMOTSRegs
000060c0   _ECanaMOTORegs
00006100   _ECanaMboxes
00006200   _ECanbRegs
00006240   _ECanbLAMRegs
00006280   _ECanbMOTSRegs
000062c0   _ECanbMOTORegs
00006300   _ECanbMboxes
00006800   _EPwm1Regs
00006840   _EPwm2Regs
00006880   _EPwm3Regs
000068c0   _EPwm4Regs
00006900   _EPwm5Regs
00006940   _EPwm6Regs
00006a00   _ECap1Regs
00006a20   _ECap2Regs
00006a40   _ECap3Regs
00006a60   _ECap4Regs
00006a80   _ECap5Regs
00006aa0   _ECap6Regs
00006b00   _EQep1Regs
00006b40   _EQep2Regs
00006f80   _GpioCtrlRegs
00006fc0   _GpioDataRegs
00006fe0   _GpioIntRegs
00007010   _SysCtrlRegs
00007040   _SpiaRegs
00007050   _SciaRegs
00007070   _XIntruptRegs
00007100   _AdcRegs
00007750   _ScibRegs
00007770   _ScicRegs
00007900   _I2caRegs
00008000   _Pll_LockGridPhase
00008000   _RamfuncsRunStart
000081c9   _Pll_LockGenPhase
0000838e   _Pll_LockPccPhase
00008554   _Pll_LockInvPhase
00008c57   _Inv_OnGridBusVoltLoop
00008ddf   _Inv_OnGridControlLoop
00009018   _Inv_OffGridRealVoltLoop
0000911e   _Inv_OffGridRealCurrLoop
0000917a   _Inv_InvPWMEanbleCheck
000091e2   _Inv_PwmDriverOutput
000092a0   _Inv_InvCtrlDataCalu
00009308   _Inv_ParaDqPowerCalc
00009414   _Inv_ParaDroopCtrl
000095ac   _ParaCan_RecieveDataDeal
0000997d   _ParaCan_RecieveSyncDeal
00009ae4   _SynPWM_ADCISR_Func
00009ba0   _Adc_ResultGetPrd
00009c76   _Adc_ResultGetZero
00009d23   _Adc_InvCalcRealTime
00009d5c   _Adc_InvSampleAcc
00009efe   _Adc_DcDcCalcRealTime
00009f5f   _Adc_DcDcSampleAcc
00009fba   _Adc_DeltaOmegaAcc
0000a009   _E2prom_LogicMachine
0000a05d   _E2prom_LogicRun
0000a39b   _Relay_GridRlyDrive
0000a471   _Relay_InvRlyDrive
0000a524   _Relay_GenRlyDrive
0000a621   _Fault_InvCurrLimitCheck
0000a65a   _Fault_InvOverCurrFastCheck
0000a682   _Fault_GridOverVoltFastCheck
0000a6ea   _Fault_GridUnderVoltFastCheck
0000a742   _Fault_GridDQFastCheck
0000a7b1   _Fault_GenOverVoltFastCheck
0000a7e5   _Fault_GenUnderVoltFastCheck
0000a813   _Fault_GenDQFastCheck
0000a889   _CanPara_ComStatusManage
0000aaad   _MonitorSci_Machine
0000ab98   _IntSci_Machine
0000ad18   _I2cApp_E2promManage
0000adb8   _I2cDrv_I2cApp_ReadExecute
0000ae05   _I2cDrv_I2cApp_WriteExecute
0000aeb1   _Ecap_InvOcpCntCap6
0000aee6   _InitFlash
0000af01   _FlashClear
0000af0b   _DSP28x_usDelay
0000af10   _Flash28_API_RunStart
0000af38   _Flash28335_Erase
0000afd8   _Fl28x_EraseVerify
0000b020   _Fl28x_ErasePulse
0000b072   _Fl28x_LeaveCmdMode
0000b07f   _Fl28x_EnterCmdMode
0000b0a4   _Fl28x_FlashRegSleep
0000b0c3   _Fl28x_OpenPulse
0000b0d4   _Fl28x_ClosePulse
0000b0eb   _Fl28x_MaskAll
0000b0f6   _Fl28x_ProgVerify
0000b134   _Fl28x_ProgPulse
0000b176   _Fl28x_CompactVerify
0000b1b0   _Fl28x_CompactPulse
0000b1f3   _Fl28335_EraseSector
0000b24d   _Fl28335_CompactSector
0000b2a0   _Fl28x_ClearLoop
0000b2e1   _Fl28335_ClearSector
0000b314   _Fl28335_Init
0000b33d   _Fl28x_WatchDogDisable
0000b345   _Fl28x_DisableNMI
0000b351   _Fl28x_Delay
0000b35e   _Fl28x_DisableInt
0000b362   _Fl28x_RestoreInt
0000ba02   _uiAnoCmdCheckFinish
0000ba03   _uiAnoCmdParseFinish
0000ba04   _uiSnatchRecordPosition
0000ba05   _uiAnoCmdCheckSuccess
0000ba0e   _uiAnoSciReceiveDataLengthCnt
0000ba0f   _uiAnoChannelSnatchFinish
0000ba10   _uiAnoChannelSnatchEnable
0000ba11   _uiAnoCmdAckSendFinish
0000ba12   _uiAnoChannelDataPackFinish
0000ba13   _uiAno_DataSend_State
0000ba14   _uiAno_Machine_State
0000ba15   _uiAnoSendDataLength
0000ba16   _uiAno_DataReceivingTimeCnt
0000ba17   _strAnoDataSendManage
0000ba1b   _unAnoChannelSet
0000ba23   _strAnoSnatchSet
0000ba2b   _uiAnoAckTxDataBuff
0000ba40   _uiAnoChanelTxDataBuff
0000ba51   _uiAnoSciRxDataBuff
0000ba80   _uiChannel1DataBuff
0000bc80   _uiChannel2DataBuff
0000be80   _uiChannel3DataBuff
0000c080   _uiChannel0DataBuff
0000c280   _uiWarnCode
0000c281   _uiGridFaultCode
0000c282   _uiFaultCode
0000c286   _uiSetDataLoopId
0000c288   _unPowerFlowMsg
0000c289   _unPowerFlowMsg2
0000c28a   _lDateDays
0000c28c   _unDate
0000c28e   _stValRange
0000c292   _unFaultFlag
0000c2a0   _uiSciCommand_BMSDataBag
0000c2c0   _uiSciAnalogInforDataBag
0000c340   _uiSciCommandDataBag
0000c400   _uiSciSetDataBag
0000c600   _uiSciAnalogDataBag
0000c809   _wBatStageToNoThingDelay
0000c80a   _wBatStageFloatToCVDelay
0000c80d   _strBatChgState
0000c812   _dwBatStageCVToFloatDelay
0000c814   _fChrgProtCurrLimit
0000c818   _strBMSLogicInfo
0000c826   _g_strBatVoltLoop
0000c840   _uiSwitchingAFlag
0000c842   _uiSwitchingBFlag
0000c845   _uiOnGridSoftBFlag
0000c849   _uiOnGridSoftAFlag
0000c852   _fInvBActivePowerReal
0000c854   _fOnGridCurrARefLimit
0000c856   _fInvAActivePowerReal
0000c858   _fInvVoltFeedForwardKp
0000c85a   _fPinvLoopOutputRef
0000c85c   _fInvBReactivePowerReal
0000c85e   _fInvCurrFeedForwardKp
0000c862   _fInvActivePowerFilt
0000c864   _fReactivePower_Droop_Factor
0000c866   _fActivePower_Droop_Factor
0000c868   _fInvReactivePowerReal
0000c86a   _fInvActivePowerReal
0000c870   _fLoopLimitDerateScaleSet
0000c872   _fLoopLimitDerateScale
0000c874   _fInvAReactivePowerReal
0000c876   _fInvReactivePowerFilt
0000c878   _stOutVoltScaleBack
0000c880   _stGridVoltScaleBack
0000c886   _strVoltGridLoop_Ref
0000c88c   _strLoadCurrFeedWard
0000c892   _strLoadRmsRefSet
0000c898   _strStaticRealVoltErr
0000c89e   _strStaticRealVoltErrFilter
0000c8a4   _strLoadVoltRealLoopRefSwitch
0000c8aa   _strLoadVoltRmsRealRef
0000c8b0   _strInvCurrSum
0000c8b6   _strStaticRealVoltOut
0000c8c0   _strInvDcVoltLoopOut
0000c8c6   _strInvDcVoltLoopInt
0000c8cc   _strInvCurrLimitCtrlPre
0000c8d2   _strInvDcVoltLoopOutFilt
0000c8d8   _strInvCurrFilter
0000c8de   _strOnGridIqRef
0000c8e4   _strOnGridIdRef
0000c8ea   _strInvDcCurrLoopInt
0000c8f0   _strRmsInverse
0000c8f6   _strInvCurrLimitCtrl
0000c900   _strInvCapCurr
0000c906   _strLoadVoltRealLoopRef
0000c90c   _strLoadCurrCtrl
0000c912   _strInvDcCurrLoopOut
0000c918   _strInvCurrAvg
0000c91e   _strInvCurrCtrl
0000c924   _strOnGridCurrBRegu
0000c940   _strOnGridPaRegu
0000c952   _strLoadCurrBRealRegu
0000c964   _strOnGridCurrARegu
0000c980   _strOnGridQbRegu
0000c992   _strOnGridDeltaUpBusRef
0000c9a4   _strOnGridPbRegu
0000c9c0   _strOnGridQaRegu
0000c9d2   _strPNBUSRmsReguVolt
0000c9e4   _strPNBUSRmsReguVoltOnGrid
0000ca00   _strLoadVoltARmsRegu
0000ca12   _strLoadVoltBRmsRegu
0000ca24   _strLoadVoltBRealRegu
0000ca40   _strLoadCurrARealRegu
0000ca52   _strVNERmsReguVoltOnGrid
0000ca64   _strParaGridShavingARegu
0000ca80   _strInvCtrlBatDisChgPRegu
0000ca92   _strPVBatChgPowerLimitLoop
0000caa4   _strParaGridShavingBRegu
0000cac0   _strOnGridDeltaDownBusRef
0000cad2   _strLoadVoltARealRegu
0000cae4   _strBusVoltDownLmtRegu
0000cb00   _strBusVoltUpLmtRegu
0000cb12   _strPVInvCtrlBatChgPRegu
0000cb40   _g_ParaVar
0000cbc0   _g_InvVar
0000cc80   _strInvCurrSave
0000cda0   _CpuTimer1
0000cda8   _CpuTimer2
0000cdb0   _CpuTimer0
0000cdb8   _ulEndTime_TIM
0000cdba   _lRunTime_MAX
0000cdbc   _lRunTimeCounter
0000cdbe   _ulBeginTime_TIM
0000cdc1   _u16_Cnt_NoGrid_Delay
0000cdc5   _g_sGridPhaseChkCnt
0000cdc8   _u16_Flag_NoGrid_Delay
0000cdfc   _g_fGridRefSine_7th
0000cdfe   _g_fGridRefCos_7th
0000ce00   _g_fGridVoltAxisD
0000ce02   _g_fGridVoltAxisQ
0000ce04   _g_fGenVoltFilt
0000ce06   _g_fInvCurrFilt
0000ce08   _g_fPllAngle
0000ce0a   _g_fGridVoltFilt
0000ce0c   _f32_ABS_DeltaPllAngle
0000ce0e   _gf_PLL_Angle
0000ce10   _g_fGridRefSine_Line
0000ce12   _g_fGridRefCosine_Line
0000ce14   _g_fGridRefSine
0000ce16   _g_fGridRefCosine
0000ce18   _g_SafetyConfig
0000ce1c   _g_sGridVoltLineRmsMaxMin
0000ce20   _g_SafetyFreq
0000ce40   _g_strGridVoltAxis
0000ce54   _g_SafetyVolt
0000ce80   _g_SafetyConnect
0000cec0   _g_GridManager
0000d000   _g_Grid10minAve
0000d130   _uiUpgradeAckFlag
0000d131   _uiSciComID
0000d132   _uiRecordAckFlag
0000d133   _uiSciBufferDataID
0000d134   _uiErrorCode
0000d139   _uiSciBufferDataLength
0000d13a   _uiCanSyncDataIDBegin
0000d140   _uiUpgradeStartStep
0000d141   _g_uwSCIPassThroughModeEscCnt
0000d142   _UpgradeFlg
0000d143   _g_uwSCIPassThroughMode
0000d144   _PassThroughSCI_State
0000d146   _ubTimeOutCnt
0000d148   _QList
0000d158   _SciList
0000d180   _g_ubRxBuffer
0000d4c1   _gi_wOutAVolt1Sample
0000d4c2   _gi_wInvACurr1Sample
0000d4c3   _gi_wGenAVolt1Sample
0000d4c4   _gi_wGenACurr1Sample
0000d4c5   _gi_wOutACurr1Sample
0000d4c6   _gi_wGridAVolt1Sample
0000d4c7   _gi_wNEVolt1Sample
0000d4c8   _gi_wCtACurr2Sample
0000d4ca   _gi_wInvAVolt1Sample
0000d4cc   _gi_wBoostCurr1Sample
0000d4cd   _g_AdcFlag
0000d4ce   _gi_wOutAVolt2Sample
0000d4d0   _gi_wGenAVolt2Sample
0000d4d1   _gi_wGenACurr2Sample
0000d4d2   _gi_wOutACurr2Sample
0000d4d3   _gi_wGridAVolt2Sample
0000d4d4   _gi_wNEVolt2Sample
0000d4d6   _gi_wBoostCurr2Sample
0000d4d7   _VTest
0000d4d8   _gi_wCtACurr1Sample
0000d4db   _gi_wInvAVolt2Sample
0000d4dc   _gi_wInvACurr2Sample
0000d4e0   _fVGenDCA_ScaleFilt
0000d4e2   _fVGridARms_ScaleFilt
0000d4e4   _fVLineABRms_ScaleFilt
0000d4e6   _fVGridBRms_ScaleFilt
0000d500   _ADC_Offset
0000d50a   _stTempValue
0000d514   _stHwGain
0000d520   _g_RelayVar
0000d52e   _ADC_OffsetAccu
0000d540   _stFreqValue
0000d554   _stPowerConver
0000d580   _stBasicPower
0000d5c0   _stEnergyCal
0000d600   _stPower
0000d680   _stADC
0000d740   _stValue
0000d816   _FlashStatus
0000d81a   _Sector
0000d83a   _i
0000d83b   _i_ArrRec
0000d83c   _u16_ArrRec
0000d840   _uiIntSciRxDataLengthCnt
0000d841   _uiIntSciBuffLength
0000d842   _uiIntSciMasterAddr
0000d843   _uiIntSciSlaveAddr
0000d844   _uiIntSciBufferDataID
0000d845   _uiIntSciFrameEndTimeCnt
0000d847   _uiIntSciFrameStartMinTime
0000d848   _uiIntSciRxOverErrCnt
0000d849   _uiIntSciFrameStartTimeCnt
0000d84a   _uiIntSciComRegIDBack
0000d84b   _uiIntSciComRegID
0000d84c   _uiIntSciTxNum
0000d84d   _uiIntSciCmdBack
0000d84e   _uiIntSciTxNumBack
0000d84f   _uiIntSciBufferDataLength
0000d850   _uiMachineInfo
0000d851   _uiIntSciErrorCode
0000d852   _uiIntSciRxErrCnt
0000d853   _uiIntSciComID
0000d854   _uiIntSciCmd
0000d855   _unIntSciFlag
0000d856   _strMstFuction
0000d85d   _g_uiM2SSetDataStartId
0000d85f   _strMstState
0000d864   _strSlvState
0000d868   _iPfcInvCommTxData
0000d880   _uiMasterAnalogData
0000d89a   _uiSlaveAnalogData
0000d8c0   _strSlvAnalog
0000d900   _uiIntSciRxDataBuff
0000da40   _uiIntSciTxDataBuff
0000db4a   _g_DcDcVar
0000db76   _Flash_CallbackPtr
0000db78   _Flash_CPUScaleFactor
0000db7a   __unlock
0000db7c   __lock
[...]
0000ec09   _g_unSysInitFlag
0000ec0e   _uiParaSysInfoConflictRecCnt
0000ec10   _uiSystermOffDecrateBusFlag
0000ec28   _g_SystemVar
0000ec2a   _stateTest
0000ec40   _g_ComInfo
0000ec9c   _fAcFrzHighOut
0000eca0   _fPvPowerLimitInteg
0000eca2   _fAcFrzHighInteg
0000eca4   _fPvPowerLimitOut
0000eca6   _g_GenFreq
0000ecb2   _g_GenVolt
0000ecc0   _g_GenConnect
00300000   .data
00300000   _RamfuncsLoadStart
00300000   ___data__
00300000   ___edata__
00300000   edata
00302f0f   .text
00302f0f   _Inv_Initialize
00302f0f   _RamfuncsLoadEnd
00302f0f   ___text__
0030320a   _Inv_Task_RealTime
00303286   _Inv_Task_1ms
0030329b   _Inv_Task_5ms
003032b0   _Inv_Task_20ms
003032c7   _Inv_MainStateMachine
00303355   _Inv_SubStateMachine
00303b96   _Inv_OnGridPowerGiven
00303d20   _Inv_OnGridPowerSoftStart
00303eeb   _Inv_OnGridPowerLoop
00303fda   _Inv_OnGridDeltaBusRefCtrl
003040ae   _Inv_OnGridBusSoftStart
0030419d   _Inv_OnGridLoopReset
003041b7   _Inv_OffGridRmsLoop
00304221   _Inv_OffGridLoopReset
00304275   _Inv_DataReset
003042de   _Inv_OpenLoop
003043d6   _Inv_InvDrivePowerSetup
003043f0   _Inv_OnGridDCCurrLoop
0030447d   _Inv_OffGridDCVoltLoop
00304511   _Inv_InvVoltRmsGiven
00304600   _Inv_InvVoltSoftStart
003046e8   _RepeatCtrl
003046e9   _Inv_ParaQvarAvgLoop
003047a1   _Inv_ParaInvCurrAvgLoop
00305019   _Inv_SoftSelfChk
0030516a   _System_Initialize
003051d9   _System_Task_RealTime
003051da   _System_Task_1ms
003051e1   _System_Task_5ms
003051e6   _System_Task_20ms
003051fe   _System_Task_100ms
00305e6a   _System_MainStateMachine
00305ea6   _System_SubStateMachine
003068ee   _System_PowerBalanceCalculate
00306e42   _RamCheck
00306e74   _System_SwitchKeyCheck
00306e91   _System_ClockCalculate
00306ef8   _System_ShutdownChk
00306f95   _System_LowPowerModeChk
00307232   _System_MpptMultiPointEnableGet
003072b4   _Grid_Initialize
00307422   _Grid_Task_RealTime
00307423   _Grid_Task_1ms
0030745a   _Grid_Task_5ms
00307511   _Grid_Task_20ms
0030751c   _Grid_Task_100ms
00307540   _Grid_GridVoltCheck
0030754f   _Grid_GridFreqCheck
003081bc   _Grid_Grid10minOvCheck
0030823c   _Grid_GridUnbalanceCheck
0030823d   _Grid_GridRateParaSet
00308344   _Grid_AntiIslandChk
0030847d   _Grid_GridUFDnPower
0030847e   _Grid_PFResponCurve
00308827   _Grid_QUCurve
00308a04   _Grid_PUCurve
00308c53   _Grid_PFUCurve
00308d08   _Grid_QPowerCurve
00308df0   _Grid_PFPowerCurve
00308fb9   _Grid_GridAdaptFG
0030907b   _Grid_GridLVRT
003091b0   _Grid_GridHVRT
00309207   _GridSTD_Germany
003092d8   _GridSTD_50HzDefault
003093ac   _GridSTD_60HzDefault
0030941e   _GridSTD_Italy
003094f1   _GridSTD_Britain
003095bf   _GridSTD_Australia
00309690   _GridSTD_NewZealand
00309762   _GridSTD_SouthAfrican
00309831   _GridSTD_Netherland_EN_50549_1
003098ff   _GridSTD_Brazil
003099cc   _GridSTD_EN50549
00309a99   _GridSTD_Poland
00309b66   _GridSTD_Czech
00309c3a   _GridSTD_Austria
00309d01   _GridSTD_Austria_OVE_directive_R25
00309dd0   _GridSTD_Spain_NTS_2021
00309dd1   _GridSTD_Spain_UNE217001
00309dd2   _GridSTD_Netherland
00309ea0   _GridSTD_Australia_B
00309f73   _GridSTD_Australia_C
0030a044   _GridSTD_Australia_AS4777_2
0030a115   _GridSTD_UL1741_IEEE1547
0030a1e7   _GridSTD_CPUC_RULE21
0030a2b9   _GridSTD_SRD_UL_1741
0030a38b   _GridSTD_G98
0030a45a   _GridSTD_EN50549_1_Norway_133V
0030a527   _GridSTD_EN50549_1_Norway_230V
0030a5f4   _GridSTD_Japan_200VAC_3P3W
0030a6c3   _GridSTD_Japan_400VAC_3P3W
0030a795   _GridSTD_Japan_415VAC_3P4W
0030a867   _GridSTD_EN50549_CZ_PPDS_16A
0030a93b   _GridSTD_EN50549_CZ_PPDS_L16A
0030aa0f   _GridSTD_EN50549_1_Switzerland
0030aadd   _GridSTD_EN50549_1_GR
0030aade   _GridSTD_EN50549_1_Poland
0030abab   _GridSTD_CEI_0_21_External
0030ac7d   _GridSTD_CEI_0_21_Areti
0030ad4f   _GridSTD_CEI_0_16_IT
0030ae21   _GridSTD_UPS
0030aee3   _GridSTD_APL
0030afa4   _Fault_Initialize
0030afd7   _Fault_Task_DcDcRealTime
0030affe   _Fault_Task_InvRealTime
0030b031   _Fault_Task_1ms
0030b03a   _Fault_Task_20ms
0030b08b   _Fault_ModuleFaultSumry
0030b0f3   _Fault_FaultCodeShow
0030b1c4   _Fault_AlarmCodeShow
0030b29b   _Fault_GetFaultWarnBit
0030ca32   _CanInModDeal_System_AppInit
0030ca3a   _CanInModDeal_ParaFrameInit
0030cb34   _CanInModDeal_Task_RealTime
0030cb35   _CanInModDeal_Task_1ms
0030cb5b   _CanInModDeal_Task_5ms
0030cb5c   _CanInModDeal_Task_20ms
0030cb5d   _CanInModDeal_Task_100ms
0030cd15   _CanInModDeal_IDIdentifyDeal
0030cdab   _CanInModDeal_IDIdentify
0030cdd0   _CanPara_FrameIDMsgDataSend
0030cfdf   _CanPara_SelfFrameDataCopyWhenIDChange
0030dc29   _CanPara_ComDataDeal
0030dcbb   _CanPara_FreqReguLoop
0030dfe1   _CanPara_RmsVoltReguLoop
0030e171   _CanPara_PeakShavingReguLoop
0030e2e3   _CanPara_ComStateDataInt
0030e2e4   _CanPara_SysRxDataClr
0030e30c   _CanPara_SysDataRenew
0030e37c   _CanPara_TestDataSend
0030e396   _MonitorProtocol_Task_RealTime
0030e397   _MonitorProtocol_Task_1ms
0030e398   _MonitorProtocol_Task_5ms
0030e3a4   _MonitorProtocol_Task_20ms
0030e40d   _MonitorProtocol_Task_100ms
0030e465   _MonitorProtocol_AlarmRenew
0030e8a9   _MonitorProtocol_PowerMsgShow
0030ea6f   _MonitorProtocol_AnologShowDeal
0030eb53   _MonitorProtocol_ModuleStateShow
0030eccf   _MonitorProtocol_AnologUpdate
0030f517   _MonitorProtocol_AnologInfoDataUpdate
0030f5ba   _SciProtocol_DataCheck
0030f5e4   _SciProtocol_ModelCheck
0030f625   _GetDataRange
0030f732   _SetSpecialParamsDefaultValue
0030f75c   _Sci_CrcCaculate
0030f76d   _MonitorProtocol_PowerCalc
0030f962   _Adc_Initialize
0030fc0c   _Adc_SamplePeriodPointInit
0030fc28   _Adc_AdjustRatioRenew
0030fda9   _Adc_CalibsCoefRenew
0030ff00   _Adc_InvSampleSlowCalc
0030ffc3   _Adc_InvSampleSlowAcc
003100a6   _Adc_Task_5ms
003100af   _Adc_Task_20ms
003100ba   _Adc_Task_100ms
0031010d   _Adc_Task_1ms
003109f2   _Adc_VoltFloDeal
00310a68   _Adc_PvCurrSumCalc
00310ae0   _Gen_Initialize
00310b3b   _Gen_Task_RealTime
00310b3c   _Gen_Task_20ms
00310b4f   _Gen_Task_100ms
00310b86   _Gen_GenStandardSet
00310d7a   _Gen_DryContactCtrl
00310d7b   _Gen_SmartLoadRelayCtrl
00310d7b   _Gen_Task_5ms
00310f55   _Gen_MicroInvInput
003113a9   _Gen_GenVoltCheck
003113b4   _Gen_GenFreqCheck
00311656   _Gen_SourceChk
00311657   _Gen_GridSeqFaultCheck
00311658   _Gen_GenOverLoadCheck
00311659   _Bat_Initialize
00311685   _Bat_Task_1ms
00311686   _Bat_Task_5ms
00311687   _Bat_Task_20ms
00311692   _Bat_Task_100ms
003118d1   _Bat_BatForceChargeJudge
00312098   _AdcATE_Init
00312099   _AdcATE_Task_1ms
0031209a   _AdcATE_Task_5ms
003120b0   _AdcATE_Task_20ms
003120b1   _AdcATE_PvAdjust
00312448   _AdcATE_BatAdjust
0031256a   _AdcATE_InvAdjust
00312643   _AdcATE_GridAdjust
0031271c   _AdcATE_GenAdjust
003127f5   _AdcATE_OutputAdjust
003128ce   _AdcATE_BusAdjust
003129d4   _AdcATE_ScodeCheck
003129d4   _AdcATE_Task_100ms
00312a26   _Ano_System_PinInit
00312a27   _Ano_System_PeripheralInit
00312a46   _Ano_System_AppInit
00312a5b   _Ano_Task_RealTimeDone
00312a6b   _Ano_Task_1ms
00312a6c   _Ano_Task_5ms
00312a76   _Ano_Task_20ms
00312a88   _Ano_Task_100ms
00312aa0   _Ano_Machine
00312b18   _Ano_CmdParsing
00312ba6   _Ano_CmdAckPack
00312be7   _Ano_ChannelDataSendPack
00312ca3   _Ano_CmdAckSend
00312cc5   _Ano_ChannelDataSend
00312ce8   _Ano_SnatchWaitSend
00312cf5   _Ano_CmdSumCheck
00312d16   _Ano_DataSend
00312d48   _Ano_ChannelSnatchGet
00312e3a   _swReturnNull
00312e3c   _swGetFunc1
00312e40   _swGetFunc2
00312e44   _swGetFunc3
00312e48   _swGetFunc4
00312e4c   _swGetFunc5
00312e50   _swGetFunc6
00312e54   _swGetFunc7
00312e58   _swGetFunc8
00312e5c   _swGetFunc9
00312e60   _swGetFunc10
00312e64   _swGetFunc11
00312e68   _swGetFunc12
00312e6c   _swGetFunc13
00312e70   _swGetFunc14
00312e74   _swGetFunc15
00312e78   _swGetFunc16
00312e7c   _swGetFunc17
00312e80   _swGetFunc18
00312e84   _swGetFunc19
00312e88   _swGetFunc20
00312e8c   _swGetFunc21
00312e91   _swGetFunc22
00312e95   _swGetFunc23
00312e9a   _swGetFunc24
00312e9e   _swGetFunc25
00312ea0   _swGetFunc26
00312ea2   _swGetFunc27
00312ea4   _swGetFunc28
00312ea6   _swGetFunc29
00312ec0   _swGetFunc30
00312ece   _swGetFunc31
00312ed2   _swGetFunc32
00312ed6   _swGetFunc33
00312eda   _swGetFunc34
00312ede   _swGetFunc35
00312ee2   _swGetFunc36
00312ee6   _swGetFunc37
00312eea   _swGetFunc38
00312eee   _swGetFunc39
00312f05   _swGetFunc40
00312f09   _swGetFunc41
00312f1e   _swGetFunc42
00312f33   _swGetFunc43
00312f48   _swGetFunc44
00312f5d   _swGetFunc45
00312f72   _swGetFunc46
00312f87   _swGetFunc47
00312f9c   _swGetFunc48
00312fb1   _swGetFunc49
00312fb5   _swGetFunc50
00312fc3   _swGetFunc51
00312fd1   _swGetFunc52
00312fdf   _swGetFunc53
00312fed   _swGetFunc54
00312ffb   _swGetFunc55
00313009   _swGetFunc56
00313017   _swGetFunc57
00313025   _swGetFunc58
00313033   _swGetFunc59
00313041   _swGetFunc60
0031304f   _swGetFunc61
0031305d   _swGetFunc62
0031306b   _swGetFunc63
00313079   _swGetFunc64
00313087   _swGetFunc65
00313095   _swGetFunc66
003130a3   _swGetFunc67
003130b1   _swGetFunc68
003130bf   _swGetFunc69
003130cd   _swGetFunc70
003130db   _swGetFunc71
003130ed   _swGetFunc72
003130f8   _swGetFunc73
00313106   _swGetFunc74
00313114   _swGetFunc75
00313122   _swGetFunc76
00313130   _swGetFunc77
0031313e   _swGetFunc78
0031314c   _swGetFunc79
0031315a   _swGetFunc80
00313168   _swGetFunc81
00313176   _swGetFunc82
00313184   _swGetFunc83
00313192   _swGetFunc84
003131a0   _swGetFunc85
003131ae   _swGetFunc86
003131c0   _swGetFunc87
003131d2   _swGetFunc88
003131e4   _swGetFunc89
003131f6   _swGetFunc90
0031320b   _swGetFunc91
00313220   _swGetFunc92
0031322e   _swGetFunc93
0031323c   _swGetFunc94
0031324a   _swGetFunc95
00313258   _swGetFunc96
00313266   _swGetFunc97
00313274   _swGetFunc98
00313282   _swGetFunc99
00313290   _Ipoms_System_PinInit
003132a6   _Ipoms_System_PeripheralInit
003132a7   _Ipoms_System_AppInit
003132b9   _Ipoms_Task_1ms
003132ba   _Ipoms_Task_5ms
003132bd   _Ipoms_Task_100ms
0031344e   _Ipoms_AnalogArrayUpdate
00313455   _Ipoms_DigitalUpdate
00313456   _Ipoms_CmdParsing
00313456   _Ipoms_Task_20ms
00313469   _Ipoms_ModbusMachine
00313469   _Ipoms_Task_RealTime
00313547   _Ipoms_AnalogUpdate
0031359d   _Ipoms_AnalogInforUpdate
003135f4   _Ipoms_CmdDataUpdate
0031364a   _DebugSci_SetDataUpdate
003136a0   _Ipoms_CmdData_BMSIUpdate
003136f6   _Ipoms_SetDataUpdate
0031374c   _Ipoms_CrcCheck
00313760   _Ipoms_SysParaUpdate
003137b2   _Ipoms_AlarmUpdate
00313803   _Ipoms_SetSysPara
0031386e   _Ipoms_SetPara
003138dc   _Ipoms_ModbusFaultResp
0031390d   _Ipoms_Modbus
00313a7e   _IpmosSetDataRecord
00313adf   _Ipoms_RealTime
00313ae0   _PowerDerating_System_AppInit
00313ae1   _PowerDerating_Task_1ms
00313ae2   _PowerDerating_Task_5ms
00313ae3   _PowerDerating_Task_20ms
00313aee   _PowerDerating_Task_100ms
00313aef   _PowerDerating_BatDeratedCalc
00313b43   _PowerDerating_OutVoltDeratedCalc
00313b44   _PowerDerating_BatTmpDeratedCalc
00313cf4   _PowerDerating_InvTmpDeratedCalc
00313d93   _PowerDerating_PvTmpDeratedCalc
00313ecd   _PowerDerating_GridUnderFreqDeratedCalc
00313ece   _PowerDerating_GridOverFreqDeratedCalc
00313ecf   _PowerDerating_GridVoltDeratedCalc
00313fdd   _PowerDerating_OffGridInvVoltDerCalc
00314159   _IntSci_System_PinInit
0031415a   _IntSci_System_PeripheralInit
00314178   _IntSci_System_AppInit
00314188   _IntSci_Task_RealTime
00314192   _IntSci_Task_1ms
00314193   _IntSci_Task_5ms
00314229   _IntSci_Task_20ms
00314424   _IntSci_Task_100ms
00314425   _IntSci_CommandIdentify
00314481   _IntSci_CommandDeal
003144eb   _IntSci_RenewTxBuffer
003145a0   _IntSci_ClearBuffer
003145ac   _IntSci_ReceiveDataCheck
0031467f   _IntSci_CommErrCheck
0031469f   _IntSci_CrcCheck
003146c7   _MonitorModbus_CrcCheck
003146f3   _MonitorModbus_System_AppInit
003146f4   _MonitorModbus_Sci_CommandIdentify
003147e2   _MonitorModbus_Sci_CommandDeal
00314a82   _MonitorModbus_RenewTxBuffer
00314c1f   _MonitorModbus_Sci_ClearBuffer
00314c2b   _Relay_Initialize
00314c43   _Relay_Task_RealTime
00314c44   _Relay_Task_1ms
00314c4b   _Relay_Task_20ms
00314c54   _Relay_RlyOperateDeal
00314d56   _Relay_RlySlowDriver
00314d6b   _Relay_DebugDriver
00314dd8   _Relay_RlyPowerCtrl
0031516c   _CanDriver_System_PinInit
0031516f   _CanDriver_System_PeripheralInit
00315271   _CanDriver_Old_PeripheralInit
003152f9   _CanDriver_System_AppInit
00315312   _CanDriver_Task_RealTime
00315384   _CanDriver_Task_1ms
0031538e   _CanDriver_Task_5ms
0031538f   _CanDriver_Task_20ms
00315390   _CanDriver_Task_100ms
00315391   _CanDriver_SendData
003153b6   _CanDriver_SendBoxData
003153f5   _CanDriver_SendFinishDeal
00315402   _ParaCan_MasterCanTxData
0031551d   _ParaCan_SlaverCanTxData
00315621   _ParaCan_CanTxSelfMsgData
0031564f   _EEDRV_Init_I2C
0031565f   _E2prom_System_AppInit
00315690   _E2prom_Task_RealTime
0031569a   _E2prom_Task_1ms
00315702   _E2prom_Task_5ms
00315703   _E2prom_Task_20ms
00315704   _E2prom_Task_100ms
00315719   _E2prom_FaultDataDeal
0031571a   _E2prom_FaultInE2promInit
00315753   _E2prom_PowerOffFaultHeaderDeal
003157a2   _E2prom_PowerOnFaultHeaderDeal
00315828   _E2prom_FaultDataSavePreprocess
00315829   _E2prom_FaultDataFetchCheck
0031585f   _E2prom_FaultDataFetchDeal
003158f2   _E2prom_FaultDataSendFinishDeal
0031590b   _E2prom_FaultDataDirectUpDeal
00315915   _E2prom_FaultDataBuffInDeal
00315916   _E2prom_FaultDataBuffIn
0031594c   _E2prom_FaultDataBuffOutDeal
00315990   _E2prom_DirectUpInitDeal
003159a7   _E2prom_WriteEepromDefaultData
00315a1a   _E2prom_AdjustRatioGet
00315a58   _E2prom_ReadStatusGet
00315a5c   _E2prom_FaultStatusGet
00315a60   _ECAP_InitECap
00315a65   _ECAP_InitECap1
00315a8a   _ECAP_InitECap2
00315aaf   _ECAP_InitECap3
00315add   _ECAP_InitECap4
00315b0b   _ECAP_InitECap5
00315b39   _ECAP_InitECap6
00315b73   _ECAP_Initialize
00315c00   _Ecap_Task_20ms
00315c01   _Ecap_Task_1ms
00315c01   _Ecap_ZeroSyncPreiodCap
00315c50   _Ecap_Task_5ms
00315de6   _Ecap_CalculateRelayAngle
00315e55   _Llc_Task_RealTime
00315eee   _Llc_Task_1ms
00315eef   _Llc_Task_5ms
00315ef0   _Llc_Task_20ms
00316249   _InitEPwm
00316277   _InitEPwm1
003162e4   _InitEPwm2
00316353   _InitEPwm3
003163a3   _InitEPwm4
003163fa   _InitEPwm5
00316451   _InitEPwm6
003164a8   _EPwm1TzRegCongfig
003164bc   _EPwm2TzRegCongfig
003164d0   _EPwm3TzRegCongfig
003164e4   _EPwm4TzRegCongfig
003164f6   _EPwm5TzRegCongfig
00316508   _EPwm6TzRegCongfig
00316518   _InitEPwm1Gpio
0031652a   _InitEPwm2Gpio
0031653c   _InitEPwm3Gpio
00316550   _InitEPwm4Gpio
00316564   _InitEPwm5Gpio
00316576   _InitEPwm6Gpio
00316588   _InitEPwmSyncGpio
0031659b   _InitTzGpio
003165bc   _Bus_Initialize
003165bd   _Bus_Task_1ms
003165be   _Bus_Task_5ms
003165bf   _Bus_Task_100ms
003165c0   _Bus_Task_20ms
003168c3   _EMUINT_ISR
003168ce   _NMI_ISR
003168d9   _ILLEGAL_ISR
003168e4   _USER1_ISR
003168ef   _USER2_ISR
003168fa   _USER3_ISR
00316905   _USER4_ISR
00316910   _USER5_ISR
0031691b   _USER6_ISR
00316926   _USER7_ISR
00316931   _USER8_ISR
0031693c   _USER9_ISR
00316947   _USER10_ISR
00316952   _USER11_ISR
0031695d   _USER12_ISR
00316968   _TINT0_ISR
003169ae   _EPWM4_TZINT_ISR
00316a0f   _EPWM5_TZINT_ISR
00316a8b   _EPWM1_INT_ISR
00316ad0   _EPWM2_INT_ISR
00316b15   _ECAP1_INT_ISR
00316b34   _PIE_RESERVED
00316b3e   _INT_NOTUSED_ISR
00316b48   _rsvd_ISR
00316b52   _sQInit
00316b58   _sInitialSci
00316b71   _sQDataIn
00316bad   _sQDataOut
00316bc4   _sbSciGetRxRdy
00316bd8   _sbSciGetRxData
00316be8   _sbSciGetTxRdy
00316bfc   _sSciTxData
00316c2d   _sSciRxISR
00316c65   _sSciDataPass
00316c9c   _sJMPToIAPReflash
00316ca6   _sTxChar
00316cf6   _Upgrade_JumpCheck
00316d2f   _Upgrade_Jump
00316d48   _PassThroughing
00316d83   _PassModeEscCountDown_20ms
00316dd7   _GetSCIPassThroughMode
00316ddb   _Fan_Initialize
00316ddc   _Fan_Task_1ms
00316ddd   _Fan_Task_5ms
00316dde   _Fan_Task_100ms
00316ddf   _Fan_FanControl
00316ddf   _Fan_Task_20ms
00317017   _Task_RealTimePwm1
00317047   _Task_RealTimePwm2
0031713c   _TASK_Initialize
0031717e   _TASK_TimerCheckIn
003171ae   _TASK_InvokingProcess
003171d1   _Task_FlashUpdateJump
003171d2   _InitGpio
003171ed   _InitLogicIO
00317337   _Pll_Initialize
00317400   _Pll_Task_RealTime
00317401   _Pll_Task_5ms
00317402   _Pll_Task_20ms
00317403   _Pll_Task_1ms
0031749c   _GetMachineInfo
00317597   _GetModelParam
003175b8   _UpdateModelParam
003175cc   _InitECan
003175cc   _InitECanb
00317648   _InitECanb_Old
003176c3   _InitECanGpio
003176c3   _InitECanbGpio
003176d7   _InitXintf
00317729   _InitXintf32Gpio
0031776c   _InitXintf16Gpio
003177c6   _I2cApp_System_Initialize
003177c7   _I2cApp_Task_RealTime
003177ce   _I2cApp_Task_1ms
003177cf   _I2cApp_Task_5ms
003177d0   _I2cApp_Task_100ms
003177d1   _I2cApp_Task_20ms
003177d1   _I2cApp_Task_E2promCommCheck
003178a8   _InitMcbsp
003178a8   _InitMcbspa
003178cc   _InitMcbspa8bit
003178d3   _InitMcbspa12bit
003178de   _InitMcbspa16bit
003178e9   _InitMcbspa20bit
003178f4   _InitMcbspa24bit
003178ff   _InitMcbspa32bit
0031790a   _InitMcbspGpio
0031790a   _InitMcbspaGpio
00317944   _delay_loop
00317963   _clkg_delay_loop
00317982   _DcDc_Initialize
003179e9   _DcDc_Task_RealTime
003179ee   _DcDc_Task_1ms
003179ef   _DcDc_Task_5ms
003179f0   _DcDc_BusBlcRealTimeDone
003179f1   _DcDc_Task_20ms
00317a58   _MonitorSci_System_PinInit
00317a59   _MonitorSci_System_PeripheralInit
00317a78   _MonitorSci_System_PeripheralInit_38400
00317a96   _MonitorSci_Debug_PeripheralInit
00317ab5   _MonitorSci_System_AppInit
00317abc   _MonitorSci_Task_RealTime
00317ac6   _MonitorSci_Task_1ms
00317ac7   _MonitorSci_Task_5ms
00317afb   _MonitorSci_Task_20ms
00317b16   _MonitorSci_Task_100ms
00317b17   _main
00317ba2   _Run_Time_Begin
00317ba9   _Run_Time_End
00317bc4   _InitSysCtrl
00317bcd   _ServiceDog
00317bd7   _DisableDog
00317bdf   _InitPll
00317c26   _InitPeripheralClocks
00317c6f   _InitSci
00317c85   _InitSciGpio
00317c8c   _InitSciaGpio
00317ca1   _InitScibGpio
00317cb5   _InitScicGpio
00317ccb   _InitCpuTimers
00317d04   _ConfigCpuTimer
00317d26   _InitECap
00317d27   _InitECapGpio
00317d2c   _InitECap1Gpio
00317d3a   _InitECap2Gpio
00317d48   _InitECap3Gpio
00317d56   _InitECap4Gpio
00317d64   _InitECap5Gpio
00317d72   _InitECap6Gpio
00317d80   _c_int00
00317dc6   _sincos
00317e09   _I2cDrv_System_I2cPinInit
00317e1f   _I2cDrv_System_PeripheralInit
00317e3f   _I2cDrv_System_AppInit
00317e40   _cos
00317e74   _sin
00317ea8   L$$DIV
00317eb7   L$$MOD
00317ec5   UL$$DIV
00317ecc   UL$$MOD
00317ed2   _InitPieCtrl
00317ef1   _EnableInterrupts
00317efa   _InitSpi
00317efb   _InitSpiGpio
00317efb   _InitSpiaGpio
00317f21   ___memcpy_ff
00317f42   _sqrt
00317f63   _InitAdc
00317f83   _Flash_API_Init
00317f9f   _Logic_Initialize
00317fab   _Logic_Task_1ms
00317fac   _Logic_Task_5ms
00317fad   _Logic_Task_20ms
00317fb9   __args_main
00317fd2   C$$EXIT
00317fd2   _abort
00317fd4   _exit
00317feb   FS$$DIV
00318004   _InitI2C
00318005   _InitI2CGpio
0031801b   _InitPieVectTable
0031802b   _MemCopy
00318037   U$$DIV
0031803c   U$$MOD
00318042   __register_unlock
00318046   __register_lock
0031804a   __nop
00318053   _memset
0031805a   _SYS_TABLE_Initialize
0031805b   _SYS_TABLE_RealTimeDone
0031805c   _SYS_TABLE_OneMsDone
0031805d   _SYS_TABLE_QuarterCycleDone
0031805e   _SYS_TABLE_OneCycleDone
0031805f   _SYS_TABLE_TenPerSecDone
00318060   _InitEQep
00318061   _InitEQepGpio
00318062   _Flash28_API_LoadStart
00318062   ___etext__
00318062   etext
003184b7   _Flash28_API_LoadEnd
003184b8   _uiSetDataRange
00318a91   _uiDefaultData
00318db0   _PieVectTableInit
00318eb0   _auchCRCHi
00318fb0   _auchCRCLo
003190b0   _uiCRCTable
003191b0   _GetDataSubArray
00319278   _uiDataRangeOverride
003192e2   _constTaskBoxTable
00319300   ___cinit__
00319300   cinit
00337ff6   code_start
00380080   _ADC_cal
00380090   _PartIdRegs
003febdc   _FPUsinTable
003fecdc   _FPUcosTable
003fefdc   _FPUsinTableEnd
003ff0de   _FPUatan2HalfPITable
003ff0de   _FPUcosTableEnd
003ff0e2   _FPUatan2Table
003ff268   _FPUatan2TableEnd
ffffffff   ___binit__
ffffffff   ___c_args__
ffffffff   ___pinit__
ffffffff   binit
ffffffff   pinit

[1356 symbols]
