<?xml version="1.0"?>
<link_info>
   <banner>TMS320C2000 Linker PC v6.1.0</banner>
   <copyright>Copyright (c) 1996-2012 Texas Instruments Incorporated</copyright>
   <link_time>0x683e5c99</link_time>
   <output_file>../RELEASE/FLS-GP.out</output_file>
   <entry_point>
      <name>_c_int00</name>
      <address>0x3e6830</address>
   </entry_point>
   <input_file_list>
      <input_file id="fl-3">
         <path>.\APP\</path>
         <kind>object</kind>
         <file>BusBatProt.obj</file>
         <name>BusBatProt.obj</name>
      </input_file>
      <input_file id="fl-4">
         <path>.\APP\</path>
         <kind>object</kind>
         <file>CLEARRAM.obj</file>
         <name>CLEARRAM.obj</name>
      </input_file>
      <input_file id="fl-5">
         <path>.\APP\</path>
         <kind>object</kind>
         <file>CodeStartBranch.obj</file>
         <name>CodeStartBranch.obj</name>
      </input_file>
      <input_file id="fl-6">
         <path>.\APP\</path>
         <kind>object</kind>
         <file>DSP280x_DefaultIsr.obj</file>
         <name>DSP280x_DefaultIsr.obj</name>
      </input_file>
      <input_file id="fl-7">
         <path>.\APP\</path>
         <kind>object</kind>
         <file>DSP280x_GlobalVariableDefs.obj</file>
         <name>DSP280x_GlobalVariableDefs.obj</name>
      </input_file>
      <input_file id="fl-8">
         <path>.\APP\</path>
         <kind>object</kind>
         <file>DisplayBuzz.obj</file>
         <name>DisplayBuzz.obj</name>
      </input_file>
      <input_file id="fl-9">
         <path>.\APP\</path>
         <kind>object</kind>
         <file>Eeprom.obj</file>
         <name>Eeprom.obj</name>
      </input_file>
      <input_file id="fl-a">
         <path>.\APP\</path>
         <kind>object</kind>
         <file>Grid.obj</file>
         <name>Grid.obj</name>
      </input_file>
      <input_file id="fl-b">
         <path>.\APP\</path>
         <kind>object</kind>
         <file>IICEepromIOCard.obj</file>
         <name>IICEepromIOCard.obj</name>
      </input_file>
      <input_file id="fl-c">
         <path>.\APP\</path>
         <kind>object</kind>
         <file>Initial.obj</file>
         <name>Initial.obj</name>
      </input_file>
      <input_file id="fl-d">
         <path>.\APP\</path>
         <kind>object</kind>
         <file>Interface.obj</file>
         <name>Interface.obj</name>
      </input_file>
      <input_file id="fl-e">
         <path>.\APP\</path>
         <kind>object</kind>
         <file>Interrupt.obj</file>
         <name>Interrupt.obj</name>
      </input_file>
      <input_file id="fl-f">
         <path>.\APP\</path>
         <kind>object</kind>
         <file>InvLoadOP.obj</file>
         <name>InvLoadOP.obj</name>
      </input_file>
      <input_file id="fl-10">
         <path>.\APP\</path>
         <kind>object</kind>
         <file>ModBus.obj</file>
         <name>ModBus.obj</name>
      </input_file>
      <input_file id="fl-11">
         <path>.\APP\</path>
         <kind>object</kind>
         <file>Parallel.obj</file>
         <name>Parallel.obj</name>
      </input_file>
      <input_file id="fl-12">
         <path>.\APP\</path>
         <kind>object</kind>
         <file>Supervisor.obj</file>
         <name>Supervisor.obj</name>
      </input_file>
      <input_file id="fl-13">
         <path>.\APP\</path>
         <kind>object</kind>
         <file>display_driver.obj</file>
         <name>display_driver.obj</name>
      </input_file>
      <input_file id="fl-14">
         <path>.\APP\</path>
         <kind>object</kind>
         <file>display_vp.obj</file>
         <name>display_vp.obj</name>
      </input_file>
      <input_file id="fl-15">
         <path>.\APP\</path>
         <kind>object</kind>
         <file>lock.obj</file>
         <name>lock.obj</name>
      </input_file>
      <input_file id="fl-16">
         <path>.\APP\</path>
         <kind>object</kind>
         <file>main.obj</file>
         <name>main.obj</name>
      </input_file>
      <input_file id="fl-17">
         <path>.\APP\</path>
         <kind>object</kind>
         <file>task_panel_prot.obj</file>
         <name>task_panel_prot.obj</name>
      </input_file>
      <input_file id="fl-18">
         <path>.\DRIVER\CAN\source\</path>
         <kind>object</kind>
         <file>CanDriver.obj</file>
         <name>CanDriver.obj</name>
      </input_file>
      <input_file id="fl-19">
         <path>.\DRIVER\RlyDriver\</path>
         <kind>object</kind>
         <file>RlyDriver.obj</file>
         <name>RlyDriver.obj</name>
      </input_file>
      <input_file id="fl-1a">
         <path>.\DRIVER\SCI\ports\</path>
         <kind>object</kind>
         <file>FunLst.obj</file>
         <name>FunLst.obj</name>
      </input_file>
      <input_file id="fl-1b">
         <path>.\DRIVER\SCI\ports\</path>
         <kind>object</kind>
         <file>SciFunLst.obj</file>
         <name>SciFunLst.obj</name>
      </input_file>
      <input_file id="fl-1c">
         <path>.\DRIVER\SCI\source\</path>
         <kind>object</kind>
         <file>SciDriver.obj</file>
         <name>SciDriver.obj</name>
      </input_file>
      <input_file id="fl-1d">
         <path>.\DRIVER\SCI\source\</path>
         <kind>object</kind>
         <file>queue.obj</file>
         <name>queue.obj</name>
      </input_file>
      <input_file id="fl-1e">
         <path>.\DRIVER\eeprom\source\</path>
         <kind>object</kind>
         <file>EEPromdriver.obj</file>
         <name>EEPromdriver.obj</name>
      </input_file>
      <input_file id="fl-1f">
         <path>.\KERNEL\SOURCE\</path>
         <kind>object</kind>
         <file>OS_CORE.obj</file>
         <name>OS_CORE.obj</name>
      </input_file>
      <input_file id="fl-20">
         <path>.\KERNEL\SOURCE\</path>
         <kind>object</kind>
         <file>OS_EVENT.obj</file>
         <name>OS_EVENT.obj</name>
      </input_file>
      <input_file id="fl-21">
         <path>.\KERNEL\SOURCE\</path>
         <kind>object</kind>
         <file>OS_SHELL.obj</file>
         <name>OS_SHELL.obj</name>
      </input_file>
      <input_file id="fl-22">
         <path>.\KERNEL\SOURCE\</path>
         <kind>object</kind>
         <file>OS_TIMER.obj</file>
         <name>OS_TIMER.obj</name>
      </input_file>
      <input_file id="fl-23">
         <path>.\KERNEL\ports\</path>
         <kind>object</kind>
         <file>OS_CPU.obj</file>
         <name>OS_CPU.obj</name>
      </input_file>
      <input_file id="fl-24">
         <path>.\KERNEL\ports\</path>
         <kind>object</kind>
         <file>OS_CPU_A.obj</file>
         <name>OS_CPU_A.obj</name>
      </input_file>
      <input_file id="fl-25">
         <path>.\MODULE\BMS\</path>
         <kind>object</kind>
         <file>Interface_BMS.obj</file>
         <name>Interface_BMS.obj</name>
      </input_file>
      <input_file id="fl-26">
         <path>.\MODULE\BatteryModule\</path>
         <kind>object</kind>
         <file>BatteryModule.obj</file>
         <name>BatteryModule.obj</name>
      </input_file>
      <input_file id="fl-27">
         <path>.\MODULE\BusModule\</path>
         <kind>object</kind>
         <file>BusModule.obj</file>
         <name>BusModule.obj</name>
      </input_file>
      <input_file id="fl-28">
         <path>.\MODULE\ChgModule\</path>
         <kind>object</kind>
         <file>Chgmodule.obj</file>
         <name>Chgmodule.obj</name>
      </input_file>
      <input_file id="fl-29">
         <path>.\MODULE\InverterCntl\</path>
         <kind>object</kind>
         <file>InvCntModule.obj</file>
         <name>InvCntModule.obj</name>
      </input_file>
      <input_file id="fl-2a">
         <path>.\MODULE\InverterCntl\</path>
         <kind>object</kind>
         <file>invvar.obj</file>
         <name>invvar.obj</name>
      </input_file>
      <input_file id="fl-2b">
         <path>.\MODULE\InverterModule\</path>
         <kind>object</kind>
         <file>invertermodule.obj</file>
         <name>invertermodule.obj</name>
      </input_file>
      <input_file id="fl-2c">
         <path>.\MODULE\Library\</path>
         <kind>object</kind>
         <file>Library.obj</file>
         <name>Library.obj</name>
      </input_file>
      <input_file id="fl-2d">
         <path>.\MODULE\LineModule\</path>
         <kind>object</kind>
         <file>LineModule.obj</file>
         <name>LineModule.obj</name>
      </input_file>
      <input_file id="fl-2e">
         <path>.\MODULE\LoadModule\</path>
         <kind>object</kind>
         <file>LoadModule.obj</file>
         <name>LoadModule.obj</name>
      </input_file>
      <input_file id="fl-2f">
         <path>.\MODULE\ProtectionModule\</path>
         <kind>object</kind>
         <file>ProtectionModule.obj</file>
         <name>ProtectionModule.obj</name>
      </input_file>
      <input_file id="fl-32">
         <path>C:\ti\ccsv6\tools\compiler\ti-cgt-c2000_6.1.0\lib\</path>
         <kind>archive</kind>
         <file>rts2800_ml.lib</file>
         <name>boot.obj</name>
      </input_file>
      <input_file id="fl-33">
         <path>C:\ti\ccsv6\tools\compiler\ti-cgt-c2000_6.1.0\lib\</path>
         <kind>archive</kind>
         <file>rts2800_ml.lib</file>
         <name>exit.obj</name>
      </input_file>
      <input_file id="fl-34">
         <path>C:\ti\ccsv6\tools\compiler\ti-cgt-c2000_6.1.0\lib\</path>
         <kind>archive</kind>
         <file>rts2800_ml.lib</file>
         <name>i_div.obj</name>
      </input_file>
      <input_file id="fl-35">
         <path>C:\ti\ccsv6\tools\compiler\ti-cgt-c2000_6.1.0\lib\</path>
         <kind>archive</kind>
         <file>rts2800_ml.lib</file>
         <name>l_div.obj</name>
      </input_file>
      <input_file id="fl-36">
         <path>C:\ti\ccsv6\tools\compiler\ti-cgt-c2000_6.1.0\lib\</path>
         <kind>archive</kind>
         <file>rts2800_ml.lib</file>
         <name>memcpy_ff.obj</name>
      </input_file>
      <input_file id="fl-37">
         <path>C:\ti\ccsv6\tools\compiler\ti-cgt-c2000_6.1.0\lib\</path>
         <kind>archive</kind>
         <file>rts2800_ml.lib</file>
         <name>u_div.obj</name>
      </input_file>
      <input_file id="fl-38">
         <path>C:\ti\ccsv6\tools\compiler\ti-cgt-c2000_6.1.0\lib\</path>
         <kind>archive</kind>
         <file>rts2800_ml.lib</file>
         <name>_lock.obj</name>
      </input_file>
      <input_file id="fl-39">
         <path>C:\ti\ccsv6\tools\compiler\ti-cgt-c2000_6.1.0\lib\</path>
         <kind>archive</kind>
         <file>rts2800_ml.lib</file>
         <name>args_main.obj</name>
      </input_file>
   </input_file_list>
   <object_component_list>
      <object_component id="oc-bd">
         <name>.cinit</name>
         <load_address>0x3f0000</load_address>
         <run_address>0x3f0000</run_address>
         <size>0x3ba</size>
         <input_file_ref idref="fl-e"/>
      </object_component>
      <object_component id="oc-b4">
         <name>.cinit</name>
         <load_address>0x3f03ba</load_address>
         <run_address>0x3f03ba</run_address>
         <size>0x1ea</size>
         <input_file_ref idref="fl-d"/>
      </object_component>
      <object_component id="oc-c7">
         <name>.cinit</name>
         <load_address>0x3f05a4</load_address>
         <run_address>0x3f05a4</run_address>
         <size>0xe5</size>
         <input_file_ref idref="fl-f"/>
      </object_component>
      <object_component id="oc-d7">
         <name>.cinit</name>
         <load_address>0x3f0689</load_address>
         <run_address>0x3f0689</run_address>
         <size>0xe1</size>
         <input_file_ref idref="fl-11"/>
      </object_component>
      <object_component id="oc-4b">
         <name>.cinit</name>
         <load_address>0x3f076a</load_address>
         <run_address>0x3f076a</run_address>
         <size>0xc7</size>
         <input_file_ref idref="fl-3"/>
      </object_component>
      <object_component id="oc-162">
         <name>.cinit</name>
         <load_address>0x3f0831</load_address>
         <run_address>0x3f0831</run_address>
         <size>0xc6</size>
         <input_file_ref idref="fl-29"/>
      </object_component>
      <object_component id="oc-de">
         <name>.cinit</name>
         <load_address>0x3f08f7</load_address>
         <run_address>0x3f08f7</run_address>
         <size>0xba</size>
         <input_file_ref idref="fl-12"/>
      </object_component>
      <object_component id="oc-185">
         <name>.cinit</name>
         <load_address>0x3f09b1</load_address>
         <run_address>0x3f09b1</run_address>
         <size>0x94</size>
         <input_file_ref idref="fl-2f"/>
      </object_component>
      <object_component id="oc-eb">
         <name>.cinit</name>
         <load_address>0x3f0a45</load_address>
         <run_address>0x3f0a45</run_address>
         <size>0x8a</size>
         <input_file_ref idref="fl-14"/>
      </object_component>
      <object_component id="oc-15b">
         <name>.cinit</name>
         <load_address>0x3f0acf</load_address>
         <run_address>0x3f0acf</run_address>
         <size>0x75</size>
         <input_file_ref idref="fl-28"/>
      </object_component>
      <object_component id="oc-146">
         <name>.cinit</name>
         <load_address>0x3f0b44</load_address>
         <run_address>0x3f0b44</run_address>
         <size>0x6e</size>
         <input_file_ref idref="fl-25"/>
      </object_component>
      <object_component id="oc-91">
         <name>.cinit</name>
         <load_address>0x3f0bb2</load_address>
         <run_address>0x3f0bb2</run_address>
         <size>0x64</size>
         <input_file_ref idref="fl-8"/>
      </object_component>
      <object_component id="oc-9e">
         <name>.cinit</name>
         <load_address>0x3f0c16</load_address>
         <run_address>0x3f0c16</run_address>
         <size>0x41</size>
         <input_file_ref idref="fl-a"/>
      </object_component>
      <object_component id="oc-14d">
         <name>.cinit</name>
         <load_address>0x3f0c57</load_address>
         <run_address>0x3f0c57</run_address>
         <size>0x38</size>
         <input_file_ref idref="fl-26"/>
      </object_component>
      <object_component id="oc-16b">
         <name>.cinit</name>
         <load_address>0x3f0c8f</load_address>
         <run_address>0x3f0c8f</run_address>
         <size>0x34</size>
         <input_file_ref idref="fl-2b"/>
      </object_component>
      <object_component id="oc-ce">
         <name>.cinit</name>
         <load_address>0x3f0cc3</load_address>
         <run_address>0x3f0cc3</run_address>
         <size>0x2f</size>
         <input_file_ref idref="fl-10"/>
      </object_component>
      <object_component id="oc-177">
         <name>.cinit</name>
         <load_address>0x3f0cf2</load_address>
         <run_address>0x3f0cf2</run_address>
         <size>0x28</size>
         <input_file_ref idref="fl-2d"/>
      </object_component>
      <object_component id="oc-103">
         <name>.cinit</name>
         <load_address>0x3f0d1a</load_address>
         <run_address>0x3f0d1a</run_address>
         <size>0x24</size>
         <input_file_ref idref="fl-19"/>
      </object_component>
      <object_component id="oc-a5">
         <name>.cinit</name>
         <load_address>0x3f0d3e</load_address>
         <run_address>0x3f0d3e</run_address>
         <size>0x18</size>
         <input_file_ref idref="fl-b"/>
      </object_component>
      <object_component id="oc-125">
         <name>.cinit</name>
         <load_address>0x3f0d56</load_address>
         <run_address>0x3f0d56</run_address>
         <size>0x13</size>
         <input_file_ref idref="fl-1f"/>
      </object_component>
      <object_component id="oc-154">
         <name>.cinit</name>
         <load_address>0x3f0d69</load_address>
         <run_address>0x3f0d69</run_address>
         <size>0x10</size>
         <input_file_ref idref="fl-27"/>
      </object_component>
      <object_component id="oc-17e">
         <name>.cinit</name>
         <load_address>0x3f0d79</load_address>
         <run_address>0x3f0d79</run_address>
         <size>0x10</size>
         <input_file_ref idref="fl-2e"/>
      </object_component>
      <object_component id="oc-114">
         <name>.cinit</name>
         <load_address>0x3f0d89</load_address>
         <run_address>0x3f0d89</run_address>
         <size>0x10</size>
         <input_file_ref idref="fl-1c"/>
      </object_component>
      <object_component id="oc-1a7">
         <name>.cinit</name>
         <load_address>0x3f0d99</load_address>
         <run_address>0x3f0d99</run_address>
         <size>0xa</size>
         <input_file_ref idref="fl-38"/>
      </object_component>
      <object_component id="oc-191">
         <name>.cinit</name>
         <load_address>0x3f0da3</load_address>
         <run_address>0x3f0da3</run_address>
         <size>0xa</size>
         <input_file_ref idref="fl-33"/>
      </object_component>
      <object_component id="oc-f8">
         <name>.cinit</name>
         <load_address>0x3f0dad</load_address>
         <run_address>0x3f0dad</run_address>
         <size>0x4</size>
         <input_file_ref idref="fl-17"/>
      </object_component>
      <object_component id="oc-b2">
         <name>.text</name>
         <load_address>0x3d8000</load_address>
         <run_address>0x3d8000</run_address>
         <size>0x224a</size>
         <input_file_ref idref="fl-d"/>
      </object_component>
      <object_component id="oc-e9">
         <name>.text</name>
         <load_address>0x3da24a</load_address>
         <run_address>0x3da24a</run_address>
         <size>0x1cd2</size>
         <input_file_ref idref="fl-14"/>
      </object_component>
      <object_component id="oc-d5">
         <name>.text</name>
         <load_address>0x3dbf1c</load_address>
         <run_address>0x3dbf1c</run_address>
         <size>0x196c</size>
         <input_file_ref idref="fl-11"/>
      </object_component>
      <object_component id="oc-dc">
         <name>.text</name>
         <load_address>0x3dd888</load_address>
         <run_address>0x3dd888</run_address>
         <size>0x128f</size>
         <input_file_ref idref="fl-12"/>
      </object_component>
      <object_component id="oc-cc">
         <name>.text</name>
         <load_address>0x3deb17</load_address>
         <run_address>0x3deb17</run_address>
         <size>0x101c</size>
         <input_file_ref idref="fl-10"/>
      </object_component>
      <object_component id="oc-aa">
         <name>.text</name>
         <load_address>0x3dfb33</load_address>
         <run_address>0x3dfb33</run_address>
         <size>0xf2f</size>
         <input_file_ref idref="fl-c"/>
      </object_component>
      <object_component id="oc-a3">
         <name>.text</name>
         <load_address>0x3e0a62</load_address>
         <run_address>0x3e0a62</run_address>
         <size>0xb3f</size>
         <input_file_ref idref="fl-b"/>
      </object_component>
      <object_component id="oc-49">
         <name>.text</name>
         <load_address>0x3e15a1</load_address>
         <run_address>0x3e15a1</run_address>
         <size>0xa17</size>
         <input_file_ref idref="fl-3"/>
      </object_component>
      <object_component id="oc-160">
         <name>.text</name>
         <load_address>0x3e1fb8</load_address>
         <run_address>0x3e1fb8</run_address>
         <size>0x792</size>
         <input_file_ref idref="fl-29"/>
      </object_component>
      <object_component id="oc-c5">
         <name>.text</name>
         <load_address>0x3e274a</load_address>
         <run_address>0x3e274a</run_address>
         <size>0x662</size>
         <input_file_ref idref="fl-f"/>
      </object_component>
      <object_component id="oc-fb">
         <name>.text</name>
         <load_address>0x3e2dac</load_address>
         <run_address>0x3e2dac</run_address>
         <size>0x589</size>
         <input_file_ref idref="fl-18"/>
      </object_component>
      <object_component id="oc-183">
         <name>.text</name>
         <load_address>0x3e3335</load_address>
         <run_address>0x3e3335</run_address>
         <size>0x4e0</size>
         <input_file_ref idref="fl-2f"/>
      </object_component>
      <object_component id="oc-9c">
         <name>.text</name>
         <load_address>0x3e3815</load_address>
         <run_address>0x3e3815</run_address>
         <size>0x49a</size>
         <input_file_ref idref="fl-a"/>
      </object_component>
      <object_component id="oc-169">
         <name>.text</name>
         <load_address>0x3e3caf</load_address>
         <run_address>0x3e3caf</run_address>
         <size>0x44c</size>
         <input_file_ref idref="fl-2b"/>
      </object_component>
      <object_component id="oc-159">
         <name>.text</name>
         <load_address>0x3e40fb</load_address>
         <run_address>0x3e40fb</run_address>
         <size>0x402</size>
         <input_file_ref idref="fl-28"/>
      </object_component>
      <object_component id="oc-bb">
         <name>.text</name>
         <load_address>0x3e44fd</load_address>
         <run_address>0x3e44fd</run_address>
         <size>0x3fe</size>
         <input_file_ref idref="fl-e"/>
      </object_component>
      <object_component id="oc-8f">
         <name>.text</name>
         <load_address>0x3e48fb</load_address>
         <run_address>0x3e48fb</run_address>
         <size>0x3c5</size>
         <input_file_ref idref="fl-8"/>
      </object_component>
      <object_component id="oc-175">
         <name>.text</name>
         <load_address>0x3e4cc0</load_address>
         <run_address>0x3e4cc0</run_address>
         <size>0x389</size>
         <input_file_ref idref="fl-2d"/>
      </object_component>
      <object_component id="oc-168">
         <name>.text</name>
         <load_address>0x3e5049</load_address>
         <run_address>0x3e5049</run_address>
         <size>0x376</size>
         <input_file_ref idref="fl-2a"/>
      </object_component>
      <object_component id="oc-144">
         <name>.text</name>
         <load_address>0x3e53bf</load_address>
         <run_address>0x3e53bf</run_address>
         <size>0x2f0</size>
         <input_file_ref idref="fl-25"/>
      </object_component>
      <object_component id="oc-170">
         <name>.text</name>
         <load_address>0x3e56af</load_address>
         <run_address>0x3e56af</run_address>
         <size>0x252</size>
         <input_file_ref idref="fl-2c"/>
      </object_component>
      <object_component id="oc-14b">
         <name>.text</name>
         <load_address>0x3e5901</load_address>
         <run_address>0x3e5901</run_address>
         <size>0x21b</size>
         <input_file_ref idref="fl-26"/>
      </object_component>
      <object_component id="oc-c0">
         <name>.text:retain</name>
         <load_address>0x3e5b1c</load_address>
         <run_address>0x3e5b1c</run_address>
         <size>0x1fe</size>
         <input_file_ref idref="fl-e"/>
      </object_component>
      <object_component id="oc-11e">
         <name>.text</name>
         <load_address>0x3e5d1a</load_address>
         <run_address>0x3e5d1a</run_address>
         <size>0x1df</size>
         <input_file_ref idref="fl-1e"/>
      </object_component>
      <object_component id="oc-e3">
         <name>.text</name>
         <load_address>0x3e5ef9</load_address>
         <run_address>0x3e5ef9</run_address>
         <size>0x173</size>
         <input_file_ref idref="fl-13"/>
      </object_component>
      <object_component id="oc-59">
         <name>.text:retain</name>
         <load_address>0x3e606c</load_address>
         <run_address>0x3e606c</run_address>
         <size>0x145</size>
         <input_file_ref idref="fl-6"/>
      </object_component>
      <object_component id="oc-17c">
         <name>.text</name>
         <load_address>0x3e61b1</load_address>
         <run_address>0x3e61b1</run_address>
         <size>0x12d</size>
         <input_file_ref idref="fl-2e"/>
      </object_component>
      <object_component id="oc-112">
         <name>.text</name>
         <load_address>0x3e62de</load_address>
         <run_address>0x3e62de</run_address>
         <size>0x116</size>
         <input_file_ref idref="fl-1c"/>
      </object_component>
      <object_component id="oc-101">
         <name>.text</name>
         <load_address>0x3e63f4</load_address>
         <run_address>0x3e63f4</run_address>
         <size>0x10e</size>
         <input_file_ref idref="fl-19"/>
      </object_component>
      <object_component id="oc-f2">
         <name>.text</name>
         <load_address>0x3e6502</load_address>
         <run_address>0x3e6502</run_address>
         <size>0x9f</size>
         <input_file_ref idref="fl-16"/>
      </object_component>
      <object_component id="oc-108">
         <name>.text</name>
         <load_address>0x3e65a1</load_address>
         <run_address>0x3e65a1</run_address>
         <size>0x74</size>
         <input_file_ref idref="fl-1a"/>
      </object_component>
      <object_component id="oc-123">
         <name>.text</name>
         <load_address>0x3e6615</load_address>
         <run_address>0x3e6615</run_address>
         <size>0x74</size>
         <input_file_ref idref="fl-1f"/>
      </object_component>
      <object_component id="oc-152">
         <name>.text</name>
         <load_address>0x3e6689</load_address>
         <run_address>0x3e6689</run_address>
         <size>0x67</size>
         <input_file_ref idref="fl-27"/>
      </object_component>
      <object_component id="oc-10d">
         <name>.text</name>
         <load_address>0x3e66f0</load_address>
         <run_address>0x3e66f0</run_address>
         <size>0x56</size>
         <input_file_ref idref="fl-1b"/>
      </object_component>
      <object_component id="oc-12b">
         <name>.text</name>
         <load_address>0x3e6746</load_address>
         <run_address>0x3e6746</run_address>
         <size>0x50</size>
         <input_file_ref idref="fl-20"/>
      </object_component>
      <object_component id="oc-119">
         <name>.text</name>
         <load_address>0x3e6796</load_address>
         <run_address>0x3e6796</run_address>
         <size>0x50</size>
         <input_file_ref idref="fl-1d"/>
      </object_component>
      <object_component id="oc-130">
         <name>.text</name>
         <load_address>0x3e67e6</load_address>
         <run_address>0x3e67e6</run_address>
         <size>0x4a</size>
         <input_file_ref idref="fl-21"/>
      </object_component>
      <object_component id="oc-48">
         <name>.text</name>
         <load_address>0x3e6830</load_address>
         <run_address>0x3e6830</run_address>
         <size>0x44</size>
         <input_file_ref idref="fl-32"/>
      </object_component>
      <object_component id="oc-140">
         <name>.text</name>
         <load_address>0x3e6874</load_address>
         <run_address>0x3e6874</run_address>
         <size>0x36</size>
         <input_file_ref idref="fl-24"/>
      </object_component>
      <object_component id="oc-199">
         <name>.text</name>
         <load_address>0x3e68aa</load_address>
         <run_address>0x3e68aa</run_address>
         <size>0x2a</size>
         <input_file_ref idref="fl-35"/>
      </object_component>
      <object_component id="oc-13b">
         <name>.text</name>
         <load_address>0x3e68d4</load_address>
         <run_address>0x3e68d4</run_address>
         <size>0x29</size>
         <input_file_ref idref="fl-23"/>
      </object_component>
      <object_component id="oc-136">
         <name>.text</name>
         <load_address>0x3e68fd</load_address>
         <run_address>0x3e68fd</run_address>
         <size>0x23</size>
         <input_file_ref idref="fl-22"/>
      </object_component>
      <object_component id="oc-195">
         <name>.text</name>
         <load_address>0x3e6920</load_address>
         <run_address>0x3e6920</run_address>
         <size>0x22</size>
         <input_file_ref idref="fl-34"/>
      </object_component>
      <object_component id="oc-19d">
         <name>.text</name>
         <load_address>0x3e6942</load_address>
         <run_address>0x3e6942</run_address>
         <size>0x21</size>
         <input_file_ref idref="fl-36"/>
      </object_component>
      <object_component id="oc-1ab">
         <name>.text</name>
         <load_address>0x3e6963</load_address>
         <run_address>0x3e6963</run_address>
         <size>0x19</size>
         <input_file_ref idref="fl-39"/>
      </object_component>
      <object_component id="oc-18f">
         <name>.text</name>
         <load_address>0x3e697c</load_address>
         <run_address>0x3e697c</run_address>
         <size>0x19</size>
         <input_file_ref idref="fl-33"/>
      </object_component>
      <object_component id="oc-96">
         <name>.text</name>
         <load_address>0x3e6995</load_address>
         <run_address>0x3e6995</run_address>
         <size>0x16</size>
         <input_file_ref idref="fl-9"/>
      </object_component>
      <object_component id="oc-1a1">
         <name>.text</name>
         <load_address>0x3e69ab</load_address>
         <run_address>0x3e69ab</run_address>
         <size>0xb</size>
         <input_file_ref idref="fl-37"/>
      </object_component>
      <object_component id="oc-1a5">
         <name>.text</name>
         <load_address>0x3e69b6</load_address>
         <run_address>0x3e69b6</run_address>
         <size>0x9</size>
         <input_file_ref idref="fl-38"/>
      </object_component>
      <object_component id="oc-54">
         <name>codestart</name>
         <load_address>0x3f7ff6</load_address>
         <run_address>0x3f7ff6</run_address>
         <size>0x2</size>
         <input_file_ref idref="fl-5"/>
      </object_component>
      <object_component id="oc-c1">
         <name>ramfuncs:retain</name>
         <load_address>0x3f1000</load_address>
         <run_address>0x8000</run_address>
         <size>0xb12</size>
         <input_file_ref idref="fl-e"/>
      </object_component>
      <object_component id="oc-164">
         <name>ramfuncs</name>
         <load_address>0x3f1b12</load_address>
         <run_address>0x8b12</run_address>
         <size>0x189</size>
         <input_file_ref idref="fl-29"/>
      </object_component>
      <object_component id="oc-d1">
         <name>ramfuncs</name>
         <load_address>0x3f1c9b</load_address>
         <run_address>0x8c9b</run_address>
         <size>0x13f</size>
         <input_file_ref idref="fl-10"/>
      </object_component>
      <object_component id="oc-bf">
         <name>ramfuncs</name>
         <load_address>0x3f1dda</load_address>
         <run_address>0x8dda</run_address>
         <size>0xf0</size>
         <input_file_ref idref="fl-e"/>
      </object_component>
      <object_component id="oc-ae">
         <name>ramfuncs</name>
         <load_address>0x3f1eca</load_address>
         <run_address>0x8eca</run_address>
         <size>0x1d</size>
         <input_file_ref idref="fl-c"/>
      </object_component>
      <object_component id="oc-b7">
         <name>CommandBuff</name>
         <uninitialized>true</uninitialized>
         <run_address>0x480</run_address>
         <size>0xf0</size>
         <input_file_ref idref="fl-d"/>
      </object_component>
      <object_component id="oc-b6">
         <name>BOOTFLAG</name>
         <uninitialized>true</uninitialized>
         <run_address>0x740</run_address>
         <size>0xa</size>
         <input_file_ref idref="fl-d"/>
      </object_component>
      <object_component id="oc-4c">
         <name>.ebss</name>
         <uninitialized>true</uninitialized>
         <run_address>0xbe00</run_address>
         <size>0x4c</size>
         <input_file_ref idref="fl-3"/>
      </object_component>
      <object_component id="oc-92">
         <name>.ebss</name>
         <uninitialized>true</uninitialized>
         <run_address>0xb764</run_address>
         <size>0x1c</size>
         <input_file_ref idref="fl-8"/>
      </object_component>
      <object_component id="oc-98">
         <name>.ebss</name>
         <uninitialized>true</uninitialized>
         <run_address>0xaa90</run_address>
         <size>0x2a</size>
         <input_file_ref idref="fl-9"/>
      </object_component>
      <object_component id="oc-9f">
         <name>.ebss</name>
         <uninitialized>true</uninitialized>
         <run_address>0xbf00</run_address>
         <size>0x23</size>
         <input_file_ref idref="fl-a"/>
      </object_component>
      <object_component id="oc-a6">
         <name>.ebss</name>
         <uninitialized>true</uninitialized>
         <run_address>0xb940</run_address>
         <size>0x18c</size>
         <input_file_ref idref="fl-b"/>
      </object_component>
      <object_component id="oc-ac">
         <name>.ebss</name>
         <uninitialized>true</uninitialized>
         <run_address>0xb93d</run_address>
         <size>0x3</size>
         <input_file_ref idref="fl-c"/>
      </object_component>
      <object_component id="oc-b5">
         <name>.ebss</name>
         <uninitialized>true</uninitialized>
         <run_address>0xaac0</run_address>
         <size>0x46c</size>
         <input_file_ref idref="fl-d"/>
      </object_component>
      <object_component id="oc-be">
         <name>.ebss</name>
         <uninitialized>true</uninitialized>
         <run_address>0xb580</run_address>
         <size>0x1e4</size>
         <input_file_ref idref="fl-e"/>
      </object_component>
      <object_component id="oc-c8">
         <name>.ebss</name>
         <uninitialized>true</uninitialized>
         <run_address>0xbd80</run_address>
         <size>0x50</size>
         <input_file_ref idref="fl-f"/>
      </object_component>
      <object_component id="oc-cf">
         <name>.ebss</name>
         <uninitialized>true</uninitialized>
         <run_address>0xa000</run_address>
         <size>0xa90</size>
         <input_file_ref idref="fl-10"/>
      </object_component>
      <object_component id="oc-d8">
         <name>.ebss</name>
         <uninitialized>true</uninitialized>
         <run_address>0xb780</run_address>
         <size>0x1b3</size>
         <input_file_ref idref="fl-11"/>
      </object_component>
      <object_component id="oc-df">
         <name>.ebss</name>
         <uninitialized>true</uninitialized>
         <run_address>0xbd00</run_address>
         <size>0x5c</size>
         <input_file_ref idref="fl-12"/>
      </object_component>
      <object_component id="oc-e5">
         <name>.ebss</name>
         <uninitialized>true</uninitialized>
         <run_address>0xbbc0</run_address>
         <size>0x81</size>
         <input_file_ref idref="fl-13"/>
      </object_component>
      <object_component id="oc-ec">
         <name>.ebss</name>
         <uninitialized>true</uninitialized>
         <run_address>0xbb00</run_address>
         <size>0xa2</size>
         <input_file_ref idref="fl-14"/>
      </object_component>
      <object_component id="oc-f9">
         <name>.ebss</name>
         <uninitialized>true</uninitialized>
         <run_address>0xaabe</run_address>
         <size>0x1</size>
         <input_file_ref idref="fl-17"/>
      </object_component>
      <object_component id="oc-fd">
         <name>.ebss</name>
         <uninitialized>true</uninitialized>
         <run_address>0xbc80</run_address>
         <size>0x7c</size>
         <input_file_ref idref="fl-18"/>
      </object_component>
      <object_component id="oc-104">
         <name>.ebss</name>
         <uninitialized>true</uninitialized>
         <run_address>0xbaf1</run_address>
         <size>0x9</size>
         <input_file_ref idref="fl-19"/>
      </object_component>
      <object_component id="oc-115">
         <name>.ebss</name>
         <uninitialized>true</uninitialized>
         <run_address>0xbe4c</run_address>
         <size>0x24</size>
         <input_file_ref idref="fl-1c"/>
      </object_component>
      <object_component id="oc-126">
         <name>.ebss</name>
         <uninitialized>true</uninitialized>
         <run_address>0xaf2c</run_address>
         <size>0x10</size>
         <input_file_ref idref="fl-1f"/>
      </object_component>
      <object_component id="oc-132">
         <name>.ebss</name>
         <uninitialized>true</uninitialized>
         <run_address>0xbc42</run_address>
         <size>0x3a</size>
         <input_file_ref idref="fl-21"/>
      </object_component>
      <object_component id="oc-147">
         <name>.ebss</name>
         <uninitialized>true</uninitialized>
         <run_address>0xaf40</run_address>
         <size>0x3c0</size>
         <input_file_ref idref="fl-25"/>
      </object_component>
      <object_component id="oc-14e">
         <name>.ebss</name>
         <uninitialized>true</uninitialized>
         <run_address>0xbba2</run_address>
         <size>0x1a</size>
         <input_file_ref idref="fl-26"/>
      </object_component>
      <object_component id="oc-155">
         <name>.ebss</name>
         <uninitialized>true</uninitialized>
         <run_address>0xb933</run_address>
         <size>0xa</size>
         <input_file_ref idref="fl-27"/>
      </object_component>
      <object_component id="oc-15c">
         <name>.ebss</name>
         <uninitialized>true</uninitialized>
         <run_address>0xbd5c</run_address>
         <size>0x24</size>
         <input_file_ref idref="fl-28"/>
      </object_component>
      <object_component id="oc-163">
         <name>.ebss</name>
         <uninitialized>true</uninitialized>
         <run_address>0xb300</run_address>
         <size>0x280</size>
         <input_file_ref idref="fl-29"/>
      </object_component>
      <object_component id="oc-16c">
         <name>.ebss</name>
         <uninitialized>true</uninitialized>
         <run_address>0xbe80</run_address>
         <size>0x44</size>
         <input_file_ref idref="fl-2b"/>
      </object_component>
      <object_component id="oc-178">
         <name>.ebss</name>
         <uninitialized>true</uninitialized>
         <run_address>0xbacc</run_address>
         <size>0x25</size>
         <input_file_ref idref="fl-2d"/>
      </object_component>
      <object_component id="oc-17f">
         <name>.ebss</name>
         <uninitialized>true</uninitialized>
         <run_address>0xbdd0</run_address>
         <size>0x24</size>
         <input_file_ref idref="fl-2e"/>
      </object_component>
      <object_component id="oc-186">
         <name>.ebss</name>
         <uninitialized>true</uninitialized>
         <run_address>0xbec4</run_address>
         <size>0x3a</size>
         <input_file_ref idref="fl-2f"/>
      </object_component>
      <object_component id="oc-192">
         <name>.ebss</name>
         <uninitialized>true</uninitialized>
         <run_address>0xaf3c</run_address>
         <size>0x4</size>
         <input_file_ref idref="fl-33"/>
      </object_component>
      <object_component id="oc-1a8">
         <name>.ebss</name>
         <uninitialized>true</uninitialized>
         <run_address>0xaaba</run_address>
         <size>0x4</size>
         <input_file_ref idref="fl-38"/>
      </object_component>
      <object_component id="oc-127">
         <name>OSStack</name>
         <uninitialized>true</uninitialized>
         <run_address>0xc800</run_address>
         <size>0x708</size>
         <input_file_ref idref="fl-1f"/>
      </object_component>
      <object_component id="oc-d0">
         <name>DataBuff</name>
         <uninitialized>true</uninitialized>
         <run_address>0xc000</run_address>
         <size>0x7d0</size>
         <input_file_ref idref="fl-10"/>
      </object_component>
      <object_component id="oc-1b9">
         <name>.econst:_cbCommTbl</name>
         <load_address>0x3f2e00</load_address>
         <run_address>0x3f2e00</run_address>
         <size>0x47e</size>
         <input_file_ref idref="fl-d"/>
      </object_component>
      <object_component id="oc-ad">
         <name>.econst</name>
         <load_address>0x3f327e</load_address>
         <run_address>0x3f327e</run_address>
         <size>0x100</size>
         <input_file_ref idref="fl-c"/>
      </object_component>
      <object_component id="oc-1bb">
         <name>.econst:_pFunCommRespTbl</name>
         <load_address>0x3f337e</load_address>
         <run_address>0x3f337e</run_address>
         <size>0xe6</size>
         <input_file_ref idref="fl-d"/>
      </object_component>
      <object_component id="oc-1af">
         <name>.econst:_wNTCTempSampleTab1</name>
         <load_address>0x3f3464</load_address>
         <run_address>0x3f3464</run_address>
         <size>0xb4</size>
         <input_file_ref idref="fl-3"/>
      </object_component>
      <object_component id="oc-1ce">
         <name>.econst:_cConfigNum</name>
         <load_address>0x3f3518</load_address>
         <run_address>0x3f3518</run_address>
         <size>0x7e</size>
         <input_file_ref idref="fl-14"/>
      </object_component>
      <object_component id="oc-1ba">
         <name>.econst:_cbCommLenTbl</name>
         <load_address>0x3f3596</load_address>
         <run_address>0x3f3596</run_address>
         <size>0x73</size>
         <input_file_ref idref="fl-d"/>
      </object_component>
      <object_component id="oc-1b0">
         <name>.econst:_wNTCTempSampleTab</name>
         <load_address>0x3f3609</load_address>
         <run_address>0x3f3609</run_address>
         <size>0x66</size>
         <input_file_ref idref="fl-3"/>
      </object_component>
      <object_component id="oc-1d0">
         <name>.econst:_RemindTab</name>
         <load_address>0x3f366f</load_address>
         <run_address>0x3f366f</run_address>
         <size>0x64</size>
         <input_file_ref idref="fl-14"/>
      </object_component>
      <object_component id="oc-1f3">
         <name>.econst:_cMaxChgCurTAB</name>
         <load_address>0x3f36d3</load_address>
         <run_address>0x3f36d3</run_address>
         <size>0x50</size>
         <input_file_ref idref="fl-14"/>
      </object_component>
      <object_component id="oc-1b8">
         <name>.econst:_cEepromDault12VTable2</name>
         <load_address>0x3f3723</load_address>
         <run_address>0x3f3723</run_address>
         <size>0x4c</size>
         <input_file_ref idref="fl-b"/>
      </object_component>
      <object_component id="oc-1b7">
         <name>.econst:_cEepromDault24VTable2</name>
         <load_address>0x3f376f</load_address>
         <run_address>0x3f376f</run_address>
         <size>0x4c</size>
         <input_file_ref idref="fl-b"/>
      </object_component>
      <object_component id="oc-1b6">
         <name>.econst:_cEepromDault48VTable2</name>
         <load_address>0x3f37bb</load_address>
         <run_address>0x3f37bb</run_address>
         <size>0x4c</size>
         <input_file_ref idref="fl-b"/>
      </object_component>
      <object_component id="oc-1b4">
         <name>.econst:_cEepromDaultMEX12VTable2</name>
         <load_address>0x3f3807</load_address>
         <run_address>0x3f3807</run_address>
         <size>0x4c</size>
         <input_file_ref idref="fl-b"/>
      </object_component>
      <object_component id="oc-1b3">
         <name>.econst:_cEepromDaultMEX24VTable2</name>
         <load_address>0x3f3853</load_address>
         <run_address>0x3f3853</run_address>
         <size>0x4c</size>
         <input_file_ref idref="fl-b"/>
      </object_component>
      <object_component id="oc-1b2">
         <name>.econst:_cEepromDaultMEX48VTable2</name>
         <load_address>0x3f389f</load_address>
         <run_address>0x3f389f</run_address>
         <size>0x4c</size>
         <input_file_ref idref="fl-b"/>
      </object_component>
      <object_component id="oc-1c6">
         <name>.econst:_FigureSEG_TAB</name>
         <load_address>0x3f38eb</load_address>
         <run_address>0x3f38eb</run_address>
         <size>0x38</size>
         <input_file_ref idref="fl-14"/>
      </object_component>
      <object_component id="oc-1e1">
         <name>.econst:_cBat2VoltTAB12</name>
         <load_address>0x3f3923</load_address>
         <run_address>0x3f3923</run_address>
         <size>0x30</size>
         <input_file_ref idref="fl-14"/>
      </object_component>
      <object_component id="oc-1e2">
         <name>.econst:_cBat2VoltTAB24</name>
         <load_address>0x3f3953</load_address>
         <run_address>0x3f3953</run_address>
         <size>0x30</size>
         <input_file_ref idref="fl-14"/>
      </object_component>
      <object_component id="oc-1e3">
         <name>.econst:_cBat2VoltTAB</name>
         <load_address>0x3f3983</load_address>
         <run_address>0x3f3983</run_address>
         <size>0x30</size>
         <input_file_ref idref="fl-14"/>
      </object_component>
      <object_component id="oc-1cf">
         <name>.econst:_cBmTimeoutTAB</name>
         <load_address>0x3f39b3</load_address>
         <run_address>0x3f39b3</run_address>
         <size>0x30</size>
         <input_file_ref idref="fl-14"/>
      </object_component>
      <object_component id="oc-1ee">
         <name>.econst:_cCHGCVTimerTAB</name>
         <load_address>0x3f39e3</load_address>
         <run_address>0x3f39e3</run_address>
         <size>0x30</size>
         <input_file_ref idref="fl-14"/>
      </object_component>
      <object_component id="oc-1d2">
         <name>.econst:_cBMBatVolt12TAB</name>
         <load_address>0x3f3a13</load_address>
         <run_address>0x3f3a13</run_address>
         <size>0x2c</size>
         <input_file_ref idref="fl-14"/>
      </object_component>
      <object_component id="oc-1d3">
         <name>.econst:_cBMBatVolt24TAB</name>
         <load_address>0x3f3a3f</load_address>
         <run_address>0x3f3a3f</run_address>
         <size>0x2c</size>
         <input_file_ref idref="fl-14"/>
      </object_component>
      <object_component id="oc-1d4">
         <name>.econst:_cBMBatVolt48TAB</name>
         <load_address>0x3f3a6b</load_address>
         <run_address>0x3f3a6b</run_address>
         <size>0x2c</size>
         <input_file_ref idref="fl-14"/>
      </object_component>
      <object_component id="oc-1e4">
         <name>.econst:_cBatVoltTAB12</name>
         <load_address>0x3f3a97</load_address>
         <run_address>0x3f3a97</run_address>
         <size>0x2c</size>
         <input_file_ref idref="fl-14"/>
      </object_component>
      <object_component id="oc-1e5">
         <name>.econst:_cBatVoltTAB24</name>
         <load_address>0x3f3ac3</load_address>
         <run_address>0x3f3ac3</run_address>
         <size>0x2c</size>
         <input_file_ref idref="fl-14"/>
      </object_component>
      <object_component id="oc-1e6">
         <name>.econst:_cBatVoltTAB</name>
         <load_address>0x3f3aef</load_address>
         <run_address>0x3f3aef</run_address>
         <size>0x2c</size>
         <input_file_ref idref="fl-14"/>
      </object_component>
      <object_component id="oc-1b1">
         <name>.econst:_StrConfigDefault_TBL</name>
         <load_address>0x3f3b1b</load_address>
         <run_address>0x3f3b1b</run_address>
         <size>0x2a</size>
         <input_file_ref idref="fl-9"/>
      </object_component>
      <object_component id="oc-1c5">
         <name>.econst:_Seg7CodeTab</name>
         <load_address>0x3f3b45</load_address>
         <run_address>0x3f3b45</run_address>
         <size>0x27</size>
         <input_file_ref idref="fl-14"/>
      </object_component>
      <object_component id="oc-1e7">
         <name>.econst:_cMaxACChgCurTAB</name>
         <load_address>0x3f3b6c</load_address>
         <run_address>0x3f3b6c</run_address>
         <size>0x24</size>
         <input_file_ref idref="fl-14"/>
      </object_component>
      <object_component id="oc-1c2">
         <name>.econst:_gc_uwOSFMainRlyOnMode</name>
         <load_address>0x3f3b90</load_address>
         <run_address>0x3f3b90</run_address>
         <size>0x20</size>
         <input_file_ref idref="fl-12"/>
      </object_component>
      <object_component id="oc-1c3">
         <name>.econst:_gc_uwSBUMainRlyOnMode</name>
         <load_address>0x3f3bb0</load_address>
         <run_address>0x3f3bb0</run_address>
         <size>0x20</size>
         <input_file_ref idref="fl-12"/>
      </object_component>
      <object_component id="oc-1b5">
         <name>.econst:_cEepromDaultTable1</name>
         <load_address>0x3f3bd0</load_address>
         <run_address>0x3f3bd0</run_address>
         <size>0x1f</size>
         <input_file_ref idref="fl-b"/>
      </object_component>
      <object_component id="oc-1d9">
         <name>.econst:_cBATVOLTAB</name>
         <load_address>0x3f3bef</load_address>
         <run_address>0x3f3bef</run_address>
         <size>0x1c</size>
         <input_file_ref idref="fl-14"/>
      </object_component>
      <object_component id="oc-1d1">
         <name>.econst:_cBmIntervalTAB</name>
         <load_address>0x3f3c0b</load_address>
         <run_address>0x3f3c0b</run_address>
         <size>0x1c</size>
         <input_file_ref idref="fl-14"/>
      </object_component>
      <object_component id="oc-1d6">
         <name>.econst:_cOPModeTAB</name>
         <load_address>0x3f3c27</load_address>
         <run_address>0x3f3c27</run_address>
         <size>0x1c</size>
         <input_file_ref idref="fl-14"/>
      </object_component>
      <object_component id="oc-1cc">
         <name>.econst:_FactoryKpKiTab</name>
         <load_address>0x3f3c43</load_address>
         <run_address>0x3f3c43</run_address>
         <size>0x18</size>
         <input_file_ref idref="fl-14"/>
      </object_component>
      <object_component id="oc-1ca">
         <name>.econst:_FactoryRemindTab</name>
         <load_address>0x3f3c5b</load_address>
         <run_address>0x3f3c5b</run_address>
         <size>0x14</size>
         <input_file_ref idref="fl-14"/>
      </object_component>
      <object_component id="oc-1e8">
         <name>.econst:_cMaxSolarChgCurTAB</name>
         <load_address>0x3f3c6f</load_address>
         <run_address>0x3f3c6f</run_address>
         <size>0x14</size>
         <input_file_ref idref="fl-14"/>
      </object_component>
      <object_component id="oc-1cb">
         <name>.econst:_FactoryChgSetTab</name>
         <load_address>0x3f3c83</load_address>
         <run_address>0x3f3c83</run_address>
         <size>0x10</size>
         <input_file_ref idref="fl-14"/>
      </object_component>
      <object_component id="oc-1f0">
         <name>.econst:_cBatTypeTAB</name>
         <load_address>0x3f3c93</load_address>
         <run_address>0x3f3c93</run_address>
         <size>0x10</size>
         <input_file_ref idref="fl-14"/>
      </object_component>
      <object_component id="oc-1e0">
         <name>.econst:_cChgSourceTAB</name>
         <load_address>0x3f3ca3</load_address>
         <run_address>0x3f3ca3</run_address>
         <size>0x10</size>
         <input_file_ref idref="fl-14"/>
      </object_component>
      <object_component id="oc-1c9">
         <name>.econst:_cFactoryConfigNum</name>
         <load_address>0x3f3cb3</load_address>
         <run_address>0x3f3cb3</run_address>
         <size>0xf</size>
         <input_file_ref idref="fl-14"/>
      </object_component>
      <object_component id="oc-1ef">
         <name>.econst:_cCHGStageTAB</name>
         <load_address>0x3f3cc2</load_address>
         <run_address>0x3f3cc2</run_address>
         <size>0xc</size>
         <input_file_ref idref="fl-14"/>
      </object_component>
      <object_component id="oc-1f4">
         <name>.econst:_cOpSourceTAB</name>
         <load_address>0x3f3cce</load_address>
         <run_address>0x3f3cce</run_address>
         <size>0xc</size>
         <input_file_ref idref="fl-14"/>
      </object_component>
      <object_component id="oc-1f1">
         <name>.econst:_cPowerSaveTAB</name>
         <load_address>0x3f3cda</load_address>
         <run_address>0x3f3cda</run_address>
         <size>0xc</size>
         <input_file_ref idref="fl-14"/>
      </object_component>
      <object_component id="oc-1eb">
         <name>.econst:_cVOLTTAB</name>
         <load_address>0x3f3ce6</load_address>
         <run_address>0x3f3ce6</run_address>
         <size>0xc</size>
         <input_file_ref idref="fl-14"/>
      </object_component>
      <object_component id="oc-1f2">
         <name>.econst:_cAcRangeTAB</name>
         <load_address>0x3f3cf2</load_address>
         <run_address>0x3f3cf2</run_address>
         <size>0x8</size>
         <input_file_ref idref="fl-14"/>
      </object_component>
      <object_component id="oc-1e9">
         <name>.econst:_cBATCHGSOURCETAB</name>
         <load_address>0x3f3cfa</load_address>
         <run_address>0x3f3cfa</run_address>
         <size>0x8</size>
         <input_file_ref idref="fl-14"/>
      </object_component>
      <object_component id="oc-1df">
         <name>.econst:_cBMS_SETTAB</name>
         <load_address>0x3f3d02</load_address>
         <run_address>0x3f3d02</run_address>
         <size>0x8</size>
         <input_file_ref idref="fl-14"/>
      </object_component>
      <object_component id="oc-1d5">
         <name>.econst:_cBmActiveTAB</name>
         <load_address>0x3f3d0a</load_address>
         <run_address>0x3f3d0a</run_address>
         <size>0x8</size>
         <input_file_ref idref="fl-14"/>
      </object_component>
      <object_component id="oc-1db">
         <name>.econst:_cDATALOGPOPTAB</name>
         <load_address>0x3f3d12</load_address>
         <run_address>0x3f3d12</run_address>
         <size>0x8</size>
         <input_file_ref idref="fl-14"/>
      </object_component>
      <object_component id="oc-1dd">
         <name>.econst:_cEnaDisTAB</name>
         <load_address>0x3f3d1a</load_address>
         <run_address>0x3f3d1a</run_address>
         <size>0x8</size>
         <input_file_ref idref="fl-14"/>
      </object_component>
      <object_component id="oc-1d8">
         <name>.econst:_cEqActiveTAB</name>
         <load_address>0x3f3d22</load_address>
         <run_address>0x3f3d22</run_address>
         <size>0x8</size>
         <input_file_ref idref="fl-14"/>
      </object_component>
      <object_component id="oc-1da">
         <name>.econst:_cEqEnaTAB</name>
         <load_address>0x3f3d2a</load_address>
         <run_address>0x3f3d2a</run_address>
         <size>0x8</size>
         <input_file_ref idref="fl-14"/>
      </object_component>
      <object_component id="oc-1dc">
         <name>.econst:_cFaultRecordTAB</name>
         <load_address>0x3f3d32</load_address>
         <run_address>0x3f3d32</run_address>
         <size>0x8</size>
         <input_file_ref idref="fl-14"/>
      </object_component>
      <object_component id="oc-1ea">
         <name>.econst:_cFreqTAB</name>
         <load_address>0x3f3d3a</load_address>
         <run_address>0x3f3d3a</run_address>
         <size>0x8</size>
         <input_file_ref idref="fl-14"/>
      </object_component>
      <object_component id="oc-1de">
         <name>.econst:_cMipoffAlarmTAB</name>
         <load_address>0x3f3d42</load_address>
         <run_address>0x3f3d42</run_address>
         <size>0x8</size>
         <input_file_ref idref="fl-14"/>
      </object_component>
      <object_component id="oc-1ed">
         <name>.econst:_cOvldRestartTAB</name>
         <load_address>0x3f3d4a</load_address>
         <run_address>0x3f3d4a</run_address>
         <size>0x8</size>
         <input_file_ref idref="fl-14"/>
      </object_component>
      <object_component id="oc-1ec">
         <name>.econst:_cOvtmpRestartTAB</name>
         <load_address>0x3f3d52</load_address>
         <run_address>0x3f3d52</run_address>
         <size>0x8</size>
         <input_file_ref idref="fl-14"/>
      </object_component>
      <object_component id="oc-1d7">
         <name>.econst:_cPowerKeyModeTAB</name>
         <load_address>0x3f3d5a</load_address>
         <run_address>0x3f3d5a</run_address>
         <size>0x8</size>
         <input_file_ref idref="fl-14"/>
      </object_component>
      <object_component id="oc-1bc">
         <name>.econst:_$P$T0$9</name>
         <load_address>0x3f3d62</load_address>
         <run_address>0x3f3d62</run_address>
         <size>0x7</size>
         <input_file_ref idref="fl-d"/>
      </object_component>
      <object_component id="oc-1c8">
         <name>.econst:_PasswordTab</name>
         <load_address>0x3f3d69</load_address>
         <run_address>0x3f3d69</run_address>
         <size>0x4</size>
         <input_file_ref idref="fl-14"/>
      </object_component>
      <object_component id="oc-1cd">
         <name>.econst:_cConfigStr</name>
         <load_address>0x3f3d6d</load_address>
         <run_address>0x3f3d6d</run_address>
         <size>0x4</size>
         <input_file_ref idref="fl-14"/>
      </object_component>
      <object_component id="oc-1c0">
         <name>.econst:_gc_uwCSFMainRlyOffMode</name>
         <load_address>0x3f3d71</load_address>
         <run_address>0x3f3d71</run_address>
         <size>0x4</size>
         <input_file_ref idref="fl-12"/>
      </object_component>
      <object_component id="oc-1c4">
         <name>.econst:_gc_uwOUFMainRlyOnMode</name>
         <load_address>0x3f3d75</load_address>
         <run_address>0x3f3d75</run_address>
         <size>0x4</size>
         <input_file_ref idref="fl-12"/>
      </object_component>
      <object_component id="oc-1c7">
         <name>.econst:_cFramTable</name>
         <load_address>0x3f3d79</load_address>
         <run_address>0x3f3d79</run_address>
         <size>0x2</size>
         <input_file_ref idref="fl-14"/>
      </object_component>
      <object_component id="oc-1c1">
         <name>.econst:_gc_uwCUFCSUFMainRlyOffMode</name>
         <load_address>0x3f3d7b</load_address>
         <run_address>0x3f3d7b</run_address>
         <size>0x2</size>
         <input_file_ref idref="fl-12"/>
      </object_component>
      <object_component id="oc-1bd">
         <name>.switch:_swWriteEESetting</name>
         <load_address>0x3f3d7e</load_address>
         <run_address>0x3f3d7e</run_address>
         <size>0x60</size>
         <input_file_ref idref="fl-10"/>
      </object_component>
      <object_component id="oc-1be">
         <name>.switch:_swWriteATESetting</name>
         <load_address>0x3f3dde</load_address>
         <run_address>0x3f3dde</run_address>
         <size>0x4a</size>
         <input_file_ref idref="fl-10"/>
      </object_component>
      <object_component id="oc-1bf">
         <name>.switch:_swWriteRecordCmd</name>
         <load_address>0x3f3e28</load_address>
         <run_address>0x3f3e28</run_address>
         <size>0x30</size>
         <input_file_ref idref="fl-10"/>
      </object_component>
      <object_component id="oc-50">
         <name>.startcode</name>
         <load_address>0x3f3efe</load_address>
         <run_address>0x3f3efe</run_address>
         <size>0x2f</size>
         <input_file_ref idref="fl-4"/>
      </object_component>
      <object_component id="oc-f1">
         <name>flashflag</name>
         <load_address>0x3f3ffe</load_address>
         <run_address>0x3f3ffe</run_address>
         <size>0x1</size>
         <input_file_ref idref="fl-15"/>
      </object_component>
      <object_component id="oc-18b">
         <name>.reset</name>
         <load_address>0x3fffc0</load_address>
         <run_address>0x3fffc0</run_address>
         <size>0x2</size>
         <input_file_ref idref="fl-32"/>
      </object_component>
      <object_component id="oc-f0">
         <name>CsmPwlFile</name>
         <load_address>0x3f7ff8</load_address>
         <run_address>0x3f7ff8</run_address>
         <size>0x8</size>
         <input_file_ref idref="fl-15"/>
      </object_component>
      <object_component id="oc-8c">
         <name>PieVectTableFile</name>
         <uninitialized>true</uninitialized>
         <run_address>0xd00</run_address>
         <size>0x100</size>
         <input_file_ref idref="fl-7"/>
      </object_component>
      <object_component id="oc-60">
         <name>DevEmuRegsFile</name>
         <uninitialized>true</uninitialized>
         <run_address>0x880</run_address>
         <size>0x4</size>
         <input_file_ref idref="fl-7"/>
      </object_component>
      <object_component id="oc-5f">
         <name>SysPwrCtrlRegsFile</name>
         <uninitialized>true</uninitialized>
         <run_address>0x985</run_address>
         <size>0x3</size>
         <input_file_ref idref="fl-7"/>
      </object_component>
      <object_component id="oc-63">
         <name>FlashRegsFile</name>
         <uninitialized>true</uninitialized>
         <run_address>0xa80</run_address>
         <size>0x8</size>
         <input_file_ref idref="fl-7"/>
      </object_component>
      <object_component id="oc-6c">
         <name>CsmRegsFile</name>
         <uninitialized>true</uninitialized>
         <run_address>0xae0</run_address>
         <size>0x10</size>
         <input_file_ref idref="fl-7"/>
      </object_component>
      <object_component id="oc-6a">
         <name>AdcResultFile</name>
         <uninitialized>true</uninitialized>
         <run_address>0xb00</run_address>
         <size>0x10</size>
         <input_file_ref idref="fl-7"/>
      </object_component>
      <object_component id="oc-64">
         <name>CpuTimer0RegsFile</name>
         <uninitialized>true</uninitialized>
         <run_address>0xc00</run_address>
         <size>0x8</size>
         <input_file_ref idref="fl-7"/>
      </object_component>
      <object_component id="oc-61">
         <name>CpuTimer1RegsFile</name>
         <uninitialized>true</uninitialized>
         <run_address>0xc08</run_address>
         <size>0x8</size>
         <input_file_ref idref="fl-7"/>
      </object_component>
      <object_component id="oc-62">
         <name>CpuTimer2RegsFile</name>
         <uninitialized>true</uninitialized>
         <run_address>0xc10</run_address>
         <size>0x8</size>
         <input_file_ref idref="fl-7"/>
      </object_component>
      <object_component id="oc-70">
         <name>PieCtrlRegsFile</name>
         <uninitialized>true</uninitialized>
         <run_address>0xce0</run_address>
         <size>0x1a</size>
         <input_file_ref idref="fl-7"/>
      </object_component>
      <object_component id="oc-7e">
         <name>ECanaRegsFile</name>
         <uninitialized>true</uninitialized>
         <run_address>0x6000</run_address>
         <size>0x34</size>
         <input_file_ref idref="fl-7"/>
      </object_component>
      <object_component id="oc-83">
         <name>ECanaLAMRegsFile</name>
         <uninitialized>true</uninitialized>
         <run_address>0x6040</run_address>
         <size>0x40</size>
         <input_file_ref idref="fl-7"/>
      </object_component>
      <object_component id="oc-8d">
         <name>ECanaMboxesFile</name>
         <uninitialized>true</uninitialized>
         <run_address>0x6100</run_address>
         <size>0x100</size>
         <input_file_ref idref="fl-7"/>
      </object_component>
      <object_component id="oc-81">
         <name>ECanaMOTSRegsFile</name>
         <uninitialized>true</uninitialized>
         <run_address>0x6080</run_address>
         <size>0x40</size>
         <input_file_ref idref="fl-7"/>
      </object_component>
      <object_component id="oc-82">
         <name>ECanaMOTORegsFile</name>
         <uninitialized>true</uninitialized>
         <run_address>0x60c0</run_address>
         <size>0x40</size>
         <input_file_ref idref="fl-7"/>
      </object_component>
      <object_component id="oc-79">
         <name>ECap1RegsFile</name>
         <uninitialized>true</uninitialized>
         <run_address>0x6a00</run_address>
         <size>0x20</size>
         <input_file_ref idref="fl-7"/>
      </object_component>
      <object_component id="oc-78">
         <name>ECap2RegsFile</name>
         <uninitialized>true</uninitialized>
         <run_address>0x6a20</run_address>
         <size>0x20</size>
         <input_file_ref idref="fl-7"/>
      </object_component>
      <object_component id="oc-77">
         <name>ECap3RegsFile</name>
         <uninitialized>true</uninitialized>
         <run_address>0x6a40</run_address>
         <size>0x20</size>
         <input_file_ref idref="fl-7"/>
      </object_component>
      <object_component id="oc-7c">
         <name>EQep1RegsFile</name>
         <uninitialized>true</uninitialized>
         <run_address>0x6b00</run_address>
         <size>0x22</size>
         <input_file_ref idref="fl-7"/>
      </object_component>
      <object_component id="oc-7b">
         <name>EQep2RegsFile</name>
         <uninitialized>true</uninitialized>
         <run_address>0x6b40</run_address>
         <size>0x22</size>
         <input_file_ref idref="fl-7"/>
      </object_component>
      <object_component id="oc-86">
         <name>GpioCtrlRegsFile</name>
         <uninitialized>true</uninitialized>
         <run_address>0x6f80</run_address>
         <size>0x40</size>
         <input_file_ref idref="fl-7"/>
      </object_component>
      <object_component id="oc-72">
         <name>GpioDataRegsFile</name>
         <uninitialized>true</uninitialized>
         <run_address>0x6fc0</run_address>
         <size>0x20</size>
         <input_file_ref idref="fl-7"/>
      </object_component>
      <object_component id="oc-71">
         <name>GpioIntRegsFile</name>
         <uninitialized>true</uninitialized>
         <run_address>0x6fe0</run_address>
         <size>0x20</size>
         <input_file_ref idref="fl-7"/>
      </object_component>
      <object_component id="oc-75">
         <name>HRCap1RegsFile</name>
         <uninitialized>true</uninitialized>
         <run_address>0x6ac0</run_address>
         <size>0x20</size>
         <input_file_ref idref="fl-7"/>
      </object_component>
      <object_component id="oc-76">
         <name>HRCap2RegsFile</name>
         <uninitialized>true</uninitialized>
         <run_address>0x6ae0</run_address>
         <size>0x20</size>
         <input_file_ref idref="fl-7"/>
      </object_component>
      <object_component id="oc-73">
         <name>HRCap3RegsFile</name>
         <uninitialized>true</uninitialized>
         <run_address>0x6c80</run_address>
         <size>0x20</size>
         <input_file_ref idref="fl-7"/>
      </object_component>
      <object_component id="oc-74">
         <name>HRCap4RegsFile</name>
         <uninitialized>true</uninitialized>
         <run_address>0x6ca0</run_address>
         <size>0x20</size>
         <input_file_ref idref="fl-7"/>
      </object_component>
      <object_component id="oc-7d">
         <name>SysCtrlRegsFile</name>
         <uninitialized>true</uninitialized>
         <run_address>0x7010</run_address>
         <size>0x30</size>
         <input_file_ref idref="fl-7"/>
      </object_component>
      <object_component id="oc-65">
         <name>SpiaRegsFile</name>
         <uninitialized>true</uninitialized>
         <run_address>0x7040</run_address>
         <size>0x10</size>
         <input_file_ref idref="fl-7"/>
      </object_component>
      <object_component id="oc-69">
         <name>SpibRegsFile</name>
         <uninitialized>true</uninitialized>
         <run_address>0x7740</run_address>
         <size>0x10</size>
         <input_file_ref idref="fl-7"/>
      </object_component>
      <object_component id="oc-66">
         <name>SciaRegsFile</name>
         <uninitialized>true</uninitialized>
         <run_address>0x7050</run_address>
         <size>0x10</size>
         <input_file_ref idref="fl-7"/>
      </object_component>
      <object_component id="oc-68">
         <name>ScibRegsFile</name>
         <uninitialized>true</uninitialized>
         <run_address>0x7750</run_address>
         <size>0x10</size>
         <input_file_ref idref="fl-7"/>
      </object_component>
      <object_component id="oc-67">
         <name>NmiIntruptRegsFile</name>
         <uninitialized>true</uninitialized>
         <run_address>0x7060</run_address>
         <size>0x10</size>
         <input_file_ref idref="fl-7"/>
      </object_component>
      <object_component id="oc-6b">
         <name>XIntruptRegsFile</name>
         <uninitialized>true</uninitialized>
         <run_address>0x7070</run_address>
         <size>0x10</size>
         <input_file_ref idref="fl-7"/>
      </object_component>
      <object_component id="oc-8b">
         <name>AdcRegsFile</name>
         <uninitialized>true</uninitialized>
         <run_address>0x7100</run_address>
         <size>0x50</size>
         <input_file_ref idref="fl-7"/>
      </object_component>
      <object_component id="oc-7a">
         <name>I2caRegsFile</name>
         <uninitialized>true</uninitialized>
         <run_address>0x7900</run_address>
         <size>0x22</size>
         <input_file_ref idref="fl-7"/>
      </object_component>
      <object_component id="oc-6f">
         <name>Comp1RegsFile</name>
         <uninitialized>true</uninitialized>
         <run_address>0x6400</run_address>
         <size>0x14</size>
         <input_file_ref idref="fl-7"/>
      </object_component>
      <object_component id="oc-6e">
         <name>Comp2RegsFile</name>
         <uninitialized>true</uninitialized>
         <run_address>0x6420</run_address>
         <size>0x14</size>
         <input_file_ref idref="fl-7"/>
      </object_component>
      <object_component id="oc-6d">
         <name>Comp3RegsFile</name>
         <uninitialized>true</uninitialized>
         <run_address>0x6440</run_address>
         <size>0x14</size>
         <input_file_ref idref="fl-7"/>
      </object_component>
      <object_component id="oc-7f">
         <name>EPwm1RegsFile</name>
         <uninitialized>true</uninitialized>
         <run_address>0x6800</run_address>
         <size>0x40</size>
         <input_file_ref idref="fl-7"/>
      </object_component>
      <object_component id="oc-80">
         <name>EPwm2RegsFile</name>
         <uninitialized>true</uninitialized>
         <run_address>0x6840</run_address>
         <size>0x40</size>
         <input_file_ref idref="fl-7"/>
      </object_component>
      <object_component id="oc-89">
         <name>EPwm3RegsFile</name>
         <uninitialized>true</uninitialized>
         <run_address>0x6880</run_address>
         <size>0x40</size>
         <input_file_ref idref="fl-7"/>
      </object_component>
      <object_component id="oc-88">
         <name>EPwm4RegsFile</name>
         <uninitialized>true</uninitialized>
         <run_address>0x68c0</run_address>
         <size>0x40</size>
         <input_file_ref idref="fl-7"/>
      </object_component>
      <object_component id="oc-8a">
         <name>EPwm5RegsFile</name>
         <uninitialized>true</uninitialized>
         <run_address>0x6900</run_address>
         <size>0x40</size>
         <input_file_ref idref="fl-7"/>
      </object_component>
      <object_component id="oc-85">
         <name>EPwm6RegsFile</name>
         <uninitialized>true</uninitialized>
         <run_address>0x6940</run_address>
         <size>0x40</size>
         <input_file_ref idref="fl-7"/>
      </object_component>
      <object_component id="oc-84">
         <name>EPwm7RegsFile</name>
         <uninitialized>true</uninitialized>
         <run_address>0x6980</run_address>
         <size>0x40</size>
         <input_file_ref idref="fl-7"/>
      </object_component>
      <object_component id="oc-87">
         <name>EPwm8RegsFile</name>
         <uninitialized>true</uninitialized>
         <run_address>0x69c0</run_address>
         <size>0x40</size>
         <input_file_ref idref="fl-7"/>
      </object_component>
      <object_component id="oc-5e">
         <name>PartIdRegsFile</name>
         <uninitialized>true</uninitialized>
         <run_address>0x3d7e80</run_address>
         <size>0x1</size>
         <input_file_ref idref="fl-7"/>
      </object_component>
      <object_component id="oc-4a">
         <name>.debug_info</name>
         <load_address>0x0</load_address>
         <run_address>0x0</run_address>
         <size>0x8fe3</size>
         <input_file_ref idref="fl-3"/>
      </object_component>
      <object_component id="oc-51">
         <name>.debug_info</name>
         <load_address>0x8fe3</load_address>
         <run_address>0x8fe3</run_address>
         <size>0xeb</size>
         <input_file_ref idref="fl-4"/>
      </object_component>
      <object_component id="oc-55">
         <name>.debug_info</name>
         <load_address>0x90ce</load_address>
         <run_address>0x90ce</run_address>
         <size>0xf9</size>
         <input_file_ref idref="fl-5"/>
      </object_component>
      <object_component id="oc-58">
         <name>.debug_info</name>
         <load_address>0x91c7</load_address>
         <run_address>0x91c7</run_address>
         <size>0x431f</size>
         <input_file_ref idref="fl-6"/>
      </object_component>
      <object_component id="oc-5d">
         <name>.debug_info</name>
         <load_address>0xd4e6</load_address>
         <run_address>0xd4e6</run_address>
         <size>0x11829</size>
         <input_file_ref idref="fl-7"/>
      </object_component>
      <object_component id="oc-90">
         <name>.debug_info</name>
         <load_address>0x1ed0f</load_address>
         <run_address>0x1ed0f</run_address>
         <size>0x4e2e</size>
         <input_file_ref idref="fl-8"/>
      </object_component>
      <object_component id="oc-97">
         <name>.debug_info</name>
         <load_address>0x23b3d</load_address>
         <run_address>0x23b3d</run_address>
         <size>0xcbf</size>
         <input_file_ref idref="fl-9"/>
      </object_component>
      <object_component id="oc-9d">
         <name>.debug_info</name>
         <load_address>0x247fc</load_address>
         <run_address>0x247fc</run_address>
         <size>0x5cab</size>
         <input_file_ref idref="fl-a"/>
      </object_component>
      <object_component id="oc-a4">
         <name>.debug_info</name>
         <load_address>0x2a4a7</load_address>
         <run_address>0x2a4a7</run_address>
         <size>0xd39e</size>
         <input_file_ref idref="fl-b"/>
      </object_component>
      <object_component id="oc-ab">
         <name>.debug_info</name>
         <load_address>0x37845</load_address>
         <run_address>0x37845</run_address>
         <size>0xbe96</size>
         <input_file_ref idref="fl-c"/>
      </object_component>
      <object_component id="oc-b3">
         <name>.debug_info</name>
         <load_address>0x436db</load_address>
         <run_address>0x436db</run_address>
         <size>0x15386</size>
         <input_file_ref idref="fl-d"/>
      </object_component>
      <object_component id="oc-bc">
         <name>.debug_info</name>
         <load_address>0x58a61</load_address>
         <run_address>0x58a61</run_address>
         <size>0x11af4</size>
         <input_file_ref idref="fl-e"/>
      </object_component>
      <object_component id="oc-c6">
         <name>.debug_info</name>
         <load_address>0x6a555</load_address>
         <run_address>0x6a555</run_address>
         <size>0x8734</size>
         <input_file_ref idref="fl-f"/>
      </object_component>
      <object_component id="oc-cd">
         <name>.debug_info</name>
         <load_address>0x72c89</load_address>
         <run_address>0x72c89</run_address>
         <size>0x92f9</size>
         <input_file_ref idref="fl-10"/>
      </object_component>
      <object_component id="oc-d6">
         <name>.debug_info</name>
         <load_address>0x7bf82</load_address>
         <run_address>0x7bf82</run_address>
         <size>0xdb7a</size>
         <input_file_ref idref="fl-11"/>
      </object_component>
      <object_component id="oc-dd">
         <name>.debug_info</name>
         <load_address>0x89afc</load_address>
         <run_address>0x89afc</run_address>
         <size>0xe451</size>
         <input_file_ref idref="fl-12"/>
      </object_component>
      <object_component id="oc-e4">
         <name>.debug_info</name>
         <load_address>0x97f4d</load_address>
         <run_address>0x97f4d</run_address>
         <size>0x1d50</size>
         <input_file_ref idref="fl-13"/>
      </object_component>
      <object_component id="oc-ea">
         <name>.debug_info</name>
         <load_address>0x99c9d</load_address>
         <run_address>0x99c9d</run_address>
         <size>0xb343</size>
         <input_file_ref idref="fl-14"/>
      </object_component>
      <object_component id="oc-f3">
         <name>.debug_info</name>
         <load_address>0xa4fe0</load_address>
         <run_address>0xa4fe0</run_address>
         <size>0x71c</size>
         <input_file_ref idref="fl-16"/>
      </object_component>
      <object_component id="oc-f7">
         <name>.debug_info</name>
         <load_address>0xa56fc</load_address>
         <run_address>0xa56fc</run_address>
         <size>0x2dd</size>
         <input_file_ref idref="fl-17"/>
      </object_component>
      <object_component id="oc-fc">
         <name>.debug_info</name>
         <load_address>0xa59d9</load_address>
         <run_address>0xa59d9</run_address>
         <size>0x7ea3</size>
         <input_file_ref idref="fl-18"/>
      </object_component>
      <object_component id="oc-102">
         <name>.debug_info</name>
         <load_address>0xad87c</load_address>
         <run_address>0xad87c</run_address>
         <size>0x862</size>
         <input_file_ref idref="fl-19"/>
      </object_component>
      <object_component id="oc-109">
         <name>.debug_info</name>
         <load_address>0xae0de</load_address>
         <run_address>0xae0de</run_address>
         <size>0xdec</size>
         <input_file_ref idref="fl-1a"/>
      </object_component>
      <object_component id="oc-10e">
         <name>.debug_info</name>
         <load_address>0xaeeca</load_address>
         <run_address>0xaeeca</run_address>
         <size>0x16ef</size>
         <input_file_ref idref="fl-1b"/>
      </object_component>
      <object_component id="oc-113">
         <name>.debug_info</name>
         <load_address>0xb05b9</load_address>
         <run_address>0xb05b9</run_address>
         <size>0x18fa</size>
         <input_file_ref idref="fl-1c"/>
      </object_component>
      <object_component id="oc-11a">
         <name>.debug_info</name>
         <load_address>0xb1eb3</load_address>
         <run_address>0xb1eb3</run_address>
         <size>0x66f</size>
         <input_file_ref idref="fl-1d"/>
      </object_component>
      <object_component id="oc-11f">
         <name>.debug_info</name>
         <load_address>0xb2522</load_address>
         <run_address>0xb2522</run_address>
         <size>0x2d29</size>
         <input_file_ref idref="fl-1e"/>
      </object_component>
      <object_component id="oc-124">
         <name>.debug_info</name>
         <load_address>0xb524b</load_address>
         <run_address>0xb524b</run_address>
         <size>0x853</size>
         <input_file_ref idref="fl-1f"/>
      </object_component>
      <object_component id="oc-12c">
         <name>.debug_info</name>
         <load_address>0xb5a9e</load_address>
         <run_address>0xb5a9e</run_address>
         <size>0x67c</size>
         <input_file_ref idref="fl-20"/>
      </object_component>
      <object_component id="oc-131">
         <name>.debug_info</name>
         <load_address>0xb611a</load_address>
         <run_address>0xb611a</run_address>
         <size>0x84d</size>
         <input_file_ref idref="fl-21"/>
      </object_component>
      <object_component id="oc-137">
         <name>.debug_info</name>
         <load_address>0xb6967</load_address>
         <run_address>0xb6967</run_address>
         <size>0x52d</size>
         <input_file_ref idref="fl-22"/>
      </object_component>
      <object_component id="oc-13c">
         <name>.debug_info</name>
         <load_address>0xb6e94</load_address>
[...]
      </symbol>
      <symbol id="sm-29af">
         <name>_swGetROPPercent</name>
         <value>0x3e61b1</value>
         <object_component_ref idref="oc-17c"/>
      </symbol>
      <symbol id="sm-29b0">
         <name>_sOPPowerBatPercentMaxCal</name>
         <value>0x3e6241</value>
         <object_component_ref idref="oc-17c"/>
      </symbol>
      <symbol id="sm-29b1">
         <name>_wLoadWatt</name>
         <value>0xbdd8</value>
         <object_component_ref idref="oc-17f"/>
      </symbol>
      <symbol id="sm-29b2">
         <name>_wROPCurrentNew</name>
         <value>0xbdd4</value>
         <object_component_ref idref="oc-17f"/>
      </symbol>
      <symbol id="sm-29b3">
         <name>_wLoadPercent</name>
         <value>0xbdd9</value>
         <object_component_ref idref="oc-17f"/>
      </symbol>
      <symbol id="sm-29b4">
         <name>_wInvVAPercent</name>
         <value>0xbde0</value>
         <object_component_ref idref="oc-17f"/>
      </symbol>
      <symbol id="sm-29b5">
         <name>_swGetLoadWatt</name>
         <value>0x3e61c5</value>
         <object_component_ref idref="oc-17c"/>
      </symbol>
      <symbol id="sm-29b6">
         <name>_dwBatWatt</name>
         <value>0xbdee</value>
         <object_component_ref idref="oc-17f"/>
      </symbol>
      <symbol id="sm-29b7">
         <name>_sdwGetOPVA</name>
         <value>0x3e61d5</value>
         <object_component_ref idref="oc-17c"/>
      </symbol>
      <symbol id="sm-29b8">
         <name>_wRLowOPCurrentNew</name>
         <value>0xbdd5</value>
         <object_component_ref idref="oc-17f"/>
      </symbol>
      <symbol id="sm-29b9">
         <name>_wInvWattPercent</name>
         <value>0xbdde</value>
         <object_component_ref idref="oc-17f"/>
      </symbol>
      <symbol id="sm-29ba">
         <name>_sSetROPCurrentAdj</name>
         <value>0x3e61d9</value>
         <object_component_ref idref="oc-17c"/>
      </symbol>
      <symbol id="sm-29bb">
         <name>_dwOPWatt</name>
         <value>0xbdea</value>
         <object_component_ref idref="oc-17f"/>
      </symbol>
      <symbol id="sm-29bc">
         <name>_sOPWattCal</name>
         <value>0x3e61ef</value>
         <object_component_ref idref="oc-17c"/>
      </symbol>
      <symbol id="sm-29bd">
         <name>_wOPPowerPercent</name>
         <value>0xbdd3</value>
         <object_component_ref idref="oc-17f"/>
      </symbol>
      <symbol id="sm-29be">
         <name>_dwOPVA</name>
         <value>0xbde6</value>
         <object_component_ref idref="oc-17f"/>
      </symbol>
      <symbol id="sm-29bf">
         <name>_sROPCurrentAdj</name>
         <value>0x3e61e7</value>
         <object_component_ref idref="oc-17c"/>
      </symbol>
      <symbol id="sm-29c0">
         <name>_dwLowInvVA</name>
         <value>0xbde4</value>
         <object_component_ref idref="oc-17f"/>
      </symbol>
      <symbol id="sm-29c1">
         <name>_wOPVABatPercent</name>
         <value>0xbddd</value>
         <object_component_ref idref="oc-17f"/>
      </symbol>
      <symbol id="sm-29c2">
         <name>_swGetLoadPercent</name>
         <value>0x3e61cd</value>
         <object_component_ref idref="oc-17c"/>
      </symbol>
      <symbol id="sm-29c3">
         <name>_wOPWattBatPercent</name>
         <value>0xbdd2</value>
         <object_component_ref idref="oc-17f"/>
      </symbol>
      <symbol id="sm-29c4">
         <name>_sOPVACal</name>
         <value>0x3e61f9</value>
         <object_component_ref idref="oc-17c"/>
      </symbol>
      <symbol id="sm-29c5">
         <name>_wROPCurrentAdj</name>
         <value>0xbdd6</value>
         <object_component_ref idref="oc-17f"/>
      </symbol>
      <symbol id="sm-29c6">
         <name>_sLoadModuleInitial</name>
         <value>0x3e62ab</value>
         <object_component_ref idref="oc-17c"/>
      </symbol>
      <symbol id="sm-29c7">
         <name>_sSetRLoadWattAdj</name>
         <value>0x3e61e0</value>
         <object_component_ref idref="oc-17c"/>
      </symbol>
      <symbol id="sm-29c8">
         <name>_wInvPowerPercent</name>
         <value>0xbddf</value>
         <object_component_ref idref="oc-17f"/>
      </symbol>
      <symbol id="sm-29c9">
         <name>_sRLowOPCurrentAdj</name>
         <value>0x3e61eb</value>
         <object_component_ref idref="oc-17c"/>
      </symbol>
      <symbol id="sm-29ca">
         <name>_g_uwLoadAbnormalFlg</name>
         <value>0xbddb</value>
         <object_component_ref idref="oc-17f"/>
      </symbol>
      <symbol id="sm-29cb">
         <name>_swGetRLoadVAPercent</name>
         <value>0x3e61c1</value>
         <object_component_ref idref="oc-17c"/>
      </symbol>
      <symbol id="sm-29cc">
         <name>_wLoadVA</name>
         <value>0xbdda</value>
         <object_component_ref idref="oc-17f"/>
      </symbol>
      <symbol id="sm-29cd">
         <name>_sOPPowerPercentMaxCal</name>
         <value>0x3e6204</value>
         <object_component_ref idref="oc-17c"/>
      </symbol>
      <symbol id="sm-29ce">
         <name>_swGetRLoadWattPercent</name>
         <value>0x3e61bd</value>
         <object_component_ref idref="oc-17c"/>
      </symbol>
      <symbol id="sm-29cf">
         <name>_swGetLoadVA</name>
         <value>0x3e61c9</value>
         <object_component_ref idref="oc-17c"/>
      </symbol>
      <symbol id="sm-29d0">
         <name>_wRLoadWattAdj</name>
         <value>0xbdd7</value>
         <object_component_ref idref="oc-17f"/>
      </symbol>
      <symbol id="sm-29d1">
         <name>_swGetROPCurrentNew</name>
         <value>0x3e61b5</value>
         <object_component_ref idref="oc-17c"/>
      </symbol>
      <symbol id="sm-29d2">
         <name>_sInvPowerPercentMaxCal</name>
         <value>0x3e62b4</value>
         <object_component_ref idref="oc-17c"/>
      </symbol>
      <symbol id="sm-29d3">
         <name>_dwOPVANew</name>
         <value>0xbde8</value>
         <object_component_ref idref="oc-17f"/>
      </symbol>
      <symbol id="sm-2a50">
         <name>_sFan0LockChk</name>
         <value>0x3e368f</value>
         <object_component_ref idref="oc-183"/>
      </symbol>
      <symbol id="sm-2a51">
         <name>_sSetNTCOverTempPoint</name>
         <value>0x3e34cb</value>
         <object_component_ref idref="oc-183"/>
      </symbol>
      <symbol id="sm-2a52">
         <name>_sTemperatureBatChk</name>
         <value>0x3e3429</value>
         <object_component_ref idref="oc-183"/>
      </symbol>
      <symbol id="sm-2a53">
         <name>_wInvOverTempBackPoint</name>
         <value>0xbef5</value>
         <object_component_ref idref="oc-186"/>
      </symbol>
      <symbol id="sm-2a54">
         <name>_wTxtTempDerateUp</name>
         <value>0xbeee</value>
         <object_component_ref idref="oc-186"/>
      </symbol>
      <symbol id="sm-2a55">
         <name>_fProtection</name>
         <value>0xbed5</value>
         <object_component_ref idref="oc-186"/>
      </symbol>
      <symbol id="sm-2a56">
         <name>_sMpptTempChk</name>
         <value>0x3e355d</value>
         <object_component_ref idref="oc-183"/>
      </symbol>
      <symbol id="sm-2a57">
         <name>_wInvOverTempPoint</name>
         <value>0xbef8</value>
         <object_component_ref idref="oc-186"/>
      </symbol>
      <symbol id="sm-2a58">
         <name>_wInvHsTempDerateBack</name>
         <value>0xbeef</value>
         <object_component_ref idref="oc-186"/>
      </symbol>
      <symbol id="sm-2a59">
         <name>_wTempDegreeBat</name>
         <value>0xbef0</value>
         <object_component_ref idref="oc-186"/>
      </symbol>
      <symbol id="sm-2a5a">
         <name>_bSetForceTemp</name>
         <value>0xbed1</value>
         <object_component_ref idref="oc-186"/>
      </symbol>
      <symbol id="sm-2a5b">
         <name>_bTxTempInfo</name>
         <value>0xbed6</value>
         <object_component_ref idref="oc-186"/>
      </symbol>
      <symbol id="sm-2a5c">
         <name>_sTempModuleUpdate</name>
         <value>0x3e346f</value>
         <object_component_ref idref="oc-183"/>
      </symbol>
      <symbol id="sm-2a5d">
         <name>_sAvrTempChk</name>
         <value>0x3e374c</value>
         <object_component_ref idref="oc-183"/>
      </symbol>
      <symbol id="sm-2a5e">
         <name>_wTxtTempDerateBack</name>
         <value>0xbeeb</value>
         <object_component_ref idref="oc-186"/>
      </symbol>
      <symbol id="sm-2a5f">
         <name>_sFan1LockChk</name>
         <value>0x3e3674</value>
         <object_component_ref idref="oc-183"/>
      </symbol>
      <symbol id="sm-2a60">
         <name>_wMcuRLineVolt</name>
         <value>0xbece</value>
         <object_component_ref idref="oc-186"/>
      </symbol>
      <symbol id="sm-2a61">
         <name>_wProtectionStatus</name>
         <value>0xbed0</value>
         <object_component_ref idref="oc-186"/>
      </symbol>
      <symbol id="sm-2a62">
         <name>_wTxtOverTempPoint</name>
         <value>0xbefd</value>
         <object_component_ref idref="oc-186"/>
      </symbol>
      <symbol id="sm-2a63">
         <name>_sSetTempDegreeInv</name>
         <value>0x3e34bd</value>
         <object_component_ref idref="oc-183"/>
      </symbol>
      <symbol id="sm-2a64">
         <name>_bHsTempInfo</name>
         <value>0xbed3</value>
         <object_component_ref idref="oc-186"/>
      </symbol>
      <symbol id="sm-2a65">
         <name>_wBatOverTempPoint</name>
         <value>0xbef6</value>
         <object_component_ref idref="oc-186"/>
      </symbol>
      <symbol id="sm-2a66">
         <name>_sSetTempDegreeBat</name>
         <value>0x3e34c4</value>
         <object_component_ref idref="oc-183"/>
      </symbol>
      <symbol id="sm-2a67">
         <name>_wTxtTempDerate10KVA</name>
         <value>0xbeec</value>
         <object_component_ref idref="oc-186"/>
      </symbol>
      <symbol id="sm-2a68">
         <name>_sProtectionModuleUpdate</name>
         <value>0x3e34d3</value>
         <object_component_ref idref="oc-183"/>
      </symbol>
      <symbol id="sm-2a69">
         <name>_sbGetTxtOverTempDerate</name>
         <value>0x3e3347</value>
         <object_component_ref idref="oc-183"/>
      </symbol>
      <symbol id="sm-2a6a">
         <name>_sProtModuleInit</name>
         <value>0x3e34fc</value>
         <object_component_ref idref="oc-183"/>
      </symbol>
      <symbol id="sm-2a6b">
         <name>_sbGetInvOverTempDerate</name>
         <value>0x3e3366</value>
         <object_component_ref idref="oc-183"/>
      </symbol>
      <symbol id="sm-2a6c">
         <name>_sbGetFanLocked</name>
         <value>0x3e336c</value>
         <object_component_ref idref="oc-183"/>
      </symbol>
      <symbol id="sm-2a6d">
         <name>_sFan2LockChk</name>
         <value>0x3e3659</value>
         <object_component_ref idref="oc-183"/>
      </symbol>
      <symbol id="sm-2a6e">
         <name>_sbGetInvTempStatus</name>
         <value>0x3e3362</value>
         <object_component_ref idref="oc-183"/>
      </symbol>
      <symbol id="sm-2a6f">
         <name>_sSetTempDegreeTxt</name>
         <value>0x3e34b6</value>
         <object_component_ref idref="oc-183"/>
      </symbol>
      <symbol id="sm-2a70">
         <name>_sbGetOverTemp</name>
         <value>0x3e335a</value>
         <object_component_ref idref="oc-183"/>
      </symbol>
      <symbol id="sm-2a71">
         <name>_wTxtOverTempBackPoint</name>
         <value>0xbefb</value>
         <object_component_ref idref="oc-186"/>
      </symbol>
      <symbol id="sm-2a72">
         <name>_sSetNTCOverTempBackPoint</name>
         <value>0x3e34cf</value>
         <object_component_ref idref="oc-183"/>
      </symbol>
      <symbol id="sm-2a73">
         <name>_wTxtTempDerateBack10KVA</name>
         <value>0xbef2</value>
         <object_component_ref idref="oc-186"/>
      </symbol>
      <symbol id="sm-2a74">
         <name>_swGetTempDegreeInv</name>
         <value>0x3e3339</value>
         <object_component_ref idref="oc-183"/>
      </symbol>
      <symbol id="sm-2a75">
         <name>_sCalTemperature</name>
         <value>0x3e36aa</value>
         <object_component_ref idref="oc-183"/>
      </symbol>
      <symbol id="sm-2a76">
         <name>_wMcuLineFreq</name>
         <value>0xbecf</value>
         <object_component_ref idref="oc-186"/>
      </symbol>
      <symbol id="sm-2a77">
         <name>_sInvTempChk</name>
         <value>0x3e35b7</value>
         <object_component_ref idref="oc-183"/>
      </symbol>
      <symbol id="sm-2a78">
         <name>_swGetTempDegreeBat</name>
         <value>0x3e333d</value>
         <object_component_ref idref="oc-183"/>
      </symbol>
      <symbol id="sm-2a79">
         <name>_sNtcDisConnectChk</name>
         <value>0x3e3505</value>
         <object_component_ref idref="oc-183"/>
      </symbol>
      <symbol id="sm-2a7a">
         <name>_wTxtTempDerateUp10KVA</name>
         <value>0xbef4</value>
         <object_component_ref idref="oc-186"/>
      </symbol>
      <symbol id="sm-2a7b">
         <name>_sFan3LockChk</name>
         <value>0x3e363e</value>
         <object_component_ref idref="oc-183"/>
      </symbol>
      <symbol id="sm-2a7c">
         <name>_sSetTemperatureAdj</name>
         <value>0x3e34b2</value>
         <object_component_ref idref="oc-183"/>
      </symbol>
      <symbol id="sm-2a7d">
         <name>_sTmpOverForFanChk</name>
         <value>0x3e3375</value>
         <object_component_ref idref="oc-183"/>
      </symbol>
      <symbol id="sm-2a7e">
         <name>_sTemperatureInvChk</name>
         <value>0x3e33e0</value>
         <object_component_ref idref="oc-183"/>
      </symbol>
      <symbol id="sm-2a7f">
         <name>_wTempDegreeInv</name>
         <value>0xbef3</value>
         <object_component_ref idref="oc-186"/>
      </symbol>
      <symbol id="sm-2a80">
         <name>_swGetTempDegreeTxt</name>
         <value>0x3e3335</value>
         <object_component_ref idref="oc-183"/>
      </symbol>
      <symbol id="sm-2a81">
         <name>_wInvHsTempDerate</name>
         <value>0xbef9</value>
         <object_component_ref idref="oc-186"/>
      </symbol>
      <symbol id="sm-2a82">
         <name>_wTempDerateRange</name>
         <value>0xbed4</value>
         <object_component_ref idref="oc-186"/>
      </symbol>
      <symbol id="sm-2a83">
         <name>_sNTCDisConnectFaultChk</name>
         <value>0x3e3553</value>
         <object_component_ref idref="oc-183"/>
      </symbol>
      <symbol id="sm-2a84">
         <name>_wTemperatureAdj</name>
         <value>0xbef7</value>
         <object_component_ref idref="oc-186"/>
      </symbol>
      <symbol id="sm-2a85">
         <name>_sTemperatureTxtChk</name>
         <value>0x3e339a</value>
         <object_component_ref idref="oc-183"/>
      </symbol>
      <symbol id="sm-2a86">
         <name>_McuStatus</name>
         <value>0xbed7</value>
         <object_component_ref idref="oc-186"/>
      </symbol>
      <symbol id="sm-2a87">
         <name>_subGetTmpOverForFanSts</name>
         <value>0x3e3341</value>
         <object_component_ref idref="oc-183"/>
      </symbol>
      <symbol id="sm-2a88">
         <name>_sbGetOverTempWarning</name>
         <value>0x3e3351</value>
         <object_component_ref idref="oc-183"/>
      </symbol>
      <symbol id="sm-2a89">
         <name>_sbGetTxTempStatus</name>
         <value>0x3e334d</value>
         <object_component_ref idref="oc-183"/>
      </symbol>
      <symbol id="sm-2a8a">
         <name>_sAvrTempDeratingChk</name>
         <value>0x3e36b2</value>
         <object_component_ref idref="oc-183"/>
      </symbol>
      <symbol id="sm-2a8b">
         <name>_wTxtTempDerate</name>
         <value>0xbeed</value>
         <object_component_ref idref="oc-186"/>
      </symbol>
      <symbol id="sm-2a8c">
         <name>_wTempDegreeTxt</name>
         <value>0xbed2</value>
         <object_component_ref idref="oc-186"/>
      </symbol>
      <symbol id="sm-2a8d">
         <name>_wInvHsTempDerateUp</name>
         <value>0xbefa</value>
         <object_component_ref idref="oc-186"/>
      </symbol>
      <symbol id="sm-2a8e">
         <name>_wBatOverTempBackPoint</name>
         <value>0xbefc</value>
         <object_component_ref idref="oc-186"/>
      </symbol>
      <symbol id="sm-2a9a">
         <name>_c_int00</name>
         <value>0x3e6830</value>
         <object_component_ref idref="oc-48"/>
      </symbol>
      <symbol id="sm-2a9b">
         <name>__stack</name>
         <value>0x0</value>
         <object_component_ref idref="oc-18a"/>
      </symbol>
      <symbol id="sm-2aa9">
         <name>C$$EXIT</name>
         <value>0x3e697c</value>
         <object_component_ref idref="oc-18f"/>
      </symbol>
      <symbol id="sm-2aaa">
         <name>_exit</name>
         <value>0x3e697e</value>
         <object_component_ref idref="oc-18f"/>
      </symbol>
      <symbol id="sm-2aab">
         <name>_abort</name>
         <value>0x3e697c</value>
         <object_component_ref idref="oc-18f"/>
      </symbol>
      <symbol id="sm-2aac">
         <name>__cleanup_ptr</name>
         <value>0xaf3c</value>
         <object_component_ref idref="oc-192"/>
      </symbol>
      <symbol id="sm-2aad">
         <name>__dtors_ptr</name>
         <value>0xaf3e</value>
         <object_component_ref idref="oc-192"/>
      </symbol>
      <symbol id="sm-2ab5">
         <name>I$$MOD</name>
         <value>0x3e6931</value>
         <object_component_ref idref="oc-195"/>
      </symbol>
      <symbol id="sm-2ab6">
         <name>I$$DIV</name>
         <value>0x3e6920</value>
         <object_component_ref idref="oc-195"/>
      </symbol>
      <symbol id="sm-2abe">
         <name>UL$$MOD</name>
         <value>0x3e68ce</value>
         <object_component_ref idref="oc-199"/>
      </symbol>
      <symbol id="sm-2abf">
         <name>L$$MOD</name>
         <value>0x3e68b9</value>
         <object_component_ref idref="oc-199"/>
      </symbol>
      <symbol id="sm-2ac0">
         <name>L$$DIV</name>
         <value>0x3e68aa</value>
         <object_component_ref idref="oc-199"/>
      </symbol>
      <symbol id="sm-2ac1">
         <name>UL$$DIV</name>
         <value>0x3e68c7</value>
         <object_component_ref idref="oc-199"/>
      </symbol>
      <symbol id="sm-2acb">
         <name>___memcpy_ff</name>
         <value>0x3e6942</value>
         <object_component_ref idref="oc-19d"/>
      </symbol>
      <symbol id="sm-2ad3">
         <name>U$$MOD</name>
         <value>0x3e69b0</value>
         <object_component_ref idref="oc-1a1"/>
      </symbol>
      <symbol id="sm-2ad4">
         <name>U$$DIV</name>
         <value>0x3e69ab</value>
         <object_component_ref idref="oc-1a1"/>
      </symbol>
      <symbol id="sm-2ae2">
         <name>__unlock</name>
         <value>0xaaba</value>
         <object_component_ref idref="oc-1a8"/>
      </symbol>
      <symbol id="sm-2ae3">
         <name>__lock</name>
         <value>0xaabc</value>
         <object_component_ref idref="oc-1a8"/>
      </symbol>
      <symbol id="sm-2ae4">
         <name>__register_lock</name>
         <value>0x3e69ba</value>
         <object_component_ref idref="oc-1a5"/>
      </symbol>
      <symbol id="sm-2ae5">
         <name>__nop</name>
         <value>0x3e69be</value>
         <object_component_ref idref="oc-1a5"/>
      </symbol>
      <symbol id="sm-2ae6">
         <name>__register_unlock</name>
         <value>0x3e69b6</value>
         <object_component_ref idref="oc-1a5"/>
      </symbol>
      <symbol id="sm-2af0">
         <name>__args_main</name>
         <value>0x3e6963</value>
         <object_component_ref idref="oc-1ab"/>
      </symbol>
      <symbol id="sm-2af1">
         <name>__TI_args_main</name>
         <value>0x1</value>
      </symbol>
   </symbol_table>
</link_info>
