----------------------------  IVEM8048.pjt - Debug  ----------------------------
[BusBatProt.C] "C:\CCStudio_v3.3PLA\C2000\cgtools\bin\cl2000" -g -q -s -as -fr"Z:/D/IVEM/Code_Debug/IVEM8048/Debug" -fs"Z:/D/IVEM/Code_Debug/IVEM8048/ASM" -i"Z:/D/IVEM/Code_Debug/IVEM8048/" -d"_DEBUG" -d"LARGE_MODEL" -ml -v28 -@"../Debug.lkf" "BusBatProt.C"

[CodeStartBranch.asm] "C:\CCStudio_v3.3PLA\C2000\cgtools\bin\cl2000" -g -q -s -as -fr"Z:/D/IVEM/Code_Debug/IVEM8048/Debug" -fs"Z:/D/IVEM/Code_Debug/IVEM8048/ASM" -i"Z:/D/IVEM/Code_Debug/IVEM8048/" -d"_DEBUG" -d"LARGE_MODEL" -ml -v28 -@"../Debug.lkf" "CodeStartBranch.asm"

[display_driver.c] "C:\CCStudio_v3.3PLA\C2000\cgtools\bin\cl2000" -g -q -s -as -fr"Z:/D/IVEM/Code_Debug/IVEM8048/Debug" -fs"Z:/D/IVEM/Code_Debug/IVEM8048/ASM" -i"Z:/D/IVEM/Code_Debug/IVEM8048/" -d"_DEBUG" -d"LARGE_MODEL" -ml -v28 -@"../Debug.lkf" "display_driver.c"

[display_vp.c] "C:\CCStudio_v3.3PLA\C2000\cgtools\bin\cl2000" -g -q -s -as -fr"Z:/D/IVEM/Code_Debug/IVEM8048/Debug" -fs"Z:/D/IVEM/Code_Debug/IVEM8048/ASM" -i"Z:/D/IVEM/Code_Debug/IVEM8048/" -d"_DEBUG" -d"LARGE_MODEL" -ml -v28 -@"../Debug.lkf" "display_vp.c"

[DSP2833x_DefaultIsr.c] "C:\CCStudio_v3.3PLA\C2000\cgtools\bin\cl2000" -g -q -s -as -fr"Z:/D/IVEM/Code_Debug/IVEM8048/Debug" -fs"Z:/D/IVEM/Code_Debug/IVEM8048/ASM" -i"Z:/D/IVEM/Code_Debug/IVEM8048/" -d"_DEBUG" -d"LARGE_MODEL" -ml -v28 -@"../Debug.lkf" "DSP2833x_DefaultIsr.c"

[DSP2833x_GlobalVariableDefs.c] "C:\CCStudio_v3.3PLA\C2000\cgtools\bin\cl2000" -g -q -s -as -fr"Z:/D/IVEM/Code_Debug/IVEM8048/Debug" -fs"Z:/D/IVEM/Code_Debug/IVEM8048/ASM" -i"Z:/D/IVEM/Code_Debug/IVEM8048/" -d"_DEBUG" -d"LARGE_MODEL" -ml -v28 -@"../Debug.lkf" "DSP2833x_GlobalVariableDefs.c"

[Eeprom.c] "C:\CCStudio_v3.3PLA\C2000\cgtools\bin\cl2000" -g -q -s -as -fr"Z:/D/IVEM/Code_Debug/IVEM8048/Debug" -fs"Z:/D/IVEM/Code_Debug/IVEM8048/ASM" -i"Z:/D/IVEM/Code_Debug/IVEM8048/" -d"_DEBUG" -d"LARGE_MODEL" -ml -v28 -@"../Debug.lkf" "Eeprom.c"

[EnergySaved.c] "C:\CCStudio_v3.3PLA\C2000\cgtools\bin\cl2000" -g -q -s -as -fr"Z:/D/IVEM/Code_Debug/IVEM8048/Debug" -fs"Z:/D/IVEM/Code_Debug/IVEM8048/ASM" -i"Z:/D/IVEM/Code_Debug/IVEM8048/" -d"_DEBUG" -d"LARGE_MODEL" -ml -v28 -@"../Debug.lkf" "EnergySaved.c"

[Grid.c] "C:\CCStudio_v3.3PLA\C2000\cgtools\bin\cl2000" -g -q -s -as -fr"Z:/D/IVEM/Code_Debug/IVEM8048/Debug" -fs"Z:/D/IVEM/Code_Debug/IVEM8048/ASM" -i"Z:/D/IVEM/Code_Debug/IVEM8048/" -d"_DEBUG" -d"LARGE_MODEL" -ml -v28 -@"../Debug.lkf" "Grid.c"

[Initial.c] "C:\CCStudio_v3.3PLA\C2000\cgtools\bin\cl2000" -g -q -s -as -fr"Z:/D/IVEM/Code_Debug/IVEM8048/Debug" -fs"Z:/D/IVEM/Code_Debug/IVEM8048/ASM" -i"Z:/D/IVEM/Code_Debug/IVEM8048/" -d"_DEBUG" -d"LARGE_MODEL" -ml -v28 -@"../Debug.lkf" "Initial.c"

[Interface.C] "C:\CCStudio_v3.3PLA\C2000\cgtools\bin\cl2000" -g -q -s -as -fr"Z:/D/IVEM/Code_Debug/IVEM8048/Debug" -fs"Z:/D/IVEM/Code_Debug/IVEM8048/ASM" -i"Z:/D/IVEM/Code_Debug/IVEM8048/" -d"_DEBUG" -d"LARGE_MODEL" -ml -v28 -@"../Debug.lkf" "Interface.C"

[Interface_BMS.C] "C:\CCStudio_v3.3PLA\C2000\cgtools\bin\cl2000" -g -q -s -as -fr"Z:/D/IVEM/Code_Debug/IVEM8048/Debug" -fs"Z:/D/IVEM/Code_Debug/IVEM8048/ASM" -i"Z:/D/IVEM/Code_Debug/IVEM8048/" -d"_DEBUG" -d"LARGE_MODEL" -ml -v28 -@"../Debug.lkf" "Interface_BMS.C"

[Interrupt.c] "C:\CCStudio_v3.3PLA\C2000\cgtools\bin\cl2000" -g -q -s -as -fr"Z:/D/IVEM/Code_Debug/IVEM8048/Debug" -fs"Z:/D/IVEM/Code_Debug/IVEM8048/ASM" -i"Z:/D/IVEM/Code_Debug/IVEM8048/" -d"_DEBUG" -d"LARGE_MODEL" -ml -v28 -@"../Debug.lkf" "Interrupt.c"

[InvLoadOP.C] "C:\CCStudio_v3.3PLA\C2000\cgtools\bin\cl2000" -g -q -s -as -fr"Z:/D/IVEM/Code_Debug/IVEM8048/Debug" -fs"Z:/D/IVEM/Code_Debug/IVEM8048/ASM" -i"Z:/D/IVEM/Code_Debug/IVEM8048/" -d"_DEBUG" -d"LARGE_MODEL" -ml -v28 -@"../Debug.lkf" "InvLoadOP.C"

[lock.asm] "C:\CCStudio_v3.3PLA\C2000\cgtools\bin\cl2000" -g -q -s -as -fr"Z:/D/IVEM/Code_Debug/IVEM8048/Debug" -fs"Z:/D/IVEM/Code_Debug/IVEM8048/ASM" -i"Z:/D/IVEM/Code_Debug/IVEM8048/" -d"_DEBUG" -d"LARGE_MODEL" -ml -v28 -@"../Debug.lkf" "lock.asm"

[main.c] "C:\CCStudio_v3.3PLA\C2000\cgtools\bin\cl2000" -g -q -s -as -fr"Z:/D/IVEM/Code_Debug/IVEM8048/Debug" -fs"Z:/D/IVEM/Code_Debug/IVEM8048/ASM" -i"Z:/D/IVEM/Code_Debug/IVEM8048/" -d"_DEBUG" -d"LARGE_MODEL" -ml -v28 -@"../Debug.lkf" "main.c"

[ModBus.c] "C:\CCStudio_v3.3PLA\C2000\cgtools\bin\cl2000" -g -q -s -as -fr"Z:/D/IVEM/Code_Debug/IVEM8048/Debug" -fs"Z:/D/IVEM/Code_Debug/IVEM8048/ASM" -i"Z:/D/IVEM/Code_Debug/IVEM8048/" -d"_DEBUG" -d"LARGE_MODEL" -ml -v28 -@"../Debug.lkf" "ModBus.c"
"ModBus.c", line 1246: warning: pointless comparison of unsigned integer with zero

[Parallel.c] "C:\CCStudio_v3.3PLA\C2000\cgtools\bin\cl2000" -g -q -s -as -fr"Z:/D/IVEM/Code_Debug/IVEM8048/Debug" -fs"Z:/D/IVEM/Code_Debug/IVEM8048/ASM" -i"Z:/D/IVEM/Code_Debug/IVEM8048/" -d"_DEBUG" -d"LARGE_MODEL" -ml -v28 -@"../Debug.lkf" "Parallel.c"

[RTCApp.c] "C:\CCStudio_v3.3PLA\C2000\cgtools\bin\cl2000" -g -q -s -as -fr"Z:/D/IVEM/Code_Debug/IVEM8048/Debug" -fs"Z:/D/IVEM/Code_Debug/IVEM8048/ASM" -i"Z:/D/IVEM/Code_Debug/IVEM8048/" -d"_DEBUG" -d"LARGE_MODEL" -ml -v28 -@"../Debug.lkf" "RTCApp.c"

[Supervisor.c] "C:\CCStudio_v3.3PLA\C2000\cgtools\bin\cl2000" -g -q -s -as -fr"Z:/D/IVEM/Code_Debug/IVEM8048/Debug" -fs"Z:/D/IVEM/Code_Debug/IVEM8048/ASM" -i"Z:/D/IVEM/Code_Debug/IVEM8048/" -d"_DEBUG" -d"LARGE_MODEL" -ml -v28 -@"../Debug.lkf" "Supervisor.c"

[CanDriver.c] "C:\CCStudio_v3.3PLA\C2000\cgtools\bin\cl2000" -g -q -s -as -fr"Z:/D/IVEM/Code_Debug/IVEM8048/Debug" -fs"Z:/D/IVEM/Code_Debug/IVEM8048/ASM" -i"Z:/D/IVEM/Code_Debug/IVEM8048/" -d"_DEBUG" -d"LARGE_MODEL" -ml -v28 -@"../../../Debug.lkf" "CanDriver.c"

[EEPromdriver.c] "C:\CCStudio_v3.3PLA\C2000\cgtools\bin\cl2000" -g -q -s -as -fr"Z:/D/IVEM/Code_Debug/IVEM8048/Debug" -fs"Z:/D/IVEM/Code_Debug/IVEM8048/ASM" -i"Z:/D/IVEM/Code_Debug/IVEM8048/" -d"_DEBUG" -d"LARGE_MODEL" -ml -v28 -@"../../../Debug.lkf" "EEPromdriver.c"

[RlyDriver.c] "C:\CCStudio_v3.3PLA\C2000\cgtools\bin\cl2000" -g -q -s -as -fr"Z:/D/IVEM/Code_Debug/IVEM8048/Debug" -fs"Z:/D/IVEM/Code_Debug/IVEM8048/ASM" -i"Z:/D/IVEM/Code_Debug/IVEM8048/" -d"_DEBUG" -d"LARGE_MODEL" -ml -v28 -@"../../Debug.lkf" "RlyDriver.c"

[FunLst.c] "C:\CCStudio_v3.3PLA\C2000\cgtools\bin\cl2000" -g -q -s -as -fr"Z:/D/IVEM/Code_Debug/IVEM8048/Debug" -fs"Z:/D/IVEM/Code_Debug/IVEM8048/ASM" -i"Z:/D/IVEM/Code_Debug/IVEM8048/" -d"_DEBUG" -d"LARGE_MODEL" -ml -v28 -@"../../../Debug.lkf" "FunLst.c"

[SciFunLst.c] "C:\CCStudio_v3.3PLA\C2000\cgtools\bin\cl2000" -g -q -s -as -fr"Z:/D/IVEM/Code_Debug/IVEM8048/Debug" -fs"Z:/D/IVEM/Code_Debug/IVEM8048/ASM" -i"Z:/D/IVEM/Code_Debug/IVEM8048/" -d"_DEBUG" -d"LARGE_MODEL" -ml -v28 -@"../../../Debug.lkf" "SciFunLst.c"

[queue.c] "C:\CCStudio_v3.3PLA\C2000\cgtools\bin\cl2000" -g -q -s -as -fr"Z:/D/IVEM/Code_Debug/IVEM8048/Debug" -fs"Z:/D/IVEM/Code_Debug/IVEM8048/ASM" -i"Z:/D/IVEM/Code_Debug/IVEM8048/" -d"_DEBUG" -d"LARGE_MODEL" -ml -v28 -@"../../../Debug.lkf" "queue.c"

[SciDriver.c] "C:\CCStudio_v3.3PLA\C2000\cgtools\bin\cl2000" -g -q -s -as -fr"Z:/D/IVEM/Code_Debug/IVEM8048/Debug" -fs"Z:/D/IVEM/Code_Debug/IVEM8048/ASM" -i"Z:/D/IVEM/Code_Debug/IVEM8048/" -d"_DEBUG" -d"LARGE_MODEL" -ml -v28 -@"../../../Debug.lkf" "SciDriver.c"

[OS_CPU.c] "C:\CCStudio_v3.3PLA\C2000\cgtools\bin\cl2000" -g -q -s -as -fr"Z:/D/IVEM/Code_Debug/IVEM8048/Debug" -fs"Z:/D/IVEM/Code_Debug/IVEM8048/ASM" -i"Z:/D/IVEM/Code_Debug/IVEM8048/" -d"_DEBUG" -d"LARGE_MODEL" -ml -v28 -@"../../Debug.lkf" "OS_CPU.c"

[OS_CPU_A.asm] "C:\CCStudio_v3.3PLA\C2000\cgtools\bin\cl2000" -g -q -s -as -fr"Z:/D/IVEM/Code_Debug/IVEM8048/Debug" -fs"Z:/D/IVEM/Code_Debug/IVEM8048/ASM" -i"Z:/D/IVEM/Code_Debug/IVEM8048/" -d"_DEBUG" -d"LARGE_MODEL" -ml -v28 -@"../../Debug.lkf" "OS_CPU_A.asm"

[OS_CORE.c] "C:\CCStudio_v3.3PLA\C2000\cgtools\bin\cl2000" -g -q -s -as -fr"Z:/D/IVEM/Code_Debug/IVEM8048/Debug" -fs"Z:/D/IVEM/Code_Debug/IVEM8048/ASM" -i"Z:/D/IVEM/Code_Debug/IVEM8048/" -d"_DEBUG" -d"LARGE_MODEL" -ml -v28 -@"../../Debug.lkf" "OS_CORE.c"

[OS_EVENT.C] "C:\CCStudio_v3.3PLA\C2000\cgtools\bin\cl2000" -g -q -s -as -fr"Z:/D/IVEM/Code_Debug/IVEM8048/Debug" -fs"Z:/D/IVEM/Code_Debug/IVEM8048/ASM" -i"Z:/D/IVEM/Code_Debug/IVEM8048/" -d"_DEBUG" -d"LARGE_MODEL" -ml -v28 -@"../../Debug.lkf" "OS_EVENT.C"

[OS_SHELL.c] "C:\CCStudio_v3.3PLA\C2000\cgtools\bin\cl2000" -g -q -s -as -fr"Z:/D/IVEM/Code_Debug/IVEM8048/Debug" -fs"Z:/D/IVEM/Code_Debug/IVEM8048/ASM" -i"Z:/D/IVEM/Code_Debug/IVEM8048/" -d"_DEBUG" -d"LARGE_MODEL" -ml -v28 -@"../../Debug.lkf" "OS_SHELL.c"

[OS_TIMER.c] "C:\CCStudio_v3.3PLA\C2000\cgtools\bin\cl2000" -g -q -s -as -fr"Z:/D/IVEM/Code_Debug/IVEM8048/Debug" -fs"Z:/D/IVEM/Code_Debug/IVEM8048/ASM" -i"Z:/D/IVEM/Code_Debug/IVEM8048/" -d"_DEBUG" -d"LARGE_MODEL" -ml -v28 -@"../../Debug.lkf" "OS_TIMER.c"

[BatteryModule.C] "C:\CCStudio_v3.3PLA\C2000\cgtools\bin\cl2000" -g -q -s -as -fr"Z:/D/IVEM/Code_Debug/IVEM8048/Debug" -fs"Z:/D/IVEM/Code_Debug/IVEM8048/ASM" -i"Z:/D/IVEM/Code_Debug/IVEM8048/" -d"_DEBUG" -d"LARGE_MODEL" -ml -v28 -@"../../Debug.lkf" "BatteryModule.C"

[BusModule.c] "C:\CCStudio_v3.3PLA\C2000\cgtools\bin\cl2000" -g -q -s -as -fr"Z:/D/IVEM/Code_Debug/IVEM8048/Debug" -fs"Z:/D/IVEM/Code_Debug/IVEM8048/ASM" -i"Z:/D/IVEM/Code_Debug/IVEM8048/" -d"_DEBUG" -d"LARGE_MODEL" -ml -v28 -@"../../Debug.lkf" "BusModule.c"

[InvCntModule.C] "C:\CCStudio_v3.3PLA\C2000\cgtools\bin\cl2000" -g -q -s -as -fr"Z:/D/IVEM/Code_Debug/IVEM8048/Debug" -fs"Z:/D/IVEM/Code_Debug/IVEM8048/ASM" -i"Z:/D/IVEM/Code_Debug/IVEM8048/" -d"_DEBUG" -d"LARGE_MODEL" -ml -v28 -@"../../Debug.lkf" "InvCntModule.C"

[sincos.asm] "C:\CCStudio_v3.3PLA\C2000\cgtools\bin\cl2000" -g -q -s -as -fr"Z:/D/IVEM/Code_Debug/IVEM8048/Debug" -fs"Z:/D/IVEM/Code_Debug/IVEM8048/ASM" -i"Z:/D/IVEM/Code_Debug/IVEM8048/" -d"_DEBUG" -d"LARGE_MODEL" -ml -v28 -@"../../Debug.lkf" "sincos.asm"

[invertermodule.c] "C:\CCStudio_v3.3PLA\C2000\cgtools\bin\cl2000" -g -q -s -as -fr"Z:/D/IVEM/Code_Debug/IVEM8048/Debug" -fs"Z:/D/IVEM/Code_Debug/IVEM8048/ASM" -i"Z:/D/IVEM/Code_Debug/IVEM8048/" -d"_DEBUG" -d"LARGE_MODEL" -ml -v28 -@"../../Debug.lkf" "invertermodule.c"

[Library.C] "C:\CCStudio_v3.3PLA\C2000\cgtools\bin\cl2000" -g -q -s -as -fr"Z:/D/IVEM/Code_Debug/IVEM8048/Debug" -fs"Z:/D/IVEM/Code_Debug/IVEM8048/ASM" -i"Z:/D/IVEM/Code_Debug/IVEM8048/" -d"_DEBUG" -d"LARGE_MODEL" -ml -v28 -@"../../Debug.lkf" "Library.C"

[LineModule.C] "C:\CCStudio_v3.3PLA\C2000\cgtools\bin\cl2000" -g -q -s -as -fr"Z:/D/IVEM/Code_Debug/IVEM8048/Debug" -fs"Z:/D/IVEM/Code_Debug/IVEM8048/ASM" -i"Z:/D/IVEM/Code_Debug/IVEM8048/" -d"_DEBUG" -d"LARGE_MODEL" -ml -v28 -@"../../Debug.lkf" "LineModule.C"

[OutputModule.c] "C:\CCStudio_v3.3PLA\C2000\cgtools\bin\cl2000" -g -q -s -as -fr"Z:/D/IVEM/Code_Debug/IVEM8048/Debug" -fs"Z:/D/IVEM/Code_Debug/IVEM8048/ASM" -i"Z:/D/IVEM/Code_Debug/IVEM8048/" -d"_DEBUG" -d"LARGE_MODEL" -ml -v28 -@"../../Debug.lkf" "OutputModule.c"

[PVModule.C] "C:\CCStudio_v3.3PLA\C2000\cgtools\bin\cl2000" -g -q -s -as -fr"Z:/D/IVEM/Code_Debug/IVEM8048/Debug" -fs"Z:/D/IVEM/Code_Debug/IVEM8048/ASM" -i"Z:/D/IVEM/Code_Debug/IVEM8048/" -d"_DEBUG" -d"LARGE_MODEL" -ml -v28 -@"../../Debug.lkf" "PVModule.C"

[Linking...] "C:\CCStudio_v3.3PLA\C2000\cgtools\bin\cl2000" -@"Debug.lkf"
<Linking>
warning: entry-point symbol other than "_c_int00" specified:  "code_start"

Build Complete,
  0 Errors, 2 Warnings, 0 Remarks.
