******************************************************************************
             TMS320C2000 Linker PC v22.6.1                     
******************************************************************************
>> Linked Wed Jul 29 09:16:19 2026

OUTPUT FILE NAME:   <../RELEASE/F2800157_IAP.out>
ENTRY POINT SYMBOL: "_c_int00"  address: 00080d9a


MEMORY CONFIGURATION

         name            origin    length      used     unused   attr    fill
----------------------  --------  ---------  --------  --------  ----  --------
PAGE 0:
  BOOT_RSVD             00000002   00000126  00000000  00000126  RWIX
  RAMM0                 00000128   000002d8  00000000  000002d8  RWIX
  RAMM1                 00000400   000003f8  00000200  000001f8  RWIX
  RAMLS0                00008000   00002000  00000594  00001a6c  RWIX
  RAMLS1                0000a000   00001ff8  000009b8  00001640  RWIX
  OTP                   00078000   000003fa  00000000  000003fa  RWIX
  BEGIN                 00080000   00000002  00000002  00000000  RWIX
  FLASH_IAP_VER1        00080002   00000001  00000001  00000000  RWIX  4256 
  FLASH_IAP_VER2        00080003   00000001  00000001  00000000  RWIX  3032 
  FLASH_HAR_VER1        00080004   00000001  00000001  00000000  RWIX  4856 
  FLASH_HAR_VER2        00080005   00000001  00000001  00000000  RWIX  3031 
  FLASH_BOOT            00080006   00001ffa  00001d91  00000269  RWIX
  FLASH_BOOT_FLAG1      00082002   00000001  00000000  00000001  RWIX
  FLASH_BOOT_FLAG2      00082003   00000001  00000000  00000001  RWIX
  FLASH_FINV            00082010   00017ff0  00000000  00017ff0  RWIX
  FLASH_RSVD            0009a000   00005ff0  00000000  00005ff0  RWIX
  ROM                   003f8000   00007fc0  00000000  00007fc0  RWIX
  RESET                 003fffc0   00000002  00000000  00000002  RWIX

PAGE 1:
  ADCARESULT            00000b00   00000018  00000018  00000000  RWIX
  ADCCRESULT            00000b40   00000018  00000018  00000000  RWIX
  CPUTIMER0             00000c00   00000008  00000008  00000000  RWIX
  CPUTIMER1             00000c08   00000008  00000008  00000000  RWIX
  CPUTIMER2             00000c10   00000008  00000008  00000000  RWIX
  PIECTRL               00000ce0   0000001a  0000001a  00000000  RWIX
  PIEVECTTABLE          00000d00   00000200  00000000  00000200  RWIX
  EPWM1                 00004000   00000100  00000100  00000000  RWIX
  EPWM2                 00004100   00000100  00000100  00000000  RWIX
  EPWM3                 00004200   00000100  00000100  00000000  RWIX
  EPWM4                 00004300   00000100  00000100  00000000  RWIX
  EPWM5                 00004400   00000100  00000100  00000000  RWIX
  EPWM6                 00004500   00000100  00000100  00000000  RWIX
  EPWM7                 00004600   00000100  00000100  00000000  RWIX
  EQEP1                 00005100   00000040  00000038  00000008  RWIX
  EQEP2                 00005140   00000040  00000038  00000008  RWIX
  ECAP1                 00005200   00000020  00000020  00000000  RWIX
  ECAP2                 00005240   00000020  00000020  00000000  RWIX
  ECAP3                 00005280   00000020  00000020  00000000  RWIX
  CMPSS1                00005500   00000040  0000003a  00000006  RWIX
  CMPSSLITE2            00005540   00000040  0000003a  00000006  RWIX
  CMPSSLITE3            00005580   00000040  0000003a  00000006  RWIX
  CMPSSLITE4            000055c0   00000040  0000003a  00000006  RWIX
  SPIA                  00006100   00000010  00000010  00000000  RWIX
  PMBUSA                00006400   00000020  0000001e  00000002  RWIX
  LINA                  00006a00   000000ec  000000ec  00000000  RWIX
  WD                    00007000   0000002c  0000002b  00000001  RWIX
  NMIINTRUPT            00007060   00000010  0000000c  00000004  RWIX
  XINT                  00007070   0000000c  0000000b  00000001  RWIX
  SCIA                  00007200   00000010  00000010  00000000  RWIX
  SCIB                  00007210   00000010  00000010  00000000  RWIX
  SCIC                  00007220   00000010  00000010  00000000  RWIX
  I2CA                  00007300   00000022  00000022  00000000  RWIX
  I2CB                  00007340   00000022  00000022  00000000  RWIX
  ADCA                  00007400   00000080  00000076  0000000a  RWIX
  ADCC                  00007500   00000080  00000076  0000000a  RWIX
  INPUTXBAR             00007900   00000020  00000020  00000000  RWIX
  XBAR                  00007920   00000020  00000010  00000010  RWIX
  SYNCSOC               00007940   00000006  00000006  00000000  RWIX
  EPWMXBAR              00007a00   00000040  00000040  00000000  RWIX
  OUTPUTXBAR            00007a80   00000040  00000040  00000000  RWIX
  GPIOCTRL              00007c00   00000200  00000200  00000000  RWIX
  GPIODATA              00007f00   00000040  00000040  00000000  RWIX
  GPIODATAREAD          00007f80   00000010  00000010  00000000  RWIX
  CANA                  00048000   00000200  00000164  0000009c  RWIX
  LCMCPU1               0004c000   00000180  0000007c  00000104  RWIX
  MCANASS               0005c400   0000002c  0000002c  00000000  RWIX
  MCANA                 0005c600   00000100  000000fc  00000004  RWIX
  MCANAERROR            0005c800   00000210  00000210  00000000  RWIX
  DEVCFG                0005d000   000001ac  0000019c  00000010  RWIX
  CLKCFG                0005d200   00000100  0000003e  000000c2  RWIX
  CPUSYS                0005d300   00000100  000000b0  00000050  RWIX
  SYSSTATUS             0005d400   00000040  00000028  00000018  RWIX
  ANALOGSUBSYS          0005d700   0000012a  0000011a  00000010  RWIX
  DCC0                  0005e700   00000038  0000002c  0000000c  RWIX
  EPG1                  0005ec00   00000050  00000050  00000000  RWIX
  EPG1MUX               0005ecd0   00000010  00000010  00000000  RWIX
  DCSMZ1                0005f000   0000003e  0000003e  00000000  RWIX
  DCSMZ2                0005f080   0000003e  0000002c  00000012  RWIX
  DCSMCOMMON            0005f0c0   00000040  0000002e  00000012  RWIX
  MEMCFG                0005f400   000000c0  000000a6  0000001a  RWIX
  ACCESSPROTECTION      0005f500   0000003e  0000002c  00000012  RWIX
  MEMORYERROR           0005f540   00000040  0000003a  00000006  RWIX
  TESTERROR             0005f590   00000010  00000006  0000000a  RWIX
  FLASH0CTRL            0005f800   00000182  00000182  00000000  RWIX
  FLASH0ECC             0005fb00   00000028  00000022  00000006  RWIX
  DCSMZ1OTP             00078000   00000020  00000020  00000000  RWIX
  DCSMZ2OTP             00078200   00000020  00000014  0000000c  RWIX


SECTION ALLOCATION MAP

 output                                  attributes/
section   page    origin      length       input sections
--------  ----  ----------  ----------   ----------------
PieVectTableFile 
*          0    00000d00    00000100     DSECT
                  00000d00    00000100     f280015x_globalvariabledefs.obj (PieVectTableFile)

EmuKeyVar 
*          0    00000d00    00000000     DSECT

EmuBModeVar 
*          0    00000d00    00000000     DSECT

EmuBootPinsVar 
*          0    00000d00    00000000     DSECT

FlashCallbackVar 
*          0    00000d00    00000000     DSECT

FlashScalingVar 
*          0    00000d00    00000000     DSECT

OSStack    0    000081c0    000003e8     UNINITIALIZED
                  000081c0    000003e8     OS_CORE.obj (OSStack)

codestart 
*          0    00080000    00000002     
                  00080000    00000002     f280015x_codestartbranch.obj (codestart)

$fill000   0    00080002    00000001     
                  00080002    00000001     --HOLE-- [fill = 4256]

$fill001   0    00080003    00000001     
                  00080003    00000001     --HOLE-- [fill = 3032]

$fill002   0    00080004    00000001     
                  00080004    00000001     --HOLE-- [fill = 4856]

$fill003   0    00080005    00000001     
                  00080005    00000001     --HOLE-- [fill = 3031]

.cinit     0    00081d08    00000094     
                  00081d08    0000002d     IdleJob.obj (.cinit)
                  00081d35    00000018     BootLoad.obj (.cinit)
                  00081d4d    00000013     OS_CORE.obj (.cinit:_OSUnMapTbl)
                  00081d60    0000000e     rts2800_fpu32.lib : exit.c.obj (.cinit)
                  00081d6e    0000000b     BootLoad.obj (.cinit:_BootFlag)
                  00081d79    0000000a     ParallelJob.obj (.cinit)
                  00081d83    00000005     rts2800_fpu32.lib : _lock.c.obj (.cinit:__lock)
                  00081d88    00000005                       : _lock.c.obj (.cinit:__unlock)
                  00081d8d    00000005     flash_programming_f280015x.obj (.cinit)
                  00081d92    00000004     interrupt.obj (.cinit)
                  00081d96    00000004     DisplayJob.obj (.cinit)
                  00081d9a    00000002     --HOLE-- [fill = 0]

.reset     0    003fffc0    00000002     DSECT
                  003fffc0    00000002     rts2800_fpu32.lib : boot28.asm.obj (.reset)

.stack     0    00000400    00000200     UNINITIALIZED
                  00000400    00000200     --HOLE--

.pinit     0    00080008    00000000     UNINITIALIZED

.ebss      0    00008090    0000011c     UNINITIALIZED
                  00008090    00000028     BootLoad.obj (.ebss)
                  000080b8    00000008     Initial.obj (.ebss)
                  000080c0    0000008c     BootLoad.obj (.ebss:_bRxBuff)
                  0000814c    00000018     OS_SHELL.obj (.ebss:_OSTCBTbl)
                  00008164    00000010     OS_CORE.obj (.ebss:_OSUnMapTbl)
                  00008174    0000000a     OS_SHELL.obj (.ebss)
                  0000817e    00000002     DisplayJob.obj (.ebss)
                  00008180    0000000e     IdleJob.obj (.ebss)
                  0000818e    00000008     BootLoad.obj (.ebss:_BootFlag)
                  00008196    00000006     ParallelJob.obj (.ebss)
                  0000819c    00000006     rts2800_fpu32.lib : exit.c.obj (.ebss)
                  000081a2    00000004     flash_programming_f280015x.obj (.ebss)
                  000081a6    00000002     rts2800_fpu32.lib : _lock.c.obj (.ebss:__lock)
                  000081a8    00000002                       : _lock.c.obj (.ebss:__unlock)
                  000081aa    00000001     interrupt.obj (.ebss)
                  000081ab    00000001     InterfaceJob.obj (.ebss)

.TI.ramfunc 
*          0    00081050    000009b8     RUN ADDR = 0000a000
                  00081050    0000018f     FAPI_F280015x_COFF_v2.00.01.lib : Program.obj (.text:_Fapi_issueProgrammingCommand)
                  000811df    00000132                                     : Init.obj (.text:_Fapi_initializeAPI)
                  00081311    000000c6                                     : Utilities.obj (.text:_Fapi_calculateEcc)
                  000813d7    00000070                                     : Read.obj (.text:__Fapi_loopRegionForValue)
                  00081447    00000046                                     : Async.obj (.text:_Fapi_issueBankEraseCommand)
                  0008148d    0000003b                                     : Utilities.obj (.text:_Fapi_isAddressValid)
                  000814c8    00000034                                     : Async.obj (.text:_Fapi_issueAsyncCommandWithAddress)
                  000814fc    00000028                                     : BlankCheck.obj (.text:_Fapi_doBlankCheck)
                  00081524    00000024                                     : Verify.obj (.text:_Fapi_doVerify)
                  00081548    00000023                                     : FlashStateMachine.obj (.text:_Fapi_isAddressEcc)
                  0008156b    00000023                                     : Read.obj (.text:__Fapi_checkRegionForValue)
                  0008158e    00000021                                     : Async.obj (.text:_Fapi_issueAsyncCommand)
                  000815af    00000001     --HOLE-- [fill = 0]
                  000815b0    00000020                                     : Utilities.obj (.econst:_$P$T1$2)
                  000815d0    0000001f                                     : Utilities.obj (.text:_Write_32bp)
                  000815ef    00000015                                     : Read.obj (.text:_Fapi_flushPipeline)
                  00081604    00000015                                     : Utilities.obj (.text:_Write_32)
                  00081619    00000013                                     : FlashStateMachine.obj (.text:__Fapi_issueFsmCommand)
                  0008162c    00000010                                     : Utilities.obj (.econst:_$P$T0$1)
                  0008163c    0000000d                                     : FlashStateMachine.obj (.text:_Fapi_checkFsmForReady)
                  00081649    0000000a                                     : FlashStateMachine.obj (.text:_Fapi_setupBankSectorEnable)
                  00081653    00000006                                     : FlashStateMachine.obj (.text:_Fapi_setActiveFlashBank)
                  00081659    00000004                                     : FlashStateMachine.obj (.text:_Fapi_getFsmStatus)
                  0008165d    00000254     flash_programming_f280015x.obj (.TI.ramfunc)
                  000818b1    000000aa     BootLoad.obj (.TI.ramfunc)
                  0008195b    00000033     flash.obj (.TI.ramfunc)
                  0008198e    00000031     interrupt.obj (.TI.ramfunc:retain)
                  000819bf    00000022     OS_TIMER.obj (.TI.ramfunc)
                  000819e1    0000001f     Initial.obj (.TI.ramfunc)
                  00081a00    00000004     f280015x_usdelay.obj (.TI.ramfunc)
                  00081a04    00000004     sysctl.obj (.TI.ramfunc)

DataBufferSection 
*          0    00008000    00000090     UNINITIALIZED
                  00008000    0000008c     BootLoad.obj (DataBufferSection)
                  0000808c    00000004     flash_programming_f280015x.obj (DataBufferSection)

AdcaResultRegsFile 
*          1    00000b00    00000018     UNINITIALIZED
                  00000b00    00000018     f280015x_globalvariabledefs.obj (AdcaResultRegsFile)

AdccResultRegsFile 
*          1    00000b40    00000018     UNINITIALIZED
                  00000b40    00000018     f280015x_globalvariabledefs.obj (AdccResultRegsFile)

CpuTimer0RegsFile 
*          1    00000c00    00000008     UNINITIALIZED
                  00000c00    00000008     f280015x_globalvariabledefs.obj (CpuTimer0RegsFile)

CpuTimer1RegsFile 
*          1    00000c08    00000008     UNINITIALIZED
                  00000c08    00000008     f280015x_globalvariabledefs.obj (CpuTimer1RegsFile)

CpuTimer2RegsFile 
*          1    00000c10    00000008     UNINITIALIZED
                  00000c10    00000008     f280015x_globalvariabledefs.obj (CpuTimer2RegsFile)

PieCtrlRegsFile 
*          1    00000ce0    0000001a     UNINITIALIZED
                  00000ce0    0000001a     f280015x_globalvariabledefs.obj (PieCtrlRegsFile)

EPwm1RegsFile 
*          1    00004000    00000100     UNINITIALIZED
                  00004000    00000100     f280015x_globalvariabledefs.obj (EPwm1RegsFile)

EPwm2RegsFile 
*          1    00004100    00000100     UNINITIALIZED
                  00004100    00000100     f280015x_globalvariabledefs.obj (EPwm2RegsFile)

EPwm3RegsFile 
*          1    00004200    00000100     UNINITIALIZED
                  00004200    00000100     f280015x_globalvariabledefs.obj (EPwm3RegsFile)

EPwm4RegsFile 
*          1    00004300    00000100     UNINITIALIZED
                  00004300    00000100     f280015x_globalvariabledefs.obj (EPwm4RegsFile)

EPwm5RegsFile 
*          1    00004400    00000100     UNINITIALIZED
                  00004400    00000100     f280015x_globalvariabledefs.obj (EPwm5RegsFile)

EPwm6RegsFile 
*          1    00004500    00000100     UNINITIALIZED
                  00004500    00000100     f280015x_globalvariabledefs.obj (EPwm6RegsFile)

EPwm7RegsFile 
*          1    00004600    00000100     UNINITIALIZED
                  00004600    00000100     f280015x_globalvariabledefs.obj (EPwm7RegsFile)

EQep1RegsFile 
*          1    00005100    00000038     UNINITIALIZED
                  00005100    00000038     f280015x_globalvariabledefs.obj (EQep1RegsFile)

EQep2RegsFile 
*          1    00005140    00000038     UNINITIALIZED
                  00005140    00000038     f280015x_globalvariabledefs.obj (EQep2RegsFile)

ECap1RegsFile 
*          1    00005200    00000020     UNINITIALIZED
                  00005200    00000020     f280015x_globalvariabledefs.obj (ECap1RegsFile)

ECap2RegsFile 
*          1    00005240    00000020     UNINITIALIZED
                  00005240    00000020     f280015x_globalvariabledefs.obj (ECap2RegsFile)

ECap3RegsFile 
*          1    00005280    00000020     UNINITIALIZED
                  00005280    00000020     f280015x_globalvariabledefs.obj (ECap3RegsFile)

Cmpss1RegsFile 
*          1    00005500    0000003a     UNINITIALIZED
                  00005500    0000003a     f280015x_globalvariabledefs.obj (Cmpss1RegsFile)

CmpssLite2RegsFile 
*          1    00005540    0000003a     UNINITIALIZED
                  00005540    0000003a     f280015x_globalvariabledefs.obj (CmpssLite2RegsFile)

CmpssLite3RegsFile 
*          1    00005580    0000003a     UNINITIALIZED
                  00005580    0000003a     f280015x_globalvariabledefs.obj (CmpssLite3RegsFile)

CmpssLite4RegsFile 
*          1    000055c0    0000003a     UNINITIALIZED
                  000055c0    0000003a     f280015x_globalvariabledefs.obj (CmpssLite4RegsFile)

SpiaRegsFile 
*          1    00006100    00000010     UNINITIALIZED
                  00006100    00000010     f280015x_globalvariabledefs.obj (SpiaRegsFile)

LinaRegsFile 
*          1    00006a00    000000ec     UNINITIALIZED
                  00006a00    000000ec     f280015x_globalvariabledefs.obj (LinaRegsFile)

WdRegsFile 
*          1    00007000    0000002b     UNINITIALIZED
                  00007000    0000002b     f280015x_globalvariabledefs.obj (WdRegsFile)

NmiIntruptRegsFile 
*          1    00007060    0000000c     UNINITIALIZED
                  00007060    0000000c     f280015x_globalvariabledefs.obj (NmiIntruptRegsFile)

XintRegsFile 
*          1    00007070    0000000b     UNINITIALIZED
                  00007070    0000000b     f280015x_globalvariabledefs.obj (XintRegsFile)

I2caRegsFile 
*          1    00007300    00000022     UNINITIALIZED
                  00007300    00000022     f280015x_globalvariabledefs.obj (I2caRegsFile)

I2cbRegsFile 
*          1    00007340    00000022     UNINITIALIZED
                  00007340    00000022     f280015x_globalvariabledefs.obj (I2cbRegsFile)

AdcaRegsFile 
*          1    00007400    00000076     UNINITIALIZED
                  00007400    00000076     f280015x_globalvariabledefs.obj (AdcaRegsFile)

AdccRegsFile 
*          1    00007500    00000076     UNINITIALIZED
                  00007500    00000076     f280015x_globalvariabledefs.obj (AdccRegsFile)

InputXbarRegsFile 
*          1    00007900    00000020     UNINITIALIZED
                  00007900    00000020     f280015x_globalvariabledefs.obj (InputXbarRegsFile)

XbarRegsFile 
*          1    00007920    00000010     UNINITIALIZED
                  00007920    00000010     f280015x_globalvariabledefs.obj (XbarRegsFile)

EPwmXbarRegsFile 
*          1    00007a00    00000040     UNINITIALIZED
                  00007a00    00000040     f280015x_globalvariabledefs.obj (EPwmXbarRegsFile)

OutputXbarRegsFile 
*          1    00007a80    00000040     UNINITIALIZED
                  00007a80    00000040     f280015x_globalvariabledefs.obj (OutputXbarRegsFile)

GpioCtrlRegsFile 
*          1    00007c00    00000200     UNINITIALIZED
                  00007c00    00000200     f280015x_globalvariabledefs.obj (GpioCtrlRegsFile)

GpioDataRegsFile 
*          1    00007f00    00000040     UNINITIALIZED
                  00007f00    00000040     f280015x_globalvariabledefs.obj (GpioDataRegsFile)

GpioDataReadRegsFile 
*          1    00007f80    00000010     UNINITIALIZED
                  00007f80    00000010     f280015x_globalvariabledefs.obj (GpioDataReadRegsFile)

CanaRegsFile 
*          1    00048000    00000164     UNINITIALIZED
                  00048000    00000164     f280015x_globalvariabledefs.obj (CanaRegsFile)

LCMCPU1RegsFile 
*          1    0004c000    0000007c     UNINITIALIZED
                  0004c000    0000007c     f280015x_globalvariabledefs.obj (LCMCPU1RegsFile)

McanaSsRegsFile 
*          1    0005c400    0000002c     UNINITIALIZED
                  0005c400    0000002c     f280015x_globalvariabledefs.obj (McanaSsRegsFile)

McanaRegsFile 
*          1    0005c600    000000fc     UNINITIALIZED
                  0005c600    000000fc     f280015x_globalvariabledefs.obj (McanaRegsFile)

McanaErrorRegsFile 
*          1    0005c800    00000210     UNINITIALIZED
                  0005c800    00000210     f280015x_globalvariabledefs.obj (McanaErrorRegsFile)

DevCfgRegsFile 
*          1    0005d000    0000019c     UNINITIALIZED
                  0005d000    0000019c     f280015x_globalvariabledefs.obj (DevCfgRegsFile)

ClkCfgRegsFile 
*          1    0005d200    0000003e     UNINITIALIZED
                  0005d200    0000003e     f280015x_globalvariabledefs.obj (ClkCfgRegsFile)

CpuSysRegsFile 
*          1    0005d300    000000b0     UNINITIALIZED
                  0005d300    000000b0     f280015x_globalvariabledefs.obj (CpuSysRegsFile)

AnalogSubsysRegsFile 
*          1    0005d700    0000011a     UNINITIALIZED
                  0005d700    0000011a     f280015x_globalvariabledefs.obj (AnalogSubsysRegsFile)

Dcc0RegsFile 
*          1    0005e700    0000002c     UNINITIALIZED
                  0005e700    0000002c     f280015x_globalvariabledefs.obj (Dcc0RegsFile)

Epg1RegsFile 
*          1    0005ec00    00000050     UNINITIALIZED
                  0005ec00    00000050     f280015x_globalvariabledefs.obj (Epg1RegsFile)

Epg1MuxRegsFile 
*          1    0005ecd0    00000010     UNINITIALIZED
                  0005ecd0    00000010     f280015x_globalvariabledefs.obj (Epg1MuxRegsFile)

DcsmZ1RegsFile 
*          1    0005f000    0000003e     UNINITIALIZED
                  0005f000    0000003e     f280015x_globalvariabledefs.obj (DcsmZ1RegsFile)

DcsmZ2RegsFile 
*          1    0005f080    0000002c     UNINITIALIZED
                  0005f080    0000002c     f280015x_globalvariabledefs.obj (DcsmZ2RegsFile)

DcsmCommonRegsFile 
*          1    0005f0c0    0000002e     UNINITIALIZED
                  0005f0c0    0000002e     f280015x_globalvariabledefs.obj (DcsmCommonRegsFile)

MemCfgRegsFile 
*          1    0005f400    000000a6     UNINITIALIZED
                  0005f400    000000a6     f280015x_globalvariabledefs.obj (MemCfgRegsFile)

AccessProtectionRegsFile 
*          1    0005f500    0000002c     UNINITIALIZED
                  0005f500    0000002c     f280015x_globalvariabledefs.obj (AccessProtectionRegsFile)

MemoryErrorRegsFile 
*          1    0005f540    0000003a     UNINITIALIZED
                  0005f540    0000003a     f280015x_globalvariabledefs.obj (MemoryErrorRegsFile)

Flash0CtrlRegsFile 
*          1    0005f800    00000182     UNINITIALIZED
                  0005f800    00000182     f280015x_globalvariabledefs.obj (Flash0CtrlRegsFile)

Flash0EccRegsFile 
*          1    0005fb00    00000022     UNINITIALIZED
                  0005fb00    00000022     f280015x_globalvariabledefs.obj (Flash0EccRegsFile)

DcsmZ1OtpRegsFile 
*          1    00078000    00000020     UNINITIALIZED
                  00078000    00000020     f280015x_globalvariabledefs.obj (DcsmZ1OtpRegsFile)

DcsmZ2OtpRegsFile 
*          1    00078200    00000014     UNINITIALIZED
                  00078200    00000014     f280015x_globalvariabledefs.obj (DcsmZ2OtpRegsFile)

PmbusaRegsFile 
*          1    00006400    0000001e     UNINITIALIZED
                  00006400    0000001e     f280015x_globalvariabledefs.obj (PmbusaRegsFile)

SciaRegsFile 
*          1    00007200    00000010     UNINITIALIZED
                  00007200    00000010     f280015x_globalvariabledefs.obj (SciaRegsFile)

ScibRegsFile 
*          1    00007210    00000010     UNINITIALIZED
                  00007210    00000010     f280015x_globalvariabledefs.obj (ScibRegsFile)

ScicRegsFile 
*          1    00007220    00000010     UNINITIALIZED
                  00007220    00000010     f280015x_globalvariabledefs.obj (ScicRegsFile)

SyncSocRegsFile 
*          1    00007940    00000006     UNINITIALIZED
                  00007940    00000006     f280015x_globalvariabledefs.obj (SyncSocRegsFile)

SysStatusRegsFile 
*          1    0005d400    00000028     UNINITIALIZED
                  0005d400    00000028     f280015x_globalvariabledefs.obj (SysStatusRegsFile)

TestErrorRegsFile 
*          1    0005f590    00000006     UNINITIALIZED
                  0005f590    00000006     f280015x_globalvariabledefs.obj (TestErrorRegsFile)

.text      0    00080008    00001045     
                  00080008    000004c3     Initial.obj (.text)
                  000804cb    00000411     BootLoad.obj (.text)
                  000808dc    00000341     f280015x_defaultisr.obj (.text:retain)
                  00080c1d    00000088     rts2800_fpu32.lib : fs_div28.asm.obj (.text)
                  00080ca5    00000085     interrupt.obj (.text:retain)
                  00080d2a    00000070     OS_CORE.obj (.text)
                  00080d9a    00000056     rts2800_fpu32.lib : boot28.asm.obj (.text)
                  00080df0    00000050     OS_EVENT.obj (.text)
                  00080e40    0000004d     OS_SHELL.obj (.text)
                  00080e8d    00000041     Main.obj (.text)
                  00080ece    00000036     OS_CPU_A.obj (.text)
                  00080f04    00000029     OS_CPU.obj (.text)
                  00080f2d    00000029     rts2800_fpu32.lib : exit.c.obj (.text)
                  00080f56    00000026     InterfaceJob.obj (.text)
                  00080f7c    00000024     rts2800_fpu32.lib : cpy_tbl.c.obj (.text)
                  00080fa0    0000001d                       : memcpy.c.obj (.text)
                  00080fbd    0000001a     flash_programming_f280015x.obj (.text)
                  00080fd7    00000018     rts2800_fpu32.lib : ll_aox28.asm.obj (.text)
                  00080fef    00000017     ParallelJob.obj (.text)
                  00081006    00000012     IdleJob.obj (.text)
                  00081018    00000012     rts2800_fpu32.lib : args_main.c.obj (.text)
                  0008102a    0000000f     DisplayJob.obj (.text)
                  00081039    00000009     rts2800_fpu32.lib : _lock.c.obj (.text)
                  00081042    00000008     f280015x_codestartbranch.obj (.text)
                  0008104a    00000002     rts2800_fpu32.lib : pre_init.c.obj (.text)
                  0008104c    00000001                       : startup.c.obj (.text)

.econst    0    00081a08    00000300     
                  00081a08    00000200     BootLoad.obj (.econst:_crc32tab)
                  00081c08    00000100     Initial.obj (.econst:_PieVectTableInit)

MODULE SUMMARY

       Module                            code   initialized data   uninitialized data
       ------                            ----   ----------------   ------------------
    .\APP\
       f280015x_globalvariabledefs.obj   0      0                  7118              
       Initial.obj                       1281   256                8                 
       interrupt.obj                     231    4                  1                 
       Main.obj                          65     0                  0                 
       f280015x_codestartbranch.obj      10     0                  0                 
    +--+---------------------------------+------+------------------+--------------------+
       Total:                            1587   260                7127              
                                                                                     
    .\CPU\
       f280015x_defaultisr.obj           833    0                  0                 
       f280015x_usdelay.obj              8      0                  0                 
    +--+---------------------------------+------+------------------+--------------------+
       Total:                            841    0                  0                 
                                                                                     
    .\CPU\DriveLib\
       flash.obj                         102    0                  0                 
       sysctl.obj                        8      0                  0                 
    +--+---------------------------------+------+------------------+--------------------+
       Total:                            110    0                  0                 
                                                                                     
    .\DRIVER\Boot\
       BootLoad.obj                      1381   547                328               
       flash_programming_f280015x.obj    1218   5                  8                 
    +--+---------------------------------+------+------------------+--------------------+
       Total:                            2599   552                336               
                                                                                     
    .\KERNEL\SOURCE\
       OS_CORE.obj                       112    19                 1016              
       OS_SHELL.obj                      77     0                  34                
       OS_EVENT.obj                      80     0                  0                 
       OS_TIMER.obj                      68     0                  0                 
    +--+---------------------------------+------+------------------+--------------------+
       Total:                            337    19                 1050              
                                                                                     
    .\KERNEL\ports\
       OS_CPU_A.obj                      54     0                  0                 
       OS_CPU.obj                        41     0                  0                 
    +--+---------------------------------+------+------------------+--------------------+
       Total:                            95     0                  0                 
                                                                                     
    .\TASK\
       IdleJob.obj                       18     45                 14                
       InterfaceJob.obj                  38     0                  1                 
       ParallelJob.obj                   23     10                 6                 
       DisplayJob.obj                    15     4                  2                 
    +--+---------------------------------+------+------------------+--------------------+
       Total:                            94     59                 23                
                                                                                     
    C:/PWG_Project/Project/1.ICVM/F2800157_IAP_IVCMP1G2_P5CN_01/01_SourceCode/DRIVER/Boot/FAPI_F280015x_COFF_v2.00.01.lib
       Program.obj                       798    0                  0                 
       Utilities.obj                     618    96                 0                 
       Init.obj                          612    0                  0                 
       Read.obj                          336    0                  0                 
       Async.obj                         310    0                  0                 
       FlashStateMachine.obj             174    0                  0                 
       BlankCheck.obj                    80     0                  0                 
       Verify.obj                        72     0                  0                 
    +--+---------------------------------+------+------------------+--------------------+
       Total:                            3000   96                 0                 
                                                                                     
    C:\ti\ccs1281\ccs\tools\compiler\ti-cgt-c2000_22.6.1.LTS\lib\rts2800_fpu32.lib
       fs_div28.asm.obj                  136    0                  0                 
       boot28.asm.obj                    86     0                  0                 
       exit.c.obj                        41     14                 6                 
       cpy_tbl.c.obj                     36     0                  0                 
       memcpy.c.obj                      29     0                  0                 
       ll_aox28.asm.obj                  24     0                  0                 
       _lock.c.obj                       9      10                 4                 
       args_main.c.obj                   18     0                  0                 
       pre_init.c.obj                    2      0                  0                 
       startup.c.obj                     1      0                  0                 
    +--+---------------------------------+------+------------------+--------------------+
       Total:                            382    24                 10                
                                                                                     
       Stack:                            0      0                  512               
    +--+---------------------------------+------+------------------+--------------------+
       Grand Total:                      9045   1010               9058              


GLOBAL DATA SYMBOLS: SORTED BY DATA PAGE

address     data page           name
--------    ----------------    ----
00000400      10 (00000400)     __stack

00000b00      2c (00000b00)     _AdcaResultRegs

00000b40      2d (00000b40)     _AdccResultRegs

00000c00      30 (00000c00)     _CpuTimer0Regs
00000c08      30 (00000c00)     _CpuTimer1Regs
00000c10      30 (00000c00)     _CpuTimer2Regs

00000ce0      33 (00000cc0)     _PieCtrlRegs

00000d00      34 (00000d00)     _PieVectTable

00004000     100 (00004000)     _EPwm1Regs

00004100     104 (00004100)     _EPwm2Regs

00004200     108 (00004200)     _EPwm3Regs

00004300     10c (00004300)     _EPwm4Regs

00004400     110 (00004400)     _EPwm5Regs

00004500     114 (00004500)     _EPwm6Regs

00004600     118 (00004600)     _EPwm7Regs

00005100     144 (00005100)     _EQep1Regs

00005140     145 (00005140)     _EQep2Regs

00005200     148 (00005200)     _ECap1Regs

00005240     149 (00005240)     _ECap2Regs

00005280     14a (00005280)     _ECap3Regs

00005500     154 (00005500)     _Cmpss1Regs

00005540     155 (00005540)     _CmpssLite2Regs

00005580     156 (00005580)     _CmpssLite3Regs

000055c0     157 (000055c0)     _CmpssLite4Regs

00006100     184 (00006100)     _SpiaRegs

00006400     190 (00006400)     _PmbusaRegs

00006a00     1a8 (00006a00)     _LinaRegs

00007000     1c0 (00007000)     _WdRegs

00007060     1c1 (00007040)     _NmiIntruptRegs
00007070     1c1 (00007040)     _XintRegs

00007200     1c8 (00007200)     _SciaRegs
00007210     1c8 (00007200)     _ScibRegs
00007220     1c8 (00007200)     _ScicRegs

00007300     1cc (00007300)     _I2caRegs

00007340     1cd (00007340)     _I2cbRegs

00007400     1d0 (00007400)     _AdcaRegs

00007500     1d4 (00007500)     _AdccRegs

00007900     1e4 (00007900)     _InputXbarRegs
00007920     1e4 (00007900)     _XbarRegs

00007940     1e5 (00007940)     _SyncSocRegs

00007a00     1e8 (00007a00)     _EPwmXbarRegs

00007a80     1ea (00007a80)     _OutputXbarRegs

00007c00     1f0 (00007c00)     _GpioCtrlRegs

00007f00     1fc (00007f00)     _GpioDataRegs

00007f80     1fe (00007f80)     _GpioDataReadRegs

00008000     200 (00008000)     _BootData

0000808c     202 (00008080)     _Buffer
00008090     202 (00008080)     _bWatchDog
00008091     202 (00008080)     _bRxIndex
00008092     202 (00008080)     _bCommType
00008093     202 (00008080)     _bXorChkTemp
00008094     202 (00008080)     _bXorChk
00008095     202 (00008080)     _bIndex
00008096     202 (00008080)     _uwFlashDataLen
00008097     202 (00008080)     _bAddId1
00008098     202 (00008080)     _bAddId2
00008099     202 (00008080)     _bAddChar1
0000809a     202 (00008080)     _bAddChar2
0000809b     202 (00008080)     _bTxDelay
0000809c     202 (00008080)     _bResDelay
0000809d     202 (00008080)     _wKeyPressCnt
0000809e     202 (00008080)     _wKeyStatusCnt
000080a0     202 (00008080)     _dwUartRegs
000080a2     202 (00008080)     _dwFlashAddr
000080a4     202 (00008080)     _dwFlashAddrP
000080a6     202 (00008080)     _dwFlashAddrOffset
000080a8     202 (00008080)     _wFlashData1
000080aa     202 (00008080)     _wFlashData2
000080ac     202 (00008080)     _dwIAPCRCData
000080ae     202 (00008080)     _dwFlashCRCData
000080b0     202 (00008080)     _BootData32
000080b2     202 (00008080)     _address1
000080b4     202 (00008080)     _wFlashData
000080b8     202 (00008080)     _CpuTimer0

000080c0     203 (000080c0)     _bRxBuff

0000814c     205 (00008140)     _OSTCBTbl
00008164     205 (00008140)     _OSUnMapTbl
00008174     205 (00008140)     _OSRdyMap
00008175     205 (00008140)     _OSPrioHighRdy
00008176     205 (00008140)     _OSPrioCur
00008178     205 (00008140)     _OSTCBHighRdy
0000817a     205 (00008140)     _OSTCBCur
0000817c     205 (00008140)     _OSStkPtr
0000817e     205 (00008140)     _fDisplayJob
0000817f     205 (00008140)     _uwDisplayCount

00008180     206 (00008180)     _wTestLedCnt
00008181     206 (00008180)     _bTestTxLen
00008182     206 (00008180)     _bTestTxId
00008183     206 (00008180)     _bestTxCnt
00008184     206 (00008180)     _wTestDuty
00008185     206 (00008180)     _wTestPwmMode
00008186     206 (00008180)     _wTestEeprom1Write
00008187     206 (00008180)     _wTestEeprom2Write
00008188     206 (00008180)     _wTestEeprom3Write
00008189     206 (00008180)     _wTestEeprom1Read
0000818a     206 (00008180)     _wTestEeprom2Read
0000818b     206 (00008180)     _wTestEeprom3Read
0000818c     206 (00008180)     _sIdleCount
0000818e     206 (00008180)     _BootFlag
00008196     206 (00008180)     _fParallelJob
00008198     206 (00008180)     _A2
0000819a     206 (00008180)     _sParallelCount
0000819c     206 (00008180)     ___TI_enable_exit_profile_output
0000819e     206 (00008180)     ___TI_cleanup_ptr
000081a0     206 (00008180)     ___TI_dtors_ptr
000081a2     206 (00008180)     _oReturnCheck
000081a4     206 (00008180)     _Buffer32
000081a6     206 (00008180)     __lock
000081a8     206 (00008180)     __unlock
000081aa     206 (00008180)     _wakeCount
000081ab     206 (00008180)     _fInterfaceJob

000081c0     207 (000081c0)     _OSSystemStk

0000a000     280 (0000a000)     _Fapi_issueProgrammingCommand

0000a18f     286 (0000a180)     _Fapi_initializeAPI

0000a2c1     28b (0000a2c0)     _Fapi_calculateEcc

0000a387     28e (0000a380)     __Fapi_loopRegionForValue

0000a3f7     28f (0000a3c0)     _Fapi_issueBankEraseCommand

0000a43d     290 (0000a400)     _Fapi_isAddressValid

0000a478     291 (0000a440)     _Fapi_issueAsyncCommandWithAddress

0000a4ac     292 (0000a480)     _Fapi_doBlankCheck

0000a4d4     293 (0000a4c0)     _Fapi_doVerify
0000a4f8     293 (0000a4c0)     _Fapi_isAddressEcc

0000a51b     294 (0000a500)     __Fapi_checkRegionForValue
0000a53e     294 (0000a500)     _Fapi_issueAsyncCommand

0000a580     296 (0000a580)     _Write_32bp
0000a59f     296 (0000a580)     _Fapi_flushPipeline
0000a5b4     296 (0000a580)     _Write_32

0000a5c9     297 (0000a5c0)     __Fapi_issueFsmCommand
0000a5ec     297 (0000a5c0)     _Fapi_checkFsmForReady
0000a5f9     297 (0000a5c0)     _Fapi_setupBankSectorEnable

0000a603     298 (0000a600)     _Fapi_setActiveFlashBank
0000a609     298 (0000a600)     _Fapi_getFsmStatus
0000a60d     298 (0000a600)     _Example_CallFlashAPI
0000a62e     298 (0000a600)     _ClearFSMStatus

0000a649     299 (0000a640)     _Example_ProgramUsingDataOnlyECCOnly

0000a6dd     29b (0000a6c0)     _Example_ProgramUsingDataAndECC

0000a745     29d (0000a740)     _Example_ProgramUsingAutoECC

0000a789     29e (0000a780)     _Example_ProgramBankUsingAutoECC

0000a7e0     29f (0000a7c0)     _Example_EraseSector

0000a81a     2a0 (0000a800)     _Example_EraseBanks

0000a861     2a1 (0000a840)     _ProgramBootFlag

0000a8b6     2a2 (0000a880)     _ProgramBootData

0000a90b     2a4 (0000a900)     _Flash_initModule
0000a93e     2a4 (0000a900)     _isrOSTimeBase

0000a96f     2a5 (0000a940)     _OSTimerTick

0000a991     2a6 (0000a980)     _sInitFlash
0000a9b0     2a6 (0000a980)     _F28x_usDelay
0000a9b4     2a6 (0000a980)     _SysCtl_delay

00048000    1200 (00048000)     _CanaRegs

0004c000    1300 (0004c000)     _LCMCPU1Regs

0005c400    1710 (0005c400)     _McanaSsRegs

0005c600    1718 (0005c600)     _McanaRegs

0005c800    1720 (0005c800)     _McanaErrorRegs

0005d000    1740 (0005d000)     _DevCfgRegs

0005d200    1748 (0005d200)     _ClkCfgRegs

0005d300    174c (0005d300)     _CpuSysRegs

0005d400    1750 (0005d400)     _SysStatusRegs

0005d700    175c (0005d700)     _AnalogSubsysRegs

0005e700    179c (0005e700)     _Dcc0Regs

0005ec00    17b0 (0005ec00)     _Epg1Regs

0005ecd0    17b3 (0005ecc0)     _Epg1MuxRegs

0005f000    17c0 (0005f000)     _DcsmZ1Regs

0005f080    17c2 (0005f080)     _DcsmZ2Regs

0005f0c0    17c3 (0005f0c0)     _DcsmCommonRegs

0005f400    17d0 (0005f400)     _MemCfgRegs

0005f500    17d4 (0005f500)     _AccessProtectionRegs

0005f540    17d5 (0005f540)     _MemoryErrorRegs

0005f590    17d6 (0005f580)     _TestErrorRegs

0005f800    17e0 (0005f800)     _Flash0CtrlRegs

0005fb00    17ec (0005fb00)     _Flash0EccRegs

00078000    1e00 (00078000)     _DcsmZ1OtpRegs

00078200    1e08 (00078200)     _DcsmZ2OtpRegs

00081c08    2070 (00081c00)     _PieVectTableInit


GLOBAL SYMBOLS: SORTED ALPHABETICALLY BY Name 

page  address   name                                
----  -------   ----                                
abs   ffffffff  .text                               
0     00080f2d  C$$EXIT                             
0     00080c1d  FS$$DIV                             
0     00080fd7  LL$$AND                             
0     00080fdf  LL$$OR                              
0     00080fe7  LL$$XOR                             
0     00008198  _A2                                 
0     00080c13  _ADCA1_ISR                          
0     00080c09  _ADCA2_ISR                          
0     00080bff  _ADCA3_ISR                          
0     00080bf5  _ADCA4_ISR                          
0     00080beb  _ADCA_EVT_ISR                       
0     00080be1  _ADCC1_ISR                          
0     00080bd7  _ADCC2_ISR                          
0     00080bcd  _ADCC3_ISR                          
0     00080bc3  _ADCC4_ISR                          
0     00080bb9  _ADCC_EVT_ISR                       
1     0005f500  _AccessProtectionRegs               
1     00007400  _AdcaRegs                           
1     00000b00  _AdcaResultRegs                     
1     00007500  _AdccRegs                           
1     00000b40  _AdccResultRegs                     
1     0005d700  _AnalogSubsysRegs                   
0     00008000  _BootData                           
0     000080b0  _BootData32                         
0     0000818e  _BootFlag                           
0     0000808c  _Buffer                             
0     000081a4  _Buffer32                           
0     00080baf  _CANA0_ISR                          
0     00080ba5  _CANA1_ISR                          
1     00048000  _CanaRegs                           
0     0000a62e  _ClearFSMStatus                     
1     0005d200  _ClkCfgRegs                         
1     00005500  _Cmpss1Regs                         
1     00005540  _CmpssLite2Regs                     
1     00005580  _CmpssLite3Regs                     
1     000055c0  _CmpssLite4Regs                     
1     0005d300  _CpuSysRegs                         
0     000080b8  _CpuTimer0                          
1     00000c00  _CpuTimer0Regs                      
1     00000c08  _CpuTimer1Regs                      
1     00000c10  _CpuTimer2Regs                      
0     00080b9b  _DATALOG_ISR                        
0     00080b91  _DCC0_ISR                           
1     0005e700  _Dcc0Regs                           
1     0005f0c0  _DcsmCommonRegs                     
1     00078000  _DcsmZ1OtpRegs                      
1     0005f000  _DcsmZ1Regs                         
1     00078200  _DcsmZ2OtpRegs                      
1     0005f080  _DcsmZ2Regs                         
1     0005d000  _DevCfgRegs                         
0     00080b87  _ECAP1_ISR                          
0     00080b7d  _ECAP2_ISR                          
0     00080b73  _ECAP3_ISR                          
0     00080fd4  _ECC_Fail                           
1     00005200  _ECap1Regs                          
1     00005240  _ECap2Regs                          
1     00005280  _ECap3Regs                          
0     00080b66  _EMPTY_ISR                          
0     00080b5c  _EMU_ISR                            
0     00080b52  _EPWM1_ISR                          
0     00080b48  _EPWM1_TZ_ISR                       
0     00080b3e  _EPWM2_ISR                          
0     00080b34  _EPWM2_TZ_ISR                       
0     00080b2a  _EPWM3_ISR                          
0     00080b20  _EPWM3_TZ_ISR                       
0     00080b16  _EPWM4_ISR                          
0     00080b0c  _EPWM4_TZ_ISR                       
0     00080b02  _EPWM5_ISR                          
0     00080af8  _EPWM5_TZ_ISR                       
0     00080aee  _EPWM6_ISR                          
0     00080ae4  _EPWM6_TZ_ISR                       
0     00080ada  _EPWM7_ISR                          
0     00080ad0  _EPWM7_TZ_ISR                       
1     00004000  _EPwm1Regs                          
1     00004100  _EPwm2Regs                          
1     00004200  _EPwm3Regs                          
1     00004300  _EPwm4Regs                          
1     00004400  _EPwm5Regs                          
1     00004500  _EPwm6Regs                          
1     00004600  _EPwm7Regs                          
1     00007a00  _EPwmXbarRegs                       
0     00080ac6  _EQEP1_ISR                          
0     00080abc  _EQEP2_ISR                          
1     00005100  _EQep1Regs                          
1     00005140  _EQep2Regs                          
1     0005ecd0  _Epg1MuxRegs                        
1     0005ec00  _Epg1Regs                           
0     0000a60d  _Example_CallFlashAPI               
0     00080fd1  _Example_Done                       
0     0000a81a  _Example_EraseBanks                 
0     0000a7e0  _Example_EraseSector                
0     00080fbd  _Example_Error                      
0     0000a789  _Example_ProgramBankUsingAutoECC    
0     0000a745  _Example_ProgramUsingAutoECC        
0     0000a6dd  _Example_ProgramUsingDataAndECC     
0     0000a649  _Example_ProgramUsingDataOnlyECCOnly
0     0000a9b0  _F28x_usDelay                       
0     00080ab2  _FLSS_ISR                           
0     00080fce  _FMSTAT_Fail                        
0     0000a2c1  _Fapi_calculateEcc                  
0     0000a5ec  _Fapi_checkFsmForReady              
0     0000a4ac  _Fapi_doBlankCheck                  
0     0000a4d4  _Fapi_doVerify                      
0     0000a59f  _Fapi_flushPipeline                 
0     0000a609  _Fapi_getFsmStatus                  
0     0000a18f  _Fapi_initializeAPI                 
0     0000a4f8  _Fapi_isAddressEcc                  
0     0000a43d  _Fapi_isAddressValid                
0     0000a53e  _Fapi_issueAsyncCommand             
0     0000a478  _Fapi_issueAsyncCommandWithAddress  
0     0000a3f7  _Fapi_issueBankEraseCommand         
0     0000a000  _Fapi_issueProgrammingCommand       
0     0000a603  _Fapi_setActiveFlashBank            
0     0000a5f9  _Fapi_setupBankSectorEnable         
1     0005f800  _Flash0CtrlRegs                     
1     0005fb00  _Flash0EccRegs                      
0     0000a90b  _Flash_initModule                   
1     00007c00  _GpioCtrlRegs                       
1     00007f80  _GpioDataReadRegs                   
1     00007f00  _GpioDataRegs                       
0     00080aa8  _I2CA_FIFO_ISR                      
0     00080a9e  _I2CA_ISR                           
0     00080a94  _I2CB_FIFO_ISR                      
0     00080a8a  _I2CB_ISR                           
1     00007300  _I2caRegs                           
1     00007340  _I2cbRegs                           
0     00080674  _IAP_AppFlashErase                  
0     00080714  _IAP_AppFlashProgram                
0     000808da  _IAP_BootFlagCheck                  
0     0008063a  _IAP_BootFlagErase                  
0     000805a7  _IAP_DelayMs                        
0     0008060d  _IAP_Initial                        
0     000804ef  _IAP_UartRecv                       
0     000805b4  _IAP_UartSend                       
0     000808cb  _IAP_Updater                        
0     000805d5  _IAP_WaitPing                       
0     00080a80  _ILLEGAL_ISR                        
1     00007900  _InputXbarRegs                      
1     0004c000  _LCMCPU1Regs                        
0     00080a76  _LINA_0_ISR                         
0     00080a6c  _LINA_1_ISR                         
1     00006a00  _LinaRegs                           
0     00080a62  _MCANA_0_ISR                        
0     00080a58  _MCANA_1_ISR                        
0     00080a4e  _MCANA_ECC_ISR                      
0     00080a44  _MCANA_WAKE_ISR                     
1     0005c800  _McanaErrorRegs                     
1     0005c600  _McanaRegs                          
1     0005c400  _McanaSsRegs                        
1     0005f400  _MemCfgRegs                         
1     0005f540  _MemoryErrorRegs                    
0     00080a3a  _NMI_ISR                            
0     00080a30  _NOTUSED_ISR                        
1     00007060  _NmiIntruptRegs                     
0     00080ede  _OSCtxSw                            
0     00080e37  _OSEventGet                         
0     00080e1c  _OSEventSend                        
0     00080d2a  _OSFindHighPrio                     
0     00080e86  _OSInit                             
0     00080d88  _OSInitRdyList                      
0     00080d82  _OSInitSys                          
0     00080d72  _OSInitTCBList                      
0     00080f01  _OSIntCtxSw                         
0     00080e70  _OSIntExit                          
0     00080df0  _OSMaskEventPend                    
0     00008176  _OSPrioCur                          
0     00008175  _OSPrioHighRdy                      
0     00008174  _OSRdyMap                           
0     00080d59  _OSSched                            
0     00080e5d  _OSStart                            
0     00080ece  _OSStartHighRdy                     
0     0000817c  _OSStkPtr                           
0     000081c0  _OSSystemStk                        
0     0000817a  _OSTCBCur                           
0     00008178  _OSTCBHighRdy                       
0     0000814c  _OSTCBTbl                           
0     00080e40  _OSTaskCreate                       
0     00080f04  _OSTaskStkInit                      
0     0000a96f  _OSTimerTick                        
0     00008164  _OSUnMapTbl                         
1     00007a80  _OutputXbarRegs                     
0     00080a26  _PIE_RESERVED_ISR                   
0     00080a1c  _PMBUSA_ISR                         
1     00000ce0  _PieCtrlRegs                        
0     00000d00  _PieVectTable                       
0     00081c08  _PieVectTableInit                   
1     00006400  _PmbusaRegs                         
0     0000a8b6  _ProgramBootData                    
0     0000a861  _ProgramBootFlag                    
0     00080a12  _RTOS_ISR                           
abs   00081a08  _RamfuncsLoadEnd                    
abs   000009b8  _RamfuncsLoadSize                   
abs   00081050  _RamfuncsLoadStart                  
abs   0000a9b8  _RamfuncsRunEnd                     
abs   000009b8  _RamfuncsRunSize                    
abs   0000a000  _RamfuncsRunStart                   
0     00080a08  _SCIA_RX_ISR                        
0     000809fe  _SCIA_TX_ISR                        
0     000809f4  _SCIB_RX_ISR                        
0     000809ea  _SCIB_TX_ISR                        
0     000809e0  _SCIC_RX_ISR                        
0     000809d6  _SCIC_TX_ISR                        
0     000809cc  _SPIA_RX_ISR                        
0     000809c2  _SPIA_TX_ISR                        
0     000809b8  _SYS_ERR_ISR                        
1     00007200  _SciaRegs                           
1     00007210  _ScibRegs                           
1     00007220  _ScicRegs                           
1     00006100  _SpiaRegs                           
1     00007940  _SyncSocRegs                        
0     0000a9b4  _SysCtl_delay                       
0     0008016f  _SysIntOsc1Sel                      
0     0008019f  _SysIntOsc2Sel                      
1     0005d400  _SysStatusRegs                      
0     00080154  _SysXtalOscSESel                    
0     00080178  _SysXtalOscSel                      
0     000809ae  _TIMER0_ISR                         
0     000809a4  _TIMER1_ISR                         
0     0008099a  _TIMER2_ISR                         
1     0005f590  _TestErrorRegs                      
0     00080990  _USER10_ISR                         
0     00080986  _USER11_ISR                         
0     0008097c  _USER12_ISR                         
0     00080972  _USER1_ISR                          
0     00080968  _USER2_ISR                          
0     0008095e  _USER3_ISR                          
0     00080954  _USER4_ISR                          
0     0008094a  _USER5_ISR                          
0     00080940  _USER6_ISR                          
0     00080936  _USER7_ISR                          
0     0008092c  _USER8_ISR                          
0     00080922  _USER9_ISR                          
0     00080918  _VCU_ISR                            
0     0008090e  _WAKE_ISR                           
1     00007000  _WdRegs                             
0     0000a5b4  _Write_32                           
0     0000a580  _Write_32bp                         
0     00080904  _XINT1_ISR                          
0     000808fa  _XINT2_ISR                          
0     000808f0  _XINT3_ISR                          
0     000808e6  _XINT4_ISR                          
0     000808dc  _XINT5_ISR                          
1     00007920  _XbarRegs                           
1     00007070  _XintRegs                           
0     0000a51b  __Fapi_checkRegionForValue          
0     0000a5c9  __Fapi_issueFsmCommand              
0     0000a387  __Fapi_loopRegionForValue           
0     00000600  __STACK_END                         
abs   00000200  __STACK_SIZE                        
0     0000819e  ___TI_cleanup_ptr                   
0     000081a0  ___TI_dtors_ptr                     
0     0000819c  ___TI_enable_exit_profile_output    
abs   ffffffff  ___TI_pprof_out_hndl                
abs   ffffffff  ___TI_prof_data_size                
abs   ffffffff  ___TI_prof_data_start               
abs   ffffffff  ___binit__                          
abs   ffffffff  ___c_args__                         
0     00081d08  ___cinit__                          
abs   ffffffff  ___etext__                          
abs   ffffffff  ___pinit__                          
abs   ffffffff  ___text__                           
0     00081018  __args_main                         
0     000081a6  __lock                              
0     00081041  __nop                               
0     0008103d  __register_lock                     
0     00081039  __register_unlock                   
0     00000400  __stack                             
0     0008104c  __system_post_cinit                 
0     0008104a  __system_pre_init                   
0     000081a8  __unlock                            
0     00080f2d  _abort                              
0     000080b2  _address1                           
0     00008099  _bAddChar1                          
0     0000809a  _bAddChar2                          
0     00008097  _bAddId1                            
0     00008098  _bAddId2                            
0     00008092  _bCommType                          
0     00008095  _bIndex                             
0     0000809c  _bResDelay                          
0     000080c0  _bRxBuff                            
0     00008091  _bRxIndex                           
0     00008182  _bTestTxId                          
0     00008181  _bTestTxLen                         
0     0000809b  _bTxDelay                           
0     00008090  _bWatchDog                          
0     00008094  _bXorChk                            
0     00008093  _bXorChkTemp                        
0     00008183  _bestTxCnt                          
0     00080d9a  _c_int00                            
0     00080f7c  _copy_in                            
0     000080a2  _dwFlashAddr                        
0     000080a6  _dwFlashAddrOffset                  
0     000080a4  _dwFlashAddrP                       
0     000080ae  _dwFlashCRCData                     
0     000080ac  _dwIAPCRCData                       
0     000080a0  _dwUartRegs                         
0     00080f2f  _exit                               
0     0000817e  _fDisplayJob                        
0     000081ab  _fInterfaceJob                      
0     00008196  _fParallelJob                       
0     0000a93e  _isrOSTimeBase                      
0     00080d19  _isrSCIAReceive                     
0     00080d08  _isrSCIATransmit                    
0     00080cf7  _isrSCIBReceive                     
0     00080ce6  _isrSCIBTransmit                    
0     00080cd5  _isrSCICReceive                     
0     00080cc4  _isrSCICTransmit                    
0     00080ca5  _isrWakeup                          
0     00080e8d  _main                               
0     00080fa0  _memcpy                             
0     000081a2  _oReturnCheck                       
0     00080045  _sComputeCntrSeedValue              
0     00080421  _sConfigCpuTimer                    
0     00080130  _sDelay1ms                          
0     000804c5  _sDelay4us                          
0     0008102e  _sDisplayJob                        
0     0008102a  _sDisplayJobInit                    
0     00080fc0  _sFlashIapInit                      
0     000804e3  _sIWDG_SysCtl_serviceWatchdog       
0     000804cb  _sIapFlgLook                        
0     0000818c  _sIdleCount                         
0     0008100b  _sIdleJob                           
0     00081007  _sIdleJobInit                       
0     000804c4  _sInitAdc                           
0     00080410  _sInitCpuTimers                     
0     000804c3  _sInitECAP                          
0     000804c2  _sInitEPWM                          
0     0000a991  _sInitFlash                         
0     0008031a  _sInitGpio                          
0     000802eb  _sInitPieCtrl                       
0     0008030a  _sInitPieVectTable                  
0     00080398  _sInitSCI                           
0     000803d9  _sInitSCIAEchoback                  
0     000803c3  _sInitSCIAFIFO                      
0     0008029b  _sInitSysCtrl                       
0     000801a6  _sInitSysPll                        
0     00080444  _sInitialDSP                        
0     00080f65  _sInterfaceJob                      
0     00080f5b  _sInterfaceJobInit                  
0     000800b5  _sIsPLLValid                        
0     00081006  _sLedTest                           
0     00080035  _sMemCopy                           
0     0000819a  _sParallelCount                     
0     00080ff3  _sParallelJob                       
0     00080fef  _sParallelJobInit                   
0     00080034  _sSetVREF                           
0     00080008  _sUnlockAllGpio                     
0     00080f56  _sbGetInitializeFinished            
0     0000817f  _uwDisplayCount                     
0     00008096  _uwFlashDataLen                     
0     000080b4  _wFlashData                         
0     000080a8  _wFlashData1                        
0     000080aa  _wFlashData2                        
0     0000809d  _wKeyPressCnt                       
0     0000809e  _wKeyStatusCnt                      
0     00008184  _wTestDuty                          
0     00008189  _wTestEeprom1Read                   
0     00008186  _wTestEeprom1Write                  
0     0000818a  _wTestEeprom2Read                   
0     00008187  _wTestEeprom2Write                  
0     0000818b  _wTestEeprom3Read                   
0     00008188  _wTestEeprom3Write                  
0     00008180  _wTestLedCnt                        
0     00008185  _wTestPwmMode                       
0     000081aa  _wakeCount                          
abs   ffffffff  binit                               
0     00081d08  cinit                               
0     00080000  code_start                          
abs   ffffffff  etext                               
abs   ffffffff  pinit                               


GLOBAL SYMBOLS: SORTED BY Symbol Address 

page  address   name                                
----  -------   ----                                
0     00000400  __stack                             
0     00000600  __STACK_END                         
0     00000d00  _PieVectTable                       
0     00008000  _BootData                           
0     0000808c  _Buffer                             
0     00008090  _bWatchDog                          
0     00008091  _bRxIndex                           
0     00008092  _bCommType                          
0     00008093  _bXorChkTemp                        
0     00008094  _bXorChk                            
0     00008095  _bIndex                             
0     00008096  _uwFlashDataLen                     
0     00008097  _bAddId1                            
0     00008098  _bAddId2                            
0     00008099  _bAddChar1                          
0     0000809a  _bAddChar2                          
0     0000809b  _bTxDelay                           
0     0000809c  _bResDelay                          
0     0000809d  _wKeyPressCnt                       
0     0000809e  _wKeyStatusCnt                      
0     000080a0  _dwUartRegs                         
0     000080a2  _dwFlashAddr                        
0     000080a4  _dwFlashAddrP                       
0     000080a6  _dwFlashAddrOffset                  
0     000080a8  _wFlashData1                        
0     000080aa  _wFlashData2                        
0     000080ac  _dwIAPCRCData                       
0     000080ae  _dwFlashCRCData                     
0     000080b0  _BootData32                         
0     000080b2  _address1                           
0     000080b4  _wFlashData                         
0     000080b8  _CpuTimer0                          
0     000080c0  _bRxBuff                            
0     0000814c  _OSTCBTbl                           
0     00008164  _OSUnMapTbl                         
0     00008174  _OSRdyMap                           
0     00008175  _OSPrioHighRdy                      
0     00008176  _OSPrioCur                          
0     00008178  _OSTCBHighRdy                       
0     0000817a  _OSTCBCur                           
0     0000817c  _OSStkPtr                           
0     0000817e  _fDisplayJob                        
0     0000817f  _uwDisplayCount                     
0     00008180  _wTestLedCnt                        
0     00008181  _bTestTxLen                         
0     00008182  _bTestTxId                          
0     00008183  _bestTxCnt                          
0     00008184  _wTestDuty                          
0     00008185  _wTestPwmMode                       
0     00008186  _wTestEeprom1Write                  
0     00008187  _wTestEeprom2Write                  
0     00008188  _wTestEeprom3Write                  
0     00008189  _wTestEeprom1Read                   
0     0000818a  _wTestEeprom2Read                   
0     0000818b  _wTestEeprom3Read                   
0     0000818c  _sIdleCount                         
0     0000818e  _BootFlag                           
0     00008196  _fParallelJob                       
0     00008198  _A2                                 
0     0000819a  _sParallelCount                     
0     0000819c  ___TI_enable_exit_profile_output    
0     0000819e  ___TI_cleanup_ptr                   
0     000081a0  ___TI_dtors_ptr                     
0     000081a2  _oReturnCheck                       
0     000081a4  _Buffer32                           
0     000081a6  __lock                              
0     000081a8  __unlock                            
0     000081aa  _wakeCount                          
0     000081ab  _fInterfaceJob                      
0     000081c0  _OSSystemStk                        
0     0000a000  _Fapi_issueProgrammingCommand       
0     0000a18f  _Fapi_initializeAPI                 
0     0000a2c1  _Fapi_calculateEcc                  
0     0000a387  __Fapi_loopRegionForValue           
0     0000a3f7  _Fapi_issueBankEraseCommand         
0     0000a43d  _Fapi_isAddressValid                
0     0000a478  _Fapi_issueAsyncCommandWithAddress  
0     0000a4ac  _Fapi_doBlankCheck                  
0     0000a4d4  _Fapi_doVerify                      
0     0000a4f8  _Fapi_isAddressEcc                  
0     0000a51b  __Fapi_checkRegionForValue          
0     0000a53e  _Fapi_issueAsyncCommand             
0     0000a580  _Write_32bp                         
0     0000a59f  _Fapi_flushPipeline                 
0     0000a5b4  _Write_32                           
0     0000a5c9  __Fapi_issueFsmCommand              
0     0000a5ec  _Fapi_checkFsmForReady              
0     0000a5f9  _Fapi_setupBankSectorEnable         
0     0000a603  _Fapi_setActiveFlashBank            
0     0000a609  _Fapi_getFsmStatus                  
0     0000a60d  _Example_CallFlashAPI               
0     0000a62e  _ClearFSMStatus                     
0     0000a649  _Example_ProgramUsingDataOnlyECCOnly
0     0000a6dd  _Example_ProgramUsingDataAndECC     
0     0000a745  _Example_ProgramUsingAutoECC        
0     0000a789  _Example_ProgramBankUsingAutoECC    
0     0000a7e0  _Example_EraseSector                
0     0000a81a  _Example_EraseBanks                 
0     0000a861  _ProgramBootFlag                    
0     0000a8b6  _ProgramBootData                    
0     0000a90b  _Flash_initModule                   
0     0000a93e  _isrOSTimeBase                      
0     0000a96f  _OSTimerTick                        
0     0000a991  _sInitFlash                         
0     0000a9b0  _F28x_usDelay                       
0     0000a9b4  _SysCtl_delay                       
0     00080000  code_start                          
0     00080008  _sUnlockAllGpio                     
0     00080034  _sSetVREF                           
0     00080035  _sMemCopy                           
0     00080045  _sComputeCntrSeedValue              
0     000800b5  _sIsPLLValid                        
0     00080130  _sDelay1ms                          
0     00080154  _SysXtalOscSESel                    
0     0008016f  _SysIntOsc1Sel                      
0     00080178  _SysXtalOscSel                      
0     0008019f  _SysIntOsc2Sel                      
0     000801a6  _sInitSysPll                        
0     0008029b  _sInitSysCtrl                       
0     000802eb  _sInitPieCtrl                       
0     0008030a  _sInitPieVectTable                  
0     0008031a  _sInitGpio                          
0     00080398  _sInitSCI                           
0     000803c3  _sInitSCIAFIFO                      
0     000803d9  _sInitSCIAEchoback                  
0     00080410  _sInitCpuTimers                     
0     00080421  _sConfigCpuTimer                    
0     00080444  _sInitialDSP                        
0     000804c2  _sInitEPWM                          
0     000804c3  _sInitECAP                          
0     000804c4  _sInitAdc                           
0     000804c5  _sDelay4us                          
0     000804cb  _sIapFlgLook                        
0     000804e3  _sIWDG_SysCtl_serviceWatchdog       
0     000804ef  _IAP_UartRecv                       
0     000805a7  _IAP_DelayMs                        
0     000805b4  _IAP_UartSend                       
0     000805d5  _IAP_WaitPing                       
0     0008060d  _IAP_Initial                        
0     0008063a  _IAP_BootFlagErase                  
0     00080674  _IAP_AppFlashErase                  
0     00080714  _IAP_AppFlashProgram                
0     000808cb  _IAP_Updater                        
0     000808da  _IAP_BootFlagCheck                  
0     000808dc  _XINT5_ISR                          
0     000808e6  _XINT4_ISR                          
0     000808f0  _XINT3_ISR                          
0     000808fa  _XINT2_ISR                          
0     00080904  _XINT1_ISR                          
0     0008090e  _WAKE_ISR                           
0     00080918  _VCU_ISR                            
0     00080922  _USER9_ISR                          
0     0008092c  _USER8_ISR                          
0     00080936  _USER7_ISR                          
0     00080940  _USER6_ISR                          
0     0008094a  _USER5_ISR                          
0     00080954  _USER4_ISR                          
0     0008095e  _USER3_ISR                          
0     00080968  _USER2_ISR                          
0     00080972  _USER1_ISR                          
0     0008097c  _USER12_ISR                         
0     00080986  _USER11_ISR                         
0     00080990  _USER10_ISR                         
0     0008099a  _TIMER2_ISR                         
0     000809a4  _TIMER1_ISR                         
0     000809ae  _TIMER0_ISR                         
0     000809b8  _SYS_ERR_ISR                        
0     000809c2  _SPIA_TX_ISR                        
0     000809cc  _SPIA_RX_ISR                        
0     000809d6  _SCIC_TX_ISR                        
0     000809e0  _SCIC_RX_ISR                        
0     000809ea  _SCIB_TX_ISR                        
0     000809f4  _SCIB_RX_ISR                        
0     000809fe  _SCIA_TX_ISR                        
0     00080a08  _SCIA_RX_ISR                        
0     00080a12  _RTOS_ISR                           
0     00080a1c  _PMBUSA_ISR                         
0     00080a26  _PIE_RESERVED_ISR                   
0     00080a30  _NOTUSED_ISR                        
0     00080a3a  _NMI_ISR                            
0     00080a44  _MCANA_WAKE_ISR                     
0     00080a4e  _MCANA_ECC_ISR                      
0     00080a58  _MCANA_1_ISR                        
0     00080a62  _MCANA_0_ISR                        
0     00080a6c  _LINA_1_ISR                         
0     00080a76  _LINA_0_ISR                         
0     00080a80  _ILLEGAL_ISR                        
0     00080a8a  _I2CB_ISR                           
0     00080a94  _I2CB_FIFO_ISR                      
0     00080a9e  _I2CA_ISR                           
0     00080aa8  _I2CA_FIFO_ISR                      
0     00080ab2  _FLSS_ISR                           
0     00080abc  _EQEP2_ISR                          
0     00080ac6  _EQEP1_ISR                          
0     00080ad0  _EPWM7_TZ_ISR                       
0     00080ada  _EPWM7_ISR                          
0     00080ae4  _EPWM6_TZ_ISR                       
0     00080aee  _EPWM6_ISR                          
0     00080af8  _EPWM5_TZ_ISR                       
0     00080b02  _EPWM5_ISR                          
0     00080b0c  _EPWM4_TZ_ISR                       
0     00080b16  _EPWM4_ISR                          
0     00080b20  _EPWM3_TZ_ISR                       
0     00080b2a  _EPWM3_ISR                          
0     00080b34  _EPWM2_TZ_ISR                       
0     00080b3e  _EPWM2_ISR                          
0     00080b48  _EPWM1_TZ_ISR                       
0     00080b52  _EPWM1_ISR                          
0     00080b5c  _EMU_ISR                            
0     00080b66  _EMPTY_ISR                          
0     00080b73  _ECAP3_ISR                          
0     00080b7d  _ECAP2_ISR                          
0     00080b87  _ECAP1_ISR                          
0     00080b91  _DCC0_ISR                           
0     00080b9b  _DATALOG_ISR                        
0     00080ba5  _CANA1_ISR                          
0     00080baf  _CANA0_ISR                          
0     00080bb9  _ADCC_EVT_ISR                       
0     00080bc3  _ADCC4_ISR                          
0     00080bcd  _ADCC3_ISR                          
0     00080bd7  _ADCC2_ISR                          
0     00080be1  _ADCC1_ISR                          
0     00080beb  _ADCA_EVT_ISR                       
0     00080bf5  _ADCA4_ISR                          
0     00080bff  _ADCA3_ISR                          
0     00080c09  _ADCA2_ISR                          
0     00080c13  _ADCA1_ISR                          
0     00080c1d  FS$$DIV                             
0     00080ca5  _isrWakeup                          
0     00080cc4  _isrSCICTransmit                    
0     00080cd5  _isrSCICReceive                     
0     00080ce6  _isrSCIBTransmit                    
0     00080cf7  _isrSCIBReceive                     
0     00080d08  _isrSCIATransmit                    
0     00080d19  _isrSCIAReceive                     
0     00080d2a  _OSFindHighPrio                     
0     00080d59  _OSSched                            
0     00080d72  _OSInitTCBList                      
0     00080d82  _OSInitSys                          
0     00080d88  _OSInitRdyList                      
0     00080d9a  _c_int00                            
0     00080df0  _OSMaskEventPend                    
0     00080e1c  _OSEventSend                        
0     00080e37  _OSEventGet                         
0     00080e40  _OSTaskCreate                       
0     00080e5d  _OSStart                            
0     00080e70  _OSIntExit                          
0     00080e86  _OSInit                             
0     00080e8d  _main                               
0     00080ece  _OSStartHighRdy                     
0     00080ede  _OSCtxSw                            
0     00080f01  _OSIntCtxSw                         
0     00080f04  _OSTaskStkInit                      
0     00080f2d  C$$EXIT                             
0     00080f2d  _abort                              
0     00080f2f  _exit                               
0     00080f56  _sbGetInitializeFinished            
0     00080f5b  _sInterfaceJobInit                  
0     00080f65  _sInterfaceJob                      
0     00080f7c  _copy_in                            
0     00080fa0  _memcpy                             
0     00080fbd  _Example_Error                      
0     00080fc0  _sFlashIapInit                      
0     00080fce  _FMSTAT_Fail                        
0     00080fd1  _Example_Done                       
0     00080fd4  _ECC_Fail                           
0     00080fd7  LL$$AND                             
0     00080fdf  LL$$OR                              
0     00080fe7  LL$$XOR                             
0     00080fef  _sParallelJobInit                   
0     00080ff3  _sParallelJob                       
0     00081006  _sLedTest                           
0     00081007  _sIdleJobInit                       
0     0008100b  _sIdleJob                           
0     00081018  __args_main                         
0     0008102a  _sDisplayJobInit                    
0     0008102e  _sDisplayJob                        
0     00081039  __register_unlock                   
0     0008103d  __register_lock                     
0     00081041  __nop                               
0     0008104a  __system_pre_init                   
0     0008104c  __system_post_cinit                 
0     00081c08  _PieVectTableInit                   
0     00081d08  ___cinit__                          
0     00081d08  cinit                               
1     00000b00  _AdcaResultRegs                     
1     00000b40  _AdccResultRegs                     
1     00000c00  _CpuTimer0Regs                      
1     00000c08  _CpuTimer1Regs                      
1     00000c10  _CpuTimer2Regs                      
1     00000ce0  _PieCtrlRegs                        
1     00004000  _EPwm1Regs                          
1     00004100  _EPwm2Regs                          
1     00004200  _EPwm3Regs                          
1     00004300  _EPwm4Regs                          
1     00004400  _EPwm5Regs                          
1     00004500  _EPwm6Regs                          
1     00004600  _EPwm7Regs                          
1     00005100  _EQep1Regs                          
1     00005140  _EQep2Regs                          
1     00005200  _ECap1Regs                          
1     00005240  _ECap2Regs                          
1     00005280  _ECap3Regs                          
1     00005500  _Cmpss1Regs                         
1     00005540  _CmpssLite2Regs                     
1     00005580  _CmpssLite3Regs                     
1     000055c0  _CmpssLite4Regs                     
1     00006100  _SpiaRegs                           
1     00006400  _PmbusaRegs                         
1     00006a00  _LinaRegs                           
1     00007000  _WdRegs                             
1     00007060  _NmiIntruptRegs                     
1     00007070  _XintRegs                           
1     00007200  _SciaRegs                           
1     00007210  _ScibRegs                           
1     00007220  _ScicRegs                           
1     00007300  _I2caRegs                           
1     00007340  _I2cbRegs                           
1     00007400  _AdcaRegs                           
1     00007500  _AdccRegs                           
1     00007900  _InputXbarRegs                      
1     00007920  _XbarRegs                           
1     00007940  _SyncSocRegs                        
1     00007a00  _EPwmXbarRegs                       
1     00007a80  _OutputXbarRegs                     
1     00007c00  _GpioCtrlRegs                       
1     00007f00  _GpioDataRegs                       
1     00007f80  _GpioDataReadRegs                   
1     00048000  _CanaRegs                           
1     0004c000  _LCMCPU1Regs                        
1     0005c400  _McanaSsRegs                        
1     0005c600  _McanaRegs                          
1     0005c800  _McanaErrorRegs                     
1     0005d000  _DevCfgRegs                         
1     0005d200  _ClkCfgRegs                         
1     0005d300  _CpuSysRegs                         
1     0005d400  _SysStatusRegs                      
1     0005d700  _AnalogSubsysRegs                   
1     0005e700  _Dcc0Regs                           
1     0005ec00  _Epg1Regs                           
1     0005ecd0  _Epg1MuxRegs                        
1     0005f000  _DcsmZ1Regs                         
1     0005f080  _DcsmZ2Regs                         
1     0005f0c0  _DcsmCommonRegs                     
1     0005f400  _MemCfgRegs                         
1     0005f500  _AccessProtectionRegs               
1     0005f540  _MemoryErrorRegs                    
1     0005f590  _TestErrorRegs                      
1     0005f800  _Flash0CtrlRegs                     
1     0005fb00  _Flash0EccRegs                      
1     00078000  _DcsmZ1OtpRegs                      
1     00078200  _DcsmZ2OtpRegs                      
abs   00000200  __STACK_SIZE                        
abs   000009b8  _RamfuncsLoadSize                   
abs   000009b8  _RamfuncsRunSize                    
abs   0000a000  _RamfuncsRunStart                   
abs   0000a9b8  _RamfuncsRunEnd                     
abs   00081050  _RamfuncsLoadStart                  
abs   00081a08  _RamfuncsLoadEnd                    
abs   ffffffff  .text                               
abs   ffffffff  ___TI_pprof_out_hndl                
abs   ffffffff  ___TI_prof_data_size                
abs   ffffffff  ___TI_prof_data_start               
abs   ffffffff  ___binit__                          
abs   ffffffff  ___c_args__                         
abs   ffffffff  ___etext__                          
abs   ffffffff  ___pinit__                          
abs   ffffffff  ___text__                           
abs   ffffffff  binit                               
abs   ffffffff  etext                               
abs   ffffffff  pinit                               

[371 symbols]
