<?xml version="1.0"?>
<link_info>
   <banner>TMS320C2000 Linker PC v6.1.0</banner>
   <copyright>Copyright (c) 1996-2012 Texas Instruments Incorporated</copyright>
   <link_time>0x682d4a63</link_time>
   <output_file>../RELEASE/FLS-GP.out</output_file>
   <entry_point>
      <name>_c_int00</name>
      <address>0x3f2799</address>
   </entry_point>
   <input_file_list>
      <input_file id="fl-3">
         <path>.\APP\</path>
         <kind>object</kind>
         <file>BusBatProt.obj</file>
         <name>BusBatProt.obj</name>
      </input_file>
      <input_file id="fl-4">
         <path>.\APP\</path>
         <kind>object</kind>
         <file>CLEARRAM.obj</file>
         <name>CLEARRAM.obj</name>
      </input_file>
      <input_file id="fl-5">
         <path>.\APP\</path>
         <kind>object</kind>
         <file>CodeStartBranch.obj</file>
         <name>CodeStartBranch.obj</name>
      </input_file>
      <input_file id="fl-6">
         <path>.\APP\</path>
         <kind>object</kind>
         <file>DSP280x_DefaultIsr.obj</file>
         <name>DSP280x_DefaultIsr.obj</name>
      </input_file>
      <input_file id="fl-7">
         <path>.\APP\</path>
         <kind>object</kind>
         <file>DSP280x_GlobalVariableDefs.obj</file>
         <name>DSP280x_GlobalVariableDefs.obj</name>
      </input_file>
      <input_file id="fl-8">
         <path>.\APP\</path>
         <kind>object</kind>
         <file>DisplayBuzz.obj</file>
         <name>DisplayBuzz.obj</name>
      </input_file>
      <input_file id="fl-9">
         <path>.\APP\</path>
         <kind>object</kind>
         <file>Eeprom.obj</file>
         <name>Eeprom.obj</name>
      </input_file>
      <input_file id="fl-a">
         <path>.\APP\</path>
         <kind>object</kind>
         <file>Grid.obj</file>
         <name>Grid.obj</name>
      </input_file>
      <input_file id="fl-b">
         <path>.\APP\</path>
         <kind>object</kind>
         <file>IICEepromIOCard.obj</file>
         <name>IICEepromIOCard.obj</name>
      </input_file>
      <input_file id="fl-c">
         <path>.\APP\</path>
         <kind>object</kind>
         <file>Initial.obj</file>
         <name>Initial.obj</name>
      </input_file>
      <input_file id="fl-d">
         <path>.\APP\</path>
         <kind>object</kind>
         <file>Interface.obj</file>
         <name>Interface.obj</name>
      </input_file>
      <input_file id="fl-e">
         <path>.\APP\</path>
         <kind>object</kind>
         <file>Interrupt.obj</file>
         <name>Interrupt.obj</name>
      </input_file>
      <input_file id="fl-f">
         <path>.\APP\</path>
         <kind>object</kind>
         <file>InvLoadOP.obj</file>
         <name>InvLoadOP.obj</name>
      </input_file>
      <input_file id="fl-10">
         <path>.\APP\</path>
         <kind>object</kind>
         <file>ModBus.obj</file>
         <name>ModBus.obj</name>
      </input_file>
      <input_file id="fl-11">
         <path>.\APP\</path>
         <kind>object</kind>
         <file>Supervisor.obj</file>
         <name>Supervisor.obj</name>
      </input_file>
      <input_file id="fl-12">
         <path>.\APP\</path>
         <kind>object</kind>
         <file>display_driver.obj</file>
         <name>display_driver.obj</name>
      </input_file>
      <input_file id="fl-13">
         <path>.\APP\</path>
         <kind>object</kind>
         <file>display_vp.obj</file>
         <name>display_vp.obj</name>
      </input_file>
      <input_file id="fl-14">
         <path>.\APP\</path>
         <kind>object</kind>
         <file>lock.obj</file>
         <name>lock.obj</name>
      </input_file>
      <input_file id="fl-15">
         <path>.\APP\</path>
         <kind>object</kind>
         <file>main.obj</file>
         <name>main.obj</name>
      </input_file>
      <input_file id="fl-16">
         <path>.\APP\</path>
         <kind>object</kind>
         <file>task_panel_prot.obj</file>
         <name>task_panel_prot.obj</name>
      </input_file>
      <input_file id="fl-17">
         <path>.\DRIVER\RlyDriver\</path>
         <kind>object</kind>
         <file>RlyDriver.obj</file>
         <name>RlyDriver.obj</name>
      </input_file>
      <input_file id="fl-18">
         <path>.\DRIVER\SCI\ports\</path>
         <kind>object</kind>
         <file>FunLst.obj</file>
         <name>FunLst.obj</name>
      </input_file>
      <input_file id="fl-19">
         <path>.\DRIVER\SCI\ports\</path>
         <kind>object</kind>
         <file>SciFunLst.obj</file>
         <name>SciFunLst.obj</name>
      </input_file>
      <input_file id="fl-1a">
         <path>.\DRIVER\SCI\source\</path>
         <kind>object</kind>
         <file>SciDriver.obj</file>
         <name>SciDriver.obj</name>
      </input_file>
      <input_file id="fl-1b">
         <path>.\DRIVER\SCI\source\</path>
         <kind>object</kind>
         <file>queue.obj</file>
         <name>queue.obj</name>
      </input_file>
      <input_file id="fl-1c">
         <path>.\DRIVER\eeprom\source\</path>
         <kind>object</kind>
         <file>EEPromdriver.obj</file>
         <name>EEPromdriver.obj</name>
      </input_file>
      <input_file id="fl-1d">
         <path>.\KERNEL\SOURCE\</path>
         <kind>object</kind>
         <file>OS_CORE.obj</file>
         <name>OS_CORE.obj</name>
      </input_file>
      <input_file id="fl-1e">
         <path>.\KERNEL\SOURCE\</path>
         <kind>object</kind>
         <file>OS_EVENT.obj</file>
         <name>OS_EVENT.obj</name>
      </input_file>
      <input_file id="fl-1f">
         <path>.\KERNEL\SOURCE\</path>
         <kind>object</kind>
         <file>OS_SHELL.obj</file>
         <name>OS_SHELL.obj</name>
      </input_file>
      <input_file id="fl-20">
         <path>.\KERNEL\SOURCE\</path>
         <kind>object</kind>
         <file>OS_TIMER.obj</file>
         <name>OS_TIMER.obj</name>
      </input_file>
      <input_file id="fl-21">
         <path>.\KERNEL\ports\</path>
         <kind>object</kind>
         <file>OS_CPU.obj</file>
         <name>OS_CPU.obj</name>
      </input_file>
      <input_file id="fl-22">
         <path>.\KERNEL\ports\</path>
         <kind>object</kind>
         <file>OS_CPU_A.obj</file>
         <name>OS_CPU_A.obj</name>
      </input_file>
      <input_file id="fl-23">
         <path>.\MODULE\BMS\</path>
         <kind>object</kind>
         <file>Interface_BMS.obj</file>
         <name>Interface_BMS.obj</name>
      </input_file>
      <input_file id="fl-24">
         <path>.\MODULE\BatteryModule\</path>
         <kind>object</kind>
         <file>BatteryModule.obj</file>
         <name>BatteryModule.obj</name>
      </input_file>
      <input_file id="fl-25">
         <path>.\MODULE\BusModule\</path>
         <kind>object</kind>
         <file>BusModule.obj</file>
         <name>BusModule.obj</name>
      </input_file>
      <input_file id="fl-26">
         <path>.\MODULE\ChgModule\</path>
         <kind>object</kind>
         <file>Chgmodule.obj</file>
         <name>Chgmodule.obj</name>
      </input_file>
      <input_file id="fl-27">
         <path>.\MODULE\InverterCntl\</path>
         <kind>object</kind>
         <file>InvCntModule.obj</file>
         <name>InvCntModule.obj</name>
      </input_file>
      <input_file id="fl-28">
         <path>.\MODULE\InverterCntl\</path>
         <kind>object</kind>
         <file>invvar.obj</file>
         <name>invvar.obj</name>
      </input_file>
      <input_file id="fl-29">
         <path>.\MODULE\InverterModule\</path>
         <kind>object</kind>
         <file>invertermodule.obj</file>
         <name>invertermodule.obj</name>
      </input_file>
      <input_file id="fl-2a">
         <path>.\MODULE\Library\</path>
         <kind>object</kind>
         <file>Library.obj</file>
         <name>Library.obj</name>
      </input_file>
      <input_file id="fl-2b">
         <path>.\MODULE\LineModule\</path>
         <kind>object</kind>
         <file>LineModule.obj</file>
         <name>LineModule.obj</name>
      </input_file>
      <input_file id="fl-2c">
         <path>.\MODULE\LoadModule\</path>
         <kind>object</kind>
         <file>LoadModule.obj</file>
         <name>LoadModule.obj</name>
      </input_file>
      <input_file id="fl-2d">
         <path>.\MODULE\ProtectionModule\</path>
         <kind>object</kind>
         <file>ProtectionModule.obj</file>
         <name>ProtectionModule.obj</name>
      </input_file>
      <input_file id="fl-30">
         <path>C:\ti\ccsv6\tools\compiler\ti-cgt-c2000_6.1.0\lib\</path>
         <kind>archive</kind>
         <file>rts2800_ml.lib</file>
         <name>boot.obj</name>
      </input_file>
      <input_file id="fl-31">
         <path>C:\ti\ccsv6\tools\compiler\ti-cgt-c2000_6.1.0\lib\</path>
         <kind>archive</kind>
         <file>rts2800_ml.lib</file>
         <name>exit.obj</name>
      </input_file>
      <input_file id="fl-32">
         <path>C:\ti\ccsv6\tools\compiler\ti-cgt-c2000_6.1.0\lib\</path>
         <kind>archive</kind>
         <file>rts2800_ml.lib</file>
         <name>i_div.obj</name>
      </input_file>
      <input_file id="fl-33">
         <path>C:\ti\ccsv6\tools\compiler\ti-cgt-c2000_6.1.0\lib\</path>
         <kind>archive</kind>
         <file>rts2800_ml.lib</file>
         <name>l_div.obj</name>
      </input_file>
      <input_file id="fl-34">
         <path>C:\ti\ccsv6\tools\compiler\ti-cgt-c2000_6.1.0\lib\</path>
         <kind>archive</kind>
         <file>rts2800_ml.lib</file>
         <name>memcpy_ff.obj</name>
      </input_file>
      <input_file id="fl-35">
         <path>C:\ti\ccsv6\tools\compiler\ti-cgt-c2000_6.1.0\lib\</path>
         <kind>archive</kind>
         <file>rts2800_ml.lib</file>
         <name>u_div.obj</name>
      </input_file>
      <input_file id="fl-36">
         <path>C:\ti\ccsv6\tools\compiler\ti-cgt-c2000_6.1.0\lib\</path>
         <kind>archive</kind>
         <file>rts2800_ml.lib</file>
         <name>_lock.obj</name>
      </input_file>
      <input_file id="fl-37">
         <path>C:\ti\ccsv6\tools\compiler\ti-cgt-c2000_6.1.0\lib\</path>
         <kind>archive</kind>
         <file>rts2800_ml.lib</file>
         <name>args_main.obj</name>
      </input_file>
   </input_file_list>
   <object_component_list>
      <object_component id="oc-be">
         <name>.cinit</name>
         <load_address>0x3f3100</load_address>
         <run_address>0x3f3100</run_address>
         <size>0x326</size>
         <input_file_ref idref="fl-e"/>
      </object_component>
      <object_component id="oc-b5">
         <name>.cinit</name>
         <load_address>0x3f3426</load_address>
         <run_address>0x3f3426</run_address>
         <size>0x1c4</size>
         <input_file_ref idref="fl-d"/>
      </object_component>
      <object_component id="oc-c8">
         <name>.cinit</name>
         <load_address>0x3f35ea</load_address>
         <run_address>0x3f35ea</run_address>
         <size>0xcd</size>
         <input_file_ref idref="fl-f"/>
      </object_component>
      <object_component id="oc-157">
         <name>.cinit</name>
         <load_address>0x3f36b7</load_address>
         <run_address>0x3f36b7</run_address>
         <size>0xcb</size>
         <input_file_ref idref="fl-27"/>
      </object_component>
      <object_component id="oc-4c">
         <name>.cinit</name>
         <load_address>0x3f3782</load_address>
         <run_address>0x3f3782</run_address>
         <size>0xb7</size>
         <input_file_ref idref="fl-3"/>
      </object_component>
      <object_component id="oc-d8">
         <name>.cinit</name>
         <load_address>0x3f3839</load_address>
         <run_address>0x3f3839</run_address>
         <size>0xaa</size>
         <input_file_ref idref="fl-11"/>
      </object_component>
      <object_component id="oc-17a">
         <name>.cinit</name>
         <load_address>0x3f38e3</load_address>
         <run_address>0x3f38e3</run_address>
         <size>0x7c</size>
         <input_file_ref idref="fl-2d"/>
      </object_component>
      <object_component id="oc-13b">
         <name>.cinit</name>
         <load_address>0x3f395f</load_address>
         <run_address>0x3f395f</run_address>
         <size>0x6e</size>
         <input_file_ref idref="fl-23"/>
      </object_component>
      <object_component id="oc-150">
         <name>.cinit</name>
         <load_address>0x3f39cd</load_address>
         <run_address>0x3f39cd</run_address>
         <size>0x60</size>
         <input_file_ref idref="fl-26"/>
      </object_component>
      <object_component id="oc-92">
         <name>.cinit</name>
         <load_address>0x3f3a2d</load_address>
         <run_address>0x3f3a2d</run_address>
         <size>0x5c</size>
         <input_file_ref idref="fl-8"/>
      </object_component>
      <object_component id="oc-e5">
         <name>.cinit</name>
         <load_address>0x3f3a89</load_address>
         <run_address>0x3f3a89</run_address>
         <size>0x58</size>
         <input_file_ref idref="fl-13"/>
      </object_component>
      <object_component id="oc-160">
         <name>.cinit</name>
         <load_address>0x3f3ae1</load_address>
         <run_address>0x3f3ae1</run_address>
         <size>0x34</size>
         <input_file_ref idref="fl-29"/>
      </object_component>
      <object_component id="oc-9f">
         <name>.cinit</name>
         <load_address>0x3f3b15</load_address>
         <run_address>0x3f3b15</run_address>
         <size>0x31</size>
         <input_file_ref idref="fl-a"/>
      </object_component>
      <object_component id="oc-16c">
         <name>.cinit</name>
         <load_address>0x3f3b46</load_address>
         <run_address>0x3f3b46</run_address>
         <size>0x24</size>
         <input_file_ref idref="fl-2b"/>
      </object_component>
      <object_component id="oc-f8">
         <name>.cinit</name>
         <load_address>0x3f3b6a</load_address>
         <run_address>0x3f3b6a</run_address>
         <size>0x24</size>
         <input_file_ref idref="fl-17"/>
      </object_component>
      <object_component id="oc-142">
         <name>.cinit</name>
         <load_address>0x3f3b8e</load_address>
         <run_address>0x3f3b8e</run_address>
         <size>0x1c</size>
         <input_file_ref idref="fl-24"/>
      </object_component>
      <object_component id="oc-a6">
         <name>.cinit</name>
         <load_address>0x3f3baa</load_address>
         <run_address>0x3f3baa</run_address>
         <size>0x18</size>
         <input_file_ref idref="fl-b"/>
      </object_component>
      <object_component id="oc-11a">
         <name>.cinit</name>
         <load_address>0x3f3bc2</load_address>
         <run_address>0x3f3bc2</run_address>
         <size>0x13</size>
         <input_file_ref idref="fl-1d"/>
      </object_component>
      <object_component id="oc-173">
         <name>.cinit</name>
         <load_address>0x3f3bd5</load_address>
         <run_address>0x3f3bd5</run_address>
         <size>0x10</size>
         <input_file_ref idref="fl-2c"/>
      </object_component>
      <object_component id="oc-109">
         <name>.cinit</name>
         <load_address>0x3f3be5</load_address>
         <run_address>0x3f3be5</run_address>
         <size>0x10</size>
         <input_file_ref idref="fl-1a"/>
      </object_component>
      <object_component id="oc-19c">
         <name>.cinit</name>
         <load_address>0x3f3bf5</load_address>
         <run_address>0x3f3bf5</run_address>
         <size>0xa</size>
         <input_file_ref idref="fl-36"/>
      </object_component>
      <object_component id="oc-186">
         <name>.cinit</name>
         <load_address>0x3f3bff</load_address>
         <run_address>0x3f3bff</run_address>
         <size>0xa</size>
         <input_file_ref idref="fl-31"/>
      </object_component>
      <object_component id="oc-149">
         <name>.cinit</name>
         <load_address>0x3f3c09</load_address>
         <run_address>0x3f3c09</run_address>
         <size>0x8</size>
         <input_file_ref idref="fl-25"/>
      </object_component>
      <object_component id="oc-cf">
         <name>.cinit</name>
         <load_address>0x3f3c11</load_address>
         <run_address>0x3f3c11</run_address>
         <size>0x8</size>
         <input_file_ref idref="fl-10"/>
      </object_component>
      <object_component id="oc-f3">
         <name>.cinit</name>
         <load_address>0x3f3c19</load_address>
         <run_address>0x3f3c19</run_address>
         <size>0x4</size>
         <input_file_ref idref="fl-16"/>
      </object_component>
      <object_component id="oc-b3">
         <name>.text</name>
         <load_address>0x3e8000</load_address>
         <run_address>0x3e8000</run_address>
         <size>0x167b</size>
         <input_file_ref idref="fl-d"/>
      </object_component>
      <object_component id="oc-e3">
         <name>.text</name>
         <load_address>0x3e967b</load_address>
         <run_address>0x3e967b</run_address>
         <size>0x152c</size>
         <input_file_ref idref="fl-13"/>
      </object_component>
      <object_component id="oc-cd">
         <name>.text</name>
         <load_address>0x3eaba7</load_address>
         <run_address>0x3eaba7</run_address>
         <size>0x1019</size>
         <input_file_ref idref="fl-10"/>
      </object_component>
      <object_component id="oc-d6">
         <name>.text</name>
         <load_address>0x3ebbc0</load_address>
         <run_address>0x3ebbc0</run_address>
         <size>0xe81</size>
         <input_file_ref idref="fl-11"/>
      </object_component>
      <object_component id="oc-ab">
         <name>.text</name>
         <load_address>0x3eca41</load_address>
         <run_address>0x3eca41</run_address>
         <size>0xe56</size>
         <input_file_ref idref="fl-c"/>
      </object_component>
      <object_component id="oc-a4">
         <name>.text</name>
         <load_address>0x3ed897</load_address>
         <run_address>0x3ed897</run_address>
         <size>0xaf1</size>
         <input_file_ref idref="fl-b"/>
      </object_component>
      <object_component id="oc-4a">
         <name>.text</name>
         <load_address>0x3ee388</load_address>
         <run_address>0x3ee388</run_address>
         <size>0x8aa</size>
         <input_file_ref idref="fl-3"/>
      </object_component>
      <object_component id="oc-c6">
         <name>.text</name>
         <load_address>0x3eec32</load_address>
         <run_address>0x3eec32</run_address>
         <size>0x59e</size>
         <input_file_ref idref="fl-f"/>
      </object_component>
      <object_component id="oc-155">
         <name>.text</name>
         <load_address>0x3ef1d0</load_address>
         <run_address>0x3ef1d0</run_address>
         <size>0x457</size>
         <input_file_ref idref="fl-27"/>
      </object_component>
      <object_component id="oc-178">
         <name>.text</name>
         <load_address>0x3ef627</load_address>
         <run_address>0x3ef627</run_address>
         <size>0x403</size>
         <input_file_ref idref="fl-2d"/>
      </object_component>
      <object_component id="oc-14e">
         <name>.text</name>
         <load_address>0x3efa2a</load_address>
         <run_address>0x3efa2a</run_address>
         <size>0x3fa</size>
         <input_file_ref idref="fl-26"/>
      </object_component>
      <object_component id="oc-9d">
         <name>.text</name>
         <load_address>0x3efe24</load_address>
         <run_address>0x3efe24</run_address>
         <size>0x3f6</size>
         <input_file_ref idref="fl-a"/>
      </object_component>
      <object_component id="oc-bc">
         <name>.text</name>
         <load_address>0x3f021a</load_address>
         <run_address>0x3f021a</run_address>
         <size>0x386</size>
         <input_file_ref idref="fl-e"/>
      </object_component>
      <object_component id="oc-90">
         <name>.text</name>
         <load_address>0x3f05a0</load_address>
         <run_address>0x3f05a0</run_address>
         <size>0x380</size>
         <input_file_ref idref="fl-8"/>
      </object_component>
      <object_component id="oc-15e">
         <name>.text</name>
         <load_address>0x3f0920</load_address>
         <run_address>0x3f0920</run_address>
         <size>0x376</size>
         <input_file_ref idref="fl-29"/>
      </object_component>
      <object_component id="oc-15d">
         <name>.text</name>
         <load_address>0x3f0c96</load_address>
         <run_address>0x3f0c96</run_address>
         <size>0x376</size>
         <input_file_ref idref="fl-28"/>
      </object_component>
      <object_component id="oc-16a">
         <name>.text</name>
         <load_address>0x3f100c</load_address>
         <run_address>0x3f100c</run_address>
         <size>0x358</size>
         <input_file_ref idref="fl-2b"/>
      </object_component>
      <object_component id="oc-139">
         <name>.text</name>
         <load_address>0x3f1364</load_address>
         <run_address>0x3f1364</run_address>
         <size>0x300</size>
         <input_file_ref idref="fl-23"/>
      </object_component>
      <object_component id="oc-165">
         <name>.text</name>
         <load_address>0x3f1664</load_address>
         <run_address>0x3f1664</run_address>
         <size>0x252</size>
         <input_file_ref idref="fl-2a"/>
      </object_component>
      <object_component id="oc-140">
         <name>.text</name>
         <load_address>0x3f18b6</load_address>
         <run_address>0x3f18b6</run_address>
         <size>0x211</size>
         <input_file_ref idref="fl-24"/>
      </object_component>
      <object_component id="oc-c1">
         <name>.text:retain</name>
         <load_address>0x3f1ac7</load_address>
         <run_address>0x3f1ac7</run_address>
         <size>0x1e6</size>
         <input_file_ref idref="fl-e"/>
      </object_component>
      <object_component id="oc-113">
         <name>.text</name>
         <load_address>0x3f1cad</load_address>
         <run_address>0x3f1cad</run_address>
         <size>0x1df</size>
         <input_file_ref idref="fl-1c"/>
      </object_component>
      <object_component id="oc-171">
         <name>.text</name>
         <load_address>0x3f1e8c</load_address>
         <run_address>0x3f1e8c</run_address>
         <size>0x196</size>
         <input_file_ref idref="fl-2c"/>
      </object_component>
      <object_component id="oc-dd">
         <name>.text</name>
         <load_address>0x3f2022</load_address>
         <run_address>0x3f2022</run_address>
         <size>0x173</size>
         <input_file_ref idref="fl-12"/>
      </object_component>
      <object_component id="oc-5a">
         <name>.text:retain</name>
         <load_address>0x3f2195</load_address>
         <run_address>0x3f2195</run_address>
         <size>0x145</size>
         <input_file_ref idref="fl-6"/>
      </object_component>
      <object_component id="oc-107">
         <name>.text</name>
         <load_address>0x3f22da</load_address>
         <run_address>0x3f22da</run_address>
         <size>0x116</size>
         <input_file_ref idref="fl-1a"/>
      </object_component>
      <object_component id="oc-f6">
         <name>.text</name>
         <load_address>0x3f23f0</load_address>
         <run_address>0x3f23f0</run_address>
         <size>0xe6</size>
         <input_file_ref idref="fl-17"/>
      </object_component>
      <object_component id="oc-ed">
         <name>.text</name>
         <load_address>0x3f24d6</load_address>
         <run_address>0x3f24d6</run_address>
         <size>0x94</size>
         <input_file_ref idref="fl-15"/>
      </object_component>
      <object_component id="oc-fd">
         <name>.text</name>
         <load_address>0x3f256a</load_address>
         <run_address>0x3f256a</run_address>
         <size>0x74</size>
         <input_file_ref idref="fl-18"/>
      </object_component>
      <object_component id="oc-118">
         <name>.text</name>
         <load_address>0x3f25de</load_address>
         <run_address>0x3f25de</run_address>
         <size>0x74</size>
         <input_file_ref idref="fl-1d"/>
      </object_component>
      <object_component id="oc-10e">
         <name>.text</name>
         <load_address>0x3f2652</load_address>
         <run_address>0x3f2652</run_address>
         <size>0x57</size>
         <input_file_ref idref="fl-1b"/>
      </object_component>
      <object_component id="oc-102">
         <name>.text</name>
         <load_address>0x3f26a9</load_address>
         <run_address>0x3f26a9</run_address>
         <size>0x56</size>
         <input_file_ref idref="fl-19"/>
      </object_component>
      <object_component id="oc-120">
         <name>.text</name>
         <load_address>0x3f26ff</load_address>
         <run_address>0x3f26ff</run_address>
         <size>0x50</size>
         <input_file_ref idref="fl-1e"/>
      </object_component>
      <object_component id="oc-125">
         <name>.text</name>
         <load_address>0x3f274f</load_address>
         <run_address>0x3f274f</run_address>
         <size>0x4a</size>
         <input_file_ref idref="fl-1f"/>
      </object_component>
      <object_component id="oc-49">
         <name>.text</name>
         <load_address>0x3f2799</load_address>
         <run_address>0x3f2799</run_address>
         <size>0x44</size>
         <input_file_ref idref="fl-30"/>
      </object_component>
      <object_component id="oc-135">
         <name>.text</name>
         <load_address>0x3f27dd</load_address>
         <run_address>0x3f27dd</run_address>
         <size>0x36</size>
         <input_file_ref idref="fl-22"/>
      </object_component>
      <object_component id="oc-18e">
         <name>.text</name>
         <load_address>0x3f2813</load_address>
         <run_address>0x3f2813</run_address>
         <size>0x2a</size>
         <input_file_ref idref="fl-33"/>
      </object_component>
      <object_component id="oc-130">
         <name>.text</name>
         <load_address>0x3f283d</load_address>
         <run_address>0x3f283d</run_address>
         <size>0x29</size>
         <input_file_ref idref="fl-21"/>
      </object_component>
      <object_component id="oc-12b">
         <name>.text</name>
         <load_address>0x3f2866</load_address>
         <run_address>0x3f2866</run_address>
         <size>0x23</size>
         <input_file_ref idref="fl-20"/>
      </object_component>
      <object_component id="oc-18a">
         <name>.text</name>
         <load_address>0x3f2889</load_address>
         <run_address>0x3f2889</run_address>
         <size>0x22</size>
         <input_file_ref idref="fl-32"/>
      </object_component>
      <object_component id="oc-192">
         <name>.text</name>
         <load_address>0x3f28ab</load_address>
         <run_address>0x3f28ab</run_address>
         <size>0x21</size>
         <input_file_ref idref="fl-34"/>
      </object_component>
      <object_component id="oc-1a0">
         <name>.text</name>
         <load_address>0x3f28cc</load_address>
         <run_address>0x3f28cc</run_address>
         <size>0x19</size>
         <input_file_ref idref="fl-37"/>
      </object_component>
      <object_component id="oc-184">
         <name>.text</name>
         <load_address>0x3f28e5</load_address>
         <run_address>0x3f28e5</run_address>
         <size>0x19</size>
         <input_file_ref idref="fl-31"/>
      </object_component>
      <object_component id="oc-97">
         <name>.text</name>
         <load_address>0x3f28fe</load_address>
         <run_address>0x3f28fe</run_address>
         <size>0x16</size>
         <input_file_ref idref="fl-9"/>
      </object_component>
      <object_component id="oc-196">
         <name>.text</name>
         <load_address>0x3f2914</load_address>
         <run_address>0x3f2914</run_address>
         <size>0xb</size>
         <input_file_ref idref="fl-35"/>
      </object_component>
      <object_component id="oc-19a">
         <name>.text</name>
         <load_address>0x3f291f</load_address>
         <run_address>0x3f291f</run_address>
         <size>0x9</size>
         <input_file_ref idref="fl-36"/>
      </object_component>
      <object_component id="oc-147">
         <name>.text</name>
         <load_address>0x3f2928</load_address>
         <run_address>0x3f2928</run_address>
         <size>0x4</size>
         <input_file_ref idref="fl-25"/>
      </object_component>
      <object_component id="oc-55">
         <name>codestart</name>
         <load_address>0x3f7ff6</load_address>
         <run_address>0x3f7ff6</run_address>
         <size>0x2</size>
         <input_file_ref idref="fl-5"/>
      </object_component>
      <object_component id="oc-c2">
         <name>ramfuncs:retain</name>
         <load_address>0x3f4000</load_address>
         <run_address>0x8000</run_address>
         <size>0x96f</size>
         <input_file_ref idref="fl-e"/>
      </object_component>
      <object_component id="oc-c0">
         <name>ramfuncs</name>
         <load_address>0x3f496f</load_address>
         <run_address>0x896f</run_address>
         <size>0x128</size>
         <input_file_ref idref="fl-e"/>
      </object_component>
      <object_component id="oc-159">
         <name>ramfuncs</name>
         <load_address>0x3f4a97</load_address>
         <run_address>0x8a97</run_address>
         <size>0xe8</size>
         <input_file_ref idref="fl-27"/>
      </object_component>
      <object_component id="oc-d2">
         <name>ramfuncs</name>
         <load_address>0x3f4b7f</load_address>
         <run_address>0x8b7f</run_address>
         <size>0xae</size>
         <input_file_ref idref="fl-10"/>
      </object_component>
      <object_component id="oc-af">
         <name>ramfuncs</name>
         <load_address>0x3f4c2d</load_address>
         <run_address>0x8c2d</run_address>
         <size>0x1d</size>
         <input_file_ref idref="fl-c"/>
      </object_component>
      <object_component id="oc-b8">
         <name>CommandBuff</name>
         <uninitialized>true</uninitialized>
         <run_address>0x480</run_address>
         <size>0x1f0</size>
         <input_file_ref idref="fl-d"/>
      </object_component>
      <object_component id="oc-b7">
         <name>BOOTFLAG</name>
         <uninitialized>true</uninitialized>
         <run_address>0x740</run_address>
         <size>0xa</size>
         <input_file_ref idref="fl-d"/>
      </object_component>
      <object_component id="oc-e7">
         <name>Codefuns2</name>
         <load_address>0x3f3e00</load_address>
         <run_address>0x3f3e00</run_address>
         <size>0x1c1</size>
         <input_file_ref idref="fl-13"/>
      </object_component>
      <object_component id="oc-4d">
         <name>.ebss</name>
         <uninitialized>true</uninitialized>
         <run_address>0x9e80</run_address>
         <size>0x4a</size>
         <input_file_ref idref="fl-3"/>
      </object_component>
      <object_component id="oc-93">
         <name>.ebss</name>
         <uninitialized>true</uninitialized>
         <run_address>0x9964</run_address>
         <size>0x1a</size>
         <input_file_ref idref="fl-8"/>
      </object_component>
      <object_component id="oc-99">
         <name>.ebss</name>
         <uninitialized>true</uninitialized>
         <run_address>0x9f46</run_address>
         <size>0x2a</size>
         <input_file_ref idref="fl-9"/>
      </object_component>
      <object_component id="oc-a0">
         <name>.ebss</name>
         <uninitialized>true</uninitialized>
         <run_address>0x9f80</run_address>
         <size>0x1d</size>
         <input_file_ref idref="fl-a"/>
      </object_component>
      <object_component id="oc-a7">
         <name>.ebss</name>
         <uninitialized>true</uninitialized>
         <run_address>0x9980</run_address>
         <size>0x18c</size>
         <input_file_ref idref="fl-b"/>
      </object_component>
      <object_component id="oc-ad">
         <name>.ebss</name>
         <uninitialized>true</uninitialized>
         <run_address>0x9d7c</run_address>
         <size>0x3</size>
         <input_file_ref idref="fl-c"/>
      </object_component>
      <object_component id="oc-b6">
         <name>.ebss</name>
         <uninitialized>true</uninitialized>
         <run_address>0x91c0</run_address>
         <size>0x36c</size>
         <input_file_ref idref="fl-d"/>
      </object_component>
      <object_component id="oc-bf">
         <name>.ebss</name>
         <uninitialized>true</uninitialized>
         <run_address>0x97c0</run_address>
         <size>0x1a4</size>
         <input_file_ref idref="fl-e"/>
      </object_component>
      <object_component id="oc-c9">
         <name>.ebss</name>
         <uninitialized>true</uninitialized>
         <run_address>0x9e00</run_address>
         <size>0x58</size>
         <input_file_ref idref="fl-f"/>
      </object_component>
      <object_component id="oc-d0">
         <name>.ebss</name>
         <uninitialized>true</uninitialized>
         <run_address>0x9b40</run_address>
         <size>0xb9</size>
         <input_file_ref idref="fl-10"/>
      </object_component>
      <object_component id="oc-d9">
         <name>.ebss</name>
         <uninitialized>true</uninitialized>
         <run_address>0x9d80</run_address>
         <size>0x5b</size>
         <input_file_ref idref="fl-11"/>
      </object_component>
      <object_component id="oc-df">
         <name>.ebss</name>
         <uninitialized>true</uninitialized>
         <run_address>0x9cc0</run_address>
         <size>0x81</size>
         <input_file_ref idref="fl-12"/>
      </object_component>
      <object_component id="oc-e6">
         <name>.ebss</name>
         <uninitialized>true</uninitialized>
         <run_address>0x9c00</run_address>
         <size>0x9e</size>
         <input_file_ref idref="fl-13"/>
      </object_component>
      <object_component id="oc-f4">
         <name>.ebss</name>
         <uninitialized>true</uninitialized>
         <run_address>0x953f</run_address>
         <size>0x1</size>
         <input_file_ref idref="fl-16"/>
      </object_component>
      <object_component id="oc-f9">
         <name>.ebss</name>
         <uninitialized>true</uninitialized>
         <run_address>0x9f9d</run_address>
         <size>0x9</size>
         <input_file_ref idref="fl-17"/>
      </object_component>
      <object_component id="oc-10a">
         <name>.ebss</name>
         <uninitialized>true</uninitialized>
         <run_address>0x9e58</run_address>
         <size>0x24</size>
         <input_file_ref idref="fl-1a"/>
      </object_component>
      <object_component id="oc-11b">
         <name>.ebss</name>
         <uninitialized>true</uninitialized>
         <run_address>0x9f70</run_address>
         <size>0x10</size>
         <input_file_ref idref="fl-1d"/>
      </object_component>
      <object_component id="oc-127">
         <name>.ebss</name>
         <uninitialized>true</uninitialized>
         <run_address>0x9b0c</run_address>
         <size>0x34</size>
         <input_file_ref idref="fl-1f"/>
      </object_component>
      <object_component id="oc-13c">
         <name>.ebss</name>
         <uninitialized>true</uninitialized>
         <run_address>0x8e00</run_address>
         <size>0x3c0</size>
         <input_file_ref idref="fl-23"/>
      </object_component>
      <object_component id="oc-143">
         <name>.ebss</name>
         <uninitialized>true</uninitialized>
         <run_address>0x952c</run_address>
         <size>0x13</size>
         <input_file_ref idref="fl-24"/>
      </object_component>
      <object_component id="oc-14a">
         <name>.ebss</name>
         <uninitialized>true</uninitialized>
         <run_address>0x9bf9</run_address>
         <size>0x6</size>
         <input_file_ref idref="fl-25"/>
      </object_component>
      <object_component id="oc-151">
         <name>.ebss</name>
         <uninitialized>true</uninitialized>
         <run_address>0x9c9e</run_address>
         <size>0x1e</size>
         <input_file_ref idref="fl-26"/>
      </object_component>
      <object_component id="oc-158">
         <name>.ebss</name>
         <uninitialized>true</uninitialized>
         <run_address>0x9540</run_address>
         <size>0x280</size>
         <input_file_ref idref="fl-27"/>
      </object_component>
      <object_component id="oc-161">
         <name>.ebss</name>
         <uninitialized>true</uninitialized>
         <run_address>0x9f00</run_address>
         <size>0x46</size>
         <input_file_ref idref="fl-29"/>
      </object_component>
      <object_component id="oc-16d">
         <name>.ebss</name>
         <uninitialized>true</uninitialized>
         <run_address>0x9ddb</run_address>
         <size>0x24</size>
         <input_file_ref idref="fl-2b"/>
      </object_component>
      <object_component id="oc-174">
         <name>.ebss</name>
         <uninitialized>true</uninitialized>
         <run_address>0x9d42</run_address>
         <size>0x36</size>
         <input_file_ref idref="fl-2c"/>
      </object_component>
      <object_component id="oc-17b">
         <name>.ebss</name>
         <uninitialized>true</uninitialized>
         <run_address>0x9eca</run_address>
         <size>0x30</size>
         <input_file_ref idref="fl-2d"/>
      </object_component>
      <object_component id="oc-187">
         <name>.ebss</name>
         <uninitialized>true</uninitialized>
         <run_address>0x9d78</run_address>
         <size>0x4</size>
         <input_file_ref idref="fl-31"/>
      </object_component>
      <object_component id="oc-19d">
         <name>.ebss</name>
         <uninitialized>true</uninitialized>
         <run_address>0x9cbc</run_address>
         <size>0x4</size>
         <input_file_ref idref="fl-36"/>
      </object_component>
      <object_component id="oc-11c">
         <name>OSStack</name>
         <uninitialized>true</uninitialized>
         <run_address>0xa800</run_address>
         <size>0x708</size>
         <input_file_ref idref="fl-1d"/>
      </object_component>
      <object_component id="oc-d1">
         <name>DataBuff</name>
         <uninitialized>true</uninitialized>
         <run_address>0xa000</run_address>
         <size>0x7d0</size>
         <input_file_ref idref="fl-10"/>
      </object_component>
      <object_component id="oc-1ae">
         <name>.econst:_cbCommTbl</name>
         <load_address>0x3f4f00</load_address>
         <run_address>0x3f4f00</run_address>
         <size>0x154</size>
         <input_file_ref idref="fl-d"/>
      </object_component>
      <object_component id="oc-ae">
         <name>.econst</name>
         <load_address>0x3f5054</load_address>
         <run_address>0x3f5054</run_address>
         <size>0x100</size>
         <input_file_ref idref="fl-c"/>
      </object_component>
      <object_component id="oc-1a4">
         <name>.econst:_wNTCTempSampleTab1</name>
         <load_address>0x3f5154</load_address>
         <run_address>0x3f5154</run_address>
         <size>0xb4</size>
         <input_file_ref idref="fl-3"/>
      </object_component>
      <object_component id="oc-1a5">
         <name>.econst:_wNTCTempSampleTab</name>
         <load_address>0x3f5208</load_address>
         <run_address>0x3f5208</run_address>
         <size>0x66</size>
         <input_file_ref idref="fl-3"/>
      </object_component>
      <object_component id="oc-1bd">
         <name>.econst:_cConfigNum</name>
         <load_address>0x3f526e</load_address>
         <run_address>0x3f526e</run_address>
         <size>0x63</size>
         <input_file_ref idref="fl-13"/>
      </object_component>
      <object_component id="oc-1d0">
         <name>.econst:_cMaxChgCurTAB</name>
         <load_address>0x3f52d1</load_address>
         <run_address>0x3f52d1</run_address>
         <size>0x50</size>
         <input_file_ref idref="fl-13"/>
      </object_component>
      <object_component id="oc-1bf">
         <name>.econst:_RemindTab</name>
         <load_address>0x3f5321</load_address>
         <run_address>0x3f5321</run_address>
         <size>0x4c</size>
         <input_file_ref idref="fl-13"/>
      </object_component>
      <object_component id="oc-1ad">
         <name>.econst:_cEepromDault12VTable2</name>
         <load_address>0x3f536d</load_address>
         <run_address>0x3f536d</run_address>
         <size>0x4c</size>
         <input_file_ref idref="fl-b"/>
      </object_component>
      <object_component id="oc-1ac">
         <name>.econst:_cEepromDault24VTable2</name>
         <load_address>0x3f53b9</load_address>
         <run_address>0x3f53b9</run_address>
         <size>0x4c</size>
         <input_file_ref idref="fl-b"/>
      </object_component>
      <object_component id="oc-1ab">
         <name>.econst:_cEepromDault48VTable2</name>
         <load_address>0x3f5405</load_address>
         <run_address>0x3f5405</run_address>
         <size>0x4c</size>
         <input_file_ref idref="fl-b"/>
      </object_component>
      <object_component id="oc-1a9">
         <name>.econst:_cEepromDaultMEX12VTable2</name>
         <load_address>0x3f5451</load_address>
         <run_address>0x3f5451</run_address>
         <size>0x4c</size>
         <input_file_ref idref="fl-b"/>
      </object_component>
      <object_component id="oc-1a8">
         <name>.econst:_cEepromDaultMEX24VTable2</name>
         <load_address>0x3f549d</load_address>
         <run_address>0x3f549d</run_address>
         <size>0x4c</size>
         <input_file_ref idref="fl-b"/>
      </object_component>
      <object_component id="oc-1a7">
         <name>.econst:_cEepromDaultMEX48VTable2</name>
         <load_address>0x3f54e9</load_address>
         <run_address>0x3f54e9</run_address>
         <size>0x4c</size>
         <input_file_ref idref="fl-b"/>
      </object_component>
      <object_component id="oc-1b0">
         <name>.econst:_pFunCommRespTbl</name>
         <load_address>0x3f5536</load_address>
         <run_address>0x3f5536</run_address>
         <size>0x44</size>
         <input_file_ref idref="fl-d"/>
      </object_component>
      <object_component id="oc-1bb">
         <name>.econst:_FigureSEG_TAB</name>
         <load_address>0x3f557a</load_address>
         <run_address>0x3f557a</run_address>
         <size>0x38</size>
         <input_file_ref idref="fl-13"/>
      </object_component>
      <object_component id="oc-1c9">
         <name>.econst:_cMaxACChgCurTAB</name>
         <load_address>0x3f55b2</load_address>
         <run_address>0x3f55b2</run_address>
         <size>0x34</size>
         <input_file_ref idref="fl-13"/>
      </object_component>
      <object_component id="oc-1c3">
         <name>.econst:_cBat2VoltTAB12</name>
         <load_address>0x3f55e6</load_address>
         <run_address>0x3f55e6</run_address>
         <size>0x30</size>
         <input_file_ref idref="fl-13"/>
      </object_component>
      <object_component id="oc-1c4">
         <name>.econst:_cBat2VoltTAB24</name>
         <load_address>0x3f5616</load_address>
         <run_address>0x3f5616</run_address>
         <size>0x30</size>
         <input_file_ref idref="fl-13"/>
      </object_component>
      <object_component id="oc-1c5">
         <name>.econst:_cBat2VoltTAB</name>
         <load_address>0x3f5646</load_address>
         <run_address>0x3f5646</run_address>
         <size>0x30</size>
         <input_file_ref idref="fl-13"/>
      </object_component>
      <object_component id="oc-1c6">
         <name>.econst:_cBatVoltTAB12</name>
         <load_address>0x3f5676</load_address>
         <run_address>0x3f5676</run_address>
         <size>0x2c</size>
         <input_file_ref idref="fl-13"/>
      </object_component>
      <object_component id="oc-1c7">
         <name>.econst:_cBatVoltTAB24</name>
         <load_address>0x3f56a2</load_address>
         <run_address>0x3f56a2</run_address>
         <size>0x2c</size>
         <input_file_ref idref="fl-13"/>
      </object_component>
      <object_component id="oc-1c8">
         <name>.econst:_cBatVoltTAB</name>
         <load_address>0x3f56ce</load_address>
         <run_address>0x3f56ce</run_address>
         <size>0x2c</size>
         <input_file_ref idref="fl-13"/>
      </object_component>
      <object_component id="oc-1a6">
         <name>.econst:_StrConfigDefault_TBL</name>
         <load_address>0x3f56fa</load_address>
         <run_address>0x3f56fa</run_address>
         <size>0x2a</size>
         <input_file_ref idref="fl-9"/>
      </object_component>
      <object_component id="oc-1ba">
         <name>.econst:_Seg7CodeTab</name>
         <load_address>0x3f5724</load_address>
         <run_address>0x3f5724</run_address>
         <size>0x25</size>
         <input_file_ref idref="fl-13"/>
      </object_component>
      <object_component id="oc-1af">
         <name>.econst:_cbCommLenTbl</name>
         <load_address>0x3f5749</load_address>
         <run_address>0x3f5749</run_address>
         <size>0x22</size>
         <input_file_ref idref="fl-d"/>
      </object_component>
      <object_component id="oc-1b7">
         <name>.econst:_gc_uwOSFMainRlyOnMode</name>
         <load_address>0x3f576b</load_address>
         <run_address>0x3f576b</run_address>
         <size>0x20</size>
         <input_file_ref idref="fl-11"/>
      </object_component>
      <object_component id="oc-1b8">
         <name>.econst:_gc_uwSBUMainRlyOnMode</name>
         <load_address>0x3f578b</load_address>
         <run_address>0x3f578b</run_address>
         <size>0x20</size>
         <input_file_ref idref="fl-11"/>
      </object_component>
      <object_component id="oc-1aa">
         <name>.econst:_cEepromDaultTable1</name>
         <load_address>0x3f57ab</load_address>
         <run_address>0x3f57ab</run_address>
         <size>0x1f</size>
         <input_file_ref idref="fl-b"/>
      </object_component>
      <object_component id="oc-1ca">
         <name>.econst:_cMaxSolarChgCurTAB</name>
         <load_address>0x3f57ca</load_address>
         <run_address>0x3f57ca</run_address>
         <size>0x14</size>
         <input_file_ref idref="fl-13"/>
      </object_component>
      <object_component id="oc-1ce">
         <name>.econst:_cBatTypeTAB</name>
         <load_address>0x3f57de</load_address>
         <run_address>0x3f57de</run_address>
         <size>0x10</size>
         <input_file_ref idref="fl-13"/>
      </object_component>
      <object_component id="oc-1c2">
         <name>.econst:_cChgSourceTAB</name>
         <load_address>0x3f57ee</load_address>
         <run_address>0x3f57ee</run_address>
         <size>0x10</size>
         <input_file_ref idref="fl-13"/>
      </object_component>
      <object_component id="oc-1d1">
         <name>.econst:_cOpSourceTAB</name>
         <load_address>0x3f57fe</load_address>
         <run_address>0x3f57fe</run_address>
         <size>0xc</size>
         <input_file_ref idref="fl-13"/>
      </object_component>
      <object_component id="oc-1cf">
         <name>.econst:_cAcRangeTAB</name>
         <load_address>0x3f580a</load_address>
         <run_address>0x3f580a</run_address>
         <size>0x8</size>
         <input_file_ref idref="fl-13"/>
      </object_component>
      <object_component id="oc-1cb">
         <name>.econst:_cBATCHGSOURCETAB</name>
         <load_address>0x3f5812</load_address>
         <run_address>0x3f5812</run_address>
         <size>0x8</size>
         <input_file_ref idref="fl-13"/>
      </object_component>
      <object_component id="oc-1c1">
         <name>.econst:_cBMS_SETTAB</name>
         <load_address>0x3f581a</load_address>
         <run_address>0x3f581a</run_address>
         <size>0x8</size>
         <input_file_ref idref="fl-13"/>
      </object_component>
      <object_component id="oc-1c0">
         <name>.econst:_cEnaDisTAB</name>
         <load_address>0x3f5822</load_address>
         <run_address>0x3f5822</run_address>
         <size>0x8</size>
         <input_file_ref idref="fl-13"/>
      </object_component>
      <object_component id="oc-1cc">
         <name>.econst:_cFreqTAB</name>
         <load_address>0x3f582a</load_address>
         <run_address>0x3f582a</run_address>
         <size>0x8</size>
         <input_file_ref idref="fl-13"/>
      </object_component>
      <object_component id="oc-1be">
         <name>.econst:_cPowerKeyModeTAB</name>
         <load_address>0x3f5832</load_address>
         <run_address>0x3f5832</run_address>
         <size>0x8</size>
         <input_file_ref idref="fl-13"/>
      </object_component>
      <object_component id="oc-1cd">
         <name>.econst:_cVOLTTAB</name>
         <load_address>0x3f583a</load_address>
         <run_address>0x3f583a</run_address>
         <size>0x8</size>
         <input_file_ref idref="fl-13"/>
      </object_component>
      <object_component id="oc-1b1">
         <name>.econst:_$P$T0$9</name>
         <load_address>0x3f5842</load_address>
         <run_address>0x3f5842</run_address>
         <size>0x7</size>
         <input_file_ref idref="fl-d"/>
      </object_component>
      <object_component id="oc-1d2">
         <name>.econst:_cConfigStr</name>
         <load_address>0x3f5849</load_address>
         <run_address>0x3f5849</run_address>
         <size>0x4</size>
         <input_file_ref idref="fl-13"/>
      </object_component>
      <object_component id="oc-1b5">
         <name>.econst:_gc_uwCSFMainRlyOffMode</name>
         <load_address>0x3f584d</load_address>
         <run_address>0x3f584d</run_address>
         <size>0x4</size>
         <input_file_ref idref="fl-11"/>
      </object_component>
      <object_component id="oc-1b9">
         <name>.econst:_gc_uwOUFMainRlyOnMode</name>
         <load_address>0x3f5851</load_address>
         <run_address>0x3f5851</run_address>
         <size>0x4</size>
         <input_file_ref idref="fl-11"/>
      </object_component>
      <object_component id="oc-1bc">
         <name>.econst:_cFramTable</name>
         <load_address>0x3f5855</load_address>
         <run_address>0x3f5855</run_address>
         <size>0x2</size>
         <input_file_ref idref="fl-13"/>
      </object_component>
      <object_component id="oc-1b6">
         <name>.econst:_gc_uwCUFCSUFMainRlyOffMode</name>
         <load_address>0x3f5857</load_address>
         <run_address>0x3f5857</run_address>
         <size>0x2</size>
         <input_file_ref idref="fl-11"/>
      </object_component>
      <object_component id="oc-1b2">
         <name>.switch:_swWriteEESetting</name>
         <load_address>0x3f585a</load_address>
         <run_address>0x3f585a</run_address>
         <size>0x84</size>
         <input_file_ref idref="fl-10"/>
      </object_component>
      <object_component id="oc-1b3">
         <name>.switch:_swWriteATESetting</name>
         <load_address>0x3f58de</load_address>
         <run_address>0x3f58de</run_address>
         <size>0x50</size>
         <input_file_ref idref="fl-10"/>
      </object_component>
      <object_component id="oc-1b4">
         <name>.switch:_swWriteRecordCmd</name>
         <load_address>0x3f592e</load_address>
         <run_address>0x3f592e</run_address>
         <size>0x30</size>
         <input_file_ref idref="fl-10"/>
      </object_component>
      <object_component id="oc-51">
         <name>.startcode</name>
         <load_address>0x3f3000</load_address>
         <run_address>0x3f3000</run_address>
         <size>0x2f</size>
         <input_file_ref idref="fl-4"/>
      </object_component>
      <object_component id="oc-ec">
         <name>flashflag</name>
         <load_address>0x3f5ffe</load_address>
         <run_address>0x3f5ffe</run_address>
         <size>0x1</size>
         <input_file_ref idref="fl-14"/>
      </object_component>
      <object_component id="oc-180">
         <name>.reset</name>
         <load_address>0x3fffc0</load_address>
         <run_address>0x3fffc0</run_address>
         <size>0x2</size>
         <input_file_ref idref="fl-30"/>
      </object_component>
      <object_component id="oc-eb">
         <name>CsmPwlFile</name>
         <load_address>0x3f7ff8</load_address>
         <run_address>0x3f7ff8</run_address>
         <size>0x8</size>
         <input_file_ref idref="fl-14"/>
      </object_component>
      <object_component id="oc-8d">
         <name>PieVectTableFile</name>
         <uninitialized>true</uninitialized>
         <run_address>0xd00</run_address>
         <size>0x100</size>
         <input_file_ref idref="fl-7"/>
      </object_component>
      <object_component id="oc-61">
         <name>DevEmuRegsFile</name>
         <uninitialized>true</uninitialized>
         <run_address>0x880</run_address>
         <size>0x4</size>
         <input_file_ref idref="fl-7"/>
      </object_component>
      <object_component id="oc-60">
         <name>SysPwrCtrlRegsFile</name>
         <uninitialized>true</uninitialized>
         <run_address>0x985</run_address>
         <size>0x3</size>
         <input_file_ref idref="fl-7"/>
      </object_component>
      <object_component id="oc-64">
         <name>FlashRegsFile</name>
         <uninitialized>true</uninitialized>
         <run_address>0xa80</run_address>
         <size>0x8</size>
         <input_file_ref idref="fl-7"/>
      </object_component>
      <object_component id="oc-6d">
         <name>CsmRegsFile</name>
         <uninitialized>true</uninitialized>
         <run_address>0xae0</run_address>
         <size>0x10</size>
         <input_file_ref idref="fl-7"/>
      </object_component>
      <object_component id="oc-6b">
         <name>AdcResultFile</name>
         <uninitialized>true</uninitialized>
         <run_address>0xb00</run_address>
         <size>0x10</size>
         <input_file_ref idref="fl-7"/>
      </object_component>
      <object_component id="oc-65">
         <name>CpuTimer0RegsFile</name>
         <uninitialized>true</uninitialized>
         <run_address>0xc00</run_address>
         <size>0x8</size>
         <input_file_ref idref="fl-7"/>
      </object_component>
      <object_component id="oc-62">
         <name>CpuTimer1RegsFile</name>
         <uninitialized>true</uninitialized>
         <run_address>0xc08</run_address>
         <size>0x8</size>
         <input_file_ref idref="fl-7"/>
      </object_component>
      <object_component id="oc-63">
         <name>CpuTimer2RegsFile</name>
         <uninitialized>true</uninitialized>
         <run_address>0xc10</run_address>
         <size>0x8</size>
         <input_file_ref idref="fl-7"/>
      </object_component>
      <object_component id="oc-71">
         <name>PieCtrlRegsFile</name>
         <uninitialized>true</uninitialized>
         <run_address>0xce0</run_address>
         <size>0x1a</size>
         <input_file_ref idref="fl-7"/>
      </object_component>
      <object_component id="oc-7f">
         <name>ECanaRegsFile</name>
         <uninitialized>true</uninitialized>
         <run_address>0x6000</run_address>
         <size>0x34</size>
         <input_file_ref idref="fl-7"/>
      </object_component>
      <object_component id="oc-84">
         <name>ECanaLAMRegsFile</name>
         <uninitialized>true</uninitialized>
         <run_address>0x6040</run_address>
         <size>0x40</size>
         <input_file_ref idref="fl-7"/>
      </object_component>
      <object_component id="oc-8e">
         <name>ECanaMboxesFile</name>
         <uninitialized>true</uninitialized>
         <run_address>0x6100</run_address>
         <size>0x100</size>
         <input_file_ref idref="fl-7"/>
      </object_component>
      <object_component id="oc-82">
         <name>ECanaMOTSRegsFile</name>
         <uninitialized>true</uninitialized>
         <run_address>0x6080</run_address>
         <size>0x40</size>
         <input_file_ref idref="fl-7"/>
      </object_component>
      <object_component id="oc-83">
         <name>ECanaMOTORegsFile</name>
         <uninitialized>true</uninitialized>
         <run_address>0x60c0</run_address>
         <size>0x40</size>
         <input_file_ref idref="fl-7"/>
      </object_component>
      <object_component id="oc-7a">
         <name>ECap1RegsFile</name>
         <uninitialized>true</uninitialized>
         <run_address>0x6a00</run_address>
         <size>0x20</size>
         <input_file_ref idref="fl-7"/>
      </object_component>
      <object_component id="oc-79">
         <name>ECap2RegsFile</name>
         <uninitialized>true</uninitialized>
         <run_address>0x6a20</run_address>
         <size>0x20</size>
         <input_file_ref idref="fl-7"/>
      </object_component>
      <object_component id="oc-78">
         <name>ECap3RegsFile</name>
         <uninitialized>true</uninitialized>
         <run_address>0x6a40</run_address>
         <size>0x20</size>
         <input_file_ref idref="fl-7"/>
      </object_component>
      <object_component id="oc-7d">
         <name>EQep1RegsFile</name>
         <uninitialized>true</uninitialized>
         <run_address>0x6b00</run_address>
         <size>0x22</size>
         <input_file_ref idref="fl-7"/>
      </object_component>
      <object_component id="oc-7c">
         <name>EQep2RegsFile</name>
         <uninitialized>true</uninitialized>
         <run_address>0x6b40</run_address>
         <size>0x22</size>
         <input_file_ref idref="fl-7"/>
      </object_component>
      <object_component id="oc-87">
         <name>GpioCtrlRegsFile</name>
         <uninitialized>true</uninitialized>
         <run_address>0x6f80</run_address>
         <size>0x40</size>
         <input_file_ref idref="fl-7"/>
      </object_component>
      <object_component id="oc-73">
         <name>GpioDataRegsFile</name>
         <uninitialized>true</uninitialized>
         <run_address>0x6fc0</run_address>
         <size>0x20</size>
         <input_file_ref idref="fl-7"/>
      </object_component>
      <object_component id="oc-72">
         <name>GpioIntRegsFile</name>
         <uninitialized>true</uninitialized>
         <run_address>0x6fe0</run_address>
         <size>0x20</size>
         <input_file_ref idref="fl-7"/>
      </object_component>
      <object_component id="oc-76">
         <name>HRCap1RegsFile</name>
         <uninitialized>true</uninitialized>
         <run_address>0x6ac0</run_address>
         <size>0x20</size>
         <input_file_ref idref="fl-7"/>
      </object_component>
      <object_component id="oc-77">
         <name>HRCap2RegsFile</name>
         <uninitialized>true</uninitialized>
         <run_address>0x6ae0</run_address>
         <size>0x20</size>
         <input_file_ref idref="fl-7"/>
      </object_component>
      <object_component id="oc-74">
         <name>HRCap3RegsFile</name>
         <uninitialized>true</uninitialized>
         <run_address>0x6c80</run_address>
         <size>0x20</size>
         <input_file_ref idref="fl-7"/>
      </object_component>
      <object_component id="oc-75">
         <name>HRCap4RegsFile</name>
         <uninitialized>true</uninitialized>
         <run_address>0x6ca0</run_address>
         <size>0x20</size>
         <input_file_ref idref="fl-7"/>
      </object_component>
      <object_component id="oc-7e">
         <name>SysCtrlRegsFile</name>
         <uninitialized>true</uninitialized>
         <run_address>0x7010</run_address>
         <size>0x30</size>
         <input_file_ref idref="fl-7"/>
      </object_component>
      <object_component id="oc-66">
         <name>SpiaRegsFile</name>
         <uninitialized>true</uninitialized>
         <run_address>0x7040</run_address>
         <size>0x10</size>
         <input_file_ref idref="fl-7"/>
      </object_component>
      <object_component id="oc-6a">
         <name>SpibRegsFile</name>
         <uninitialized>true</uninitialized>
         <run_address>0x7740</run_address>
         <size>0x10</size>
         <input_file_ref idref="fl-7"/>
      </object_component>
      <object_component id="oc-67">
         <name>SciaRegsFile</name>
         <uninitialized>true</uninitialized>
         <run_address>0x7050</run_address>
         <size>0x10</size>
         <input_file_ref idref="fl-7"/>
      </object_component>
      <object_component id="oc-69">
         <name>ScibRegsFile</name>
         <uninitialized>true</uninitialized>
         <run_address>0x7750</run_address>
         <size>0x10</size>
         <input_file_ref idref="fl-7"/>
      </object_component>
      <object_component id="oc-68">
         <name>NmiIntruptRegsFile</name>
         <uninitialized>true</uninitialized>
         <run_address>0x7060</run_address>
         <size>0x10</size>
         <input_file_ref idref="fl-7"/>
      </object_component>
      <object_component id="oc-6c">
         <name>XIntruptRegsFile</name>
         <uninitialized>true</uninitialized>
         <run_address>0x7070</run_address>
         <size>0x10</size>
         <input_file_ref idref="fl-7"/>
      </object_component>
      <object_component id="oc-8c">
         <name>AdcRegsFile</name>
         <uninitialized>true</uninitialized>
         <run_address>0x7100</run_address>
         <size>0x50</size>
         <input_file_ref idref="fl-7"/>
      </object_component>
      <object_component id="oc-7b">
         <name>I2caRegsFile</name>
         <uninitialized>true</uninitialized>
         <run_address>0x7900</run_address>
         <size>0x22</size>
         <input_file_ref idref="fl-7"/>
      </object_component>
      <object_component id="oc-70">
         <name>Comp1RegsFile</name>
         <uninitialized>true</uninitialized>
         <run_address>0x6400</run_address>
         <size>0x14</size>
         <input_file_ref idref="fl-7"/>
      </object_component>
      <object_component id="oc-6f">
         <name>Comp2RegsFile</name>
         <uninitialized>true</uninitialized>
         <run_address>0x6420</run_address>
         <size>0x14</size>
         <input_file_ref idref="fl-7"/>
      </object_component>
      <object_component id="oc-6e">
         <name>Comp3RegsFile</name>
         <uninitialized>true</uninitialized>
         <run_address>0x6440</run_address>
         <size>0x14</size>
         <input_file_ref idref="fl-7"/>
      </object_component>
      <object_component id="oc-80">
         <name>EPwm1RegsFile</name>
         <uninitialized>true</uninitialized>
         <run_address>0x6800</run_address>
         <size>0x40</size>
         <input_file_ref idref="fl-7"/>
      </object_component>
      <object_component id="oc-81">
         <name>EPwm2RegsFile</name>
         <uninitialized>true</uninitialized>
         <run_address>0x6840</run_address>
         <size>0x40</size>
         <input_file_ref idref="fl-7"/>
      </object_component>
      <object_component id="oc-8a">
         <name>EPwm3RegsFile</name>
         <uninitialized>true</uninitialized>
         <run_address>0x6880</run_address>
         <size>0x40</size>
         <input_file_ref idref="fl-7"/>
      </object_component>
      <object_component id="oc-89">
         <name>EPwm4RegsFile</name>
         <uninitialized>true</uninitialized>
         <run_address>0x68c0</run_address>
         <size>0x40</size>
         <input_file_ref idref="fl-7"/>
      </object_component>
      <object_component id="oc-8b">
         <name>EPwm5RegsFile</name>
         <uninitialized>true</uninitialized>
         <run_address>0x6900</run_address>
         <size>0x40</size>
         <input_file_ref idref="fl-7"/>
      </object_component>
      <object_component id="oc-86">
         <name>EPwm6RegsFile</name>
         <uninitialized>true</uninitialized>
         <run_address>0x6940</run_address>
         <size>0x40</size>
         <input_file_ref idref="fl-7"/>
      </object_component>
      <object_component id="oc-85">
         <name>EPwm7RegsFile</name>
         <uninitialized>true</uninitialized>
         <run_address>0x6980</run_address>
         <size>0x40</size>
         <input_file_ref idref="fl-7"/>
      </object_component>
      <object_component id="oc-88">
         <name>EPwm8RegsFile</name>
         <uninitialized>true</uninitialized>
         <run_address>0x69c0</run_address>
         <size>0x40</size>
         <input_file_ref idref="fl-7"/>
      </object_component>
      <object_component id="oc-5f">
         <name>PartIdRegsFile</name>
         <uninitialized>true</uninitialized>
         <run_address>0x3d7e80</run_address>
         <size>0x1</size>
         <input_file_ref idref="fl-7"/>
      </object_component>
      <object_component id="oc-4b">
         <name>.debug_info</name>
         <load_address>0x0</load_address>
         <run_address>0x0</run_address>
         <size>0x84d3</size>
         <input_file_ref idref="fl-3"/>
      </object_component>
      <object_component id="oc-52">
         <name>.debug_info</name>
         <load_address>0x84d3</load_address>
         <run_address>0x84d3</run_address>
         <size>0x107</size>
         <input_file_ref idref="fl-4"/>
      </object_component>
      <object_component id="oc-56">
         <name>.debug_info</name>
         <load_address>0x85da</load_address>
         <run_address>0x85da</run_address>
         <size>0x115</size>
         <input_file_ref idref="fl-5"/>
      </object_component>
      <object_component id="oc-59">
         <name>.debug_info</name>
         <load_address>0x86ef</load_address>
         <run_address>0x86ef</run_address>
         <size>0x4a3b</size>
         <input_file_ref idref="fl-6"/>
      </object_component>
      <object_component id="oc-5e">
         <name>.debug_info</name>
         <load_address>0xd12a</load_address>
         <run_address>0xd12a</run_address>
         <size>0x11845</size>
         <input_file_ref idref="fl-7"/>
      </object_component>
      <object_component id="oc-91">
         <name>.debug_info</name>
         <load_address>0x1e96f</load_address>
         <run_address>0x1e96f</run_address>
         <size>0x2e27</size>
         <input_file_ref idref="fl-8"/>
      </object_component>
      <object_component id="oc-98">
         <name>.debug_info</name>
         <load_address>0x21796</load_address>
         <run_address>0x21796</run_address>
         <size>0xcf7</size>
         <input_file_ref idref="fl-9"/>
      </object_component>
      <object_component id="oc-9e">
         <name>.debug_info</name>
         <load_address>0x2248d</load_address>
         <run_address>0x2248d</run_address>
         <size>0x2f2a</size>
         <input_file_ref idref="fl-a"/>
      </object_component>
      <object_component id="oc-a5">
         <name>.debug_info</name>
         <load_address>0x253b7</load_address>
         <run_address>0x253b7</run_address>
         <size>0xc963</size>
         <input_file_ref idref="fl-b"/>
      </object_component>
      <object_component id="oc-ac">
         <name>.debug_info</name>
         <load_address>0x31d1a</load_address>
         <run_address>0x31d1a</run_address>
         <size>0xbe04</size>
         <input_file_ref idref="fl-c"/>
      </object_component>
      <object_component id="oc-b4">
         <name>.debug_info</name>
         <load_address>0x3db1e</load_address>
         <run_address>0x3db1e</run_address>
         <size>0xd196</size>
         <input_file_ref idref="fl-d"/>
      </object_component>
      <object_component id="oc-bd">
         <name>.debug_info</name>
         <load_address>0x4acb4</load_address>
         <run_address>0x4acb4</run_address>
         <size>0x11575</size>
         <input_file_ref idref="fl-e"/>
      </object_component>
      <object_component id="oc-c7">
         <name>.debug_info</name>
         <load_address>0x5c229</load_address>
         <run_address>0x5c229</run_address>
         <size>0x8d66</size>
         <input_file_ref idref="fl-f"/>
      </object_component>
      <object_component id="oc-ce">
         <name>.debug_info</name>
         <load_address>0x64f8f</load_address>
         <run_address>0x64f8f</run_address>
         <size>0x8f9a</size>
         <input_file_ref idref="fl-10"/>
      </object_component>
      <object_component id="oc-d7">
         <name>.debug_info</name>
         <load_address>0x6df29</load_address>
         <run_address>0x6df29</run_address>
         <size>0xb697</size>
         <input_file_ref idref="fl-11"/>
      </object_component>
      <object_component id="oc-de">
         <name>.debug_info</name>
         <load_address>0x795c0</load_address>
         <run_address>0x795c0</run_address>
         <size>0x1e4c</size>
         <input_file_ref idref="fl-12"/>
      </object_component>
      <object_component id="oc-e4">
         <name>.debug_info</name>
         <load_address>0x7b40c</load_address>
         <run_address>0x7b40c</run_address>
         <size>0x99e7</size>
         <input_file_ref idref="fl-13"/>
      </object_component>
      <object_component id="oc-ee">
         <name>.debug_info</name>
         <load_address>0x84df3</load_address>
         <run_address>0x84df3</run_address>
         <size>0x704</size>
         <input_file_ref idref="fl-15"/>
      </object_component>
      <object_component id="oc-f2">
         <name>.debug_info</name>
         <load_address>0x854f7</load_address>
         <run_address>0x854f7</run_address>
         <size>0x2f9</size>
         <input_file_ref idref="fl-16"/>
      </object_component>
      <object_component id="oc-f7">
         <name>.debug_info</name>
         <load_address>0x857f0</load_address>
         <run_address>0x857f0</run_address>
         <size>0x84e</size>
         <input_file_ref idref="fl-17"/>
      </object_component>
      <object_component id="oc-fe">
         <name>.debug_info</name>
         <load_address>0x8603e</load_address>
         <run_address>0x8603e</run_address>
         <size>0xe08</size>
         <input_file_ref idref="fl-18"/>
      </object_component>
      <object_component id="oc-103">
         <name>.debug_info</name>
         <load_address>0x86e46</load_address>
         <run_address>0x86e46</run_address>
         <size>0x170b</size>
         <input_file_ref idref="fl-19"/>
      </object_component>
      <object_component id="oc-108">
         <name>.debug_info</name>
         <load_address>0x88551</load_address>
         <run_address>0x88551</run_address>
         <size>0x1916</size>
         <input_file_ref idref="fl-1a"/>
      </object_component>
      <object_component id="oc-10f">
         <name>.debug_info</name>
         <load_address>0x89e67</load_address>
         <run_address>0x89e67</run_address>
         <size>0x68b</size>
         <input_file_ref idref="fl-1b"/>
      </object_component>
      <object_component id="oc-114">
         <name>.debug_info</name>
         <load_address>0x8a4f2</load_address>
         <run_address>0x8a4f2</run_address>
         <size>0x2e95</size>
         <input_file_ref idref="fl-1c"/>
      </object_component>
      <object_component id="oc-119">
         <name>.debug_info</name>
         <load_address>0x8d387</load_address>
         <run_address>0x8d387</run_address>
         <size>0x8a7</size>
         <input_file_ref idref="fl-1d"/>
      </object_component>
      <object_component id="oc-121">
         <name>.debug_info</name>
         <load_address>0x8dc2e</load_address>
         <run_address>0x8dc2e</run_address>
         <size>0x698</size>
         <input_file_ref idref="fl-1e"/>
      </object_component>
      <object_component id="oc-126">
         <name>.debug_info</name>
         <load_address>0x8e2c6</load_address>
         <run_address>0x8e2c6</run_address>
         <size>0x869</size>
         <input_file_ref idref="fl-1f"/>
      </object_component>
      <object_component id="oc-12c">
         <name>.debug_info</name>
         <load_address>0x8eb2f</load_address>
         <run_address>0x8eb2f</run_address>
         <size>0x565</size>
         <input_file_ref idref="fl-20"/>
      </object_component>
      <object_component id="oc-131">
         <name>.debug_info</name>
         <load_address>0x8f094</load_address>
         <run_address>0x8f094</run_address>
         <size>0x39d</size>
         <input_file_ref idref="fl-21"/>
      </object_component>
      <object_component id="oc-136">
         <name>.debug_info</name>
         <load_address>0x8f431</load_address>
         <run_address>0x8f431</run_address>
         <size>0x119</size>
         <input_file_ref idref="fl-22"/>
      </object_component>
      <object_component id="oc-13a">
         <name>.debug_info</name>
         <load_address>0x8f54a</load_address>
         <run_address>0x8f54a</run_address>
         <size>0x360e</size>
         <input_file_ref idref="fl-23"/>
      </object_component>
      <object_component id="oc-141">
         <name>.debug_info</name>
         <load_address>0x92b58</load_address>
         <run_address>0x92b58</run_address>
         <size>0x1fd1</size>
         <input_file_ref idref="fl-24"/>
      </object_component>
      <object_component id="oc-148">
         <name>.debug_info</name>
         <load_address>0x94b29</load_address>
         <run_address>0x94b29</run_address>
         <size>0x4ff</size>
         <input_file_ref idref="fl-25"/>
      </object_component>
      <object_component id="oc-14f">
         <name>.debug_info</name>
         <load_address>0x95028</load_address>
         <run_address>0x95028</run_address>
         <size>0x26bb</size>
         <input_file_ref idref="fl-26"/>
      </object_component>
      <object_component id="oc-156">
         <name>.debug_info</name>
         <load_address>0x976e3</load_address>
         <run_address>0x976e3</run_address>
         <size>0x7347</size>
         <input_file_ref idref="fl-27"/>
      </object_component>
      <object_component id="oc-15f">
         <name>.debug_info</name>
         <load_address>0x9ea2a</load_address>
         <run_address>0x9ea2a</run_address>
         <size>0x49f2</size>
         <input_file_ref idref="fl-29"/>
      </object_component>
      <object_component id="oc-166">
         <name>.debug_info</name>
         <load_address>0xa341c</load_address>
         <run_address>0xa341c</run_address>
         <size>0x1fa5</size>
         <input_file_ref idref="fl-2a"/>
      </object_component>
      <object_component id="oc-16b">
         <name>.debug_info</name>
         <load_address>0xa53c1</load_address>
         <run_address>0xa53c1</run_address>
         <size>0x2d6a</size>
         <input_file_ref idref="fl-2b"/>
      </object_component>
      <object_component id="oc-172">
         <name>.debug_info</name>
         <load_address>0xa812b</load_address>
         <run_address>0xa812b</run_address>
         <size>0x2365</size>
         <input_file_ref idref="fl-2c"/>
      </object_component>
      <object_component id="oc-179">
         <name>.debug_info</name>
         <load_address>0xaa490</load_address>
         <run_address>0xaa490</run_address>
         <size>0x26f6</size>
         <input_file_ref idref="fl-2d"/>
      </object_component>
      <object_component id="oc-181">
         <name>.debug_info</name>
         <load_address>0xacb86</load_address>
         <run_address>0xacb86</run_address>
         <size>0xdf</size>
         <input_file_ref idref="fl-30"/>
      </object_component>
      <object_component id="oc-185">
         <name>.debug_info</name>
         <load_address>0xacc65</load_address>
         <run_address>0xacc65</run_address>
         <size>0x3f0</size>
         <input_file_ref idref="fl-31"/>
      </object_component>
      <object_component id="oc-18b">
         <name>.debug_info</name>
         <load_address>0xad055</load_address>
         <run_address>0xad055</run_address>
         <size>0xed</size>
         <input_file_ref idref="fl-32"/>
      </object_component>
      <object_component id="oc-18f">
         <name>.debug_info</name>
         <load_address>0xad142</load_address>
         <run_address>0xad142</run_address>
         <size>0x14f</size>
         <input_file_ref idref="fl-33"/>
      </object_component>
      <object_component id="oc-193">
         <name>.debug_info</name>
         <load_address>0xad291</load_address>
         <run_address>0xad291</run_address>
         <size>0x435</size>
         <input_file_ref idref="fl-34"/>
      </object_component>
      <object_component id="oc-197">
         <name>.debug_info</name>
         <load_address>0xad6c6</load_address>
         <run_address>0xad6c6</run_address>
         <size>0xed</size>
         <input_file_ref idref="fl-35"/>
      </object_component>
      <object_component id="oc-19b">
         <name>.debug_info</name>
         <load_address>0xad7b3</load_address>
         <run_address>0xad7b3</run_address>
         <size>0x3cf</size>
         <input_file_ref idref="fl-36"/>
      </object_component>
      <object_component id="oc-1a1">
         <name>.debug_info</name>
         <load_address>0xadb82</load_address>
         <run_address>0xadb82</run_address>
         <size>0x39b</size>
         <input_file_ref idref="fl-37"/>
      </object_component>
      <object_component id="oc-226">
         <name>.debug_info</name>
         <load_address>0xadf1d</load_address>
         <run_address>0xadf1d</run_address>
         <size>0x6f</size>
      </object_component>
      <object_component id="oc-4e">
         <name>.debug_frame</name>
         <load_address>0x0</load_address>
         <run_address>0x0</run_address>
         <size>0x4ed</size>
         <input_file_ref idref="fl-3"/>
      </object_component>
      <object_component id="oc-5b">
         <name>.debug_frame</name>
         <load_address>0x4ed</load_address>
         <run_address>0x4ed</run_address>
         <size>0x6bb</size>
         <input_file_ref idref="fl-6"/>
      </object_component>
      <object_component id="oc-94">
         <name>.debug_frame</name>
         <load_address>0xba8</load_address>
         <run_address>0xba8</run_address>
         <size>0x2fa</size>
         <input_file_ref idref="fl-8"/>
      </object_component>
      <object_component id="oc-9a">
         <name>.debug_frame</name>
         <load_address>0xea2</load_address>
         <run_address>0xea2</run_address>
         <size>0xaa</size>
         <input_file_ref idref="fl-9"/>
      </object_component>
      <object_component id="oc-a1">
         <name>.debug_frame</name>
         <load_address>0xf4c</load_address>
         <run_address>0xf4c</run_address>
         <size>0x24d</size>
         <input_file_ref idref="fl-a"/>
      </object_component>
      <object_component id="oc-a8">
         <name>.debug_frame</name>
         <load_address>0x1199</load_address>
         <run_address>0x1199</run_address>
         <size>0x147f</size>
         <input_file_ref idref="fl-b"/>
      </object_component>
      <object_component id="oc-b0">
         <name>.debug_frame</name>
         <load_address>0x2618</load_address>
         <run_address>0x2618</run_address>
         <size>0x1ef</size>
         <input_file_ref idref="fl-c"/>
      </object_component>
      <object_component id="oc-b9">
         <name>.debug_frame</name>
         <load_address>0x2807</load_address>
         <run_address>0x2807</run_address>
         <size>0xb28</size>
         <input_file_ref idref="fl-d"/>
      </object_component>
      <object_component id="oc-c3">
         <name>.debug_frame</name>
         <load_address>0x332f</load_address>
         <run_address>0x332f</run_address>
         <size>0xbfb</size>
         <input_file_ref idref="fl-e"/>
      </object_component>
      <object_component id="oc-ca">
         <name>.debug_frame</name>
         <load_address>0x3f2a</load_address>
         <run_address>0x3f2a</run_address>
         <size>0x8fd</size>
         <input_file_ref idref="fl-f"/>
      </object_component>
      <object_component id="oc-d3">
         <name>.debug_frame</name>
         <load_address>0x4827</load_address>
         <run_address>0x4827</run_address>
         <size>0x307</size>
         <input_file_ref idref="fl-10"/>
      </object_component>
      <object_component id="oc-da">
         <name>.debug_frame</name>
[...]
         <value>0x3f1ea0</value>
         <object_component_ref idref="oc-171"/>
      </symbol>
      <symbol id="sm-1e82">
         <name>_sSetL2OPVVA</name>
         <value>0x3f1ee9</value>
         <object_component_ref idref="oc-171"/>
      </symbol>
      <symbol id="sm-1e83">
         <name>_sGetL2OPVVA</name>
         <value>0x3f201a</value>
         <object_component_ref idref="oc-171"/>
      </symbol>
      <symbol id="sm-1e84">
         <name>_sGetL1OPVVA</name>
         <value>0x3f201e</value>
         <object_component_ref idref="oc-171"/>
      </symbol>
      <symbol id="sm-1e85">
         <name>_sSetL1OPVVA</name>
         <value>0x3f1eed</value>
         <object_component_ref idref="oc-171"/>
      </symbol>
      <symbol id="sm-1e86">
         <name>_dwBatWatt</name>
         <value>0x9d74</value>
         <object_component_ref idref="oc-174"/>
      </symbol>
      <symbol id="sm-1e87">
         <name>_sdwGetOPVA</name>
         <value>0x3f1ec7</value>
         <object_component_ref idref="oc-171"/>
      </symbol>
      <symbol id="sm-1e88">
         <name>_setL2OPWatt</name>
         <value>0x3f1ebb</value>
         <object_component_ref idref="oc-171"/>
      </symbol>
      <symbol id="sm-1e89">
         <name>_wRLowOPCurrentNew</name>
         <value>0x9d48</value>
         <object_component_ref idref="oc-174"/>
      </symbol>
      <symbol id="sm-1e8a">
         <name>_swGetL2LowOPCurrentNew</name>
         <value>0x3f1eb0</value>
         <object_component_ref idref="oc-171"/>
      </symbol>
      <symbol id="sm-1e8b">
         <name>_sdwGetL2OPVA</name>
         <value>0x3f1ecf</value>
         <object_component_ref idref="oc-171"/>
      </symbol>
      <symbol id="sm-1e8c">
         <name>_dwL2OPWatt</name>
         <value>0x9d5e</value>
         <object_component_ref idref="oc-174"/>
      </symbol>
      <symbol id="sm-1e8d">
         <name>_wInvWattPercent</name>
         <value>0x9d53</value>
         <object_component_ref idref="oc-174"/>
      </symbol>
      <symbol id="sm-1e8e">
         <name>_dwL2OPVANew</name>
         <value>0x9d60</value>
         <object_component_ref idref="oc-174"/>
      </symbol>
      <symbol id="sm-1e8f">
         <name>_sSetROPCurrentAdj</name>
         <value>0x3f1ed7</value>
         <object_component_ref idref="oc-171"/>
      </symbol>
      <symbol id="sm-1e90">
         <name>_dwOPWatt</name>
         <value>0x9d68</value>
         <object_component_ref idref="oc-174"/>
      </symbol>
      <symbol id="sm-1e91">
         <name>_sOPWattCal</name>
         <value>0x3f1ef9</value>
         <object_component_ref idref="oc-171"/>
      </symbol>
      <symbol id="sm-1e92">
         <name>_wOPPowerPercent</name>
         <value>0x9d49</value>
         <object_component_ref idref="oc-174"/>
      </symbol>
      <symbol id="sm-1e93">
         <name>_sdwGetL1OPWatt</name>
         <value>0x3f1ed3</value>
         <object_component_ref idref="oc-171"/>
      </symbol>
      <symbol id="sm-1e94">
         <name>_wL2OPPowerPercent</name>
         <value>0x9d4d</value>
         <object_component_ref idref="oc-174"/>
      </symbol>
      <symbol id="sm-1e95">
         <name>_dwL2OPWattNew</name>
         <value>0x9d64</value>
         <object_component_ref idref="oc-174"/>
      </symbol>
      <symbol id="sm-1e96">
         <name>_wL2LowOPCurrentNew</name>
         <value>0x9d4e</value>
         <object_component_ref idref="oc-174"/>
      </symbol>
      <symbol id="sm-1e97">
         <name>_dwOPVA</name>
         <value>0x9d66</value>
         <object_component_ref idref="oc-174"/>
      </symbol>
      <symbol id="sm-1e98">
         <name>_sROPCurrentAdj</name>
         <value>0x3f1ef1</value>
         <object_component_ref idref="oc-171"/>
      </symbol>
      <symbol id="sm-1e99">
         <name>_dwLowInvVA</name>
         <value>0x9d6c</value>
         <object_component_ref idref="oc-174"/>
      </symbol>
      <symbol id="sm-1e9a">
         <name>_sInvL1L2PowerPercentMaxCal</name>
         <value>0x3f1fec</value>
         <object_component_ref idref="oc-171"/>
      </symbol>
      <symbol id="sm-1e9b">
         <name>_dwL1OPVANew</name>
         <value>0x9d5a</value>
         <object_component_ref idref="oc-174"/>
      </symbol>
      <symbol id="sm-1e9c">
         <name>_wL2OPCurrentNew</name>
         <value>0x9d56</value>
         <object_component_ref idref="oc-174"/>
      </symbol>
      <symbol id="sm-1e9d">
         <name>_wOPVABatPercent</name>
         <value>0x9d45</value>
         <object_component_ref idref="oc-174"/>
      </symbol>
      <symbol id="sm-1e9e">
         <name>_swGetLoadPercent</name>
         <value>0x3f1ea8</value>
         <object_component_ref idref="oc-171"/>
      </symbol>
      <symbol id="sm-1e9f">
         <name>_dwL1OPWattNew</name>
         <value>0x9d5c</value>
         <object_component_ref idref="oc-174"/>
      </symbol>
      <symbol id="sm-1ea0">
         <name>_wOPWattBatPercent</name>
         <value>0x9d43</value>
         <object_component_ref idref="oc-174"/>
      </symbol>
      <symbol id="sm-1ea1">
         <name>_sOPVACal</name>
         <value>0x3f1f03</value>
         <object_component_ref idref="oc-171"/>
      </symbol>
      <symbol id="sm-1ea2">
         <name>_wL2OPWattPercent</name>
         <value>0x9d4f</value>
         <object_component_ref idref="oc-174"/>
      </symbol>
      <symbol id="sm-1ea3">
         <name>_wROPCurrentAdj</name>
         <value>0x9d44</value>
         <object_component_ref idref="oc-174"/>
      </symbol>
      <symbol id="sm-1ea4">
         <name>_sLoadModuleInitial</name>
         <value>0x3f1fb5</value>
         <object_component_ref idref="oc-171"/>
      </symbol>
      <symbol id="sm-1ea5">
         <name>_wL2OPVAPercent</name>
         <value>0x9d4c</value>
         <object_component_ref idref="oc-174"/>
      </symbol>
      <symbol id="sm-1ea6">
         <name>_sSetRLoadWattAdj</name>
         <value>0x3f1ede</value>
         <object_component_ref idref="oc-171"/>
      </symbol>
      <symbol id="sm-1ea7">
         <name>_swGetL2OPCurrentNew</name>
         <value>0x3f1eac</value>
         <object_component_ref idref="oc-171"/>
      </symbol>
      <symbol id="sm-1ea8">
         <name>_wInvPowerPercent</name>
         <value>0x9d51</value>
         <object_component_ref idref="oc-174"/>
      </symbol>
      <symbol id="sm-1ea9">
         <name>_sRLowOPCurrentAdj</name>
         <value>0x3f1ef5</value>
         <object_component_ref idref="oc-171"/>
      </symbol>
      <symbol id="sm-1eaa">
         <name>_g_uwLoadAbnormalFlg</name>
         <value>0x9d55</value>
         <object_component_ref idref="oc-174"/>
      </symbol>
      <symbol id="sm-1eab">
         <name>_swGetRLoadVAPercent</name>
         <value>0x3f1e9c</value>
         <object_component_ref idref="oc-171"/>
      </symbol>
      <symbol id="sm-1eac">
         <name>_wLoadVA</name>
         <value>0x9d58</value>
         <object_component_ref idref="oc-174"/>
      </symbol>
      <symbol id="sm-1ead">
         <name>_sOPPowerPercentMaxCal</name>
         <value>0x3f1f0e</value>
         <object_component_ref idref="oc-171"/>
      </symbol>
      <symbol id="sm-1eae">
         <name>_swGetRLoadWattPercent</name>
         <value>0x3f1e98</value>
         <object_component_ref idref="oc-171"/>
      </symbol>
      <symbol id="sm-1eaf">
         <name>_dwL2OPVA</name>
         <value>0x9d62</value>
         <object_component_ref idref="oc-174"/>
      </symbol>
      <symbol id="sm-1eb0">
         <name>_swGetLoadVA</name>
         <value>0x3f1ea4</value>
         <object_component_ref idref="oc-171"/>
      </symbol>
      <symbol id="sm-1eb1">
         <name>_setL1OPWatt</name>
         <value>0x3f1ebf</value>
         <object_component_ref idref="oc-171"/>
      </symbol>
      <symbol id="sm-1eb2">
         <name>_wRLoadWattAdj</name>
         <value>0x9d4b</value>
         <object_component_ref idref="oc-174"/>
      </symbol>
      <symbol id="sm-1eb3">
         <name>_swGetROPCurrentNew</name>
         <value>0x3f1e90</value>
         <object_component_ref idref="oc-171"/>
      </symbol>
      <symbol id="sm-1eb4">
         <name>_sInvPowerPercentMaxCal</name>
         <value>0x3f1fc2</value>
         <object_component_ref idref="oc-171"/>
      </symbol>
      <symbol id="sm-1eb5">
         <name>_dwOPVANew</name>
         <value>0x9d6a</value>
         <object_component_ref idref="oc-174"/>
      </symbol>
      <symbol id="sm-1f20">
         <name>_wInvOverTempBackPoint</name>
         <value>0x9ef4</value>
         <object_component_ref idref="oc-17b"/>
      </symbol>
      <symbol id="sm-1f21">
         <name>_wTxtTempDerateUp</name>
         <value>0x9eec</value>
         <object_component_ref idref="oc-17b"/>
      </symbol>
      <symbol id="sm-1f22">
         <name>_fProtection</name>
         <value>0x9ed7</value>
         <object_component_ref idref="oc-17b"/>
      </symbol>
      <symbol id="sm-1f23">
         <name>_sMpptTempChk</name>
         <value>0x3ef7f0</value>
         <object_component_ref idref="oc-178"/>
      </symbol>
      <symbol id="sm-1f24">
         <name>_wInvOverTempPoint</name>
         <value>0x9ef5</value>
         <object_component_ref idref="oc-17b"/>
      </symbol>
      <symbol id="sm-1f25">
         <name>_wInvHsTempDerateBack</name>
         <value>0x9eee</value>
         <object_component_ref idref="oc-17b"/>
      </symbol>
      <symbol id="sm-1f26">
         <name>_bSetForceTemp</name>
         <value>0x9ed3</value>
         <object_component_ref idref="oc-17b"/>
      </symbol>
      <symbol id="sm-1f27">
         <name>_bTxTempInfo</name>
         <value>0x9ed8</value>
         <object_component_ref idref="oc-17b"/>
      </symbol>
      <symbol id="sm-1f28">
         <name>_sTempModuleUpdate</name>
         <value>0x3ef717</value>
         <object_component_ref idref="oc-178"/>
      </symbol>
      <symbol id="sm-1f29">
         <name>_sAvrTempChk</name>
         <value>0x3ef961</value>
         <object_component_ref idref="oc-178"/>
      </symbol>
      <symbol id="sm-1f2a">
         <name>_wTxtTempDerateBack</name>
         <value>0x9eed</value>
         <object_component_ref idref="oc-17b"/>
      </symbol>
      <symbol id="sm-1f2b">
         <name>_wMcuRLineVolt</name>
         <value>0x9ed4</value>
         <object_component_ref idref="oc-17b"/>
      </symbol>
      <symbol id="sm-1f2c">
         <name>_wProtectionStatus</name>
         <value>0x9ed6</value>
         <object_component_ref idref="oc-17b"/>
      </symbol>
      <symbol id="sm-1f2d">
         <name>_wTxtOverTempPoint</name>
         <value>0x9ef8</value>
         <object_component_ref idref="oc-17b"/>
      </symbol>
      <symbol id="sm-1f2e">
         <name>_sSetTempDegreeInv</name>
         <value>0x3ef75d</value>
         <object_component_ref idref="oc-178"/>
      </symbol>
      <symbol id="sm-1f2f">
         <name>_bHsTempInfo</name>
         <value>0x9ecd</value>
         <object_component_ref idref="oc-17b"/>
      </symbol>
      <symbol id="sm-1f30">
         <name>_wTxtTempDerate10KVA</name>
         <value>0x9ef2</value>
         <object_component_ref idref="oc-17b"/>
      </symbol>
      <symbol id="sm-1f31">
         <name>_sProtectionModuleUpdate</name>
         <value>0x3ef764</value>
         <object_component_ref idref="oc-178"/>
      </symbol>
      <symbol id="sm-1f32">
         <name>_sbGetTxtOverTempDerate</name>
         <value>0x3ef635</value>
         <object_component_ref idref="oc-178"/>
      </symbol>
      <symbol id="sm-1f33">
         <name>_sProtModuleInit</name>
         <value>0x3ef78d</value>
         <object_component_ref idref="oc-178"/>
      </symbol>
      <symbol id="sm-1f34">
         <name>_sbGetInvOverTempDerate</name>
         <value>0x3ef654</value>
         <object_component_ref idref="oc-178"/>
      </symbol>
      <symbol id="sm-1f35">
         <name>_sbGetFanLocked</name>
         <value>0x3ef65a</value>
         <object_component_ref idref="oc-178"/>
      </symbol>
      <symbol id="sm-1f36">
         <name>_sbGetInvTempStatus</name>
         <value>0x3ef650</value>
         <object_component_ref idref="oc-178"/>
      </symbol>
      <symbol id="sm-1f37">
         <name>_sSetTempDegreeTxt</name>
         <value>0x3ef756</value>
         <object_component_ref idref="oc-178"/>
      </symbol>
      <symbol id="sm-1f38">
         <name>_sbGetOverTemp</name>
         <value>0x3ef648</value>
         <object_component_ref idref="oc-178"/>
      </symbol>
      <symbol id="sm-1f39">
         <name>_wTxtOverTempBackPoint</name>
         <value>0x9ef9</value>
         <object_component_ref idref="oc-17b"/>
      </symbol>
      <symbol id="sm-1f3a">
         <name>_wTxtTempDerateBack10KVA</name>
         <value>0x9ef0</value>
         <object_component_ref idref="oc-17b"/>
      </symbol>
      <symbol id="sm-1f3b">
         <name>_swGetTempDegreeInv</name>
         <value>0x3ef62b</value>
         <object_component_ref idref="oc-178"/>
      </symbol>
      <symbol id="sm-1f3c">
         <name>_wMcuLineFreq</name>
         <value>0x9ed9</value>
         <object_component_ref idref="oc-17b"/>
      </symbol>
      <symbol id="sm-1f3d">
         <name>_sInvTempChk</name>
         <value>0x3ef850</value>
         <object_component_ref idref="oc-178"/>
      </symbol>
      <symbol id="sm-1f3e">
         <name>_sNtcDisConnectChk</name>
         <value>0x3ef796</value>
         <object_component_ref idref="oc-178"/>
      </symbol>
      <symbol id="sm-1f3f">
         <name>_wTxtTempDerateUp10KVA</name>
         <value>0x9ef3</value>
         <object_component_ref idref="oc-17b"/>
      </symbol>
      <symbol id="sm-1f40">
         <name>_sTmpOverForFanChk</name>
         <value>0x3ef663</value>
         <object_component_ref idref="oc-178"/>
      </symbol>
      <symbol id="sm-1f41">
         <name>_sTemperatureInvChk</name>
         <value>0x3ef6ce</value>
         <object_component_ref idref="oc-178"/>
      </symbol>
      <symbol id="sm-1f42">
         <name>_wTempDegreeInv</name>
         <value>0x9ef1</value>
         <object_component_ref idref="oc-17b"/>
      </symbol>
      <symbol id="sm-1f43">
         <name>_swGetTempDegreeTxt</name>
         <value>0x3ef627</value>
         <object_component_ref idref="oc-178"/>
      </symbol>
      <symbol id="sm-1f44">
         <name>_wInvHsTempDerate</name>
         <value>0x9ef6</value>
         <object_component_ref idref="oc-17b"/>
      </symbol>
      <symbol id="sm-1f45">
         <name>_wTempDerateRange</name>
         <value>0x9ecc</value>
         <object_component_ref idref="oc-17b"/>
      </symbol>
      <symbol id="sm-1f46">
         <name>_sNTCDisConnectFaultChk</name>
         <value>0x3ef7e4</value>
         <object_component_ref idref="oc-178"/>
      </symbol>
      <symbol id="sm-1f47">
         <name>_sTemperatureTxtChk</name>
         <value>0x3ef688</value>
         <object_component_ref idref="oc-178"/>
      </symbol>
      <symbol id="sm-1f48">
         <name>_McuStatus</name>
         <value>0x9eda</value>
         <object_component_ref idref="oc-17b"/>
      </symbol>
      <symbol id="sm-1f49">
         <name>_subGetTmpOverForFanSts</name>
         <value>0x3ef62f</value>
         <object_component_ref idref="oc-178"/>
      </symbol>
      <symbol id="sm-1f4a">
         <name>_sbGetOverTempWarning</name>
         <value>0x3ef63f</value>
         <object_component_ref idref="oc-178"/>
      </symbol>
      <symbol id="sm-1f4b">
         <name>_sbGetTxTempStatus</name>
         <value>0x3ef63b</value>
         <object_component_ref idref="oc-178"/>
      </symbol>
      <symbol id="sm-1f4c">
         <name>_sAvrTempDeratingChk</name>
         <value>0x3ef8d7</value>
         <object_component_ref idref="oc-178"/>
      </symbol>
      <symbol id="sm-1f4d">
         <name>_wTxtTempDerate</name>
         <value>0x9eef</value>
         <object_component_ref idref="oc-17b"/>
      </symbol>
      <symbol id="sm-1f4e">
         <name>_wTempDegreeTxt</name>
         <value>0x9ed5</value>
         <object_component_ref idref="oc-17b"/>
      </symbol>
      <symbol id="sm-1f4f">
         <name>_wInvHsTempDerateUp</name>
         <value>0x9ef7</value>
         <object_component_ref idref="oc-17b"/>
      </symbol>
      <symbol id="sm-1f5b">
         <name>_c_int00</name>
         <value>0x3f2799</value>
         <object_component_ref idref="oc-49"/>
      </symbol>
      <symbol id="sm-1f5c">
         <name>__stack</name>
         <value>0x0</value>
         <object_component_ref idref="oc-17f"/>
      </symbol>
      <symbol id="sm-1f6a">
         <name>C$$EXIT</name>
         <value>0x3f28e5</value>
         <object_component_ref idref="oc-184"/>
      </symbol>
      <symbol id="sm-1f6b">
         <name>_exit</name>
         <value>0x3f28e7</value>
         <object_component_ref idref="oc-184"/>
      </symbol>
      <symbol id="sm-1f6c">
         <name>_abort</name>
         <value>0x3f28e5</value>
         <object_component_ref idref="oc-184"/>
      </symbol>
      <symbol id="sm-1f6d">
         <name>__cleanup_ptr</name>
         <value>0x9d78</value>
         <object_component_ref idref="oc-187"/>
      </symbol>
      <symbol id="sm-1f6e">
         <name>__dtors_ptr</name>
         <value>0x9d7a</value>
         <object_component_ref idref="oc-187"/>
      </symbol>
      <symbol id="sm-1f76">
         <name>I$$MOD</name>
         <value>0x3f289a</value>
         <object_component_ref idref="oc-18a"/>
      </symbol>
      <symbol id="sm-1f77">
         <name>I$$DIV</name>
         <value>0x3f2889</value>
         <object_component_ref idref="oc-18a"/>
      </symbol>
      <symbol id="sm-1f7f">
         <name>UL$$MOD</name>
         <value>0x3f2837</value>
         <object_component_ref idref="oc-18e"/>
      </symbol>
      <symbol id="sm-1f80">
         <name>L$$MOD</name>
         <value>0x3f2822</value>
         <object_component_ref idref="oc-18e"/>
      </symbol>
      <symbol id="sm-1f81">
         <name>L$$DIV</name>
         <value>0x3f2813</value>
         <object_component_ref idref="oc-18e"/>
      </symbol>
      <symbol id="sm-1f82">
         <name>UL$$DIV</name>
         <value>0x3f2830</value>
         <object_component_ref idref="oc-18e"/>
      </symbol>
      <symbol id="sm-1f8c">
         <name>___memcpy_ff</name>
         <value>0x3f28ab</value>
         <object_component_ref idref="oc-192"/>
      </symbol>
      <symbol id="sm-1f94">
         <name>U$$MOD</name>
         <value>0x3f2919</value>
         <object_component_ref idref="oc-196"/>
      </symbol>
      <symbol id="sm-1f95">
         <name>U$$DIV</name>
         <value>0x3f2914</value>
         <object_component_ref idref="oc-196"/>
      </symbol>
      <symbol id="sm-1fa3">
         <name>__unlock</name>
         <value>0x9cbc</value>
         <object_component_ref idref="oc-19d"/>
      </symbol>
      <symbol id="sm-1fa4">
         <name>__lock</name>
         <value>0x9cbe</value>
         <object_component_ref idref="oc-19d"/>
      </symbol>
      <symbol id="sm-1fa5">
         <name>__register_lock</name>
         <value>0x3f2923</value>
         <object_component_ref idref="oc-19a"/>
      </symbol>
      <symbol id="sm-1fa6">
         <name>__nop</name>
         <value>0x3f2927</value>
         <object_component_ref idref="oc-19a"/>
      </symbol>
      <symbol id="sm-1fa7">
         <name>__register_unlock</name>
         <value>0x3f291f</value>
         <object_component_ref idref="oc-19a"/>
      </symbol>
      <symbol id="sm-1fb1">
         <name>__args_main</name>
         <value>0x3f28cc</value>
         <object_component_ref idref="oc-1a0"/>
      </symbol>
      <symbol id="sm-1fb2">
         <name>__TI_args_main</name>
         <value>0x1</value>
      </symbol>
   </symbol_table>
</link_info>
