<?xml version="1.0"?>
<link_info>
   <banner>TMS320C2000 Linker PC v6.1.0</banner>
   <copyright>Copyright (c) 1996-2012 Texas Instruments Incorporated</copyright>
   <link_time>0x67a30b0c</link_time>
   <output_file>../RELEASE/IVEM6048.out</output_file>
   <entry_point>
      <name>_c_int00</name>
      <address>0x3e5c47</address>
   </entry_point>
   <input_file_list>
      <input_file id="fl-3">
         <path>.\APP\</path>
         <kind>object</kind>
         <file>BusBatProt.obj</file>
         <name>BusBatProt.obj</name>
      </input_file>
      <input_file id="fl-4">
         <path>.\APP\</path>
         <kind>object</kind>
         <file>CLEARRAM.obj</file>
         <name>CLEARRAM.obj</name>
      </input_file>
      <input_file id="fl-5">
         <path>.\APP\</path>
         <kind>object</kind>
         <file>CodeStartBranch.obj</file>
         <name>CodeStartBranch.obj</name>
      </input_file>
      <input_file id="fl-6">
         <path>.\APP\</path>
         <kind>object</kind>
         <file>DSP280x_DefaultIsr.obj</file>
         <name>DSP280x_DefaultIsr.obj</name>
      </input_file>
      <input_file id="fl-7">
         <path>.\APP\</path>
         <kind>object</kind>
         <file>DSP280x_GlobalVariableDefs.obj</file>
         <name>DSP280x_GlobalVariableDefs.obj</name>
      </input_file>
      <input_file id="fl-8">
         <path>.\APP\</path>
         <kind>object</kind>
         <file>Eeprom.obj</file>
         <name>Eeprom.obj</name>
      </input_file>
      <input_file id="fl-9">
         <path>.\APP\</path>
         <kind>object</kind>
         <file>EnergySaved.obj</file>
         <name>EnergySaved.obj</name>
      </input_file>
      <input_file id="fl-a">
         <path>.\APP\</path>
         <kind>object</kind>
         <file>Grid.obj</file>
         <name>Grid.obj</name>
      </input_file>
      <input_file id="fl-b">
         <path>.\APP\</path>
         <kind>object</kind>
         <file>Initial.obj</file>
         <name>Initial.obj</name>
      </input_file>
      <input_file id="fl-c">
         <path>.\APP\</path>
         <kind>object</kind>
         <file>Interface.obj</file>
         <name>Interface.obj</name>
      </input_file>
      <input_file id="fl-d">
         <path>.\APP\</path>
         <kind>object</kind>
         <file>Interface_BMS.obj</file>
         <name>Interface_BMS.obj</name>
      </input_file>
      <input_file id="fl-e">
         <path>.\APP\</path>
         <kind>object</kind>
         <file>Interrupt.obj</file>
         <name>Interrupt.obj</name>
      </input_file>
      <input_file id="fl-f">
         <path>.\APP\</path>
         <kind>object</kind>
         <file>InvLoadOP.obj</file>
         <name>InvLoadOP.obj</name>
      </input_file>
      <input_file id="fl-10">
         <path>.\APP\</path>
         <kind>object</kind>
         <file>ModBus.obj</file>
         <name>ModBus.obj</name>
      </input_file>
      <input_file id="fl-11">
         <path>.\APP\</path>
         <kind>object</kind>
         <file>Parallel.obj</file>
         <name>Parallel.obj</name>
      </input_file>
      <input_file id="fl-12">
         <path>.\APP\</path>
         <kind>object</kind>
         <file>PylontechProtocol.obj</file>
         <name>PylontechProtocol.obj</name>
      </input_file>
      <input_file id="fl-13">
         <path>.\APP\</path>
         <kind>object</kind>
         <file>RTCApp.obj</file>
         <name>RTCApp.obj</name>
      </input_file>
      <input_file id="fl-14">
         <path>.\APP\</path>
         <kind>object</kind>
         <file>Supervisor.obj</file>
         <name>Supervisor.obj</name>
      </input_file>
      <input_file id="fl-15">
         <path>.\APP\</path>
         <kind>object</kind>
         <file>display_driver.obj</file>
         <name>display_driver.obj</name>
      </input_file>
      <input_file id="fl-16">
         <path>.\APP\</path>
         <kind>object</kind>
         <file>display_vp.obj</file>
         <name>display_vp.obj</name>
      </input_file>
      <input_file id="fl-17">
         <path>.\APP\</path>
         <kind>object</kind>
         <file>lock.obj</file>
         <name>lock.obj</name>
      </input_file>
      <input_file id="fl-18">
         <path>.\APP\</path>
         <kind>object</kind>
         <file>main.obj</file>
         <name>main.obj</name>
      </input_file>
      <input_file id="fl-19">
         <path>.\DRIVER\CAN\source\</path>
         <kind>object</kind>
         <file>CanDriver.obj</file>
         <name>CanDriver.obj</name>
      </input_file>
      <input_file id="fl-1a">
         <path>.\DRIVER\RlyDriver\</path>
         <kind>object</kind>
         <file>RlyDriver.obj</file>
         <name>RlyDriver.obj</name>
      </input_file>
      <input_file id="fl-1b">
         <path>.\DRIVER\SCI\ports\</path>
         <kind>object</kind>
         <file>FunLst.obj</file>
         <name>FunLst.obj</name>
      </input_file>
      <input_file id="fl-1c">
         <path>.\DRIVER\SCI\ports\</path>
         <kind>object</kind>
         <file>SciFunLst.obj</file>
         <name>SciFunLst.obj</name>
      </input_file>
      <input_file id="fl-1d">
         <path>.\DRIVER\SCI\source\</path>
         <kind>object</kind>
         <file>SciDriver.obj</file>
         <name>SciDriver.obj</name>
      </input_file>
      <input_file id="fl-1e">
         <path>.\DRIVER\SCI\source\</path>
         <kind>object</kind>
         <file>queue.obj</file>
         <name>queue.obj</name>
      </input_file>
      <input_file id="fl-1f">
         <path>.\DRIVER\eeprom\source\</path>
         <kind>object</kind>
         <file>EEPromdriver.obj</file>
         <name>EEPromdriver.obj</name>
      </input_file>
      <input_file id="fl-20">
         <path>.\KERNEL\SOURCE\</path>
         <kind>object</kind>
         <file>OS_CORE.obj</file>
         <name>OS_CORE.obj</name>
      </input_file>
      <input_file id="fl-21">
         <path>.\KERNEL\SOURCE\</path>
         <kind>object</kind>
         <file>OS_EVENT.obj</file>
         <name>OS_EVENT.obj</name>
      </input_file>
      <input_file id="fl-22">
         <path>.\KERNEL\SOURCE\</path>
         <kind>object</kind>
         <file>OS_SHELL.obj</file>
         <name>OS_SHELL.obj</name>
      </input_file>
      <input_file id="fl-23">
         <path>.\KERNEL\SOURCE\</path>
         <kind>object</kind>
         <file>OS_TIMER.obj</file>
         <name>OS_TIMER.obj</name>
      </input_file>
      <input_file id="fl-24">
         <path>.\KERNEL\ports\</path>
         <kind>object</kind>
         <file>OS_CPU.obj</file>
         <name>OS_CPU.obj</name>
      </input_file>
      <input_file id="fl-25">
         <path>.\KERNEL\ports\</path>
         <kind>object</kind>
         <file>OS_CPU_A.obj</file>
         <name>OS_CPU_A.obj</name>
      </input_file>
      <input_file id="fl-26">
         <path>.\MODULE\BatteryModule\</path>
         <kind>object</kind>
         <file>BatteryModule.obj</file>
         <name>BatteryModule.obj</name>
      </input_file>
      <input_file id="fl-27">
         <path>.\MODULE\BusModule\</path>
         <kind>object</kind>
         <file>BusModule.obj</file>
         <name>BusModule.obj</name>
      </input_file>
      <input_file id="fl-28">
         <path>.\MODULE\ChgModule\</path>
         <kind>object</kind>
         <file>Chgmodule.obj</file>
         <name>Chgmodule.obj</name>
      </input_file>
      <input_file id="fl-29">
         <path>.\MODULE\Controller\</path>
         <kind>object</kind>
         <file>Controller.obj</file>
         <name>Controller.obj</name>
      </input_file>
      <input_file id="fl-2a">
         <path>.\MODULE\InverterCntl\</path>
         <kind>object</kind>
         <file>InvCntModule.obj</file>
         <name>InvCntModule.obj</name>
      </input_file>
      <input_file id="fl-2b">
         <path>.\MODULE\InverterCntl\</path>
         <kind>object</kind>
         <file>sincos.obj</file>
         <name>sincos.obj</name>
      </input_file>
      <input_file id="fl-2c">
         <path>.\MODULE\InverterModule\</path>
         <kind>object</kind>
         <file>invertermodule.obj</file>
         <name>invertermodule.obj</name>
      </input_file>
      <input_file id="fl-2d">
         <path>.\MODULE\Library\</path>
         <kind>object</kind>
         <file>Library.obj</file>
         <name>Library.obj</name>
      </input_file>
      <input_file id="fl-2e">
         <path>.\MODULE\LineModule\</path>
         <kind>object</kind>
         <file>LineModule.obj</file>
         <name>LineModule.obj</name>
      </input_file>
      <input_file id="fl-2f">
         <path>.\MODULE\PVModule\</path>
         <kind>object</kind>
         <file>PVModule.obj</file>
         <name>PVModule.obj</name>
      </input_file>
      <input_file id="fl-30">
         <path>.\MODULE\ProtectionModule\</path>
         <kind>object</kind>
         <file>ProtectionModule.obj</file>
         <name>ProtectionModule.obj</name>
      </input_file>
      <input_file id="fl-31">
         <path>.\MODULE\outputModule\</path>
         <kind>object</kind>
         <file>OutputModule.obj</file>
         <name>OutputModule.obj</name>
      </input_file>
      <input_file id="fl-35">
         <path>D:\Application\ProjectSoftware\ti\CCS7.2\ccsv7\tools\compiler\ti-cgt-c2000_6.1.0\lib\</path>
         <kind>archive</kind>
         <file>rts2800_ml.lib</file>
         <name>boot.obj</name>
      </input_file>
      <input_file id="fl-36">
         <path>D:\Application\ProjectSoftware\ti\CCS7.2\ccsv7\tools\compiler\ti-cgt-c2000_6.1.0\lib\</path>
         <kind>archive</kind>
         <file>rts2800_ml.lib</file>
         <name>exit.obj</name>
      </input_file>
      <input_file id="fl-37">
         <path>D:\Application\ProjectSoftware\ti\CCS7.2\ccsv7\tools\compiler\ti-cgt-c2000_6.1.0\lib\</path>
         <kind>archive</kind>
         <file>rts2800_ml.lib</file>
         <name>i_div.obj</name>
      </input_file>
      <input_file id="fl-38">
         <path>D:\Application\ProjectSoftware\ti\CCS7.2\ccsv7\tools\compiler\ti-cgt-c2000_6.1.0\lib\</path>
         <kind>archive</kind>
         <file>rts2800_ml.lib</file>
         <name>l_div.obj</name>
      </input_file>
      <input_file id="fl-39">
         <path>D:\Application\ProjectSoftware\ti\CCS7.2\ccsv7\tools\compiler\ti-cgt-c2000_6.1.0\lib\</path>
         <kind>archive</kind>
         <file>rts2800_ml.lib</file>
         <name>ll_cmp.obj</name>
      </input_file>
      <input_file id="fl-3a">
         <path>D:\Application\ProjectSoftware\ti\CCS7.2\ccsv7\tools\compiler\ti-cgt-c2000_6.1.0\lib\</path>
         <kind>archive</kind>
         <file>rts2800_ml.lib</file>
         <name>ll_div.obj</name>
      </input_file>
      <input_file id="fl-3b">
         <path>D:\Application\ProjectSoftware\ti\CCS7.2\ccsv7\tools\compiler\ti-cgt-c2000_6.1.0\lib\</path>
         <kind>archive</kind>
         <file>rts2800_ml.lib</file>
         <name>memcpy_ff.obj</name>
      </input_file>
      <input_file id="fl-3c">
         <path>D:\Application\ProjectSoftware\ti\CCS7.2\ccsv7\tools\compiler\ti-cgt-c2000_6.1.0\lib\</path>
         <kind>archive</kind>
         <file>rts2800_ml.lib</file>
         <name>u_div.obj</name>
      </input_file>
      <input_file id="fl-3d">
         <path>D:\Application\ProjectSoftware\ti\CCS7.2\ccsv7\tools\compiler\ti-cgt-c2000_6.1.0\lib\</path>
         <kind>archive</kind>
         <file>rts2800_ml.lib</file>
         <name>_lock.obj</name>
      </input_file>
      <input_file id="fl-3e">
         <path>D:\Application\ProjectSoftware\ti\CCS7.2\ccsv7\tools\compiler\ti-cgt-c2000_6.1.0\lib\</path>
         <kind>archive</kind>
         <file>rts2800_ml.lib</file>
         <name>args_main.obj</name>
      </input_file>
   </input_file_list>
   <object_component_list>
      <object_component id="oc-f5">
         <name>.cinit</name>
         <load_address>0x3f0000</load_address>
         <run_address>0x3f0000</run_address>
         <size>0x232</size>
         <input_file_ref idref="fl-16"/>
      </object_component>
      <object_component id="oc-4b">
         <name>.cinit</name>
         <load_address>0x3f0232</load_address>
         <run_address>0x3f0232</run_address>
         <size>0x1af</size>
         <input_file_ref idref="fl-3"/>
      </object_component>
      <object_component id="oc-bd">
         <name>.cinit</name>
         <load_address>0x3f03e1</load_address>
         <run_address>0x3f03e1</run_address>
         <size>0x186</size>
         <input_file_ref idref="fl-e"/>
      </object_component>
      <object_component id="oc-14d">
         <name>.cinit</name>
         <load_address>0x3f0567</load_address>
         <run_address>0x3f0567</run_address>
         <size>0xe8</size>
         <input_file_ref idref="fl-26"/>
      </object_component>
      <object_component id="oc-17f">
         <name>.cinit</name>
         <load_address>0x3f064f</load_address>
         <run_address>0x3f064f</run_address>
         <size>0xc8</size>
         <input_file_ref idref="fl-2f"/>
      </object_component>
      <object_component id="oc-ae">
         <name>.cinit</name>
         <load_address>0x3f0717</load_address>
         <run_address>0x3f0717</run_address>
         <size>0xbe</size>
         <input_file_ref idref="fl-c"/>
      </object_component>
      <object_component id="oc-d5">
         <name>.cinit</name>
         <load_address>0x3f07d5</load_address>
         <run_address>0x3f07d5</run_address>
         <size>0xac</size>
         <input_file_ref idref="fl-11"/>
      </object_component>
      <object_component id="oc-163">
         <name>.cinit</name>
         <load_address>0x3f0881</load_address>
         <run_address>0x3f0881</run_address>
         <size>0xa7</size>
         <input_file_ref idref="fl-2a"/>
      </object_component>
      <object_component id="oc-e8">
         <name>.cinit</name>
         <load_address>0x3f0928</load_address>
         <run_address>0x3f0928</run_address>
         <size>0xa0</size>
         <input_file_ref idref="fl-14"/>
      </object_component>
      <object_component id="oc-c7">
         <name>.cinit</name>
         <load_address>0x3f09c8</load_address>
         <run_address>0x3f09c8</run_address>
         <size>0x97</size>
         <input_file_ref idref="fl-f"/>
      </object_component>
      <object_component id="oc-99">
         <name>.cinit</name>
         <load_address>0x3f0a5f</load_address>
         <run_address>0x3f0a5f</run_address>
         <size>0x8a</size>
         <input_file_ref idref="fl-9"/>
      </object_component>
      <object_component id="oc-189">
         <name>.cinit</name>
         <load_address>0x3f0ae9</load_address>
         <run_address>0x3f0ae9</run_address>
         <size>0x83</size>
         <input_file_ref idref="fl-31"/>
      </object_component>
      <object_component id="oc-16c">
         <name>.cinit</name>
         <load_address>0x3f0b6c</load_address>
         <run_address>0x3f0b6c</run_address>
         <size>0x7f</size>
         <input_file_ref idref="fl-2c"/>
      </object_component>
      <object_component id="oc-178">
         <name>.cinit</name>
         <load_address>0x3f0beb</load_address>
         <run_address>0x3f0beb</run_address>
         <size>0x7c</size>
         <input_file_ref idref="fl-2e"/>
      </object_component>
      <object_component id="oc-b6">
         <name>.cinit</name>
         <load_address>0x3f0c67</load_address>
         <run_address>0x3f0c67</run_address>
         <size>0x64</size>
         <input_file_ref idref="fl-d"/>
      </object_component>
      <object_component id="oc-a0">
         <name>.cinit</name>
         <load_address>0x3f0ccb</load_address>
         <run_address>0x3f0ccb</run_address>
         <size>0x3c</size>
         <input_file_ref idref="fl-a"/>
      </object_component>
      <object_component id="oc-ce">
         <name>.cinit</name>
         <load_address>0x3f0d07</load_address>
         <run_address>0x3f0d07</run_address>
         <size>0x24</size>
         <input_file_ref idref="fl-10"/>
      </object_component>
      <object_component id="oc-dc">
         <name>.cinit</name>
         <load_address>0x3f0d2b</load_address>
         <run_address>0x3f0d2b</run_address>
         <size>0x20</size>
         <input_file_ref idref="fl-12"/>
      </object_component>
      <object_component id="oc-15c">
         <name>.cinit</name>
         <load_address>0x3f0d4b</load_address>
         <run_address>0x3f0d4b</run_address>
         <size>0x18</size>
         <input_file_ref idref="fl-29"/>
      </object_component>
      <object_component id="oc-109">
         <name>.cinit</name>
         <load_address>0x3f0d63</load_address>
         <run_address>0x3f0d63</run_address>
         <size>0x18</size>
         <input_file_ref idref="fl-1a"/>
      </object_component>
      <object_component id="oc-12c">
         <name>.cinit</name>
         <load_address>0x3f0d7b</load_address>
         <run_address>0x3f0d7b</run_address>
         <size>0x13</size>
         <input_file_ref idref="fl-20"/>
      </object_component>
      <object_component id="oc-11b">
         <name>.cinit</name>
         <load_address>0x3f0d8e</load_address>
         <run_address>0x3f0d8e</run_address>
         <size>0x10</size>
         <input_file_ref idref="fl-1d"/>
      </object_component>
      <object_component id="oc-91">
         <name>.cinit</name>
         <load_address>0x3f0d9e</load_address>
         <run_address>0x3f0d9e</run_address>
         <size>0xc</size>
         <input_file_ref idref="fl-8"/>
      </object_component>
      <object_component id="oc-1b3">
         <name>.cinit</name>
         <load_address>0x3f0daa</load_address>
         <run_address>0x3f0daa</run_address>
         <size>0xa</size>
         <input_file_ref idref="fl-3d"/>
      </object_component>
      <object_component id="oc-195">
         <name>.cinit</name>
         <load_address>0x3f0db4</load_address>
         <run_address>0x3f0db4</run_address>
         <size>0xa</size>
         <input_file_ref idref="fl-36"/>
      </object_component>
      <object_component id="oc-f3">
         <name>.text</name>
         <load_address>0x3d8000</load_address>
         <run_address>0x3d8000</run_address>
         <size>0x1d86</size>
         <input_file_ref idref="fl-16"/>
      </object_component>
      <object_component id="oc-cc">
         <name>.text</name>
         <load_address>0x3d9d86</load_address>
         <run_address>0x3d9d86</run_address>
         <size>0x172c</size>
         <input_file_ref idref="fl-10"/>
      </object_component>
      <object_component id="oc-d3">
         <name>.text</name>
         <load_address>0x3db4b2</load_address>
         <run_address>0x3db4b2</run_address>
         <size>0x16ee</size>
         <input_file_ref idref="fl-11"/>
      </object_component>
      <object_component id="oc-49">
         <name>.text</name>
         <load_address>0x3dcba0</load_address>
         <run_address>0x3dcba0</run_address>
         <size>0x10c6</size>
         <input_file_ref idref="fl-3"/>
      </object_component>
      <object_component id="oc-ac">
         <name>.text</name>
         <load_address>0x3ddc66</load_address>
         <run_address>0x3ddc66</run_address>
         <size>0xf85</size>
         <input_file_ref idref="fl-c"/>
      </object_component>
      <object_component id="oc-e6">
         <name>.text</name>
         <load_address>0x3debeb</load_address>
         <run_address>0x3debeb</run_address>
         <size>0xef2</size>
         <input_file_ref idref="fl-14"/>
      </object_component>
      <object_component id="oc-8f">
         <name>.text</name>
         <load_address>0x3dfadd</load_address>
         <run_address>0x3dfadd</run_address>
         <size>0x94e</size>
         <input_file_ref idref="fl-8"/>
      </object_component>
      <object_component id="oc-c5">
         <name>.text</name>
         <load_address>0x3e042b</load_address>
         <run_address>0x3e042b</run_address>
         <size>0x7e1</size>
         <input_file_ref idref="fl-f"/>
      </object_component>
      <object_component id="oc-a5">
         <name>.text</name>
         <load_address>0x3e0c0c</load_address>
         <run_address>0x3e0c0c</run_address>
         <size>0x797</size>
         <input_file_ref idref="fl-b"/>
      </object_component>
      <object_component id="oc-da">
         <name>.text</name>
         <load_address>0x3e13a3</load_address>
         <run_address>0x3e13a3</run_address>
         <size>0x6e7</size>
         <input_file_ref idref="fl-12"/>
      </object_component>
      <object_component id="oc-101">
         <name>.text</name>
         <load_address>0x3e1a8a</load_address>
         <run_address>0x3e1a8a</run_address>
         <size>0x589</size>
         <input_file_ref idref="fl-19"/>
      </object_component>
      <object_component id="oc-17d">
         <name>.text</name>
         <load_address>0x3e2013</load_address>
         <run_address>0x3e2013</run_address>
         <size>0x567</size>
         <input_file_ref idref="fl-2f"/>
      </object_component>
      <object_component id="oc-bb">
         <name>.text</name>
         <load_address>0x3e257a</load_address>
         <run_address>0x3e257a</run_address>
         <size>0x51f</size>
         <input_file_ref idref="fl-e"/>
      </object_component>
      <object_component id="oc-14b">
         <name>.text</name>
         <load_address>0x3e2a99</load_address>
         <run_address>0x3e2a99</run_address>
         <size>0x485</size>
         <input_file_ref idref="fl-26"/>
      </object_component>
      <object_component id="oc-15a">
         <name>.text</name>
         <load_address>0x3e2f1e</load_address>
         <run_address>0x3e2f1e</run_address>
         <size>0x44d</size>
         <input_file_ref idref="fl-29"/>
      </object_component>
      <object_component id="oc-176">
         <name>.text</name>
         <load_address>0x3e336b</load_address>
         <run_address>0x3e336b</run_address>
         <size>0x43a</size>
         <input_file_ref idref="fl-2e"/>
      </object_component>
      <object_component id="oc-16a">
         <name>.text</name>
         <load_address>0x3e37a5</load_address>
         <run_address>0x3e37a5</run_address>
         <size>0x425</size>
         <input_file_ref idref="fl-2c"/>
      </object_component>
      <object_component id="oc-97">
         <name>.text</name>
         <load_address>0x3e3bca</load_address>
         <run_address>0x3e3bca</run_address>
         <size>0x40a</size>
         <input_file_ref idref="fl-9"/>
      </object_component>
      <object_component id="oc-b4">
         <name>.text</name>
         <load_address>0x3e3fd4</load_address>
         <run_address>0x3e3fd4</run_address>
         <size>0x3fb</size>
         <input_file_ref idref="fl-d"/>
      </object_component>
      <object_component id="oc-187">
         <name>.text</name>
         <load_address>0x3e43cf</load_address>
         <run_address>0x3e43cf</run_address>
         <size>0x370</size>
         <input_file_ref idref="fl-31"/>
      </object_component>
      <object_component id="oc-125">
         <name>.text</name>
         <load_address>0x3e473f</load_address>
         <run_address>0x3e473f</run_address>
         <size>0x271</size>
         <input_file_ref idref="fl-1f"/>
      </object_component>
      <object_component id="oc-e1">
         <name>.text</name>
         <load_address>0x3e49b0</load_address>
         <run_address>0x3e49b0</run_address>
         <size>0x22c</size>
         <input_file_ref idref="fl-13"/>
      </object_component>
      <object_component id="oc-161">
         <name>.text</name>
         <load_address>0x3e4bdc</load_address>
         <run_address>0x3e4bdc</run_address>
         <size>0x1eb</size>
         <input_file_ref idref="fl-2a"/>
      </object_component>
      <object_component id="oc-169">
         <name>.text</name>
         <load_address>0x3e4dc7</load_address>
         <run_address>0x3e4dc7</run_address>
         <size>0x1e1</size>
         <input_file_ref idref="fl-2b"/>
      </object_component>
      <object_component id="oc-9e">
         <name>.text</name>
         <load_address>0x3e4fa8</load_address>
         <run_address>0x3e4fa8</run_address>
         <size>0x18f</size>
         <input_file_ref idref="fl-a"/>
      </object_component>
      <object_component id="oc-ed">
         <name>.text</name>
         <load_address>0x3e5137</load_address>
         <run_address>0x3e5137</run_address>
         <size>0x174</size>
         <input_file_ref idref="fl-15"/>
      </object_component>
      <object_component id="oc-c0">
         <name>.text:retain</name>
         <load_address>0x3e52ab</load_address>
         <run_address>0x3e52ab</run_address>
         <size>0x154</size>
         <input_file_ref idref="fl-e"/>
      </object_component>
      <object_component id="oc-59">
         <name>.text:retain</name>
         <load_address>0x3e53ff</load_address>
         <run_address>0x3e53ff</run_address>
         <size>0x145</size>
         <input_file_ref idref="fl-6"/>
      </object_component>
      <object_component id="oc-1a5">
         <name>.text</name>
         <load_address>0x3e5544</load_address>
         <run_address>0x3e5544</run_address>
         <size>0x107</size>
         <input_file_ref idref="fl-3a"/>
      </object_component>
      <object_component id="oc-119">
         <name>.text</name>
         <load_address>0x3e564b</load_address>
         <run_address>0x3e564b</run_address>
         <size>0xf2</size>
         <input_file_ref idref="fl-1d"/>
      </object_component>
      <object_component id="oc-171">
         <name>.text</name>
         <load_address>0x3e573d</load_address>
         <run_address>0x3e573d</run_address>
         <size>0xdc</size>
         <input_file_ref idref="fl-2d"/>
      </object_component>
      <object_component id="oc-114">
         <name>.text</name>
         <load_address>0x3e5819</load_address>
         <run_address>0x3e5819</run_address>
         <size>0xae</size>
         <input_file_ref idref="fl-1c"/>
      </object_component>
      <object_component id="oc-fc">
         <name>.text</name>
         <load_address>0x3e58c7</load_address>
         <run_address>0x3e58c7</run_address>
         <size>0x9f</size>
         <input_file_ref idref="fl-18"/>
      </object_component>
      <object_component id="oc-152">
         <name>.text</name>
         <load_address>0x3e5966</load_address>
         <run_address>0x3e5966</run_address>
         <size>0x91</size>
         <input_file_ref idref="fl-27"/>
      </object_component>
      <object_component id="oc-107">
         <name>.text</name>
         <load_address>0x3e59f7</load_address>
         <run_address>0x3e59f7</run_address>
         <size>0x7e</size>
         <input_file_ref idref="fl-1a"/>
      </object_component>
      <object_component id="oc-10f">
         <name>.text</name>
         <load_address>0x3e5a75</load_address>
         <run_address>0x3e5a75</run_address>
         <size>0x73</size>
         <input_file_ref idref="fl-1b"/>
      </object_component>
      <object_component id="oc-12a">
         <name>.text</name>
         <load_address>0x3e5ae8</load_address>
         <run_address>0x3e5ae8</run_address>
         <size>0x6e</size>
         <input_file_ref idref="fl-20"/>
      </object_component>
      <object_component id="oc-120">
         <name>.text</name>
         <load_address>0x3e5b56</load_address>
         <run_address>0x3e5b56</run_address>
         <size>0x57</size>
         <input_file_ref idref="fl-1e"/>
      </object_component>
      <object_component id="oc-132">
         <name>.text</name>
         <load_address>0x3e5bad</load_address>
         <run_address>0x3e5bad</run_address>
         <size>0x50</size>
         <input_file_ref idref="fl-21"/>
      </object_component>
      <object_component id="oc-137">
         <name>.text</name>
         <load_address>0x3e5bfd</load_address>
         <run_address>0x3e5bfd</run_address>
         <size>0x4a</size>
         <input_file_ref idref="fl-22"/>
      </object_component>
      <object_component id="oc-48">
         <name>.text</name>
         <load_address>0x3e5c47</load_address>
         <run_address>0x3e5c47</run_address>
         <size>0x44</size>
         <input_file_ref idref="fl-35"/>
      </object_component>
      <object_component id="oc-147">
         <name>.text</name>
         <load_address>0x3e5c8b</load_address>
         <run_address>0x3e5c8b</run_address>
         <size>0x36</size>
         <input_file_ref idref="fl-25"/>
      </object_component>
      <object_component id="oc-19d">
         <name>.text</name>
         <load_address>0x3e5cc1</load_address>
         <run_address>0x3e5cc1</run_address>
         <size>0x2a</size>
         <input_file_ref idref="fl-38"/>
      </object_component>
      <object_component id="oc-142">
         <name>.text</name>
         <load_address>0x3e5ceb</load_address>
         <run_address>0x3e5ceb</run_address>
         <size>0x29</size>
         <input_file_ref idref="fl-24"/>
      </object_component>
      <object_component id="oc-199">
         <name>.text</name>
         <load_address>0x3e5d14</load_address>
         <run_address>0x3e5d14</run_address>
         <size>0x22</size>
         <input_file_ref idref="fl-37"/>
      </object_component>
      <object_component id="oc-1a9">
         <name>.text</name>
         <load_address>0x3e5d36</load_address>
         <run_address>0x3e5d36</run_address>
         <size>0x21</size>
         <input_file_ref idref="fl-3b"/>
      </object_component>
      <object_component id="oc-1a1">
         <name>.text</name>
         <load_address>0x3e5d57</load_address>
         <run_address>0x3e5d57</run_address>
         <size>0x1e</size>
         <input_file_ref idref="fl-39"/>
      </object_component>
      <object_component id="oc-1b7">
         <name>.text</name>
         <load_address>0x3e5d75</load_address>
         <run_address>0x3e5d75</run_address>
         <size>0x19</size>
         <input_file_ref idref="fl-3e"/>
      </object_component>
      <object_component id="oc-193">
         <name>.text</name>
         <load_address>0x3e5d8e</load_address>
         <run_address>0x3e5d8e</run_address>
         <size>0x19</size>
         <input_file_ref idref="fl-36"/>
      </object_component>
      <object_component id="oc-1ad">
         <name>.text</name>
         <load_address>0x3e5da7</load_address>
         <run_address>0x3e5da7</run_address>
         <size>0xb</size>
         <input_file_ref idref="fl-3c"/>
      </object_component>
      <object_component id="oc-1b1">
         <name>.text</name>
         <load_address>0x3e5db2</load_address>
         <run_address>0x3e5db2</run_address>
         <size>0x9</size>
         <input_file_ref idref="fl-3d"/>
      </object_component>
      <object_component id="oc-54">
         <name>codestart</name>
         <load_address>0x3f7ff6</load_address>
         <run_address>0x3f7ff6</run_address>
         <size>0x2</size>
         <input_file_ref idref="fl-5"/>
      </object_component>
      <object_component id="oc-c1">
         <name>ramfuncs:retain</name>
         <load_address>0x3f1000</load_address>
         <run_address>0x8000</run_address>
         <size>0x9c1</size>
         <input_file_ref idref="fl-e"/>
      </object_component>
      <object_component id="oc-165">
         <name>ramfuncs</name>
         <load_address>0x3f19c1</load_address>
         <run_address>0x89c1</run_address>
         <size>0x45e</size>
         <input_file_ref idref="fl-2a"/>
      </object_component>
      <object_component id="oc-bf">
         <name>ramfuncs</name>
         <load_address>0x3f1e1f</load_address>
         <run_address>0x8e1f</run_address>
         <size>0x121</size>
         <input_file_ref idref="fl-e"/>
      </object_component>
      <object_component id="oc-b0">
         <name>ramfuncs</name>
         <load_address>0x3f1f40</load_address>
         <run_address>0x8f40</run_address>
         <size>0x91</size>
         <input_file_ref idref="fl-c"/>
      </object_component>
      <object_component id="oc-10b">
         <name>ramfuncs</name>
         <load_address>0x3f1fd1</load_address>
         <run_address>0x8fd1</run_address>
         <size>0x50</size>
         <input_file_ref idref="fl-1a"/>
      </object_component>
      <object_component id="oc-181">
         <name>ramfuncs</name>
         <load_address>0x3f2021</load_address>
         <run_address>0x9021</run_address>
         <size>0x41</size>
         <input_file_ref idref="fl-2f"/>
      </object_component>
      <object_component id="oc-13e">
         <name>ramfuncs</name>
         <load_address>0x3f2062</load_address>
         <run_address>0x9062</run_address>
         <size>0x23</size>
         <input_file_ref idref="fl-23"/>
      </object_component>
      <object_component id="oc-a8">
         <name>ramfuncs</name>
         <load_address>0x3f2085</load_address>
         <run_address>0x9085</run_address>
         <size>0x1d</size>
         <input_file_ref idref="fl-b"/>
      </object_component>
      <object_component id="oc-4c">
         <name>.ebss</name>
         <uninitialized>true</uninitialized>
         <run_address>0xc180</run_address>
         <size>0xde</size>
         <input_file_ref idref="fl-3"/>
      </object_component>
      <object_component id="oc-92">
         <name>.ebss</name>
         <uninitialized>true</uninitialized>
         <run_address>0xbe00</run_address>
         <size>0x1ae</size>
         <input_file_ref idref="fl-8"/>
      </object_component>
      <object_component id="oc-9a">
         <name>.ebss</name>
         <uninitialized>true</uninitialized>
         <run_address>0xc400</run_address>
         <size>0x5c</size>
         <input_file_ref idref="fl-9"/>
      </object_component>
      <object_component id="oc-a1">
         <name>.ebss</name>
         <uninitialized>true</uninitialized>
         <run_address>0xb830</run_address>
         <size>0xf</size>
         <input_file_ref idref="fl-a"/>
      </object_component>
      <object_component id="oc-af">
         <name>.ebss</name>
         <uninitialized>true</uninitialized>
         <run_address>0xa000</run_address>
         <size>0xd90</size>
         <input_file_ref idref="fl-c"/>
      </object_component>
      <object_component id="oc-b7">
         <name>.ebss</name>
         <uninitialized>true</uninitialized>
         <run_address>0xadc0</run_address>
         <size>0x500</size>
         <input_file_ref idref="fl-d"/>
      </object_component>
      <object_component id="oc-be">
         <name>.ebss</name>
         <uninitialized>true</uninitialized>
         <run_address>0xb840</run_address>
         <size>0x1e4</size>
         <input_file_ref idref="fl-e"/>
      </object_component>
      <object_component id="oc-c8">
         <name>.ebss</name>
         <uninitialized>true</uninitialized>
         <run_address>0xb5cc</run_address>
         <size>0x34</size>
         <input_file_ref idref="fl-f"/>
      </object_component>
      <object_component id="oc-cf">
         <name>.ebss</name>
         <uninitialized>true</uninitialized>
         <run_address>0xba40</run_address>
         <size>0x1d9</size>
         <input_file_ref idref="fl-10"/>
      </object_component>
      <object_component id="oc-d6">
         <name>.ebss</name>
         <uninitialized>true</uninitialized>
         <run_address>0xbc40</run_address>
         <size>0x1b4</size>
         <input_file_ref idref="fl-11"/>
      </object_component>
      <object_component id="oc-dd">
         <name>.ebss</name>
         <uninitialized>true</uninitialized>
         <run_address>0xb2c0</run_address>
         <size>0x30b</size>
         <input_file_ref idref="fl-12"/>
      </object_component>
      <object_component id="oc-e9">
         <name>.ebss</name>
         <uninitialized>true</uninitialized>
         <run_address>0xad90</run_address>
         <size>0x29</size>
         <input_file_ref idref="fl-14"/>
      </object_component>
      <object_component id="oc-ef">
         <name>.ebss</name>
         <uninitialized>true</uninitialized>
         <run_address>0xc280</run_address>
         <size>0xc1</size>
         <input_file_ref idref="fl-15"/>
      </object_component>
      <object_component id="oc-f6">
         <name>.ebss</name>
         <uninitialized>true</uninitialized>
         <run_address>0xbfc0</run_address>
         <size>0x1a0</size>
         <input_file_ref idref="fl-16"/>
      </object_component>
      <object_component id="oc-103">
         <name>.ebss</name>
         <uninitialized>true</uninitialized>
         <run_address>0xc380</run_address>
         <size>0x7c</size>
         <input_file_ref idref="fl-19"/>
      </object_component>
      <object_component id="oc-10a">
         <name>.ebss</name>
         <uninitialized>true</uninitialized>
         <run_address>0xadb9</run_address>
         <size>0x6</size>
         <input_file_ref idref="fl-1a"/>
      </object_component>
      <object_component id="oc-11c">
         <name>.ebss</name>
         <uninitialized>true</uninitialized>
         <run_address>0xbc1a</run_address>
         <size>0x24</size>
         <input_file_ref idref="fl-1d"/>
      </object_component>
      <object_component id="oc-12d">
         <name>.ebss</name>
         <uninitialized>true</uninitialized>
         <run_address>0xb820</run_address>
         <size>0x10</size>
         <input_file_ref idref="fl-20"/>
      </object_component>
      <object_component id="oc-139">
         <name>.ebss</name>
         <uninitialized>true</uninitialized>
         <run_address>0xc5c4</run_address>
         <size>0x34</size>
         <input_file_ref idref="fl-22"/>
      </object_component>
      <object_component id="oc-14e">
         <name>.ebss</name>
         <uninitialized>true</uninitialized>
         <run_address>0xc580</run_address>
         <size>0x44</size>
         <input_file_ref idref="fl-26"/>
      </object_component>
      <object_component id="oc-154">
         <name>.ebss</name>
         <uninitialized>true</uninitialized>
         <run_address>0xba24</run_address>
         <size>0x8</size>
         <input_file_ref idref="fl-27"/>
      </object_component>
      <object_component id="oc-15d">
         <name>.ebss</name>
         <uninitialized>true</uninitialized>
         <run_address>0xb600</run_address>
         <size>0x220</size>
         <input_file_ref idref="fl-29"/>
      </object_component>
      <object_component id="oc-164">
         <name>.ebss</name>
         <uninitialized>true</uninitialized>
         <run_address>0xc342</run_address>
         <size>0x3e</size>
         <input_file_ref idref="fl-2a"/>
      </object_component>
      <object_component id="oc-16d">
         <name>.ebss</name>
         <uninitialized>true</uninitialized>
         <run_address>0xc680</run_address>
         <size>0x40</size>
         <input_file_ref idref="fl-2c"/>
      </object_component>
      <object_component id="oc-179">
         <name>.ebss</name>
         <uninitialized>true</uninitialized>
         <run_address>0xc600</run_address>
         <size>0x43</size>
         <input_file_ref idref="fl-2e"/>
      </object_component>
      <object_component id="oc-180">
         <name>.ebss</name>
         <uninitialized>true</uninitialized>
         <run_address>0xc500</run_address>
         <size>0x56</size>
         <input_file_ref idref="fl-2f"/>
      </object_component>
      <object_component id="oc-18a">
         <name>.ebss</name>
         <uninitialized>true</uninitialized>
         <run_address>0xc480</run_address>
         <size>0x5c</size>
         <input_file_ref idref="fl-31"/>
      </object_component>
      <object_component id="oc-196">
         <name>.ebss</name>
         <uninitialized>true</uninitialized>
         <run_address>0xba30</run_address>
         <size>0x4</size>
         <input_file_ref idref="fl-36"/>
      </object_component>
      <object_component id="oc-1b4">
         <name>.ebss</name>
         <uninitialized>true</uninitialized>
         <run_address>0xba2c</run_address>
         <size>0x4</size>
         <input_file_ref idref="fl-3d"/>
      </object_component>
      <object_component id="oc-12e">
         <name>OSStack</name>
         <uninitialized>true</uninitialized>
         <run_address>0xd000</run_address>
         <size>0x8fc</size>
         <input_file_ref idref="fl-20"/>
      </object_component>
      <object_component id="oc-a7">
         <name>.econst</name>
         <load_address>0x3f2e00</load_address>
         <run_address>0x3f2e00</run_address>
         <size>0x100</size>
         <input_file_ref idref="fl-b"/>
      </object_component>
      <object_component id="oc-93">
         <name>.econst</name>
         <load_address>0x3f2f00</load_address>
         <run_address>0x3f2f00</run_address>
         <size>0xe8</size>
         <input_file_ref idref="fl-8"/>
      </object_component>
      <object_component id="oc-1be">
         <name>.econst:_gc_strCOMParsingTable</name>
         <load_address>0x3f2fe8</load_address>
         <run_address>0x3f2fe8</run_address>
         <size>0xd2</size>
         <input_file_ref idref="fl-c"/>
      </object_component>
      <object_component id="oc-1bf">
         <name>.econst:_GetDataSubArray</name>
         <load_address>0x3f30ba</load_address>
         <run_address>0x3f30ba</run_address>
         <size>0xc8</size>
         <input_file_ref idref="fl-c"/>
      </object_component>
      <object_component id="oc-1bc">
         <name>.econst:_wNTCTempSampleTab10K2</name>
         <load_address>0x3f3182</load_address>
         <run_address>0x3f3182</run_address>
         <size>0x97</size>
         <input_file_ref idref="fl-3"/>
      </object_component>
      <object_component id="oc-1bb">
         <name>.econst:_wNTCTempSampleTab10K1</name>
         <load_address>0x3f3219</load_address>
         <run_address>0x3f3219</run_address>
         <size>0x7e</size>
         <input_file_ref idref="fl-3"/>
      </object_component>
      <object_component id="oc-1bd">
         <name>.econst:_wNTCTempSampleTab47K</name>
         <load_address>0x3f3297</load_address>
         <run_address>0x3f3297</run_address>
         <size>0x7e</size>
         <input_file_ref idref="fl-3"/>
      </object_component>
      <object_component id="oc-1c5">
         <name>.econst:_FigureSEG_TAB</name>
         <load_address>0x3f3315</load_address>
         <run_address>0x3f3315</run_address>
         <size>0x38</size>
         <input_file_ref idref="fl-16"/>
      </object_component>
      <object_component id="oc-1e7">
         <name>.econst:_gc_RealTimeDataMap</name>
         <load_address>0x3f334e</load_address>
         <run_address>0x3f334e</run_address>
         <size>0x38</size>
         <input_file_ref idref="fl-16"/>
      </object_component>
      <object_component id="oc-1c4">
         <name>.econst:_Seg7CodeTab</name>
         <load_address>0x3f3386</load_address>
         <run_address>0x3f3386</run_address>
         <size>0x25</size>
         <input_file_ref idref="fl-16"/>
      </object_component>
      <object_component id="oc-1e5">
         <name>.econst:_gc_BMSDataMap</name>
         <load_address>0x3f33ac</load_address>
         <run_address>0x3f33ac</run_address>
         <size>0x14</size>
         <input_file_ref idref="fl-16"/>
      </object_component>
      <object_component id="oc-1e4">
         <name>.econst:_gc_EnergyDataMap</name>
         <load_address>0x3f33c0</load_address>
         <run_address>0x3f33c0</run_address>
         <size>0x10</size>
         <input_file_ref idref="fl-16"/>
      </object_component>
      <object_component id="oc-1d5">
         <name>.econst:_$P$T11$41</name>
         <load_address>0x3f33d0</load_address>
         <run_address>0x3f33d0</run_address>
         <size>0xf</size>
         <input_file_ref idref="fl-16"/>
      </object_component>
      <object_component id="oc-1c7">
         <name>.econst:_$P$T18$65</name>
         <load_address>0x3f33df</load_address>
         <run_address>0x3f33df</run_address>
         <size>0xf</size>
         <input_file_ref idref="fl-16"/>
      </object_component>
      <object_component id="oc-1d3">
         <name>.econst:_$P$T3$25</name>
         <load_address>0x3f33ee</load_address>
         <run_address>0x3f33ee</run_address>
         <size>0xc</size>
         <input_file_ref idref="fl-16"/>
      </object_component>
      <object_component id="oc-1e6">
         <name>.econst:_gc_INFODataMap</name>
         <load_address>0x3f33fa</load_address>
         <run_address>0x3f33fa</run_address>
         <size>0xc</size>
         <input_file_ref idref="fl-16"/>
      </object_component>
      <object_component id="oc-1cb">
         <name>.econst:_$P$T13$45</name>
         <load_address>0x3f3406</load_address>
         <run_address>0x3f3406</run_address>
         <size>0x9</size>
         <input_file_ref idref="fl-16"/>
      </object_component>
      <object_component id="oc-1cd">
         <name>.econst:_$P$T2$23</name>
         <load_address>0x3f340f</load_address>
         <run_address>0x3f340f</run_address>
         <size>0x9</size>
         <input_file_ref idref="fl-16"/>
      </object_component>
      <object_component id="oc-1c0">
         <name>.econst:_gc_uwBoostCtrlSts</name>
         <load_address>0x3f3418</load_address>
         <run_address>0x3f3418</run_address>
         <size>0x8</size>
         <input_file_ref idref="fl-2f"/>
      </object_component>
      <object_component id="oc-1d0">
         <name>.econst:_$P$T10$39</name>
         <load_address>0x3f3420</load_address>
         <run_address>0x3f3420</run_address>
         <size>0x6</size>
         <input_file_ref idref="fl-16"/>
      </object_component>
      <object_component id="oc-1da">
         <name>.econst:_$P$T12$43</name>
         <load_address>0x3f3426</load_address>
         <run_address>0x3f3426</run_address>
         <size>0x6</size>
         <input_file_ref idref="fl-16"/>
      </object_component>
      <object_component id="oc-1cc">
         <name>.econst:_$P$T14$47</name>
         <load_address>0x3f342c</load_address>
         <run_address>0x3f342c</run_address>
         <size>0x6</size>
         <input_file_ref idref="fl-16"/>
      </object_component>
      <object_component id="oc-1cf">
         <name>.econst:_$P$T16$55</name>
         <load_address>0x3f3432</load_address>
         <run_address>0x3f3432</run_address>
         <size>0x6</size>
         <input_file_ref idref="fl-16"/>
      </object_component>
      <object_component id="oc-1d1">
         <name>.econst:_$P$T17$57</name>
         <load_address>0x3f3438</load_address>
         <run_address>0x3f3438</run_address>
         <size>0x6</size>
         <input_file_ref idref="fl-16"/>
      </object_component>
      <object_component id="oc-1c6">
         <name>.econst:_$P$T19$67</name>
         <load_address>0x3f343e</load_address>
         <run_address>0x3f343e</run_address>
         <size>0x6</size>
         <input_file_ref idref="fl-16"/>
      </object_component>
      <object_component id="oc-1d8">
         <name>.econst:_$P$T20$69</name>
         <load_address>0x3f3444</load_address>
         <run_address>0x3f3444</run_address>
         <size>0x6</size>
         <input_file_ref idref="fl-16"/>
      </object_component>
      <object_component id="oc-1d7">
         <name>.econst:_$P$T21$75</name>
         <load_address>0x3f344a</load_address>
         <run_address>0x3f344a</run_address>
         <size>0x6</size>
         <input_file_ref idref="fl-16"/>
      </object_component>
      <object_component id="oc-1ca">
         <name>.econst:_$P$T4$27</name>
         <load_address>0x3f3450</load_address>
         <run_address>0x3f3450</run_address>
         <size>0x6</size>
         <input_file_ref idref="fl-16"/>
      </object_component>
      <object_component id="oc-1c9">
         <name>.econst:_$P$T5$29</name>
         <load_address>0x3f3456</load_address>
         <run_address>0x3f3456</run_address>
         <size>0x6</size>
         <input_file_ref idref="fl-16"/>
      </object_component>
      <object_component id="oc-1c8">
         <name>.econst:_$P$T6$31</name>
         <load_address>0x3f345c</load_address>
         <run_address>0x3f345c</run_address>
         <size>0x6</size>
         <input_file_ref idref="fl-16"/>
      </object_component>
      <object_component id="oc-1d9">
         <name>.econst:_$P$T7$33</name>
         <load_address>0x3f3462</load_address>
         <run_address>0x3f3462</run_address>
         <size>0x6</size>
         <input_file_ref idref="fl-16"/>
      </object_component>
      <object_component id="oc-1ce">
         <name>.econst:_$P$T8$35</name>
         <load_address>0x3f3468</load_address>
         <run_address>0x3f3468</run_address>
         <size>0x6</size>
         <input_file_ref idref="fl-16"/>
      </object_component>
      <object_component id="oc-1d4">
         <name>.econst:_$P$T9$37</name>
         <load_address>0x3f346e</load_address>
         <run_address>0x3f346e</run_address>
         <size>0x6</size>
         <input_file_ref idref="fl-16"/>
      </object_component>
      <object_component id="oc-1db">
         <name>.econst:_$P$T0$15</name>
         <load_address>0x3f3474</load_address>
         <run_address>0x3f3474</run_address>
         <size>0x3</size>
         <input_file_ref idref="fl-16"/>
      </object_component>
      <object_component id="oc-1d2">
         <name>.econst:_$P$T1$19</name>
         <load_address>0x3f3477</load_address>
         <run_address>0x3f3477</run_address>
         <size>0x3</size>
         <input_file_ref idref="fl-16"/>
      </object_component>
      <object_component id="oc-1d6">
         <name>.econst:_$P$T15$53</name>
         <load_address>0x3f347a</load_address>
         <run_address>0x3f347a</run_address>
         <size>0x3</size>
         <input_file_ref idref="fl-16"/>
      </object_component>
      <object_component id="oc-1e3">
         <name>.econst:_$P$T22$80</name>
         <load_address>0x3f347d</load_address>
         <run_address>0x3f347d</run_address>
         <size>0x3</size>
         <input_file_ref idref="fl-16"/>
      </object_component>
      <object_component id="oc-1e2">
         <name>.econst:_$P$T23$81</name>
         <load_address>0x3f3480</load_address>
         <run_address>0x3f3480</run_address>
         <size>0x3</size>
         <input_file_ref idref="fl-16"/>
      </object_component>
      <object_component id="oc-1e1">
         <name>.econst:_$P$T24$82</name>
         <load_address>0x3f3483</load_address>
         <run_address>0x3f3483</run_address>
         <size>0x3</size>
         <input_file_ref idref="fl-16"/>
      </object_component>
      <object_component id="oc-1e0">
         <name>.econst:_$P$T25$83</name>
         <load_address>0x3f3486</load_address>
         <run_address>0x3f3486</run_address>
         <size>0x3</size>
         <input_file_ref idref="fl-16"/>
      </object_component>
      <object_component id="oc-1df">
         <name>.econst:_$P$T26$84</name>
         <load_address>0x3f3489</load_address>
         <run_address>0x3f3489</run_address>
         <size>0x3</size>
         <input_file_ref idref="fl-16"/>
      </object_component>
      <object_component id="oc-1de">
         <name>.econst:_$P$T27$85</name>
         <load_address>0x3f348c</load_address>
         <run_address>0x3f348c</run_address>
         <size>0x3</size>
         <input_file_ref idref="fl-16"/>
      </object_component>
      <object_component id="oc-1dd">
         <name>.econst:_$P$T28$86</name>
         <load_address>0x3f348f</load_address>
         <run_address>0x3f348f</run_address>
         <size>0x3</size>
         <input_file_ref idref="fl-16"/>
      </object_component>
      <object_component id="oc-1dc">
         <name>.econst:_$P$T29$87</name>
         <load_address>0x3f3492</load_address>
         <run_address>0x3f3492</run_address>
         <size>0x3</size>
         <input_file_ref idref="fl-16"/>
      </object_component>
      <object_component id="oc-1c1">
         <name>.switch:_swWriteEESetting</name>
         <load_address>0x3f3496</load_address>
         <run_address>0x3f3496</run_address>
         <size>0x6e</size>
         <input_file_ref idref="fl-10"/>
      </object_component>
      <object_component id="oc-1c2">
         <name>.switch:_swWriteATESetting</name>
         <load_address>0x3f3504</load_address>
         <run_address>0x3f3504</run_address>
         <size>0x68</size>
         <input_file_ref idref="fl-10"/>
      </object_component>
      <object_component id="oc-1c3">
         <name>.switch:_swWriteIOTData</name>
         <load_address>0x3f356c</load_address>
         <run_address>0x3f356c</run_address>
         <size>0x3e</size>
         <input_file_ref idref="fl-10"/>
      </object_component>
      <object_component id="oc-50">
         <name>.startcode</name>
         <load_address>0x3f3efe</load_address>
         <run_address>0x3f3efe</run_address>
         <size>0x2f</size>
         <input_file_ref idref="fl-4"/>
      </object_component>
      <object_component id="oc-fb">
         <name>.flashflag</name>
         <load_address>0x3f3ffe</load_address>
         <run_address>0x3f3ffe</run_address>
         <size>0x1</size>
         <input_file_ref idref="fl-17"/>
      </object_component>
      <object_component id="oc-18f">
         <name>.reset</name>
         <load_address>0x3fffc0</load_address>
         <run_address>0x3fffc0</run_address>
         <size>0x2</size>
         <input_file_ref idref="fl-35"/>
      </object_component>
      <object_component id="oc-fa">
         <name>CsmPwlFile</name>
         <load_address>0x3f7ff8</load_address>
         <run_address>0x3f7ff8</run_address>
         <size>0x8</size>
         <input_file_ref idref="fl-17"/>
      </object_component>
      <object_component id="oc-8c">
         <name>PieVectTableFile</name>
         <uninitialized>true</uninitialized>
         <run_address>0xd00</run_address>
         <size>0x100</size>
         <input_file_ref idref="fl-7"/>
      </object_component>
      <object_component id="oc-60">
         <name>DevEmuRegsFile</name>
         <uninitialized>true</uninitialized>
         <run_address>0x880</run_address>
         <size>0x4</size>
         <input_file_ref idref="fl-7"/>
      </object_component>
      <object_component id="oc-5f">
         <name>SysPwrCtrlRegsFile</name>
         <uninitialized>true</uninitialized>
         <run_address>0x985</run_address>
         <size>0x3</size>
         <input_file_ref idref="fl-7"/>
      </object_component>
      <object_component id="oc-63">
         <name>FlashRegsFile</name>
         <uninitialized>true</uninitialized>
         <run_address>0xa80</run_address>
         <size>0x8</size>
         <input_file_ref idref="fl-7"/>
      </object_component>
      <object_component id="oc-6c">
         <name>CsmRegsFile</name>
         <uninitialized>true</uninitialized>
         <run_address>0xae0</run_address>
         <size>0x10</size>
         <input_file_ref idref="fl-7"/>
      </object_component>
      <object_component id="oc-6a">
         <name>AdcResultFile</name>
         <uninitialized>true</uninitialized>
         <run_address>0xb00</run_address>
         <size>0x10</size>
         <input_file_ref idref="fl-7"/>
      </object_component>
      <object_component id="oc-64">
         <name>CpuTimer0RegsFile</name>
         <uninitialized>true</uninitialized>
         <run_address>0xc00</run_address>
         <size>0x8</size>
         <input_file_ref idref="fl-7"/>
      </object_component>
      <object_component id="oc-61">
         <name>CpuTimer1RegsFile</name>
         <uninitialized>true</uninitialized>
         <run_address>0xc08</run_address>
         <size>0x8</size>
         <input_file_ref idref="fl-7"/>
      </object_component>
      <object_component id="oc-62">
         <name>CpuTimer2RegsFile</name>
         <uninitialized>true</uninitialized>
         <run_address>0xc10</run_address>
         <size>0x8</size>
         <input_file_ref idref="fl-7"/>
      </object_component>
      <object_component id="oc-70">
         <name>PieCtrlRegsFile</name>
         <uninitialized>true</uninitialized>
         <run_address>0xce0</run_address>
         <size>0x1a</size>
         <input_file_ref idref="fl-7"/>
      </object_component>
      <object_component id="oc-7e">
         <name>ECanaRegsFile</name>
         <uninitialized>true</uninitialized>
         <run_address>0x6000</run_address>
         <size>0x34</size>
         <input_file_ref idref="fl-7"/>
      </object_component>
      <object_component id="oc-83">
         <name>ECanaLAMRegsFile</name>
         <uninitialized>true</uninitialized>
         <run_address>0x6040</run_address>
         <size>0x40</size>
         <input_file_ref idref="fl-7"/>
      </object_component>
      <object_component id="oc-8d">
         <name>ECanaMboxesFile</name>
         <uninitialized>true</uninitialized>
         <run_address>0x6100</run_address>
         <size>0x100</size>
         <input_file_ref idref="fl-7"/>
      </object_component>
      <object_component id="oc-81">
         <name>ECanaMOTSRegsFile</name>
         <uninitialized>true</uninitialized>
         <run_address>0x6080</run_address>
         <size>0x40</size>
         <input_file_ref idref="fl-7"/>
      </object_component>
      <object_component id="oc-82">
         <name>ECanaMOTORegsFile</name>
         <uninitialized>true</uninitialized>
         <run_address>0x60c0</run_address>
         <size>0x40</size>
         <input_file_ref idref="fl-7"/>
      </object_component>
      <object_component id="oc-79">
         <name>ECap1RegsFile</name>
         <uninitialized>true</uninitialized>
         <run_address>0x6a00</run_address>
         <size>0x20</size>
         <input_file_ref idref="fl-7"/>
      </object_component>
      <object_component id="oc-78">
         <name>ECap2RegsFile</name>
         <uninitialized>true</uninitialized>
         <run_address>0x6a20</run_address>
         <size>0x20</size>
         <input_file_ref idref="fl-7"/>
      </object_component>
      <object_component id="oc-77">
         <name>ECap3RegsFile</name>
         <uninitialized>true</uninitialized>
         <run_address>0x6a40</run_address>
         <size>0x20</size>
         <input_file_ref idref="fl-7"/>
      </object_component>
      <object_component id="oc-7c">
         <name>EQep1RegsFile</name>
         <uninitialized>true</uninitialized>
         <run_address>0x6b00</run_address>
         <size>0x22</size>
         <input_file_ref idref="fl-7"/>
      </object_component>
      <object_component id="oc-7b">
         <name>EQep2RegsFile</name>
         <uninitialized>true</uninitialized>
         <run_address>0x6b40</run_address>
         <size>0x22</size>
         <input_file_ref idref="fl-7"/>
      </object_component>
      <object_component id="oc-86">
         <name>GpioCtrlRegsFile</name>
         <uninitialized>true</uninitialized>
         <run_address>0x6f80</run_address>
         <size>0x40</size>
         <input_file_ref idref="fl-7"/>
      </object_component>
      <object_component id="oc-72">
         <name>GpioDataRegsFile</name>
         <uninitialized>true</uninitialized>
         <run_address>0x6fc0</run_address>
         <size>0x20</size>
         <input_file_ref idref="fl-7"/>
      </object_component>
      <object_component id="oc-71">
         <name>GpioIntRegsFile</name>
         <uninitialized>true</uninitialized>
         <run_address>0x6fe0</run_address>
         <size>0x20</size>
         <input_file_ref idref="fl-7"/>
      </object_component>
      <object_component id="oc-75">
         <name>HRCap1RegsFile</name>
         <uninitialized>true</uninitialized>
         <run_address>0x6ac0</run_address>
         <size>0x20</size>
         <input_file_ref idref="fl-7"/>
      </object_component>
      <object_component id="oc-76">
         <name>HRCap2RegsFile</name>
         <uninitialized>true</uninitialized>
         <run_address>0x6ae0</run_address>
         <size>0x20</size>
         <input_file_ref idref="fl-7"/>
      </object_component>
      <object_component id="oc-73">
         <name>HRCap3RegsFile</name>
         <uninitialized>true</uninitialized>
         <run_address>0x6c80</run_address>
         <size>0x20</size>
         <input_file_ref idref="fl-7"/>
      </object_component>
      <object_component id="oc-74">
         <name>HRCap4RegsFile</name>
         <uninitialized>true</uninitialized>
         <run_address>0x6ca0</run_address>
         <size>0x20</size>
         <input_file_ref idref="fl-7"/>
      </object_component>
      <object_component id="oc-7d">
         <name>SysCtrlRegsFile</name>
         <uninitialized>true</uninitialized>
         <run_address>0x7010</run_address>
         <size>0x30</size>
         <input_file_ref idref="fl-7"/>
      </object_component>
      <object_component id="oc-65">
         <name>SpiaRegsFile</name>
         <uninitialized>true</uninitialized>
         <run_address>0x7040</run_address>
         <size>0x10</size>
         <input_file_ref idref="fl-7"/>
      </object_component>
      <object_component id="oc-69">
         <name>SpibRegsFile</name>
         <uninitialized>true</uninitialized>
         <run_address>0x7740</run_address>
         <size>0x10</size>
         <input_file_ref idref="fl-7"/>
      </object_component>
      <object_component id="oc-66">
         <name>SciaRegsFile</name>
         <uninitialized>true</uninitialized>
         <run_address>0x7050</run_address>
         <size>0x10</size>
         <input_file_ref idref="fl-7"/>
      </object_component>
      <object_component id="oc-68">
         <name>ScibRegsFile</name>
         <uninitialized>true</uninitialized>
         <run_address>0x7750</run_address>
         <size>0x10</size>
         <input_file_ref idref="fl-7"/>
      </object_component>
      <object_component id="oc-67">
         <name>NmiIntruptRegsFile</name>
         <uninitialized>true</uninitialized>
         <run_address>0x7060</run_address>
         <size>0x10</size>
         <input_file_ref idref="fl-7"/>
      </object_component>
      <object_component id="oc-6b">
         <name>XIntruptRegsFile</name>
         <uninitialized>true</uninitialized>
         <run_address>0x7070</run_address>
         <size>0x10</size>
         <input_file_ref idref="fl-7"/>
      </object_component>
      <object_component id="oc-8b">
         <name>AdcRegsFile</name>
         <uninitialized>true</uninitialized>
         <run_address>0x7100</run_address>
         <size>0x50</size>
         <input_file_ref idref="fl-7"/>
      </object_component>
      <object_component id="oc-7a">
         <name>I2caRegsFile</name>
         <uninitialized>true</uninitialized>
         <run_address>0x7900</run_address>
         <size>0x22</size>
         <input_file_ref idref="fl-7"/>
      </object_component>
      <object_component id="oc-6f">
         <name>Comp1RegsFile</name>
         <uninitialized>true</uninitialized>
         <run_address>0x6400</run_address>
         <size>0x14</size>
         <input_file_ref idref="fl-7"/>
      </object_component>
      <object_component id="oc-6e">
         <name>Comp2RegsFile</name>
         <uninitialized>true</uninitialized>
         <run_address>0x6420</run_address>
         <size>0x14</size>
         <input_file_ref idref="fl-7"/>
      </object_component>
      <object_component id="oc-6d">
         <name>Comp3RegsFile</name>
         <uninitialized>true</uninitialized>
         <run_address>0x6440</run_address>
         <size>0x14</size>
         <input_file_ref idref="fl-7"/>
      </object_component>
      <object_component id="oc-7f">
         <name>EPwm1RegsFile</name>
         <uninitialized>true</uninitialized>
         <run_address>0x6800</run_address>
         <size>0x40</size>
         <input_file_ref idref="fl-7"/>
      </object_component>
      <object_component id="oc-80">
         <name>EPwm2RegsFile</name>
         <uninitialized>true</uninitialized>
         <run_address>0x6840</run_address>
         <size>0x40</size>
         <input_file_ref idref="fl-7"/>
      </object_component>
      <object_component id="oc-89">
         <name>EPwm3RegsFile</name>
         <uninitialized>true</uninitialized>
         <run_address>0x6880</run_address>
         <size>0x40</size>
         <input_file_ref idref="fl-7"/>
      </object_component>
      <object_component id="oc-88">
         <name>EPwm4RegsFile</name>
         <uninitialized>true</uninitialized>
         <run_address>0x68c0</run_address>
         <size>0x40</size>
         <input_file_ref idref="fl-7"/>
      </object_component>
      <object_component id="oc-8a">
         <name>EPwm5RegsFile</name>
         <uninitialized>true</uninitialized>
         <run_address>0x6900</run_address>
         <size>0x40</size>
         <input_file_ref idref="fl-7"/>
      </object_component>
      <object_component id="oc-85">
         <name>EPwm6RegsFile</name>
         <uninitialized>true</uninitialized>
         <run_address>0x6940</run_address>
         <size>0x40</size>
         <input_file_ref idref="fl-7"/>
      </object_component>
      <object_component id="oc-84">
         <name>EPwm7RegsFile</name>
         <uninitialized>true</uninitialized>
         <run_address>0x6980</run_address>
         <size>0x40</size>
         <input_file_ref idref="fl-7"/>
      </object_component>
      <object_component id="oc-87">
         <name>EPwm8RegsFile</name>
         <uninitialized>true</uninitialized>
         <run_address>0x69c0</run_address>
         <size>0x40</size>
         <input_file_ref idref="fl-7"/>
      </object_component>
      <object_component id="oc-5e">
         <name>PartIdRegsFile</name>
         <uninitialized>true</uninitialized>
         <run_address>0x3d7e80</run_address>
         <size>0x1</size>
         <input_file_ref idref="fl-7"/>
      </object_component>
      <object_component id="oc-4a">
         <name>.debug_info</name>
         <load_address>0x0</load_address>
         <run_address>0x0</run_address>
         <size>0xb6bd</size>
         <input_file_ref idref="fl-3"/>
      </object_component>
      <object_component id="oc-51">
         <name>.debug_info</name>
         <load_address>0xb6bd</load_address>
         <run_address>0xb6bd</run_address>
         <size>0xfa</size>
         <input_file_ref idref="fl-4"/>
      </object_component>
      <object_component id="oc-55">
         <name>.debug_info</name>
         <load_address>0xb7b7</load_address>
         <run_address>0xb7b7</run_address>
         <size>0x108</size>
         <input_file_ref idref="fl-5"/>
      </object_component>
      <object_component id="oc-58">
         <name>.debug_info</name>
         <load_address>0xb8bf</load_address>
         <run_address>0xb8bf</run_address>
         <size>0x46ee</size>
         <input_file_ref idref="fl-6"/>
      </object_component>
      <object_component id="oc-5d">
         <name>.debug_info</name>
         <load_address>0xffad</load_address>
         <run_address>0xffad</run_address>
         <size>0x11838</size>
         <input_file_ref idref="fl-7"/>
      </object_component>
      <object_component id="oc-90">
         <name>.debug_info</name>
         <load_address>0x217e5</load_address>
         <run_address>0x217e5</run_address>
         <size>0x9799</size>
         <input_file_ref idref="fl-8"/>
      </object_component>
      <object_component id="oc-98">
         <name>.debug_info</name>
         <load_address>0x2af7e</load_address>
         <run_address>0x2af7e</run_address>
         <size>0x22d8</size>
         <input_file_ref idref="fl-9"/>
      </object_component>
      <object_component id="oc-9f">
         <name>.debug_info</name>
         <load_address>0x2d256</load_address>
         <run_address>0x2d256</run_address>
         <size>0x3c02</size>
         <input_file_ref idref="fl-a"/>
      </object_component>
      <object_component id="oc-a6">
         <name>.debug_info</name>
         <load_address>0x30e58</load_address>
         <run_address>0x30e58</run_address>
         <size>0xa52a</size>
         <input_file_ref idref="fl-b"/>
      </object_component>
      <object_component id="oc-ad">
         <name>.debug_info</name>
         <load_address>0x3b382</load_address>
         <run_address>0x3b382</run_address>
         <size>0xc351</size>
         <input_file_ref idref="fl-c"/>
      </object_component>
      <object_component id="oc-b5">
         <name>.debug_info</name>
         <load_address>0x476d3</load_address>
         <run_address>0x476d3</run_address>
         <size>0x3b70</size>
         <input_file_ref idref="fl-d"/>
      </object_component>
      <object_component id="oc-bc">
         <name>.debug_info</name>
         <load_address>0x4b243</load_address>
         <run_address>0x4b243</run_address>
         <size>0x12c0b</size>
         <input_file_ref idref="fl-e"/>
      </object_component>
      <object_component id="oc-c6">
         <name>.debug_info</name>
         <load_address>0x5de4e</load_address>
         <run_address>0x5de4e</run_address>
         <size>0x71f0</size>
         <input_file_ref idref="fl-f"/>
      </object_component>
      <object_component id="oc-cd">
         <name>.debug_info</name>
         <load_address>0x6503e</load_address>
         <run_address>0x6503e</run_address>
         <size>0xbe7b</size>
         <input_file_ref idref="fl-10"/>
      </object_component>
      <object_component id="oc-d4">
         <name>.debug_info</name>
         <load_address>0x70eb9</load_address>
         <run_address>0x70eb9</run_address>
         <size>0xd1d7</size>
         <input_file_ref idref="fl-11"/>
      </object_component>
      <object_component id="oc-db">
         <name>.debug_info</name>
         <load_address>0x7e090</load_address>
         <run_address>0x7e090</run_address>
         <size>0x67f3</size>
         <input_file_ref idref="fl-12"/>
      </object_component>
      <object_component id="oc-e2">
         <name>.debug_info</name>
         <load_address>0x84883</load_address>
         <run_address>0x84883</run_address>
         <size>0x298e</size>
         <input_file_ref idref="fl-13"/>
      </object_component>
      <object_component id="oc-e7">
         <name>.debug_info</name>
         <load_address>0x87211</load_address>
         <run_address>0x87211</run_address>
         <size>0x9025</size>
         <input_file_ref idref="fl-14"/>
      </object_component>
      <object_component id="oc-ee">
         <name>.debug_info</name>
         <load_address>0x90236</load_address>
         <run_address>0x90236</run_address>
         <size>0x1d1c</size>
         <input_file_ref idref="fl-15"/>
      </object_component>
      <object_component id="oc-f4">
         <name>.debug_info</name>
         <load_address>0x91f52</load_address>
         <run_address>0x91f52</run_address>
         <size>0x120fa</size>
         <input_file_ref idref="fl-16"/>
      </object_component>
      <object_component id="oc-fd">
         <name>.debug_info</name>
         <load_address>0xa404c</load_address>
         <run_address>0xa404c</run_address>
         <size>0x7c8</size>
         <input_file_ref idref="fl-18"/>
      </object_component>
      <object_component id="oc-102">
         <name>.debug_info</name>
         <load_address>0xa4814</load_address>
         <run_address>0xa4814</run_address>
         <size>0x81dc</size>
         <input_file_ref idref="fl-19"/>
      </object_component>
      <object_component id="oc-108">
         <name>.debug_info</name>
         <load_address>0xac9f0</load_address>
         <run_address>0xac9f0</run_address>
         <size>0x9d6</size>
         <input_file_ref idref="fl-1a"/>
      </object_component>
      <object_component id="oc-110">
         <name>.debug_info</name>
         <load_address>0xad3c6</load_address>
         <run_address>0xad3c6</run_address>
         <size>0xdd1</size>
         <input_file_ref idref="fl-1b"/>
      </object_component>
      <object_component id="oc-115">
         <name>.debug_info</name>
         <load_address>0xae197</load_address>
         <run_address>0xae197</run_address>
         <size>0x18d9</size>
         <input_file_ref idref="fl-1c"/>
      </object_component>
      <object_component id="oc-11a">
         <name>.debug_info</name>
         <load_address>0xafa70</load_address>
         <run_address>0xafa70</run_address>
         <size>0xea3</size>
         <input_file_ref idref="fl-1d"/>
      </object_component>
      <object_component id="oc-121">
         <name>.debug_info</name>
         <load_address>0xb0913</load_address>
         <run_address>0xb0913</run_address>
         <size>0x67e</size>
         <input_file_ref idref="fl-1e"/>
      </object_component>
      <object_component id="oc-126">
         <name>.debug_info</name>
         <load_address>0xb0f91</load_address>
         <run_address>0xb0f91</run_address>
         <size>0x34a2</size>
         <input_file_ref idref="fl-1f"/>
      </object_component>
      <object_component id="oc-12b">
         <name>.debug_info</name>
         <load_address>0xb4433</load_address>
         <run_address>0xb4433</run_address>
         <size>0x7ab</size>
         <input_file_ref idref="fl-20"/>
      </object_component>
      <object_component id="oc-133">
         <name>.debug_info</name>
         <load_address>0xb4bde</load_address>
         <run_address>0xb4bde</run_address>
         <size>0x68b</size>
         <input_file_ref idref="fl-21"/>
      </object_component>
      <object_component id="oc-138">
         <name>.debug_info</name>
         <load_address>0xb5269</load_address>
         <run_address>0xb5269</run_address>
         <size>0x85c</size>
         <input_file_ref idref="fl-22"/>
      </object_component>
      <object_component id="oc-13d">
         <name>.debug_info</name>
         <load_address>0xb5ac5</load_address>
         <run_address>0xb5ac5</run_address>
         <size>0x54b</size>
         <input_file_ref idref="fl-23"/>
      </object_component>
      <object_component id="oc-143">
         <name>.debug_info</name>
         <load_address>0xb6010</load_address>
         <run_address>0xb6010</run_address>
         <size>0x390</size>
         <input_file_ref idref="fl-24"/>
      </object_component>
      <object_component id="oc-148">
         <name>.debug_info</name>
         <load_address>0xb63a0</load_address>
         <run_address>0xb63a0</run_address>
         <size>0x10c</size>
         <input_file_ref idref="fl-25"/>
      </object_component>
      <object_component id="oc-14c">
         <name>.debug_info</name>
         <load_address>0xb64ac</load_address>
         <run_address>0xb64ac</run_address>
         <size>0x32f4</size>
         <input_file_ref idref="fl-26"/>
      </object_component>
      <object_component id="oc-153">
         <name>.debug_info</name>
         <load_address>0xb97a0</load_address>
         <run_address>0xb97a0</run_address>
         <size>0xa22</size>
         <input_file_ref idref="fl-27"/>
      </object_component>
      <object_component id="oc-158">
         <name>.debug_info</name>
         <load_address>0xba1c2</load_address>
         <run_address>0xba1c2</run_address>
         <size>0x2d6</size>
         <input_file_ref idref="fl-28"/>
      </object_component>
      <object_component id="oc-15b">
         <name>.debug_info</name>
         <load_address>0xba498</load_address>
         <run_address>0xba498</run_address>
         <size>0x3f2d</size>
         <input_file_ref idref="fl-29"/>
      </object_component>
      <object_component id="oc-162">
         <name>.debug_info</name>
         <load_address>0xbe3c5</load_address>
         <run_address>0xbe3c5</run_address>
         <size>0x5ef1</size>
         <input_file_ref idref="fl-2a"/>
      </object_component>
      <object_component id="oc-16b">
         <name>.debug_info</name>
         <load_address>0xc42b6</load_address>
         <run_address>0xc42b6</run_address>
         <size>0x477f</size>
         <input_file_ref idref="fl-2c"/>
      </object_component>
      <object_component id="oc-172">
         <name>.debug_info</name>
         <load_address>0xc8a35</load_address>
         <run_address>0xc8a35</run_address>
         <size>0xf29</size>
         <input_file_ref idref="fl-2d"/>
      </object_component>
      <object_component id="oc-177">
         <name>.debug_info</name>
         <load_address>0xc995e</load_address>
         <run_address>0xc995e</run_address>
         <size>0x3f58</size>
         <input_file_ref idref="fl-2e"/>
      </object_component>
      <object_component id="oc-17e">
         <name>.debug_info</name>
         <load_address>0xcd8b6</load_address>
         <run_address>0xcd8b6</run_address>
         <size>0x4fe1</size>
         <input_file_ref idref="fl-2f"/>
      </object_component>
      <object_component id="oc-185">
         <name>.debug_info</name>
         <load_address>0xd2897</load_address>
         <run_address>0xd2897</run_address>
         <size>0x2e4</size>
         <input_file_ref idref="fl-30"/>
      </object_component>
      <object_component id="oc-188">
         <name>.debug_info</name>
         <load_address>0xd2b7b</load_address>
         <run_address>0xd2b7b</run_address>
         <size>0x3188</size>
         <input_file_ref idref="fl-31"/>
      </object_component>
      <object_component id="oc-190">
         <name>.debug_info</name>
         <load_address>0xd5d03</load_address>
         <run_address>0xd5d03</run_address>
         <size>0xdf</size>
         <input_file_ref idref="fl-35"/>
      </object_component>
      <object_component id="oc-194">
         <name>.debug_info</name>
         <load_address>0xd5de2</load_address>
         <run_address>0xd5de2</run_address>
         <size>0x3f0</size>
         <input_file_ref idref="fl-36"/>
      </object_component>
      <object_component id="oc-19a">
         <name>.debug_info</name>
         <load_address>0xd61d2</load_address>
         <run_address>0xd61d2</run_address>
         <size>0xed</size>
         <input_file_ref idref="fl-37"/>
      </object_component>
      <object_component id="oc-19e">
         <name>.debug_info</name>
         <load_address>0xd62bf</load_address>
         <run_address>0xd62bf</run_address>
         <size>0x14f</size>
         <input_file_ref idref="fl-38"/>
      </object_component>
      <object_component id="oc-1a2">
         <name>.debug_info</name>
         <load_address>0xd640e</load_address>
         <run_address>0xd640e</run_address>
         <size>0xfa</size>
         <input_file_ref idref="fl-39"/>
      </object_component>
      <object_component id="oc-1a6">
         <name>.debug_info</name>
         <load_address>0xd6508</load_address>
         <run_address>0xd6508</run_address>
         <size>0x1c6</size>
         <input_file_ref idref="fl-3a"/>
      </object_component>
      <object_component id="oc-1aa">
         <name>.debug_info</name>
         <load_address>0xd66ce</load_address>
         <run_address>0xd66ce</run_address>
         <size>0x435</size>
         <input_file_ref idref="fl-3b"/>
      </object_component>
      <object_component id="oc-1ae">
         <name>.debug_info</name>
         <load_address>0xd6b03</load_address>
         <run_address>0xd6b03</run_address>
         <size>0xed</size>
         <input_file_ref idref="fl-3c"/>
      </object_component>
      <object_component id="oc-1b2">
         <name>.debug_info</name>
         <load_address>0xd6bf0</load_address>
         <run_address>0xd6bf0</run_address>
         <size>0x3cf</size>
[...]
      </symbol>
      <symbol id="sm-27ed">
         <name>_suwGetBoost2CtrlSts</name>
         <value>0x3e20be</value>
         <object_component_ref idref="oc-17d"/>
      </symbol>
      <symbol id="sm-27ee">
         <name>_g_wBoostMPPTDirectionPre</name>
         <value>0xc546</value>
         <object_component_ref idref="oc-180"/>
      </symbol>
      <symbol id="sm-27ef">
         <name>_g_wSolarPowerLimit</name>
         <value>0xc505</value>
         <object_component_ref idref="oc-180"/>
      </symbol>
      <symbol id="sm-27f0">
         <name>_g_uwSolarHighLossPoint</name>
         <value>0xc52e</value>
         <object_component_ref idref="oc-180"/>
      </symbol>
      <symbol id="sm-27f1">
         <name>_g_wSolarPowerMax</name>
         <value>0xc506</value>
         <object_component_ref idref="oc-180"/>
      </symbol>
      <symbol id="sm-27f2">
         <name>_sSolarPowerChk</name>
         <value>0x3e21f0</value>
         <object_component_ref idref="oc-17d"/>
      </symbol>
      <symbol id="sm-27f3">
         <name>_swGetBoost_PWM</name>
         <value>0x3e20b6</value>
         <object_component_ref idref="oc-17d"/>
      </symbol>
      <symbol id="sm-27f4">
         <name>_sSolarPower2Adj</name>
         <value>0x3e2271</value>
         <object_component_ref idref="oc-17d"/>
      </symbol>
      <symbol id="sm-27f5">
         <name>_g_uwSolarLowMPPTPoint</name>
         <value>0xc537</value>
         <object_component_ref idref="oc-180"/>
      </symbol>
      <symbol id="sm-27f6">
         <name>_gi_uwSolarVolt2Sample</name>
         <value>0xc508</value>
         <object_component_ref idref="oc-180"/>
      </symbol>
      <symbol id="sm-27f7">
         <name>_g_uwSolarOverCurr</name>
         <value>0xc501</value>
         <object_component_ref idref="oc-180"/>
      </symbol>
      <symbol id="sm-27f8">
         <name>_sSolarVolt1Adj</name>
         <value>0x3e21af</value>
         <object_component_ref idref="oc-17d"/>
      </symbol>
      <symbol id="sm-2859">
         <name>_sParaTShareCurChk</name>
         <value>0x3e43f3</value>
         <object_component_ref idref="oc-187"/>
      </symbol>
      <symbol id="sm-285a">
         <name>_g_uwROPShareCurr</name>
         <value>0xc4a8</value>
         <object_component_ref idref="oc-18a"/>
      </symbol>
      <symbol id="sm-285b">
         <name>_dwROPWattTemp</name>
         <value>0xc4da</value>
         <object_component_ref idref="oc-18a"/>
      </symbol>
      <symbol id="sm-285c">
         <name>_sTOPVoltAdj</name>
         <value>0x3e43cf</value>
         <object_component_ref idref="oc-187"/>
      </symbol>
      <symbol id="sm-285d">
         <name>_sROPVoltAdj</name>
         <value>0x3e43e7</value>
         <object_component_ref idref="oc-187"/>
      </symbol>
      <symbol id="sm-285e">
         <name>_dwSOPWattTemp</name>
         <value>0xc4c6</value>
         <object_component_ref idref="oc-18a"/>
      </symbol>
      <symbol id="sm-285f">
         <name>_g_wOPVoltTransferRatio</name>
         <value>0xc487</value>
         <object_component_ref idref="oc-18a"/>
      </symbol>
      <symbol id="sm-2860">
         <name>_g_wTOPVAPercent</name>
         <value>0xc494</value>
         <object_component_ref idref="oc-18a"/>
      </symbol>
      <symbol id="sm-2861">
         <name>_sInvOPShortChk</name>
         <value>0x3e46f6</value>
         <object_component_ref idref="oc-187"/>
      </symbol>
      <symbol id="sm-2862">
         <name>_g_dwOPPhaseMaxPower</name>
         <value>0xc4ca</value>
         <object_component_ref idref="oc-18a"/>
      </symbol>
      <symbol id="sm-2863">
         <name>_sParaSShareCurChk</name>
         <value>0x3e4452</value>
         <object_component_ref idref="oc-187"/>
      </symbol>
      <symbol id="sm-2864">
         <name>_g_dwSOPWattFilter</name>
         <value>0xc4b6</value>
         <object_component_ref idref="oc-18a"/>
      </symbol>
      <symbol id="sm-2865">
         <name>_sTOPCurrAdj</name>
         <value>0x3e43d7</value>
         <object_component_ref idref="oc-187"/>
      </symbol>
      <symbol id="sm-2866">
         <name>_sROPCurrAdj</name>
         <value>0x3e43ef</value>
         <object_component_ref idref="oc-187"/>
      </symbol>
      <symbol id="sm-2867">
         <name>_g_wOverLoadBypass</name>
         <value>0xc480</value>
         <object_component_ref idref="oc-18a"/>
      </symbol>
      <symbol id="sm-2868">
         <name>_dwTOPWattTemp</name>
         <value>0xc4c2</value>
         <object_component_ref idref="oc-18a"/>
      </symbol>
      <symbol id="sm-2869">
         <name>_g_dwOPMaxVAPower</name>
         <value>0xc4c4</value>
         <object_component_ref idref="oc-18a"/>
      </symbol>
      <symbol id="sm-286a">
         <name>_g_wSOPWattPercent</name>
         <value>0xc48e</value>
         <object_component_ref idref="oc-18a"/>
      </symbol>
      <symbol id="sm-286b">
         <name>_g_uwOPZeroLossCnt</name>
         <value>0xc4a4</value>
         <object_component_ref idref="oc-18a"/>
      </symbol>
      <symbol id="sm-286c">
         <name>_g_wTOPPercent</name>
         <value>0xc491</value>
         <object_component_ref idref="oc-18a"/>
      </symbol>
      <symbol id="sm-286d">
         <name>_g_wROPPercent</name>
         <value>0xc48f</value>
         <object_component_ref idref="oc-18a"/>
      </symbol>
      <symbol id="sm-286e">
         <name>_g_wOPVAPercent</name>
         <value>0xc497</value>
         <object_component_ref idref="oc-18a"/>
      </symbol>
      <symbol id="sm-286f">
         <name>_sSOPVoltAdj</name>
         <value>0x3e43db</value>
         <object_component_ref idref="oc-187"/>
      </symbol>
      <symbol id="sm-2870">
         <name>_g_dwTOPWatt</name>
         <value>0xc4ae</value>
         <object_component_ref idref="oc-18a"/>
      </symbol>
      <symbol id="sm-2871">
         <name>_g_wROPVAPercent</name>
         <value>0xc4a3</value>
         <object_component_ref idref="oc-18a"/>
      </symbol>
      <symbol id="sm-2872">
         <name>_g_wGridLoadPowerPercent</name>
         <value>0xc496</value>
         <object_component_ref idref="oc-18a"/>
      </symbol>
      <symbol id="sm-2873">
         <name>_g_uwTOPCurr</name>
         <value>0xc4ab</value>
         <object_component_ref idref="oc-18a"/>
      </symbol>
      <symbol id="sm-2874">
         <name>_g_dwTOPWattFilter</name>
         <value>0xc4d8</value>
         <object_component_ref idref="oc-18a"/>
      </symbol>
      <symbol id="sm-2875">
         <name>_g_uwOverLoadLevel2Cnt</name>
         <value>0xc481</value>
         <object_component_ref idref="oc-18a"/>
      </symbol>
      <symbol id="sm-2876">
         <name>_g_wSOPPercent</name>
         <value>0xc492</value>
         <object_component_ref idref="oc-18a"/>
      </symbol>
      <symbol id="sm-2877">
         <name>_sOPVAAdj</name>
         <value>0x3e45df</value>
         <object_component_ref idref="oc-187"/>
      </symbol>
      <symbol id="sm-2878">
         <name>_g_uwTOPVolt</name>
         <value>0xc4aa</value>
         <object_component_ref idref="oc-18a"/>
      </symbol>
      <symbol id="sm-2879">
         <name>_g_wSOPLineRatioPercent</name>
         <value>0xc483</value>
         <object_component_ref idref="oc-18a"/>
      </symbol>
      <symbol id="sm-287a">
         <name>_sGridCurrCal</name>
         <value>0x3e471f</value>
         <object_component_ref idref="oc-187"/>
      </symbol>
      <symbol id="sm-287b">
         <name>_g_dwGridLoadMaxPower</name>
         <value>0xc4ac</value>
         <object_component_ref idref="oc-18a"/>
      </symbol>
      <symbol id="sm-287c">
         <name>_g_dwSOPWatt</name>
         <value>0xc4b2</value>
         <object_component_ref idref="oc-18a"/>
      </symbol>
      <symbol id="sm-287d">
         <name>_g_dwTOPVA</name>
         <value>0xc4b0</value>
         <object_component_ref idref="oc-18a"/>
      </symbol>
      <symbol id="sm-287e">
         <name>_sOPVoltTransferRatioCal</name>
         <value>0x3e4595</value>
         <object_component_ref idref="oc-187"/>
      </symbol>
      <symbol id="sm-287f">
         <name>_g_dwOPWatt</name>
         <value>0xc4ba</value>
         <object_component_ref idref="oc-18a"/>
      </symbol>
      <symbol id="sm-2880">
         <name>_g_wTOPWattPercent</name>
         <value>0xc48d</value>
         <object_component_ref idref="oc-18a"/>
      </symbol>
      <symbol id="sm-2881">
         <name>_g_dwROPWattFilter</name>
         <value>0xc4b4</value>
         <object_component_ref idref="oc-18a"/>
      </symbol>
      <symbol id="sm-2882">
         <name>_g_uwSOPCurr</name>
         <value>0xc4a6</value>
         <object_component_ref idref="oc-18a"/>
      </symbol>
      <symbol id="sm-2883">
         <name>_g_uwOverLoadLevel3Cnt</name>
         <value>0xc48a</value>
         <object_component_ref idref="oc-18a"/>
      </symbol>
      <symbol id="sm-2884">
         <name>_sOPFreqCal</name>
         <value>0x3e46df</value>
         <object_component_ref idref="oc-187"/>
      </symbol>
      <symbol id="sm-2885">
         <name>_g_dwOPMaxPower</name>
         <value>0xc4c8</value>
         <object_component_ref idref="oc-18a"/>
      </symbol>
      <symbol id="sm-2886">
         <name>_g_uwOverLoadRstDelayCnt</name>
         <value>0xc48c</value>
         <object_component_ref idref="oc-18a"/>
      </symbol>
      <symbol id="sm-2887">
         <name>_g_wROPWattPercent</name>
         <value>0xc493</value>
         <object_component_ref idref="oc-18a"/>
      </symbol>
      <symbol id="sm-2888">
         <name>_g_uwRGridCurr</name>
         <value>0xc49e</value>
         <object_component_ref idref="oc-18a"/>
      </symbol>
      <symbol id="sm-2889">
         <name>_g_uwROPVolt</name>
         <value>0xc49b</value>
         <object_component_ref idref="oc-18a"/>
      </symbol>
      <symbol id="sm-288a">
         <name>_g_wSOPVAPercent</name>
         <value>0xc495</value>
         <object_component_ref idref="oc-18a"/>
      </symbol>
      <symbol id="sm-288b">
         <name>_g_wOPPercent</name>
         <value>0xc498</value>
         <object_component_ref idref="oc-18a"/>
      </symbol>
      <symbol id="sm-288c">
         <name>_g_dwROPWatt</name>
         <value>0xc4d2</value>
         <object_component_ref idref="oc-18a"/>
      </symbol>
      <symbol id="sm-288d">
         <name>_g_dwROPVA</name>
         <value>0xc4be</value>
         <object_component_ref idref="oc-18a"/>
      </symbol>
      <symbol id="sm-288e">
         <name>_sOPPercentCal</name>
         <value>0x3e4601</value>
         <object_component_ref idref="oc-187"/>
      </symbol>
      <symbol id="sm-288f">
         <name>_sOPZeroLossClr</name>
         <value>0x3e4537</value>
         <object_component_ref idref="oc-187"/>
      </symbol>
      <symbol id="sm-2890">
         <name>_g_uwSOPShareCurr</name>
         <value>0xc4a0</value>
         <object_component_ref idref="oc-18a"/>
      </symbol>
      <symbol id="sm-2891">
         <name>_g_wOPPercentTemp</name>
         <value>0xc499</value>
         <object_component_ref idref="oc-18a"/>
      </symbol>
      <symbol id="sm-2892">
         <name>_g_uwROPCurr</name>
         <value>0xc4a5</value>
         <object_component_ref idref="oc-18a"/>
      </symbol>
      <symbol id="sm-2893">
         <name>_g_dwOPRealWatt</name>
         <value>0xc4c0</value>
         <object_component_ref idref="oc-18a"/>
      </symbol>
      <symbol id="sm-2894">
         <name>_g_uwTOPShareCurr</name>
         <value>0xc4a1</value>
         <object_component_ref idref="oc-18a"/>
      </symbol>
      <symbol id="sm-2895">
         <name>_sOPZeroLossChk</name>
         <value>0x3e453b</value>
         <object_component_ref idref="oc-187"/>
      </symbol>
      <symbol id="sm-2896">
         <name>_g_dwSOPVA</name>
         <value>0xc4b8</value>
         <object_component_ref idref="oc-18a"/>
      </symbol>
      <symbol id="sm-2897">
         <name>_g_dwOPWattFilter</name>
         <value>0xc4ce</value>
         <object_component_ref idref="oc-18a"/>
      </symbol>
      <symbol id="sm-2898">
         <name>_dwSOPWattRes</name>
         <value>0xc4d4</value>
         <object_component_ref idref="oc-18a"/>
      </symbol>
      <symbol id="sm-2899">
         <name>_g_wOPWattPercent</name>
         <value>0xc490</value>
         <object_component_ref idref="oc-18a"/>
      </symbol>
      <symbol id="sm-289a">
         <name>_g_wROPLineRatioPercent</name>
         <value>0xc484</value>
         <object_component_ref idref="oc-18a"/>
      </symbol>
      <symbol id="sm-289b">
         <name>_g_uwSOPVolt</name>
         <value>0xc4a7</value>
         <object_component_ref idref="oc-18a"/>
      </symbol>
      <symbol id="sm-289c">
         <name>_g_dwOPVA</name>
         <value>0xc4bc</value>
         <object_component_ref idref="oc-18a"/>
      </symbol>
      <symbol id="sm-289d">
         <name>_sOverLoadChk</name>
         <value>0x3e447d</value>
         <object_component_ref idref="oc-187"/>
      </symbol>
      <symbol id="sm-289e">
         <name>_g_uwOverLoadLevel1Cnt</name>
         <value>0xc482</value>
         <object_component_ref idref="oc-18a"/>
      </symbol>
      <symbol id="sm-289f">
         <name>_sOPWattAdj</name>
         <value>0x3e4553</value>
         <object_component_ref idref="oc-187"/>
      </symbol>
      <symbol id="sm-28a0">
         <name>_g_uwOPFreq</name>
         <value>0xc49f</value>
         <object_component_ref idref="oc-18a"/>
      </symbol>
      <symbol id="sm-28a1">
         <name>_sParaShareCurChk</name>
         <value>0x3e441e</value>
         <object_component_ref idref="oc-187"/>
      </symbol>
      <symbol id="sm-28a2">
         <name>_sSOPCurrAdj</name>
         <value>0x3e43e3</value>
         <object_component_ref idref="oc-187"/>
      </symbol>
      <symbol id="sm-28a3">
         <name>_dwTOPWattRes</name>
         <value>0xc4cc</value>
         <object_component_ref idref="oc-18a"/>
      </symbol>
      <symbol id="sm-28a4">
         <name>_dwROPWattRes</name>
         <value>0xc4d0</value>
         <object_component_ref idref="oc-18a"/>
      </symbol>
      <symbol id="sm-28a5">
         <name>_g_dwOPPhaseMaxVAPower</name>
         <value>0xc4d6</value>
         <object_component_ref idref="oc-18a"/>
      </symbol>
      <symbol id="sm-28a6">
         <name>_g_wOPLineRatioPercent</name>
         <value>0xc485</value>
         <object_component_ref idref="oc-18a"/>
      </symbol>
      <symbol id="sm-28a7">
         <name>_g_wTOPLineRatioPercent</name>
         <value>0xc486</value>
         <object_component_ref idref="oc-18a"/>
      </symbol>
      <symbol id="sm-28a8">
         <name>_g_uwOverLoadLevel4Cnt</name>
         <value>0xc489</value>
         <object_component_ref idref="oc-18a"/>
      </symbol>
      <symbol id="sm-28a9">
         <name>_sROPShareCurrAdj</name>
         <value>0x3e43eb</value>
         <object_component_ref idref="oc-187"/>
      </symbol>
      <symbol id="sm-28aa">
         <name>_sSOPShareCurrAdj</name>
         <value>0x3e43df</value>
         <object_component_ref idref="oc-187"/>
      </symbol>
      <symbol id="sm-28ab">
         <name>_sTOPShareCurrAdj</name>
         <value>0x3e43d3</value>
         <object_component_ref idref="oc-187"/>
      </symbol>
      <symbol id="sm-28b7">
         <name>_c_int00</name>
         <value>0x3e5c47</value>
         <object_component_ref idref="oc-48"/>
      </symbol>
      <symbol id="sm-28b8">
         <name>__stack</name>
         <value>0x0</value>
         <object_component_ref idref="oc-18e"/>
      </symbol>
      <symbol id="sm-28c6">
         <name>C$$EXIT</name>
         <value>0x3e5d8e</value>
         <object_component_ref idref="oc-193"/>
      </symbol>
      <symbol id="sm-28c7">
         <name>_exit</name>
         <value>0x3e5d90</value>
         <object_component_ref idref="oc-193"/>
      </symbol>
      <symbol id="sm-28c8">
         <name>_abort</name>
         <value>0x3e5d8e</value>
         <object_component_ref idref="oc-193"/>
      </symbol>
      <symbol id="sm-28c9">
         <name>__cleanup_ptr</name>
         <value>0xba30</value>
         <object_component_ref idref="oc-196"/>
      </symbol>
      <symbol id="sm-28ca">
         <name>__dtors_ptr</name>
         <value>0xba32</value>
         <object_component_ref idref="oc-196"/>
      </symbol>
      <symbol id="sm-28d2">
         <name>I$$MOD</name>
         <value>0x3e5d25</value>
         <object_component_ref idref="oc-199"/>
      </symbol>
      <symbol id="sm-28d3">
         <name>I$$DIV</name>
         <value>0x3e5d14</value>
         <object_component_ref idref="oc-199"/>
      </symbol>
      <symbol id="sm-28db">
         <name>UL$$MOD</name>
         <value>0x3e5ce5</value>
         <object_component_ref idref="oc-19d"/>
      </symbol>
      <symbol id="sm-28dc">
         <name>L$$MOD</name>
         <value>0x3e5cd0</value>
         <object_component_ref idref="oc-19d"/>
      </symbol>
      <symbol id="sm-28dd">
         <name>L$$DIV</name>
         <value>0x3e5cc1</value>
         <object_component_ref idref="oc-19d"/>
      </symbol>
      <symbol id="sm-28de">
         <name>UL$$DIV</name>
         <value>0x3e5cde</value>
         <object_component_ref idref="oc-19d"/>
      </symbol>
      <symbol id="sm-28e6">
         <name>ULL$$CMP</name>
         <value>0x3e5d69</value>
         <object_component_ref idref="oc-1a1"/>
      </symbol>
      <symbol id="sm-28e7">
         <name>LL$$CMP</name>
         <value>0x3e5d57</value>
         <object_component_ref idref="oc-1a1"/>
      </symbol>
      <symbol id="sm-28ef">
         <name>ULL$$MOD</name>
         <value>0x3e55e9</value>
         <object_component_ref idref="oc-1a5"/>
      </symbol>
      <symbol id="sm-28f0">
         <name>ULL$$DIV</name>
         <value>0x3e55ba</value>
         <object_component_ref idref="oc-1a5"/>
      </symbol>
      <symbol id="sm-28f1">
         <name>LL$$MOD</name>
         <value>0x3e5580</value>
         <object_component_ref idref="oc-1a5"/>
      </symbol>
      <symbol id="sm-28f2">
         <name>LL$$DIV</name>
         <value>0x3e5544</value>
         <object_component_ref idref="oc-1a5"/>
      </symbol>
      <symbol id="sm-28fc">
         <name>___memcpy_ff</name>
         <value>0x3e5d36</value>
         <object_component_ref idref="oc-1a9"/>
      </symbol>
      <symbol id="sm-2904">
         <name>U$$MOD</name>
         <value>0x3e5dac</value>
         <object_component_ref idref="oc-1ad"/>
      </symbol>
      <symbol id="sm-2905">
         <name>U$$DIV</name>
         <value>0x3e5da7</value>
         <object_component_ref idref="oc-1ad"/>
      </symbol>
      <symbol id="sm-2913">
         <name>__unlock</name>
         <value>0xba2c</value>
         <object_component_ref idref="oc-1b4"/>
      </symbol>
      <symbol id="sm-2914">
         <name>__lock</name>
         <value>0xba2e</value>
         <object_component_ref idref="oc-1b4"/>
      </symbol>
      <symbol id="sm-2915">
         <name>__register_lock</name>
         <value>0x3e5db6</value>
         <object_component_ref idref="oc-1b1"/>
      </symbol>
      <symbol id="sm-2916">
         <name>__nop</name>
         <value>0x3e5dba</value>
         <object_component_ref idref="oc-1b1"/>
      </symbol>
      <symbol id="sm-2917">
         <name>__register_unlock</name>
         <value>0x3e5db2</value>
         <object_component_ref idref="oc-1b1"/>
      </symbol>
      <symbol id="sm-2921">
         <name>__args_main</name>
         <value>0x3e5d75</value>
         <object_component_ref idref="oc-1b7"/>
      </symbol>
      <symbol id="sm-2922">
         <name>__TI_args_main</name>
         <value>0x1</value>
      </symbol>
   </symbol_table>
</link_info>
