******************************************************************************
             TMS320C2000 Linker PC v6.1.3                      
******************************************************************************
>> Linked Wed Jun 29 14:29:46 2022

OUTPUT FILE NAME:   <../RELEASE/IVEM.out>
ENTRY POINT SYMBOL: "_c_int00"  address: 003e336b


MEMORY CONFIGURATION

         name            origin    length      used     unused   attr    fill
----------------------  --------  ---------  --------  --------  ----  --------
PAGE 0:
  RAML0                 00008000   00002000  0000117e  00000e82  RWIX
  OTP                   003d7800   000003fa  00000000  000003fa  RWIX
  FLASHPVINV            003d8000   00018000  0000b4df  0000cb21  RWIX
  FLASHA                003f0000   00001000  00000c6f  00000391  RWIX
  FLASHC                003f1000   00001e00  0000117e  00000c82  RWIX
  FLASHB                003f2e00   000010fe  00000629  00000ad5  RWIX
  STARCODE              003f3efe   00000100  0000002f  000000d1  RWIX
  FLASHFLAG             003f3ffe   00000001  00000001  00000000  RWIX
  BEGIN                 003f7ff6   00000002  00000002  00000000  RWIX
  CSM_PWL               003f7ff8   00000008  00000008  00000000  RWIX
  ROM                   003f8000   00007fc0  00000000  00007fc0  RWIX
  RESET                 003fffc0   00000002  00000000  00000002  RWIX
  VECTORS               003fffc2   0000003e  00000000  0000003e  RWIX

PAGE 1:
  RAMM0                 00000000   00000400  00000200  00000200  RWIX
  BOOT_RSVD             00000400   00000080  00000000  00000080  RWIX
  RAMCMD                00000480   00000260  00000000  00000260  RWIX
  RAMBOOTFLG            00000740   00000040  00000000  00000040  RWIX
  RAMM1                 00000780   00000080  00000000  00000080  RWIX
  DEV_EMU               00000880   00000105  00000004  00000101  RWIX
  SYS_PWR_CTL           00000985   00000003  00000003  00000000  RWIX
  FLASH_REGS            00000a80   00000060  00000008  00000058  RWIX
  CSM                   00000ae0   00000020  00000010  00000010  RWIX
  ADC_RESULT            00000b00   00000020  00000010  00000010  RWIX
  CPU_TIMER0            00000c00   00000008  00000008  00000000  RWIX
  CPU_TIMER1            00000c08   00000008  00000008  00000000  RWIX
  CPU_TIMER2            00000c10   00000008  00000008  00000000  RWIX
  PIE_CTRL              00000ce0   00000020  0000001a  00000006  RWIX
  PIE_VECT              00000d00   00000100  00000100  00000000  RWIX
  ECANA                 00006000   00000040  00000034  0000000c  RWIX
  ECANA_LAM             00006040   00000040  00000040  00000000  RWIX
  ECANA_MOTS            00006080   00000040  00000040  00000000  RWIX
  ECANA_MOTO            000060c0   00000040  00000040  00000000  RWIX
  ECANA_MBOX            00006100   00000100  00000100  00000000  RWIX
  COMP1                 00006400   00000020  00000014  0000000c  RWIX
  COMP2                 00006420   00000020  00000014  0000000c  RWIX
  COMP3                 00006440   00000020  00000014  0000000c  RWIX
  EPWM1                 00006800   00000040  00000040  00000000  RWIX
  EPWM2                 00006840   00000040  00000040  00000000  RWIX
  EPWM3                 00006880   00000040  00000040  00000000  RWIX
  EPWM4                 000068c0   00000040  00000040  00000000  RWIX
  EPWM5                 00006900   00000040  00000040  00000000  RWIX
  EPWM6                 00006940   00000040  00000040  00000000  RWIX
  EPWM7                 00006980   00000040  00000040  00000000  RWIX
  EPWM8                 000069c0   00000040  00000040  00000000  RWIX
  ECAP1                 00006a00   00000020  00000020  00000000  RWIX
  ECAP2                 00006a20   00000020  00000020  00000000  RWIX
  ECAP3                 00006a40   00000020  00000020  00000000  RWIX
  HRCAP1                00006ac0   00000020  00000020  00000000  RWIX
  HRCAP2                00006ae0   00000020  00000020  00000000  RWIX
  EQEP1                 00006b00   00000040  00000022  0000001e  RWIX
  EQEP2                 00006b40   00000040  00000022  0000001e  RWIX
  HRCAP3                00006c80   00000020  00000020  00000000  RWIX
  HRCAP4                00006ca0   00000020  00000020  00000000  RWIX
  GPIOCTRL              00006f80   00000040  00000040  00000000  RWIX
  GPIODAT               00006fc0   00000020  00000020  00000000  RWIX
  GPIOINT               00006fe0   00000020  00000020  00000000  RWIX
  SYSTEM                00007010   00000030  00000030  00000000  RWIX
  SPIA                  00007040   00000010  00000010  00000000  RWIX
  SCIA                  00007050   00000010  00000010  00000000  RWIX
  NMIINTRUPT            00007060   00000010  00000010  00000000  RWIX
  XINTRUPT              00007070   00000010  00000010  00000000  RWIX
  ADC                   00007100   00000080  00000050  00000030  RWIX
  SPIB                  00007740   00000010  00000010  00000000  RWIX
  SCIB                  00007750   00000010  00000010  00000000  RWIX
  I2CA                  00007900   00000040  00000022  0000001e  RWIX
  RAML1                 0000a000   00003000  00002143  00000ebd  RWIX
  RAMH0                 0000d000   00001000  000008fc  00000704  RWIX
  PARTID                003d7e80   00000001  00000001  00000000  RWIX


SECTION ALLOCATION MAP

 output                                  attributes/
section   page    origin      length       input sections
--------  ----  ----------  ----------   ----------------
.text      0    003d8000    0000b4df     
                  003d8000    0000197f     display_vp.obj (.text)
                  003d997f    00001486     Parallel.obj (.text)
                  003dae05    00001162     ModBus.obj (.text)
                  003dbf67    00000dd3     Supervisor.obj (.text)
                  003dcd3a    00000a2d     Interface.obj (.text)
                  003dd767    000009b2     BusBatProt.obj (.text)
                  003de119    000007a9     Initial.obj (.text)
                  003de8c2    000007a4     InvLoadOP.obj (.text)
                  003df066    000006f6     Eeprom.obj (.text)
                  003df75c    00000665     PVModule.obj (.text)
                  003dfdc1    00000586     CanDriver.obj (.text)
                  003e0347    0000048f     Interrupt.obj (.text)
                  003e07d6    00000432     LineModule.obj (.text)
                  003e0c08    00000409     invertermodule.obj (.text)
                  003e1011    00000408     EnergySaved.obj (.text)
                  003e1419    000003e9     Interface_BMS.obj (.text)
                  003e1802    00000376     sincos.obj (.text)
                  003e1b78    000002c2     OutputModule.obj (.text)
                  003e1e3a    00000252     EEPromdriver.obj (.text)
                  003e208c    00000239     InvCntModule.obj (.text)
                  003e22c5    00000232     BatteryModule.obj (.text)
                  003e24f7    0000022c     RTCApp.obj (.text)
                  003e2723    00000179     Grid.obj (.text)
                  003e289c    0000016b     display_driver.obj (.text)
                  003e2a07    00000162     Interrupt.obj (.text:retain)
                  003e2b69    00000145     DSP280x_DefaultIsr.obj (.text:retain)
                  003e2cae    00000107     rts2800_ml.lib : ll_div.obj (.text)
                  003e2db5    000000e6     SciDriver.obj (.text)
                  003e2e9b    000000db     Library.obj (.text)
                  003e2f76    0000009b     main.obj (.text)
                  003e3011    00000095     BusModule.obj (.text)
                  003e30a6    0000007e     RlyDriver.obj (.text)
                  003e3124    0000007c     SciFunLst.obj (.text)
                  003e31a0    00000073     FunLst.obj (.text)
                  003e3213    0000006e     OS_CORE.obj (.text)
                  003e3281    00000050     OS_EVENT.obj (.text)
                  003e32d1    00000050     queue.obj (.text)
                  003e3321    0000004a     OS_SHELL.obj (.text)
                  003e336b    00000044     rts2800_ml.lib : boot.obj (.text)
                  003e33af    00000036     OS_CPU_A.obj (.text)
                  003e33e5    0000002a     rts2800_ml.lib : l_div.obj (.text)
                  003e340f    00000029     OS_CPU.obj (.text)
                  003e3438    00000022     rts2800_ml.lib : i_div.obj (.text)
                  003e345a    00000021                    : memcpy_ff.obj (.text)
                  003e347b    0000001e                    : ll_cmp.obj (.text)
                  003e3499    00000019                    : args_main.obj (.text)
                  003e34b2    00000019                    : exit.obj (.text)
                  003e34cb    0000000b                    : u_div.obj (.text)
                  003e34d6    00000009                    : _lock.obj (.text)

.cinit     0    003f0000    00000c6f     
                  003f0000    000001ce     display_vp.obj (.cinit)
                  003f01ce    0000015a     Interrupt.obj (.cinit)
                  003f0328    00000131     InvCntModule.obj (.cinit)
                  003f0459    00000127     BusBatProt.obj (.cinit)
                  003f0580    000000d2     PVModule.obj (.cinit)
                  003f0652    000000cc     Parallel.obj (.cinit)
                  003f071e    000000bf     InvLoadOP.obj (.cinit)
                  003f07dd    00000096     Interface.obj (.cinit)
                  003f0873    0000008a     EnergySaved.obj (.cinit)
                  003f08fd    0000007e     OutputModule.obj (.cinit)
                  003f097b    0000007c     LineModule.obj (.cinit)
                  003f09f7    0000007c     Supervisor.obj (.cinit)
                  003f0a73    0000007b     invertermodule.obj (.cinit)
                  003f0aee    00000078     BatteryModule.obj (.cinit)
                  003f0b66    00000060     Interface_BMS.obj (.cinit)
                  003f0bc6    00000038     Grid.obj (.cinit)
                  003f0bfe    00000018     RlyDriver.obj (.cinit)
                  003f0c16    00000013     OS_CORE.obj (.cinit)
                  003f0c29    00000010     ModBus.obj (.cinit)
                  003f0c39    00000010     SciDriver.obj (.cinit)
                  003f0c49    0000000c     Eeprom.obj (.cinit)
                  003f0c55    0000000a     rts2800_ml.lib : _lock.obj (.cinit)
                  003f0c5f    0000000a                    : exit.obj (.cinit)
                  003f0c69    00000004     BusModule.obj (.cinit)
                  003f0c6d    00000002     --HOLE-- [fill = 0]

ramfuncs   0    003f1000    0000117e     RUN ADDR = 00008000
                  003f1000    0000088f     Interrupt.obj (ramfuncs:retain)
                  003f188f    000005ff     InvCntModule.obj (ramfuncs)
                  003f1e8e    0000010b     PVModule.obj (ramfuncs)
                  003f1f99    000000c5     Interrupt.obj (ramfuncs)
                  003f205e    00000090     Interface.obj (ramfuncs)
                  003f20ee    00000050     RlyDriver.obj (ramfuncs)
                  003f213e    00000023     OS_TIMER.obj (ramfuncs)
                  003f2161    0000001d     Initial.obj (ramfuncs)

.econst    0    003f2e00    00000565     
                  003f2e00    00000100     Initial.obj (.econst)
                  003f2f00    000000c8     Interface.obj (.econst:_GetDataSubArray)
                  003f2fc8    000000ac     Eeprom.obj (.econst)
                  003f3074    000000a8     Interface.obj (.econst:_gc_strCOMParsingTable)
                  003f311c    0000007e     BusBatProt.obj (.econst:_wNTCTempSampleTab1)
                  003f319a    00000066     BusBatProt.obj (.econst:_wNTCTempSampleTab)
                  003f3200    00000038     display_vp.obj (.econst:.string:_FigureSEG_TAB)
                  003f3238    00000038     display_vp.obj (.econst:_gc_RealTimeDataMap)
                  003f3270    00000025     display_vp.obj (.econst:.string:_Seg7CodeTab)
                  003f3295    00000001     --HOLE-- [fill = 0]
                  003f3296    00000014     display_vp.obj (.econst:_gc_BMSDataMap)
                  003f32aa    00000010     display_vp.obj (.econst:_gc_EnergyDataMap)
                  003f32ba    0000000f     display_vp.obj (.econst:_$P$T17$62)
                  003f32c9    0000000c     display_vp.obj (.econst:_$P$T10$38)
                  003f32d5    0000000c     display_vp.obj (.econst:_$P$T3$24)
                  003f32e1    00000001     --HOLE-- [fill = 0]
                  003f32e2    0000000c     display_vp.obj (.econst:_gc_INFODataMap)
                  003f32ee    00000009     display_vp.obj (.econst:_$P$T12$42)
                  003f32f7    00000009     display_vp.obj (.econst:_$P$T2$22)
                  003f3300    00000008     PVModule.obj (.econst:_gc_uwBoostCtrlSts)
                  003f3308    00000006     display_vp.obj (.econst:_$P$T11$40)
                  003f330e    00000006     display_vp.obj (.econst:_$P$T13$44)
                  003f3314    00000006     display_vp.obj (.econst:_$P$T15$52)
                  003f331a    00000006     display_vp.obj (.econst:_$P$T16$54)
                  003f3320    00000006     display_vp.obj (.econst:_$P$T4$26)
                  003f3326    00000006     display_vp.obj (.econst:_$P$T5$28)
                  003f332c    00000006     display_vp.obj (.econst:_$P$T6$30)
                  003f3332    00000006     display_vp.obj (.econst:_$P$T7$32)
                  003f3338    00000006     display_vp.obj (.econst:_$P$T8$34)
                  003f333e    00000006     display_vp.obj (.econst:_$P$T9$36)
                  003f3344    00000003     display_vp.obj (.econst:.string:_$P$T0$14)
                  003f3347    00000003     display_vp.obj (.econst:.string:_$P$T1$18)
                  003f334a    00000003     display_vp.obj (.econst:.string:_$P$T14$50)
                  003f334d    00000003     display_vp.obj (.econst:.string:_$P$T18$67)
                  003f3350    00000003     display_vp.obj (.econst:.string:_$P$T19$68)
                  003f3353    00000003     display_vp.obj (.econst:.string:_$P$T20$69)
                  003f3356    00000003     display_vp.obj (.econst:.string:_$P$T21$70)
                  003f3359    00000003     display_vp.obj (.econst:.string:_$P$T22$71)
                  003f335c    00000003     display_vp.obj (.econst:.string:_$P$T23$72)
                  003f335f    00000003     display_vp.obj (.econst:.string:_$P$T24$73)
                  003f3362    00000003     display_vp.obj (.econst:.string:_$P$T25$74)

.switch    0    003f3366    000000c4     
                  003f3366    00000068     ModBus.obj (.switch:_swWriteATESetting)
                  003f33ce    0000005c     ModBus.obj (.switch:_swWriteEESetting)

.startcode 
*          0    003f3efe    0000002f     
                  003f3efe    0000002f     CLEARRAM.obj (.startcode)

.flashflag 
*          0    003f3ffe    00000001     
                  003f3ffe    00000001     lock.obj (.flashflag)

codestart 
*          0    003f7ff6    00000002     
                  003f7ff6    00000002     CodeStartBranch.obj (codestart)

CsmPwlFile 
*          0    003f7ff8    00000008     
                  003f7ff8    00000008     lock.obj (CsmPwlFile)

.reset     0    003fffc0    00000002     DSECT
                  003fffc0    00000002     rts2800_ml.lib : boot.obj (.reset)

vectors    0    003fffc2    00000000     DSECT

.stack     1    00000000    00000200     UNINITIALIZED
                  00000000    00000200     --HOLE--

DevEmuRegsFile 
*          1    00000880    00000004     UNINITIALIZED
                  00000880    00000004     DSP280x_GlobalVariableDefs.obj (DevEmuRegsFile)

SysPwrCtrlRegsFile 
*          1    00000985    00000003     UNINITIALIZED
                  00000985    00000003     DSP280x_GlobalVariableDefs.obj (SysPwrCtrlRegsFile)

FlashRegsFile 
*          1    00000a80    00000008     UNINITIALIZED
                  00000a80    00000008     DSP280x_GlobalVariableDefs.obj (FlashRegsFile)

CsmRegsFile 
*          1    00000ae0    00000010     UNINITIALIZED
                  00000ae0    00000010     DSP280x_GlobalVariableDefs.obj (CsmRegsFile)

AdcResultFile 
*          1    00000b00    00000010     UNINITIALIZED
                  00000b00    00000010     DSP280x_GlobalVariableDefs.obj (AdcResultFile)

CpuTimer0RegsFile 
*          1    00000c00    00000008     UNINITIALIZED
                  00000c00    00000008     DSP280x_GlobalVariableDefs.obj (CpuTimer0RegsFile)

CpuTimer1RegsFile 
*          1    00000c08    00000008     UNINITIALIZED
                  00000c08    00000008     DSP280x_GlobalVariableDefs.obj (CpuTimer1RegsFile)

CpuTimer2RegsFile 
*          1    00000c10    00000008     UNINITIALIZED
                  00000c10    00000008     DSP280x_GlobalVariableDefs.obj (CpuTimer2RegsFile)

PieCtrlRegsFile 
*          1    00000ce0    0000001a     UNINITIALIZED
                  00000ce0    0000001a     DSP280x_GlobalVariableDefs.obj (PieCtrlRegsFile)

PieVectTableFile 
*          1    00000d00    00000100     UNINITIALIZED
                  00000d00    00000100     DSP280x_GlobalVariableDefs.obj (PieVectTableFile)

ECanaRegsFile 
*          1    00006000    00000034     UNINITIALIZED
                  00006000    00000034     DSP280x_GlobalVariableDefs.obj (ECanaRegsFile)

ECanaLAMRegsFile 
*          1    00006040    00000040     UNINITIALIZED
                  00006040    00000040     DSP280x_GlobalVariableDefs.obj (ECanaLAMRegsFile)

ECanaMOTSRegsFile 
*          1    00006080    00000040     UNINITIALIZED
                  00006080    00000040     DSP280x_GlobalVariableDefs.obj (ECanaMOTSRegsFile)

ECanaMOTORegsFile 
*          1    000060c0    00000040     UNINITIALIZED
                  000060c0    00000040     DSP280x_GlobalVariableDefs.obj (ECanaMOTORegsFile)

ECanaMboxesFile 
*          1    00006100    00000100     UNINITIALIZED
                  00006100    00000100     DSP280x_GlobalVariableDefs.obj (ECanaMboxesFile)

Comp1RegsFile 
*          1    00006400    00000014     UNINITIALIZED
                  00006400    00000014     DSP280x_GlobalVariableDefs.obj (Comp1RegsFile)

Comp2RegsFile 
*          1    00006420    00000014     UNINITIALIZED
                  00006420    00000014     DSP280x_GlobalVariableDefs.obj (Comp2RegsFile)

Comp3RegsFile 
*          1    00006440    00000014     UNINITIALIZED
                  00006440    00000014     DSP280x_GlobalVariableDefs.obj (Comp3RegsFile)

EPwm1RegsFile 
*          1    00006800    00000040     UNINITIALIZED
                  00006800    00000040     DSP280x_GlobalVariableDefs.obj (EPwm1RegsFile)

EPwm2RegsFile 
*          1    00006840    00000040     UNINITIALIZED
                  00006840    00000040     DSP280x_GlobalVariableDefs.obj (EPwm2RegsFile)

EPwm3RegsFile 
*          1    00006880    00000040     UNINITIALIZED
                  00006880    00000040     DSP280x_GlobalVariableDefs.obj (EPwm3RegsFile)

EPwm4RegsFile 
*          1    000068c0    00000040     UNINITIALIZED
                  000068c0    00000040     DSP280x_GlobalVariableDefs.obj (EPwm4RegsFile)

EPwm5RegsFile 
*          1    00006900    00000040     UNINITIALIZED
                  00006900    00000040     DSP280x_GlobalVariableDefs.obj (EPwm5RegsFile)

EPwm6RegsFile 
*          1    00006940    00000040     UNINITIALIZED
                  00006940    00000040     DSP280x_GlobalVariableDefs.obj (EPwm6RegsFile)

EPwm7RegsFile 
*          1    00006980    00000040     UNINITIALIZED
                  00006980    00000040     DSP280x_GlobalVariableDefs.obj (EPwm7RegsFile)

EPwm8RegsFile 
*          1    000069c0    00000040     UNINITIALIZED
                  000069c0    00000040     DSP280x_GlobalVariableDefs.obj (EPwm8RegsFile)

ECap1RegsFile 
*          1    00006a00    00000020     UNINITIALIZED
                  00006a00    00000020     DSP280x_GlobalVariableDefs.obj (ECap1RegsFile)

ECap2RegsFile 
*          1    00006a20    00000020     UNINITIALIZED
                  00006a20    00000020     DSP280x_GlobalVariableDefs.obj (ECap2RegsFile)

ECap3RegsFile 
*          1    00006a40    00000020     UNINITIALIZED
                  00006a40    00000020     DSP280x_GlobalVariableDefs.obj (ECap3RegsFile)

HRCap1RegsFile 
*          1    00006ac0    00000020     UNINITIALIZED
                  00006ac0    00000020     DSP280x_GlobalVariableDefs.obj (HRCap1RegsFile)

HRCap2RegsFile 
*          1    00006ae0    00000020     UNINITIALIZED
                  00006ae0    00000020     DSP280x_GlobalVariableDefs.obj (HRCap2RegsFile)

EQep1RegsFile 
*          1    00006b00    00000022     UNINITIALIZED
                  00006b00    00000022     DSP280x_GlobalVariableDefs.obj (EQep1RegsFile)

EQep2RegsFile 
*          1    00006b40    00000022     UNINITIALIZED
                  00006b40    00000022     DSP280x_GlobalVariableDefs.obj (EQep2RegsFile)

HRCap3RegsFile 
*          1    00006c80    00000020     UNINITIALIZED
                  00006c80    00000020     DSP280x_GlobalVariableDefs.obj (HRCap3RegsFile)

HRCap4RegsFile 
*          1    00006ca0    00000020     UNINITIALIZED
                  00006ca0    00000020     DSP280x_GlobalVariableDefs.obj (HRCap4RegsFile)

GpioCtrlRegsFile 
*          1    00006f80    00000040     UNINITIALIZED
                  00006f80    00000040     DSP280x_GlobalVariableDefs.obj (GpioCtrlRegsFile)

GpioDataRegsFile 
*          1    00006fc0    00000020     UNINITIALIZED
                  00006fc0    00000020     DSP280x_GlobalVariableDefs.obj (GpioDataRegsFile)

GpioIntRegsFile 
*          1    00006fe0    00000020     UNINITIALIZED
                  00006fe0    00000020     DSP280x_GlobalVariableDefs.obj (GpioIntRegsFile)

SysCtrlRegsFile 
*          1    00007010    00000030     UNINITIALIZED
                  00007010    00000030     DSP280x_GlobalVariableDefs.obj (SysCtrlRegsFile)

SpiaRegsFile 
*          1    00007040    00000010     UNINITIALIZED
                  00007040    00000010     DSP280x_GlobalVariableDefs.obj (SpiaRegsFile)

SciaRegsFile 
*          1    00007050    00000010     UNINITIALIZED
                  00007050    00000010     DSP280x_GlobalVariableDefs.obj (SciaRegsFile)

NmiIntruptRegsFile 
*          1    00007060    00000010     UNINITIALIZED
                  00007060    00000010     DSP280x_GlobalVariableDefs.obj (NmiIntruptRegsFile)

XIntruptRegsFile 
*          1    00007070    00000010     UNINITIALIZED
                  00007070    00000010     DSP280x_GlobalVariableDefs.obj (XIntruptRegsFile)

AdcRegsFile 
*          1    00007100    00000050     UNINITIALIZED
                  00007100    00000050     DSP280x_GlobalVariableDefs.obj (AdcRegsFile)

SpibRegsFile 
*          1    00007740    00000010     UNINITIALIZED
                  00007740    00000010     DSP280x_GlobalVariableDefs.obj (SpibRegsFile)

ScibRegsFile 
*          1    00007750    00000010     UNINITIALIZED
                  00007750    00000010     DSP280x_GlobalVariableDefs.obj (ScibRegsFile)

I2caRegsFile 
*          1    00007900    00000022     UNINITIALIZED
                  00007900    00000022     DSP280x_GlobalVariableDefs.obj (I2caRegsFile)

.bss       1    0000a000    00000000     UNINITIALIZED

.ebss      1    0000a000    00002143     UNINITIALIZED
                  0000a000    00000d90     Interface.obj (.ebss)
                  0000ad90    00000027     BatteryModule.obj (.ebss)
                  0000adb7    00000009     BusModule.obj (.ebss)
                  0000adc0    00000500     Interface_BMS.obj (.ebss)
                  0000b2c0    00000240     InvCntModule.obj (.ebss)
                  0000b500    00000190     Parallel.obj (.ebss)
                  0000b690    00000024     SciDriver.obj (.ebss)
                  0000b6b4    00000006     RlyDriver.obj (.ebss)
                  0000b6ba    00000004     rts2800_ml.lib : _lock.obj (.ebss)
                  0000b6be    00000002     --HOLE--
                  0000b6c0    0000016e     Eeprom.obj (.ebss)
                  0000b82e    00000010     OS_CORE.obj (.ebss)
                  0000b83e    00000002     --HOLE--
                  0000b840    00000168     display_vp.obj (.ebss)
                  0000b9a8    0000000e     Grid.obj (.ebss)
                  0000b9b6    00000004     rts2800_ml.lib : exit.obj (.ebss)
                  0000b9ba    00000006     --HOLE--
                  0000b9c0    00000159     ModBus.obj (.ebss)
                  0000bb19    00000020     Supervisor.obj (.ebss)
                  0000bb39    00000007     --HOLE--
                  0000bb40    00000144     Interrupt.obj (.ebss)
                  0000bc84    00000034     OS_SHELL.obj (.ebss)
                  0000bcb8    00000008     --HOLE--
                  0000bcc0    000000c1     display_driver.obj (.ebss)
                  0000bd81    00000001     --HOLE--
                  0000bd82    0000003e     InvLoadOP.obj (.ebss)
                  0000bdc0    00000092     PVModule.obj (.ebss)
                  0000be52    0000002e     --HOLE--
                  0000be80    0000007c     CanDriver.obj (.ebss)
                  0000befc    00000004     --HOLE--
                  0000bf00    0000005c     EnergySaved.obj (.ebss)
                  0000bf5c    00000024     --HOLE--
                  0000bf80    00000058     OutputModule.obj (.ebss)
                  0000bfd8    00000028     --HOLE--
                  0000c000    00000052     BusBatProt.obj (.ebss)
                  0000c052    0000002e     --HOLE--
                  0000c080    00000044     invertermodule.obj (.ebss)
                  0000c0c4    0000003c     --HOLE--
                  0000c100    00000043     LineModule.obj (.ebss)

OSStack    1    0000d000    000008fc     UNINITIALIZED
                  0000d000    000008fc     OS_CORE.obj (OSStack)

PartIdRegsFile 
*          1    003d7e80    00000001     UNINITIALIZED
                  003d7e80    00000001     DSP280x_GlobalVariableDefs.obj (PartIdRegsFile)


GLOBAL SYMBOLS: SORTED ALPHABETICALLY BY Name 

address    name
--------   ----
0000a000   .bss
003d8000   .text
003e34b2   C$$EXIT
003e3438   I$$DIV
003e3449   I$$MOD
003e33e5   L$$DIV
003e33f4   L$$MOD
003e347b   LL$$CMP
003e2cae   LL$$DIV
003e2cea   LL$$MOD
003e34cb   U$$DIV
003e34d0   U$$MOD
003e3402   UL$$DIV
003e3409   UL$$MOD
003e348d   ULL$$CMP
003e2d24   ULL$$DIV
003e2d53   ULL$$MOD
003dee53   _ACInputPowerCal
003e2ca9   _ADCINT_ISR
00000b00   _AdcMirror
00007100   _AdcRegs
0000b84a   _BMSWarningList
003d9948   _ButtonInitial
003e2adb   _CANInterrupt
003dae65   _CRC16_MODBUS
003dae43   _CRC16_MODBUS_SngData
00006400   _Comp1Regs
00006420   _Comp2Regs
00006440   _Comp3Regs
003e1a34   _CosTab324
003e1863   _CosTab384
00000c00   _CpuTimer0Regs
00000c08   _CpuTimer1Regs
00000c10   _CpuTimer2Regs
00000ae0   _CsmRegs
003e2ca4   _DATALOG_ISR
003de504   _DelayUs
00000880   _DevEmuRegs
003e2c9f   _ECAN0INTA_ISR
003e2c9a   _ECAN0INTB_ISR
003e2c95   _ECAN1INTA_ISR
003e2c90   _ECAN1INTB_ISR
003e2c8b   _ECAP1_INT_ISR
003e2c86   _ECAP2_INT_ISR
003e2c81   _ECAP3_INT_ISR
003e2c7c   _ECAP4_INT_ISR
00006040   _ECanaLAMRegs
000060c0   _ECanaMOTORegs
00006080   _ECanaMOTSRegs
00006100   _ECanaMboxes
00006000   _ECanaRegs
00006a00   _ECap1Regs
00006a20   _ECap2Regs
00006a40   _ECap3Regs
003e2c77   _EMPTY_ISR
003e2c72   _EMUINT_ISR
003e2c6d   _EPWM1_INT_ISR
003e2c68   _EPWM1_TZINT_ISR
003e2c63   _EPWM2_INT_ISR
003e2c5e   _EPWM2_TZINT_ISR
003e2c59   _EPWM3_INT_ISR
003e2c54   _EPWM3_TZINT_ISR
003e2c4f   _EPWM4_INT_ISR
003e2c4a   _EPWM4_TZINT_ISR
003e2c45   _EPWM5_INT_ISR
003e2c40   _EPWM5_TZINT_ISR
003e2c3b   _EPWM6_INT_ISR
003e2c36   _EPWM6_TZINT_ISR
00006800   _EPwm1Regs
00006840   _EPwm2Regs
00006880   _EPwm3Regs
000068c0   _EPwm4Regs
00006900   _EPwm5Regs
00006940   _EPwm6Regs
00006980   _EPwm7Regs
000069c0   _EPwm8Regs
003e2c31   _EQEP1_INT_ISR
003e2c2c   _EQEP2_INT_ISR
00006b00   _EQep1Regs
00006b40   _EQep2Regs
003e2ad2   _Epwm1_tzInterrupt
0000b849   _FaultWarningList
003f3200   _FigureSEG_TAB
00000a80   _FlashRegs
003f2f00   _GetDataSubArray
00006f80   _GpioCtrlRegs
00006fc0   _GpioDataRegs
00006fe0   _GpioIntRegs
00006ac0   _HRCap1Regs
00006ae0   _HRCap2Regs
00006c80   _HRCap3Regs
00006ca0   _HRCap4Regs
003e2c27   _I2CINT1A_ISR
003e2c22   _I2CINT2A_ISR
00007900   _I2caRegs
003e2c1d   _ILLEGAL_ISR
003e2c18   _INT13_ISR
003e2c13   _INT14_ISR
00008527   _INVInterrupt
003e2ab2   _InvZeroCrossInterrupt
003dae24   _InvertUint16
003dae05   _InvertUint8
000084c5   _LineZeroCrossInterrupt
000080a8   _MPPTInterrupt
003de1da   _MemCopy
003e2c0e   _NMI_ISR
00007060   _NmiIntruptRegs
003e33bf   _OSCtxSw
003e32c8   _OSEventGet
003e32ad   _OSEventSend
003e3213   _OSFindHighPrio
003e3364   _OSInit
003e3270   _OSInitRdyList
003e326a   _OSInitSys
003e325c   _OSInitTCBList
003e33e2   _OSIntCtxSw
003e334f   _OSIntExit
003e3281   _OSMaskEventPend
0000bc85   _OSPrioCur
0000bc84   _OSPrioHighRdy
0000bc86   _OSRdyMap
003e3242   _OSSched
003e333d   _OSStart
003e33af   _OSStartHighRdy
0000bc8c   _OSStkPtr
0000d000   _OSSystemStk
0000bc8a   _OSTCBCur
0000bc88   _OSTCBHighRdy
0000bc8e   _OSTCBTbl
003e3321   _OSTaskCreate
003e340f   _OSTaskStkInit
00008000   _OSTimeBase
0000913e   _OSTimerTick
0000b82e   _OSUnMapTbl
003e2c09   _PIE_RESERVED
003d7e80   _PartIdRegs
00000ce0   _PieCtrlRegs
00000d00   _PieVectTable
003f2e00   _PieVectTableInit
0000b694   _QList
003e2c04   _RTOSINT_ISR
003f217e   _RamfuncsLoadEnd
003f1000   _RamfuncsLoadStart
00008000   _RamfuncsRunStart
003e2a99   _SCIAReceiveInterrupt
003e2a80   _SCIATransmitInterrupt
003e2a67   _SCIBReceiveInterrupt
003e2a4e   _SCIBTransmitInterrupt
003e2bff   _SCIRXINTA_ISR
003e2bfa   _SCIRXINTB_ISR
003e2bf5   _SCITXINTA_ISR
003e2bf0   _SCITXINTB_ISR
003e2beb   _SEQ1INT_ISR
003e2be6   _SEQ2INT_ISR
003e2be1   _SPIRXINTA_ISR
003e2bdc   _SPIRXINTB_ISR
003e2bd7   _SPIRXINTC_ISR
003e2bd2   _SPIRXINTD_ISR
003e2bcd   _SPITXINTA_ISR
003e2bc8   _SPITXINTB_ISR
003e2bc3   _SPITXINTC_ISR
003e2bbe   _SPITXINTD_ISR
003e2a07   _SYNZeroCrossInterrupt
0000b6a4   _SciList
00007050   _SciaRegs
00007750   _ScibRegs
003f3270   _Seg7CodeTab
003e19e3   _SinTab324
003e1802   _SinTab384
00007040   _SpiaRegs
00007740   _SpibRegs
00007010   _SysCtrlRegs
00000985   _SysPwrCtrlRegs
003e2bb9   _TINT0_ISR
003e2bb4   _USER10_ISR
003e2baf   _USER11_ISR
003e2baa   _USER12_ISR
003e2ba5   _USER1_ISR
003e2ba0   _USER2_ISR
003e2b9b   _USER3_ISR
003e2b96   _USER4_ISR
003e2b91   _USER5_ISR
003e2b8c   _USER6_ISR
003e2b87   _USER7_ISR
003e2b82   _USER8_ISR
003e2b7d   _USER9_ISR
0000bcc0   _View1SFlash
0000bd00   _ViewBuf
003e2b78   _WAKEINT_ISR
003e2b73   _XINT1_ISR
003e2b6e   _XINT2_ISR
00007070   _XIntruptRegs
00000200   __STACK_END
00000200   __STACK_SIZE
00000001   __TI_args_main
ffffffff   ___binit__
0000a000   ___bss__
ffffffff   ___c_args__
003f0000   ___cinit__
0000a000   ___end__
003e34df   ___etext__
003e345a   ___memcpy_ff
ffffffff   ___pinit__
003d8000   ___text__
003e3499   __args_main
0000b9b6   __cleanup_ptr
0000b9b8   __dtors_ptr
0000b6bc   __lock
003e34de   __nop
003e34da   __register_lock
003e34d6   __register_unlock
00000000   __stack
0000b6ba   __unlock
003e34b2   _abort
0000be84   _bCanEventEn
0000be82   _bCanRxEvent
0000be81   _bCanTaskPrio
0000be80   _bCanTxStatus
0000b6b9   _bRlyActionEvent
0000b6b6   _bRlyActionEvent2
0000b6b8   _bRlyRelatedTask
0000b6b4   _bRlyRelatedTask2
003e336b   _c_int00
003dd72e   _cal_crc_half
003f3efe   _clearram
0000a040   _crc_ta
0000bfd0   _dwROPWattRes
0000bfd4   _dwROPWattTemp
0000bfd2   _dwSOPWattRes
0000bfd6   _dwSOPWattTemp
0000bfc2   _dwTOPWattRes
0000bfc0   _dwTOPWattTemp
003e34b4   _exit
0000c097   _fInv
0000adda   _g_FuncALPHABMSRDCMDGroup
0000ade2   _g_FuncALPHABMSRXCMDGroup
0000adde   _g_FuncBMSRDCMDGroup
0000add6   _g_FuncBMSRXCMD
0000ade6   _g_FuncBMSRXCMDGroup
0000add8   _g_FuncBMSTXCMD
0000be40   _g_dwBUS1AvgSum
0000be44   _g_dwBUS2AvgSum
0000bdb4   _g_dwBatACChgLimit
0000bdba   _g_dwBatAvgVoltSum
0000c042   _g_dwBatChgCurrSum
0000bdb8   _g_dwBatChgLimit
0000b352   _g_dwBatVmo
0000b34e   _g_dwBatVoltSum
0000b348   _g_dwBat_I
0000b34a   _g_dwBat_P
0000b350   _g_dwBusVmo
0000b342   _g_dwBus_I
0000b338   _g_dwBus_P
0000bf10   _g_dwEnergySavedHour
0000bf1c   _g_dwEnergySavedHourTemp
0000b340   _g_dwFBBusRealAvgSum
0000bdb6   _g_dwInvChgLimit
0000c0ba   _g_dwInvWatt
0000bf06   _g_dwLoadEnergySavedHour
0000bf04   _g_dwLoadEnergySavedHourTemp
0000bfc6   _g_dwOPMaxPower
0000bfc4   _g_dwOPMaxVAPower
0000bfca   _g_dwOPPhaseMaxPower
0000bfc8   _g_dwOPPhaseMaxVAPower
0000bfae   _g_dwOPRealWatt
0000bfb6   _g_dwOPVA
0000bfb8   _g_dwOPWatt
0000bfcc   _g_dwOPWattFilter
0000bdbe   _g_dwOPWattSum
0000b336   _g_dwPBusVoltSum
0000b334   _g_dwPBus_I
0000b33c   _g_dwPBus_P
0000b33e   _g_dwPDCDCI_I
0000b33a   _g_dwPDCDCI_P
0000b332   _g_dwPDCDCImo
0000bdb2   _g_dwPVFeedLoadLimit
0000be3e   _g_dwPv1RealAvgSum
0000be42   _g_dwPv2RealAvgSum
0000bdbc   _g_dwRACInputPower
0000c0c0   _g_dwRInvDCVoltSum
0000c0b8   _g_dwRInvWatt
0000bfbe   _g_dwROPVA
0000bfba   _g_dwROPWatt
0000bfb2   _g_dwROPWattFilter
0000c0b6   _g_dwSInvWatt
0000bfce   _g_dwSOPVA
0000bfbc   _g_dwSOPWatt
0000bfb0   _g_dwSOPWattFilter
0000c0c2   _g_dwSinAngleQ7
0000c0be   _g_dwSinAngleQ7Temp
0000c0bc   _g_dwTInvWatt
0000bfaa   _g_dwTOPVA
0000bfac   _g_dwTOPWatt
0000bfb4   _g_dwTOPWattFilter
0000be48   _g_dwTotalPower
0000b344   _g_dwVBeforeSaturation
0000b354   _g_dwVoltLimit
0000ad98   _g_fBMSSOCFull
0000ad9f   _g_fBatChgOver
0000ad9a   _g_fBatDanger
0000ad9e   _g_fBatLow
0000ad9c   _g_fBatOpen
0000adaf   _g_fBatOver
0000ad9b   _g_fBatStart
0000adb1   _g_fBatUnder
0000ad99   _g_fBatWeak
0000adb7   _g_fBusAbnormal
0000adbd   _g_fBusOver
0000adb8   _g_fNBusOver
0000adb9   _g_fPBusOver
0000a02a   _g_pubCommandIn
0000aec0   _g_strAlphaBMSRT2Info
0000ae40   _g_strAlphaBMSRTInfo
0000af40   _g_strBMSBaseInfo
0000ae0d   _g_strBMSComSts
0000b55d   _g_strBMSCtrlInfo
0000adea   _g_strBMSCtrlLogicInfo
0000ae00   _g_strBMSCtrlLogicInfoTemp
0000b040   _g_strBMSRTInfo
0000ae80   _g_strBMSRatedInfo
0000b84c   _g_strButtonSts
0000b55a   _g_strCanReceiveFrame
0000b56e   _g_strCanRxData
0000b574   _g_strCanTxCom
0000b568   _g_strCanTxEve
0000bf2c   _g_strChkEnergyDateTime
0000bf33   _g_strDateTime
0000bf47   _g_strDateTimePre
0000bf40   _g_strDateTimeWR
0000bf4e   _g_strDateTimeWRTemp
0000b878   _g_strDisplayPage
0000bc5c   _g_strInvLineTd
0000b521   _g_strInvParaStatus
0000bc52   _g_strInvSynTd
0000b84e   _g_strLCDSettingChange
0000bf55   _g_strLoadDateTimePre
0000b54b   _g_strLocalBatVoltWorkMode
0000b517   _g_strLocalBatVoltWorkModeTemp
0000b558   _g_strLocalID
0000b520   _g_strLocalInvStatus
0000b550   _g_strLocalInvVoltLoadPercent
0000b516   _g_strLocalInvVoltLoadPercentTemp
0000b546   _g_strLocalParameterSet1
0000b54d   _g_strLocalParameterSet1Temp
0000b54f   _g_strLocalParameterSet2
0000b545   _g_strLocalParameterSet2Temp
0000b54a   _g_strLocalParameterSet3
0000b543   _g_strLocalParameterSet3Temp
0000b549   _g_strLocalParameterSet4
0000b544   _g_strLocalParameterSet4Temp
0000b54c   _g_strLocalParameterSet5
0000b552   _g_strLocalParameterSet5Temp
0000b515   _g_strParaExistInfo
0000b562   _g_strSysBMSCtrlInfo
0000b5c0   _g_strSystemID
0000add3   _g_ubBMSConnectTestFlg
0000add4   _g_ubBMSForceChgTestFlg
0000add1   _g_ubBMSStopChgTestFlg
0000adc5   _g_ubBMSStopDischgTestFlg
0000a080   _g_ubCommandBuffer
0000a020   _g_ubCommandLength
0000a00e   _g_ubRTCNeedReadFlg
0000a00d   _g_ubRTCOKFlg
0000a00f   _g_ubReadTimeOKFlg
0000a180   _g_ubRxBuffer
0000a024   _g_ubSciIdleCnt
0000b84d   _g_ubSetParaOperateStep
0000c11e   _g_ubSigPalCfgFltChkCnt
0000c11c   _g_ubSigPalCfgFltClrCnt
0000c11d   _g_ubSigPalConfigFault
0000c121   _g_ubThreePhaseWrongFlg
0000a280   _g_ubUserDataBuf0
0000bf08   _g_udwLoadEnergyChkDay
0000bf0c   _g_udwLoadEnergyChkMonth
0000bf0a   _g_udwLoadEnergyChkYear
0000bf1a   _g_udwLoadEnergyMonth
0000bf20   _g_udwLoadEnergyToday
0000bf0e   _g_udwLoadEnergyYear
0000bf12   _g_udwPowerEnergyChkDay
0000bf22   _g_udwPowerEnergyChkMonth
0000bf1e   _g_udwPowerEnergyChkYear
0000bf14   _g_udwPowerEnergyMonth
0000bf16   _g_udwPowerEnergyToday
0000bf18   _g_udwPowerEnergyYear
0000a026   _g_udwSolarMaxPower
0000be4e   _g_udwSolarPowerAcc
0000be4a   _g_udwSolarPowerAccPre
0000bc5a   _g_udwSynchroZeroTimeNew
0000bc50   _g_udwSynchroZeroTimeNewTemp
0000bc54   _g_udwSynchroZeroTimeOld
0000bf28   _g_uldwLoadEnergyTotal
0000bf24   _g_uldwPowerEnergyTotal
0000b519   _g_uniChgStatus
0000b518   _g_uniChgStatusTemp
0000b514   _g_uniInputStatus
0000b513   _g_uniInputStatusTemp
0000bda2   _g_uniPowerFlowMsg
0000b51a   _g_uniSysChgStatus
0000bda5   _g_uniSystemSts
0000bb1b   _g_uw3525On
0000bd88   _g_uwACChgTimeUp
0000b522   _g_uwAllMsgCnt
0000add0   _g_uwBMSCmdAddrID
0000adcf   _g_uwBMSCmdTimeCnt
0000b512   _g_uwBMSConnectAddr
0000b511   _g_uwBMSMesgReceive
0000b527   _g_uwBatDiffVolt
0000adb2   _g_uwBatVoltAvg
0000ad97   _g_uwBatWeakChkCnt
0000be30   _g_uwBoost1CtrlSts
0000be21   _g_uwBoost1CtrlSwtichSts
0000be2f   _g_uwBoost2CtrlSts
0000bdc4   _g_uwBoost2CtrlSwtichSts
0000a000   _g_uwBoostPWM
0000a002   _g_uwBoostPWMEn
0000bb21   _g_uwBusOverCnt
0000bb20   _g_uwBusOverRstCnt
0000b529   _g_uwChgStatus
0000bb1f   _g_uwCodeRunStepTest
0000b523   _g_uwComEveID
0000b532   _g_uwComLossCnt
0000b51d   _g_uwCommand
0000b52b   _g_uwConfigChangeFlg
0000adad   _g_uwConvertVoltAvg
0000a00a   _g_uwDCDCBoostPWM
0000a001   _g_uwDCDCBoostPWMEn
0000a009   _g_uwDCDCBuckPWM
0000a008   _g_uwDCDCBuckPWMEn
0000a007   _g_uwDCDCConvPWM
0000b2f9   _g_uwDCDCCtrlSts
0000b6c0   _g_uwEepromRDFlg
0000b6c2   _g_uwEepromWRFlg
0000b525   _g_uwExsitNum
0000b2fa   _g_uwFBInvCtrlSts
0000a01c   _g_uwFaultCode
0000b53b   _g_uwIDAutoGenerateStep
0000b53f   _g_uwIDHighTemp
0000b536   _g_uwIDLowTemp
0000bdb0   _g_uwInvRMSCtrlVolt
0000bb24   _g_uwInvShortCnt
0000bb22   _g_uwInvShortRstCnt
0000bb26   _g_uwInvVoltHighCnt
0000bb2c   _g_uwInvVoltHighRstCnt
0000bb23   _g_uwInvVoltLowCnt
0000bb25   _g_uwInvVoltLowRstCnt
0000c0a0   _g_uwInverterFreq
0000c084   _g_uwInverterPeriodCntHigh
0000c0ad   _g_uwInverterPeriodCntLow
0000c090   _g_uwInverterPeriodCntNew
0000c0ac   _g_uwInverterPeriodCntSet
0000c0a8   _g_uwInverterStep
0000c0ae   _g_uwInverterStepTemp
0000c004   _g_uwLiBatActStep
0000c006   _g_uwLiBatActing
0000bb32   _g_uwLineChgSts
0000b526   _g_uwLineDiffFreq
0000b524   _g_uwLineDiffLoadPercent
0000b528   _g_uwLineDiffVolt
0000c138   _g_uwLineFreq
0000c112   _g_uwLineFreqHBack
0000c12e   _g_uwLineFreqHLoss
0000c10b   _g_uwLineFreqLBack
0000c103   _g_uwLineFreqLLoss
0000c108   _g_uwLineInputFreqHBack
0000c100   _g_uwLineInputFreqHLoss
0000c109   _g_uwLineInputFreqLBack
0000c101   _g_uwLineInputFreqLLoss
0000c104   _g_uwLineInputVoltHBack
0000c10f   _g_uwLineInputVoltHLoss
0000c102   _g_uwLineInputVoltLBack
0000c110   _g_uwLineInputVoltLLoss
0000c10a   _g_uwLinePhaseErr
0000c114   _g_uwLineStatus
0000c12f   _g_uwLineVoltHBack
0000c130   _g_uwLineVoltHLoss
0000c12d   _g_uwLineVoltLBack
0000c131   _g_uwLineVoltLLoss
0000c12a   _g_uwLineZeroLossCnt
0000bb34   _g_uwLoadOnSts
0000b51b   _g_uwMachineNum
0000b504   _g_uwMasterCompeteFail
0000b506   _g_uwMasterInqCnt
0000b507   _g_uwMasterNewReceiveCnt
0000b500   _g_uwMasterSlaveReceiveCnt
0000b50c   _g_uwMasterSlaveReceivePreCnt
0000b50b   _g_uwMasterToNewPrioLowFlg
0000b52a   _g_uwMasterWorkMode
0000adbf   _g_uwNBusAvgVoltNew
0000b51f   _g_uwNewCanReceiveFlg
0000b510   _g_uwNewMasterIDHigh
0000b50a   _g_uwNewMasterIDLow
0000b50e   _g_uwNewMasterPhysicalAddr
0000b53c   _g_uwNewPhysicalAssignFlg
0000c0a9   _g_uwNewStepResidue
0000c0b3   _g_uwNewStepResidueSum
0000c0af   _g_uwNewStepResidueTemp
0000bfa1   _g_uwOPFreq
0000bb1e   _g_uwOPRlyWaitOn
0000b554   _g_uwOPWaitOnChkCnt
0000bf9c   _g_uwOPZeroLossCnt
0000b53a   _g_uwOrderMsg
0000bb19   _g_uwOutpurRatedFreq
0000bb33   _g_uwOverLoadCnt
0000bf82   _g_uwOverLoadLevel1Cnt
0000bf81   _g_uwOverLoadLevel2Cnt
0000bf8a   _g_uwOverLoadLevel3Cnt
0000bb37   _g_uwOverLoadRstCnt
0000bf89   _g_uwOverLoadRstDelayCnt
0000adbe   _g_uwPBusAvgVoltNew
0000bb1c   _g_uwPVBoostWork
0000b503   _g_uwParaBatWeakChgFlg
0000b502   _g_uwParaBatWeakFlg
0000b555   _g_uwParaEvent
0000b539   _g_uwParaLoadAbnormalFlg
0000b54e   _g_uwParaMode
0000b537   _g_uwParaModeSwitchFlg
0000b538   _g_uwParaNumMaxSize
0000b553   _g_uwParaNumSet
0000b541   _g_uwParaSlaveRecieveFlg
0000b556   _g_uwParaWarning
0000b535   _g_uwParameterSetChange
0000c0ab   _g_uwPeriodDelta
0000c08e   _g_uwPeriodOKLimit
0000c0aa   _g_uwPhaseDelta
0000c091   _g_uwPhaseLossLimit
0000c08c   _g_uwPhaseOKLimit
0000b548   _g_uwPhysicalAddr
0000bd9b   _g_uwPowerDirection
0000c0a7   _g_uwRInvCurr
0000c0a3   _g_uwRInvVolt
0000c132   _g_uwRLineCurr
0000c13a   _g_uwRLineRms3time
0000c123   _g_uwRLineRms3timeAvg
0000c124   _g_uwRLineRms3timeAvgPeak
0000c127   _g_uwRLineVolt
0000bb95   _g_uwRLineWaveLossCnt
0000bb94   _g_uwRLineWaveLossFlag
0000bb96   _g_uwRLineWaveOKCnt
0000bfa3   _g_uwROPCurr
0000bfa5   _g_uwROPShareCurr
0000bf99   _g_uwROPVolt
0000bbd5   _g_uwROPVoltAvg
0000bb27   _g_uwReturnFromFault
0000b540   _g_uwRsvMaster
0000b50f   _g_uwRsvMasterIDHigh
0000b50d   _g_uwRsvMasterIDLow
0000b501   _g_uwRsvMasterPhysicalAddr
0000c0a6   _g_uwSInvCurr
0000c0a1   _g_uwSInvVolt
0000c12b   _g_uwSLineCurr
0000c137   _g_uwSLineFreq
0000c140   _g_uwSLineRms3time
0000c135   _g_uwSLineRms3timeAvg
0000c136   _g_uwSLineRms3timeAvgPeak
0000c125   _g_uwSLineVolt
0000c128   _g_uwSLineZeroLossCnt
0000bfa4   _g_uwSOPCurr
0000bfa6   _g_uwSOPShareCurr
0000bf9a   _g_uwSOPVolt
0000a028   _g_uwSciBusyCnt
0000a022   _g_uwSciErrorCnt
0000a01e   _g_uwSettingSN
0000b598   _g_uwSlaveExsitFlg
0000b580   _g_uwSlaveExsitFlgSys
0000b58c   _g_uwSlaveFlg
0000b505   _g_uwSlaveModeWaitComCnt
0000b509   _g_uwSlavePhysicalLossCnt
0000be10   _g_uwSolar1HighLoss
0000be07   _g_uwSolar1ISOVoltAvg
0000be0e   _g_uwSolar1Loss
0000be16   _g_uwSolar2HighLoss
0000be0d   _g_uwSolar2ISOVoltAvg
0000be11   _g_uwSolar2Loss
0000be0c   _g_uwSolarCurr1Avg
0000be0b   _g_uwSolarCurr2Avg
0000be13   _g_uwSolarHighLossPoint
0000be15   _g_uwSolarHighMPPTPoint
0000bd89   _g_uwSolarLoss
0000bb30   _g_uwSolarLossSts
0000be12   _g_uwSolarLowLossPoint
0000be14   _g_uwSolarLowMPPTPoint
0000be0f   _g_uwSolarMaxPower
0000bdd1   _g_uwSolarOverCurr
0000bd86   _g_uwSolarPower1
0000be06   _g_uwSolarPower1Avg
0000bd87   _g_uwSolarPower1Temp
0000be05   _g_uwSolarPower2Avg
0000bdcd   _g_uwSolarPowerAbnormal
0000bdd0   _g_uwSolarShort
0000be0a   _g_uwSolarVolt1Avg
0000be09   _g_uwSolarVolt2Avg
0000be08   _g_uwSolarVoltChkEn
0000b51c   _g_uwSortEve
0000b51e   _g_uwSourceComEve
0000bb1d   _g_uwStartUp
0000bb2b   _g_uwStayStandby
0000c08f   _g_uwStepHighLimit
0000bb31   _g_uwSuperEvent
0000bb5e   _g_uwSynchroPeriodCntNew
0000bb62   _g_uwSynchroPeriodCntNewTemp
0000bb60   _g_uwSynchroPeriodNew
0000bb61   _g_uwSynchroPeriodNewTemp
0000b530   _g_uwSysBatVoltDiffCnt
0000b53e   _g_uwSysBatVoltDiffFlg
0000b551   _g_uwSysChgCurrSum
0000b52f   _g_uwSysLineFreqDiffCnt
0000b534   _g_uwSysLineFreqDiffFlg
0000b52d   _g_uwSysLineUnbalanceCurrCnt
0000b531   _g_uwSysLineUnbalanceCurrFlg
0000b52e   _g_uwSysLineVoltDiffCnt
0000b533   _g_uwSysLineVoltDiffFlg
0000b53d   _g_uwSysMaxChgCurrSum
0000b52c   _g_uwSysVoltCVToFloatFlg
0000b600   _g_uwSystemData
0000b508   _g_uwSystemHaveSamPhysicalFlg
0000c0a4   _g_uwTInvCurr
0000c0a2   _g_uwTInvVolt
0000c12c   _g_uwTLineCurr
0000c139   _g_uwTLineFreq
0000c13d   _g_uwTLineRms3time
0000c133   _g_uwTLineRms3timeAvg
0000c134   _g_uwTLineRms3timeAvgPeak
0000c126   _g_uwTLineVolt
0000c129   _g_uwTLineZeroLossCnt
0000bfa8   _g_uwTOPCurr
0000bf9e   _g_uwTOPShareCurr
0000bfa7   _g_uwTOPVolt
0000bb38   _g_uwWorkMode
0000bdad   _g_wAgingMode
0000adcd   _g_wBMSCMDEndIndex
0000adc2   _g_wBMSCMDRollIndex
0000adc3   _g_wBMSCMDStartIndex
0000b855   _g_wBMSMsgPage
0000adcc   _g_wBMSRxLengthByte
0000adc4   _g_wBMSTestCVVolt
0000adc1   _g_wBMSTestChgCurr
0000adc6   _g_wBMSTestCutOffVolt
0000adc0   _g_wBMSTestDischgCurr
0000adc7   _g_wBMSTestFloatVolt
0000add2   _g_wBMSType
0000be23   _g_wBUS1Avg
0000bdc8   _g_wBUS2Avg
0000b2fd   _g_wBUSVKi
0000b2c8   _g_wBUSVKiTemp
0000b2ea   _g_wBUSVKp
0000b2c6   _g_wBUSVKpTemp
0000b9c0   _g_wBatAdjStep1Real
0000b9c2   _g_wBatAdjStep1Ref
0000b9c1   _g_wBatAdjStep2Real
0000b9c4   _g_wBatAdjStep2Ref
0000bdaf   _g_wBatAgeDischgCurr
0000bdac   _g_wBatAgeVolt
0000bda0   _g_wBatAvgVoltCnt
0000ad94   _g_wBatCVVolt
0000c000   _g_wBatChgCurrAvg
0000c003   _g_wBatChgCurrSumCnt
0000bd98   _g_wBatChgInvLimit
0000c012   _g_wBatChgStage
0000c00e   _g_wBatChgerOn
0000ad95   _g_wBatFloatVolt
0000ad92   _g_wBatLowBackVolt
0000ad9d   _g_wBatLowVolt
0000bbbb   _g_wBatOverVoltCnt
0000c040   _g_wBatPercent
0000c001   _g_wBatProtChgCurrLimit
0000c002   _g_wBatProtChgMode
0000c018   _g_wBatProtChgModeLock
0000bb9d   _g_wBatRealVoltOverFlg
0000ad90   _g_wBatUnderBackVolt
0000ad93   _g_wBatUnderVolt
0000b2eb   _g_wBatVKi
0000b2e9   _g_wBatVKp
0000adb0   _g_wBatVoltAdj
0000b2e7   _g_wBatVoltAvg
0000bbab   _g_wBatVoltAvg10
0000b2c0   _g_wBatVoltErr
0000b2c9   _g_wBatVoltRef
0000ad96   _g_wBatWeakBackVolt
0000ad91   _g_wBatWeakVolt
0000be3a   _g_wBoostMPPTDirection
0000be3c   _g_wBoostMPPTDirectionPre
0000be46   _g_wBoostMPPTSetp
0000bb28   _g_wBootloaderSts
0000b2fb   _g_wBusCntlGap
0000b2d0   _g_wBusErr
0000b2ff   _g_wBusErrKi
0000b2fe   _g_wBusErrKp
0000b300   _g_wBusErr_I
0000b2fc   _g_wBusErr_P
0000b302   _g_wBusErr_PI
0000bbba   _g_wBusHighVoltCnt
0000bd8f   _g_wBusHighVoltRef
0000bba0   _g_wBusLevel
0000bb98   _g_wBusOverContinueDelayCnt
0000bbb9   _g_wBusOverVoltCnt
0000bb9e   _g_wBusRealVoltHighFlg
0000bb9f   _g_wBusRealVoltOverFlg
0000b2da   _g_wBusStableCnt
0000b2c1   _g_wBusVoltErr
0000bd8e   _g_wBusVoltRef
0000be2b   _g_wBusVoltVerr
0000b2cf   _g_wChgCntlLimitFlg
0000adb4   _g_wChgCurrAvg
0000bd8c   _g_wChgCurrLimit
0000c00c   _g_wChgOverSoft
0000be29   _g_wCnt1Loop
0000bdd8   _g_wCnt2Loop
0000c00a   _g_wConvertFanSpeedPWM
0000c013   _g_wConvertTemp
0000c01c   _g_wCovertOTBackPoint
0000c01b   _g_wCovertOTPoint
0000b30c   _g_wCtrlSinpointer
0000b2e1   _g_wDCDCBusKiFast
0000b2e5   _g_wDCDCBusKiSlow
0000b2e2   _g_wDCDCBusKpFast
0000b2e3   _g_wDCDCBusKpSlow
0000a01b   _g_wDCDCBusVoltDebug
0000b2ca   _g_wDCDCBusVoltRef
0000adac   _g_wDCDCCurr
0000adb3   _g_wDCDCCurrAvg
0000c014   _g_wDCDCDeratePer
0000b2cb   _g_wDCDCDirection
0000b2c7   _g_wDCDCFeedBusKi
0000b2e4   _g_wDCDCFeedBusKp
0000b2d3   _g_wDCDCIKi
0000b2d1   _g_wDCDCIKp
0000bbbd   _g_wDCDCOverCurrCnt
0000b2ed   _g_wDCDCPWMForceCntl
0000bd8b   _g_wDischgCurrLimit
0000b2d7   _g_wFBBusRealAvg
0000b318   _g_wFBCntLoop
0000b2d6   _g_wFBCtrlSwitch
0000b316   _g_wFBImo_P
0000b31a   _g_wFBKCurrentFeedback
0000b31b   _g_wFBKCurrentForward
0000b321   _g_wFBKVoltageForward
0000b2dc   _g_wFBKcd_1
0000b2de   _g_wFBKcd_2
0000b2e0   _g_wFBKcn_0
0000b2df   _g_wFBKcn_1
0000b2e8   _g_wFBKcn_2
0000b319   _g_wFBKvd_1
0000b31c   _g_wFBKvd_2
0000b320   _g_wFBKvn_1
0000b322   _g_wFBKvn_2
0000b2cc   _g_wFBPWM
0000b2dd   _g_wFBP_KVinComp
0000b31f   _g_wFBR_Duty
0000b325   _g_wFBR_Ierr_P
0000b323   _g_wFBR_Ierr_P_0
0000b327   _g_wFBR_Ierr_P_1
0000b324   _g_wFBR_Is_P
0000b326   _g_wFBR_Vcmp_P
0000b328   _g_wFBR_Vcmp_P_1
0000b31e   _g_wFBR_Vcmp_P_2
0000b31d   _g_wFBR_Vcmp_P_res
0000b317   _g_wFBVerr_P
0000b312   _g_wFBVerr_P_1
0000b311   _g_wFBVm_P
0000b313   _g_wFBVm_PTmp
0000b315   _g_wFBVm_P_1
0000b314   _g_wFBVm_P_res
0000c015   _g_wFan1DetLock
0000c01a   _g_wFan2DetLock
0000c007   _g_wFanSpeedPWM
0000c00b   _g_wFanSpeedSet
0000bd91   _g_wFeedPowerCntl
0000b9ae   _g_wGridChgBatCompVolt
0000bb2f   _g_wGridOPRlyDelayCnt
0000be1c   _g_wImo_P1
0000bdd6   _g_wImo_P2
0000c01e   _g_wInnelOTBackPoint
0000c021   _g_wInnelOTPoint
0000c010   _g_wInnelTemp
0000bda6   _g_wInvAgePower
0000bd90   _g_wInvBusRefOffSet
0000b2d2   _g_wInvBusVoltRef
0000bd8d   _g_wInvChgCurrLimit
0000bda3   _g_wInvDCVoltCntlEn
0000bdab   _g_wInvDeratPowerLimit
0000bf94   _g_wInvDeratedPower
0000bdfe   _g_wInvEfficency
0000c00d   _g_wInvFanSpeedPWM
0000bd96   _g_wInvFeedCurr
0000bd95   _g_wInvFeedCurrLimit
0000bd99   _g_wInvFeedPowerMax
0000bd8a   _g_wInvLoadCurr
0000c016   _g_wInvOTBackPoint
0000c01f   _g_wInvOTPoint
0000bbc1   _g_wInvOverVoltCnt
0000b30e   _g_wInvPWM
0000c011   _g_wInvTemp
0000bb2e   _g_wInvVoltCntlEn
0000bb29   _g_wInvVoltCntlWorkCnt
0000bb2a   _g_wInvVoltCntlWorkCntMax
0000b2ce   _g_wInvVoltCurrLimit
0000b305   _g_wInvVoltError
0000be26   _g_wKCurrent1Forward
0000bde0   _g_wKCurrent2Forward
0000be02   _g_wKCurrentForwardTemp
0000b30a   _g_wKRctrl1
0000b32e   _g_wKRctrl2
0000be27   _g_wKVoltage1Forward
0000bdde   _g_wKVoltage2Forward
0000bdf9   _g_wKVoltageForwardTemp
0000b329   _g_wKi
0000b303   _g_wKpwm
0000b32a   _g_wKv
0000bd9d   _g_wLineFeedEn
0000bd9e   _g_wLineVoltDeratPowerLimit
0000bd97   _g_wLoadPower
0000bd92   _g_wLoadPowerCntl
0000b2d9   _g_wLoopCnt
0000b30f   _g_wLoopOutput
0000be04   _g_wMPPTCntlVolt
0000bdff   _g_wMPPTEn
0000c03e   _g_wMaxChgAutoAdjEn
0000b2d4   _g_wMaxChgCurr
0000c03f   _g_wMaxChgCurrSet
0000b2e6   _g_wMaxDisChgCurr
0000adab   _g_wNDCDCCurr
0000adb6   _g_wNDCDCCurrAvg
0000bf85   _g_wOPLineRatioPercent
0000bf91   _g_wOPPercent
0000a01f   _g_wOPRMSRatedVolt
0000a01a   _g_wOPSinVpp
0000bf96   _g_wOPVAPercent
0000bdaa   _g_wOPVolt
0000bda1   _g_wOPVoltCntl
0000bd9f   _g_wOPVoltFresh
0000bf95   _g_wOPVoltTransferRatio
0000bf8d   _g_wOPWattPercent
0000bd82   _g_wOnlyPVFlg
0000bf80   _g_wOverLoadBypass
0000bb97   _g_wPBusOverPre
0000b2d8   _g_wPBusVRef
0000b2db   _g_wPBusVoltAvg
0000b2c2   _g_wPBusVoltErr
0000adae   _g_wPDCDCCurr
0000adb5   _g_wPDCDCCurrAvg
0000b2d5   _g_wPDCDCDirection
0000b2c5   _g_wPDCDCDuty
0000b2c4   _g_wPDCDCIErr
0000b2c3   _g_wPDCDCPWM
0000be22   _g_wPV1KeepBusVRef
0000bdc7   _g_wPV2KeepBusVRef
0000be2c   _g_wPVVoltVerr
0000c0b2   _g_wPhaseLockLimit
0000c0b4   _g_wPhaseLockStep
0000b547   _g_wPhaseMasterFlg
0000be28   _g_wPv1CurrLimit
0000be20   _g_wPv1RealAvg
0000bdc6   _g_wPv2CurrLimit
0000bdc5   _g_wPv2RealAvg
0000bdae   _g_wPwmPeriod
0000c081   _g_wRDCVoltI
0000c080   _g_wRDCVoltI_Res
0000c086   _g_wRDCVoltP
0000b2ef   _g_wRFBPWM
0000b2cd   _g_wRFBVm_P
0000b32c   _g_wRInvCurrCntl
0000b330   _g_wRInvCurrCntlPre
0000b2ec   _g_wRInvDCSet
0000c0a5   _g_wRInvDCVolt
0000c094   _g_wRInvDCVoltCnt
0000c085   _g_wRInvDCVoltCntl
0000bbbe   _g_wRInvHWOverCurrPCnt
0000bbc2   _g_wRInvOverCurrCnt
0000bbc0   _g_wRInvOverCurrPCnt
0000b306   _g_wRInvVoltCntl
0000c09d   _g_wRInvVoltErrorSum
0000c10c   _g_wRLineVoltAdj
0000b32b   _g_wRLoadCurrCntl
0000c092   _g_wRNewSinAmp
0000c093   _g_wRNewSinAmpTemp
0000bf84   _g_wROPLineRatioPercent
0000bf90   _g_wROPPercent
0000bb5a   _g_wROPSharePower
0000bfa0   _g_wROPVAPercent
0000bf8c   _g_wROPWattPercent
0000b309   _g_wRRepetCtrlValue
0000b308   _g_wRRepetCtrlValuePre
0000b380   _g_wRReptCtrl
0000c08d   _g_wRSinAmp
0000b30b   _g_wRSinPointer
0000b30d   _g_wRSinPointerTemp
0000be2a   _g_wR_Boost1_PWM
0000bdd9   _g_wR_Boost2_PWM
0000be25   _g_wR_Ierr_P1
0000be1e   _g_wR_Ierr_P1_0
0000be18   _g_wR_Ierr_P1_1
0000bde1   _g_wR_Ierr_P2
0000bdd7   _g_wR_Ierr_P2_0
0000bde4   _g_wR_Ierr_P2_1
0000be1f   _g_wR_Is_P1
0000bdd5   _g_wR_Is_P2
0000b310   _g_wR_PWMDirectionPre
0000be24   _g_wR_PWMDuty_P1
0000bddf   _g_wR_PWMDuty_P2
0000be17   _g_wR_Vcmp_P1
0000be1a   _g_wR_Vcmp_P1_1
0000be19   _g_wR_Vcmp_P1_2
0000be1b   _g_wR_Vcmp_P1_res
0000bde3   _g_wR_Vcmp_P2
0000bdfb   _g_wR_Vcmp_P2_1
0000bddd   _g_wR_Vcmp_P2_2
0000bddc   _g_wR_Vcmp_P2_res
0000b307   _g_wRctrlFvalue
0000b32f   _g_wRepetCtrUnder
0000b32d   _g_wRepetCtrlUp
0000bb67   _g_wRlyDriverEvent
0000bb65   _g_wRlyDriverEventTemp
0000c0b0   _g_wSInvDCVolt
0000c10e   _g_wSLineVoltAdj
0000c083   _g_wSNewSinAmp
0000c089   _g_wSNewSinAmpTemp
0000bf83   _g_wSOPLineRatioPercent
0000bf8f   _g_wSOPPercent
0000bf93   _g_wSOPVAPercent
0000bf8e   _g_wSOPWattPercent
0000bb35   _g_wSPSSDProcFlg
0000c08a   _g_wSSinAmp
0000b853   _g_wSetPageEscCnt
0000b854   _g_wSetParaChangeValue
0000c082   _g_wSinAngle
0000c09e   _g_wSinAngleQ7bias
0000c09f   _g_wSinAngleResQ7
0000b2f4   _g_wSinValueR
0000bba2   _g_wSolar1VoltReal
0000bda7   _g_wSolarAgePower
0000c020   _g_wSolarBSTOTBackPoint
0000c01d   _g_wSolarBSTOTPoint
0000c00f   _g_wSolarBSTTemp
0000c008   _g_wSolarFanSpeedPWM
0000c019   _g_wSolarInvDeratePer
0000bbbf   _g_wSolarOverCurrCnt
0000be01   _g_wSolarPower1Limit
0000be00   _g_wSolarPower2Limit
0000bdf8   _g_wSolarPowerLimit
0000bdf7   _g_wSolarPowerMax
0000bb1a   _g_wSolarPowerWeak
0000bb2d   _g_wSolarSigPowerLoad
0000be2e   _g_wSolarVolt1Ref
0000be2d   _g_wSolarVolt2Ref
0000bb36   _g_wSysLiBatActFlg
0000bb64   _g_wSystemFreqChg
0000c0b1   _g_wTInvDCVolt
0000c10d   _g_wTLineVoltAdj
0000c087   _g_wTNewSinAmp
0000c088   _g_wTNewSinAmpTemp
0000bf86   _g_wTOPLineRatioPercent
0000bf92   _g_wTOPPercent
0000bf98   _g_wTOPVAPercent
0000bf97   _g_wTOPWattPercent
0000c08b   _g_wTSinAmp
0000be33   _g_wVerr_P1
0000be34   _g_wVerr_P1_1
0000bddb   _g_wVerr_P2
0000bdda   _g_wVerr_P2_1
0000be31   _g_wVm_P1
0000be32   _g_wVm_P1_1
0000be1d   _g_wVm_P1_res
0000bde2   _g_wVm_P2
0000bdd4   _g_wVm_P2_1
0000bdd3   _g_wVm_P2_res
0000b304   _g_wVref
003f3296   _gc_BMSDataMap
003f32aa   _gc_EnergyDataMap
003f32e2   _gc_INFODataMap
003f3238   _gc_RealTimeDataMap
0000b8c0   _gc_SettingMap
003f3074   _gc_strCOMParsingTable
003f2fc8   _gc_strEepromDaultTable1
003f2fe6   _gc_strEepromDaultTable2
003f3006   _gc_strEepromDaultTable3
0000b880   _gc_strParameterPage
003f3300   _gc_uwBoostCtrlSts
0000bb5d   _gi_ClrRepeatLoopCnt
0000bc4e   _gi_dwBatVoltSampleSum
0000bc40   _gi_dwBatVoltSampleSumTemp
0000bbfa   _gi_dwPBusVoltSampleSum
0000bc08   _gi_dwPBusVoltSampleSumTemp
0000bc42   _gi_dwPDCDCAvgCurrSampleSum
0000bc3e   _gi_dwPDCDCAvgCurrSampleSumTemp
0000bc3a   _gi_dwPDCDCCurrSampleSum
0000bc3c   _gi_dwPDCDCCurrSampleSumTemp
0000bc28   _gi_dwRInvCurrSample2Sum
0000bc26   _gi_dwRInvCurrSample2SumTemp
0000bc44   _gi_dwRInvCurrSampleSum
0000bc48   _gi_dwRInvCurrSampleSumTemp
0000bbfc   _gi_dwRInvDCVoltSampleSum
0000bbf8   _gi_dwRInvDCVoltSampleSumTemp
0000bc34   _gi_dwRInvVoltSample2Sum
0000bc24   _gi_dwRInvVoltSample2SumTemp
0000bc1a   _gi_dwRInvWattSampleSum
0000bc0c   _gi_dwRInvWattSampleSumTemp
0000bc4a   _gi_dwRLineVoltSample2Sum
0000bc4c   _gi_dwRLineVoltSample2SumTemp
0000bc30   _gi_dwROPCurrSample2Sum
0000bc32   _gi_dwROPCurrSample2SumTemp
0000bc36   _gi_dwROPCurrSampleSum
0000bc2e   _gi_dwROPCurrSampleSumTemp
0000bc2a   _gi_dwROPShareCurrSample2Sum
0000bc2c   _gi_dwROPShareCurrSample2SumTemp
0000bc46   _gi_dwROPShareCurrSampleSum
0000bc38   _gi_dwROPShareCurrSampleSumTemp
0000bc68   _gi_dwROPSharePowerSum
0000bc62   _gi_dwROPSharePowerSumTemp
0000bc0a   _gi_dwROPVoltSample2Sum
0000bc06   _gi_dwROPVoltSample2SumTemp
0000bc02   _gi_dwROPVoltSampleSum
0000bc04   _gi_dwROPVoltSampleSumTemp
0000bbfe   _gi_dwROPWattSampleSum
0000bc00   _gi_dwROPWattSampleSumTemp
0000bc22   _gi_udwConvertTempSampleSum
0000bc14   _gi_udwConvertTempSampleSumTemp
0000bc6e   _gi_udwConvertVoltSampleSum
0000bc6c   _gi_udwConvertVoltSampleSumTemp
0000bc78   _gi_udwFanClk1SampleSum
0000bc7a   _gi_udwFanClk1SampleSumTemp
0000bc7e   _gi_udwFanClk2SampleSum
0000bc7c   _gi_udwFanClk2SampleSumTemp
0000bc72   _gi_udwInnelTempSampleSum
0000bc76   _gi_udwInnelTempSampleSumTemp
0000bc70   _gi_udwInvTempSampleSum
0000bc74   _gi_udwInvTempSampleSumTemp
0000bc5e   _gi_udwLineZeroTime
0000bbf4   _gi_udwLineZeroTimeNew
0000bbf6   _gi_udwLineZeroTimeNewTemp
0000bc64   _gi_udwLineZeroTimeOld
0000bc82   _gi_udwModelSampleSum
0000bc80   _gi_udwModelSampleSumTemp
0000bc60   _gi_udwSineZeroTime
0000bc66   _gi_udwSineZeroTimeNewTemp
0000bc6a   _gi_udwSineZeroTimeOld
0000bc16   _gi_udwSolarBSTTempSampleSum
0000bc12   _gi_udwSolarBSTTempSampleSumTemp
0000bc1e   _gi_udwSolarCurrAvg1SampleSum
0000bc20   _gi_udwSolarCurrAvg1SampleSumTemp
0000bc1c   _gi_udwSolarPower1SampleSum
0000bc18   _gi_udwSolarPower1SampleSumTemp
0000bc0e   _gi_udwSolarVolt1SampleSum
0000bc10   _gi_udwSolarVolt1SampleSumTemp
0000bc56   _gi_udwSwOnSampleSum
0000bc58   _gi_udwSwOnSampleSumTemp
0000bb4a   _gi_uwConvertTempSampleSumCnt
0000bb4e   _gi_uwConvertTempSampleSumCntTemp
0000bb42   _gi_uwConvertVoltSampleSumCnt
0000bb4f   _gi_uwConvertVoltSampleSumCntTemp
0000bb40   _gi_uwFanClk1SampleSumCnt
0000bb43   _gi_uwFanClk1SampleSumCntTemp
0000bb48   _gi_uwFanClk2SampleSumCnt
0000bb50   _gi_uwFanClk2SampleSumCntTemp
0000bb54   _gi_uwGridNRelayOn
0000bb56   _gi_uwGridRelayOn
0000bb52   _gi_uwInnelTempSampleSumCnt
0000bb4b   _gi_uwInnelTempSampleSumCntTemp
0000bb51   _gi_uwInvTempSampleSumCnt
0000bb53   _gi_uwInvTempSampleSumCntTemp
0000bb46   _gi_uwInvertSynTd
0000bb45   _gi_uwInvertTd
0000bbbc   _gi_uwLinePeriodCntNew
0000bbc3   _gi_uwLinePeriodNew
0000bbc4   _gi_uwLinePeriodNewTemp
0000bb44   _gi_uwModelSampleSumCnt
0000bb41   _gi_uwModelSampleSumCntTemp
0000bb58   _gi_uwOPRelayOn
0000bb66   _gi_uwSinePeriodCntNew
0000bb5f   _gi_uwSinePeriodNewTemp
0000bb4d   _gi_uwSolarBSTTempSampleSumCnt
0000bb68   _gi_uwSolarBSTTempSampleSumCntTemp
0000bdfa   _gi_uwSolarCurr1Sample
0000bdfd   _gi_uwSolarCurr2Sample
0000bb82   _gi_uwSolarCurrAvg1SampleSumCnt
0000bb84   _gi_uwSolarCurrAvg1SampleSumCntTemp
0000bb86   _gi_uwSolarPower1SampleSumCnt
0000bb85   _gi_uwSolarPower1SampleSumCntTemp
0000bdfc   _gi_uwSolarVolt1Sample
0000bb4c   _gi_uwSolarVolt1SampleSumCnt
0000bb83   _gi_uwSolarVolt1SampleSumCntTemp
0000be03   _gi_uwSolarVolt2Sample
0000bb47   _gi_uwSwOnSampleSumCnt
0000bb49   _gi_uwSwOnSampleSumCntTemp
0000bbdb   _gi_wADCalSwCnt
0000bd85   _gi_wBatChgInvLimit
0000c017   _gi_wBatConnectFlg
0000bbd3   _gi_wBatVoltReal
0000bbe9   _gi_wBatVoltSample
0000bb87   _gi_wBatVoltSampleSumCnt
0000bb89   _gi_wBatVoltSampleSumCntTemp
0000bba3   _gi_wBusRealHighLevel
0000bba4   _gi_wBusRealOverLevel
0000bbda   _gi_wBusVolt8CAvg
0000bbdc   _gi_wBusVoltReal
0000bd94   _gi_wChgCurrLimit
0000bbe3   _gi_wConvertTempSample
0000bbe6   _gi_wConvertVoltSample
0000bbb7   _gi_wDCDCBoostPWMDisCnt
0000bbb5   _gi_wDCDCBuckPWMDisCnt
0000c009   _gi_wDCDCChgDischgEnDisable
0000bbb6   _gi_wDCDCConvPWMDisCnt
0000bbb4   _gi_wDCDCConvPWMSoftCnt
0000bbb3   _gi_wDCDCConvPWMValue
0000bd93   _gi_wDischgCurrLimit
0000bbaa   _gi_wEepromWaitCnt
0000b6c1   _gi_wEepromWaitFlag
0000bbd9   _gi_wFanClk1VoltSample
0000bbd6   _gi_wFanClk2VoltSample
0000b2f3   _gi_wFeedChgPowerLimit
0000bbe4   _gi_wInnelTempSample
0000bd84   _gi_wInvChgCurrLimit
0000bd83   _gi_wInvFeedCurrLimit
0000bb55   _gi_wInvPWMDisCnt
0000bba7   _gi_wInvPWMEn
0000bbe7   _gi_wInvTempSample
0000b2f1   _gi_wKs
0000bba5   _gi_wLineCrossZero
0000bba6   _gi_wLineCrossZeroPointer
0000bb9c   _gi_wLineModeSysAbnormal
0000bb9b   _gi_wLineModeSysAbnormalCnt
0000bb63   _gi_wLineWaveDetectEn
0000bbee   _gi_wModelSample
0000b2f2   _gi_wOPShareCurrCntlVal
0000bbeb   _gi_wPBusVoltSample
0000bb8e   _gi_wPBusVoltSampleSumCnt
0000bb90   _gi_wPBusVoltSampleSumCntTemp
0000bbec   _gi_wPDCDCAvgCurrSample
0000bb8a   _gi_wPDCDCAvgCurrSampleAvg
0000bb8b   _gi_wPDCDCAvgCurrSampleBias
0000bb6f   _gi_wPDCDCAvgCurrSampleSumCnt
0000bb6e   _gi_wPDCDCAvgCurrSampleSumCntTemp
0000bbcc   _gi_wPDCDCCurr1Sample
0000bbcd   _gi_wPDCDCCurr2Sample
0000bbcb   _gi_wPDCDCCurrSample
0000bb72   _gi_wPDCDCCurrSampleAvg
0000bb70   _gi_wPDCDCCurrSampleBias
0000bb71   _gi_wPDCDCCurrSampleSumCnt
0000bb6a   _gi_wPDCDCCurrSampleSumCntTemp
0000bbae   _gi_wPLLCtrlPointer
0000bbb2   _gi_wPLLPointFourSix
0000bbaf   _gi_wPLLPointThreeSix
0000bbb0   _gi_wPLLPointTwoSix
0000bbad   _gi_wPLLPointer
0000bbb1   _gi_wPLLPointerMax
0000bbc5   _gi_wPVPWMDisCnt
0000b2ee   _gi_wParallelEnable
0000bb5c   _gi_wPhaseLockPoint
0000bb93   _gi_wRGeneratorVoltMax
0000bb99   _gi_wRGeneratorVoltMin
0000bb92   _gi_wRGeneratorWaveChkCnt
0000bbc6   _gi_wRInvCurr1Sample
0000bbc9   _gi_wRInvCurr2Sample
0000bbc7   _gi_wRInvCurrSample
0000bb7b   _gi_wRInvCurrSample2SumCnt
0000bb74   _gi_wRInvCurrSample2SumCntTemp
0000bbe2   _gi_wRInvCurrSampleAvg
0000bbe1   _gi_wRInvCurrSampleBias
0000bbdd   _gi_wRInvCurrSampleBiasSet
0000bbe0   _gi_wRInvCurrSampleSumCnt
0000bbd4   _gi_wRInvCurrSampleSumCntTemp
0000bbea   _gi_wRInvDCVoltSample
0000bb80   _gi_wRInvDCVoltSampleBiasSet
0000bb8d   _gi_wRInvDCVoltSampleSumCnt
0000bb8c   _gi_wRInvDCVoltSampleSumCntTemp
0000bbc8   _gi_wRInvVoltSample
0000bbde   _gi_wRInvVoltSample2SumCnt
0000bbdf   _gi_wRInvVoltSample2SumCntTemp
0000bb7e   _gi_wRInvWattSampleSumCnt
0000bb7d   _gi_wRInvWattSampleSumCntTemp
0000bb57   _gi_wRLineVoltReal
0000bbca   _gi_wRLineVoltSample
0000bb69   _gi_wRLineVoltSample2SumCnt
0000bb6b   _gi_wRLineVoltSample2SumCntTemp
0000bbce   _gi_wROPCurr1Sample
0000bbd1   _gi_wROPCurr2Sample
0000bbcf   _gi_wROPCurrSample
0000bb91   _gi_wROPCurrSample2SumCnt
0000bbd8   _gi_wROPCurrSample2SumCntTemp
0000bb75   _gi_wROPCurrSampleAvg
0000bb73   _gi_wROPCurrSampleBias
0000bb77   _gi_wROPCurrSampleSumCnt
0000bb76   _gi_wROPCurrSampleSumCntTemp
0000b2f0   _gi_wROPShareCurrCntl
0000b2f8   _gi_wROPShareCurrCntlErr
0000b2f7   _gi_wROPShareCurrCntlErr_1
0000b301   _gi_wROPShareCurrCntlErr_Filter
0000b2f5   _gi_wROPShareCurrCntl_1
0000b2f6   _gi_wROPShareCurrCntl_Filter
0000bbd0   _gi_wROPShareCurrSample
0000bb7a   _gi_wROPShareCurrSample2SumCnt
0000bb7c   _gi_wROPShareCurrSample2SumCntTemp
0000bb6c   _gi_wROPShareCurrSampleAvg
0000bb6d   _gi_wROPShareCurrSampleBias
0000bb79   _gi_wROPShareCurrSampleSumCnt
0000bb78   _gi_wROPShareCurrSampleSumCntTemp
0000bb59   _gi_wROPSharePowerCnt
0000bb5b   _gi_wROPSharePowerCntTemp
0000bbd2   _gi_wROPVoltRealRly
0000bbe8   _gi_wROPVoltSample
0000bb8f   _gi_wROPVoltSample2SumCnt
0000bb88   _gi_wROPVoltSample2SumCntTemp
0000bb7f   _gi_wROPWattSampleSumCnt
0000bb81   _gi_wROPWattSampleSumCntTemp
0000bbb8   _gi_wRS485RXDRstCnt
0000b9b0   _gi_wSinePointFiveSix
0000b9b1   _gi_wSinePointFourSix
0000b9b3   _gi_wSinePointMax
0000b9b5   _gi_wSinePointMaxTwo
0000b9b2   _gi_wSinePointOneFour
0000b9a8   _gi_wSinePointOneSix
0000b9a9   _gi_wSinePointThreeSix
0000b9aa   _gi_wSinePointTwoSix
0000bbe5   _gi_wSolarBSTTempSample
0000bbf0   _gi_wSolarCurr1Sample
0000bbef   _gi_wSolarCurrAvg1Sample
0000bbac   _gi_wSolarLowVoltCnt
0000bbed   _gi_wSolarVolt1Sample
0000bbd7   _gi_wSwitchOnVoltSample
003e2faa   _main
0000be86   _pCanRxIn
0000be88   _pCanRxOut
0000b346   _pCosTab
0000b34c   _pSinTab
003e2b69   _rsvd_ISR
003dcde1   _sACK
003dee81   _sACOutputVoltChgChk
003e0e9e   _sAdjPhase
003e27ad   _sAutoDetectForLineFreq
003e17e2   _sBMSCommandProc
003e171a   _sBMSCommandRollProc
003e15c7   _sBMSDataAnalyze
003e157e   _sBMSDataParsing
003e1555   _sBMSParaInit
003e24d3   _sBMSSOCFullChk
003e2a02   _sBackLightOff
003e29f3   _sBackLightOn
003e24a9   _sBatLowChk
003e248a   _sBatOpenChk
003e2464   _sBatOverChgChk
003e2447   _sBatOverChk
003dde3b   _sBatParaUpdate
003ddc8c   _sBatProtChgMode
003e23a0   _sBatUnderChk
003e239c   _sBatVoltAvgAdj
003e2356   _sBatWeakChk
003dc625   _sBatteryMode
003e231c   _sBatteryModuleInit
003ddffe   _sBatteryPercentCal
003ddf15   _sBatteryStageCntl
003dfcdd   _sBoost2Control
00008e8e   _sBoostControl
003e229e   _sBoostSoftProc
003e2249   _sBuckSoftProc
003e30a1   _sBusAvgVoltAdj
003de035   _sBusBatProtectTask
003e306f   _sBusOverChk
003dde17   _sBusVoltProtLevelCal
003d9824   _sButtonScan
003d9878   _sBuzzerOperation
003d989d   _sBuzzerProc
003dc7f1   _sBypassMode
003e02a1   _sCanCopy
003e0343   _sCanEventDisable
003e033e   _sCanEventEnable
003e02c7   _sCanHdInit
003e023c   _sCanHdRead0
003e01f4   _sCanHdRead3
003e01ac   _sCanHdRead5
003e0164   _sCanHdRead6
003e0048   _sCanHdSend1
003dffe0   _sCanHdSend10
003dff75   _sCanHdSend2
003dff0a   _sCanHdSend4
003dfe9f   _sCanHdSend7
003dfe32   _sCanHdSend8
003dfdc5   _sCanHdSend9
003e032b   _sCanInitial
003d9f6c   _sCanParsingEvent
003e02ac   _sCanRead
003e0236   _sCanResetRxInt0
003e01ee   _sCanResetRxInt3
003e01a6   _sCanResetRxInt5
003e015e   _sCanResetRxInt6
003e00bf   _sCanResetTxInt1
003e029a   _sCanResetTxInt10
003e0294   _sCanResetTxInt2
003e028e   _sCanResetTxInt4
003e0288   _sCanResetTxInt7
003e0281   _sCanResetTxInt8
003e027a   _sCanResetTxInt9
003e0247   _sCanRxISR0
003e0203   _sCanRxISR3
003e01bb   _sCanRxISR5
003e0173   _sCanRxISR6
003e00d6   _sCanSetRxId
003e00cf   _sCanSetRxMask
003e00c5   _sCanTxISR1
003e00ab   _sCanWrite1
003dffe0   _sCanWrite10
003dffd8   _sCanWrite2
003dff6d   _sCanWrite4
003dff02   _sCanWrite7
003dfe97   _sCanWrite8
003dfe2a   _sCanWrite9
003dad1b   _sCheckSynAction
003daba6   _sCheckSystemConfig
003ddd4b   _sChgCtrlCurrAdj
003dde10   _sChgDischgCurrMng
003ddc44   _sChgDischgEnDisable
003dc3fa   _sChgMode
003d9a70   _sChgStatusChk
003dac20   _sChkSourceStatus
003dfcbb   _sClearBoost2Ram
003dfb53   _sClearBoostRam
003e223b   _sClearFBRCurrRam
003e20fa   _sClearFBRam
003e29ea   _sClearVramArea
003e218b   _sClrDCDCCtrlPara
003e1005   _sClrInvDCVoltCntlPara
003e0c03   _sClrLineWaveLoss
003e102f   _sClrPowerEnergySaved
003ded8d   _sControllerRefUpdate
003e2318   _sConvertVoltAvgAdj
00008c2a   _sDCDCControl
003e230f   _sDCDCCurrAdj
003e22fc   _sDCDCCurrAvgAdj
003d9e63   _sDecodeCanRxFrame
003e1e3a   _sDelay4us
003ddc10   _sDisChgCurrAdj
003d98df   _sDisplay
003d91c0   _sDisplayBMSCellTempH
003d9198   _sDisplayBMSCellTempL
003d9219   _sDisplayBMSCellVoltH
003d91e8   _sDisplayBMSCellVoltL
003d924a   _sDisplayBMSCurr
003d917b   _sDisplayBMSFaultCode
003d914e   _sDisplayBMSFlag
003d92dc   _sDisplayBMSSOC
003d92f9   _sDisplayBMSVer
003d92ab   _sDisplayBMSVolt
003d90c2   _sDisplayBatBMSNum
003d90ad   _sDisplayBatSOC
003d9475   _sDisplayBatVol
003d945e   _sDisplayChgCurr
003d936a   _sDisplayDate
003e29b7   _sDisplayDevInit
003d9389   _sDisplayDischgCurr
003d814d   _sDisplayFaultCode
003d8176   _sDisplayFaultWarning
003e2943   _sDisplayHwInit
003d8e1c   _sDisplayINFOBatCurr
003d8e2d   _sDisplayINFOBatVolt
003d8e60   _sDisplayINFOVA
003d8e44   _sDisplayINFOWATT
003d94ef   _sDisplayIPFre
003d9532   _sDisplayIPVol
003d8f5d   _sDisplayLoadEnergyMonth
003d8f94   _sDisplayLoadEnergyToday
003d8ee9   _sDisplayLoadEnergyTotal
003d8f26   _sDisplayLoadEnergyYear
003d941e   _sDisplayLoadPercent
003d9369   _sDisplayNull
003d9431   _sDisplayOPFre
003d93e2   _sDisplayOPVA
003d951b   _sDisplayOPVol
003d93a9   _sDisplayOPWatt
003d903f   _sDisplayPVEnergyMonth
003d9076   _sDisplayPVEnergyToday
003d8fcb   _sDisplayPVEnergyTotal
003d9008   _sDisplayPVEnergyYear
003d949e   _sDisplayPVPower
003d94d5   _sDisplayPVVol
003d994d   _sDisplayTask
003d934a   _sDisplayTime
003e291a   _sDisplayUpdate
003e28da   _sDisplayUpdateData
003d8e0b   _sDisplayVersionFlg
003d8dfd   _sDisplayVersionNum
003df2ac   _sEEDefaultWrite
003dbdfb   _sEESettingUpdate
003df558   _sEEpromDataRangeChk
003e2052   _sEepromPageWrite
003e1ffb   _sEepromRead
003e1f88   _sEepromReadChkWR
003df527   _sEepromSave1
003df4f4   _sEepromSave2
003df4c1   _sEepromSave3
003df48e   _sEepromSave4
003df465   _sEepromSaveBackUp1
003df43c   _sEepromSaveBackUp2
003df413   _sEepromSaveBackUp3
003df3ea   _sEepromSaveBackUp4
003e1f6d   _sEepromSoftwareReset
003e1f0e   _sEepromWrite
003d9aa7   _sEncodeCanTxCom
003d9f42   _sEncodeCanTxEve
003dee97   _sEnergyInfoUpdate
00008a85   _sFBINVController
003e2207   _sFBINVPFCInitial
003ddb51   _sFanSpeedControl
003dbdb0   _sFaultDataUpdate
003dc4d1   _sFaultMode
003ddae7   _sFaultRstCntProc
003ded35   _sFrePhaseLockProc
003e0fe7   _sFreeRun
003e26ba   _sGetTime
003e2809   _sGridChgBatComp
003e283d   _sGridTask
003e1f07   _sI2CAckIn
003e1e7d   _sI2CBitIn
003e1e40   _sI2CBitOut
003e1edb   _sI2CBitStart
003e1eb7   _sI2CBitStop
003e1ea7   _sI2CByteIn
003e1e72   _sI2CByteOut
003e268d   _sIICRTCRead
003e25d2   _sIICRTCWrite
003dbdc2   _sInfoDataUpdate
003de511   _sInitAdc
003dfc94   _sInitBoostParams
003de4a7   _sInitECAP
003de1e9   _sInitEPWM
00009161   _sInitFlash
003de5fb   _sInitGpio
003de1aa   _sInitPieCtrl
003de1c9   _sInitPieVectTable
003de833   _sInitSCI
003de119   _sInitSysCtrl
003e2789   _sInitial50HzPara
003e2765   _sInitial60HzPara
003de84f   _sInitialDSP
003e2e82   _sInitialSci
003def30   _sInputOutputRvsChk
003da80b   _sInquiryLossSlaveAgain
003dab0d   _sInquiryNewMachine
003dab4c   _sInquirySlaveMachine
003def56   _sInvLoadOPTask
003e1e1a   _sInvOPShortChk
003e0fbb   _sInvVoltHighChk
003e0f83   _sInvVoltLowChk
003e0f77   _sInvWattAdj
000089f7   _sInverterCtrl
003e0f61   _sInverterFreqCal
003e0f4a   _sInverterModuleInitail
003e0ed6   _sInverterPhaseLock
0000888f   _sInverterVoltCtrl
003dce8d   _sJMPToIAPReflash
003ded13   _sKpwmUpdate
003d97c8   _sLEDDisplay
003e28d5   _sLcdDelay1us
003dda82   _sLiBatActProc
003e0bed   _sLineFreqCal
003e0bbe   _sLineFreqChk
003dc8ca   _sLineMode
003e0b92   _sLineModuleInit
003e0b2c   _sLineModuleUpdate
003e0ad8   _sLinePhaseChk
003e0ad1   _sLineStsInit
00009046   _sLineWavLossStsUpdate
00008f99   _sLineWaveChk
003e0ac4   _sLineZeroLossChk
003e0ac0   _sLineZeroLossClr
003e1225   _sLoadEnergySaved
003dfbc4   _sMPPTControl
003da378   _sModeSwitchEvent
003d9f07   _sMultiMasterChk
003dcdc7   _sNAK
003dd79d   _sNTCTemperatureCal
003dd7f3   _sNTCTemperatureCal1
003e2f38   _sNumToASCII
003e1e03   _sOPFreqCal
003e1d71   _sOPPercentCal
003e1d55   _sOPVAAdj
003e1cf6   _sOPVoltTransferRatioCal
003e1cb2   _sOPWattAdj
003e1c9e   _sOPZeroLossChk
003e1c9a   _sOPZeroLossClr
003e2f86   _sOSTimerStart
003e2f76   _sOSTimerStop
003dec64   _sOutputVoltDrtProc
003e1c1d   _sOverLoadChk
003dd927   _sOverTempChk
003dd8d3   _sOverTempDerating
003dd8a9   _sOverTempParaInit
003dad26   _sParaMasterModeProc
003da98b   _sParaNewModeProc
003d9635   _sParaPageBMS
003d97c7   _sParaPageESC
003d9613   _sParaPageEnergyLog
003d96f0   _sParaPageInfo
003d9552   _sParaPageSetting
003e1bf2   _sParaSShareCurChk
003e1bc7   _sParaShareCurChk
003daa66   _sParaSlaveModeProc
003e1b9c   _sParaTShareCurChk
003d9eea   _sParallelInit
003dec3a   _sParallelSingleChk
003dade5   _sParallelTask
003d9771   _sParameterPage
003d9d70   _sParameterSetSave
003dd52d   _sParsing
003e0e8d   _sPeriodLimit
003da915   _sPhysicalAddrAssignChk
003e103f   _sPowerEnergySaved
003dcc07   _sPowerOnMode
003de9a8   _sPowerPriorityProc
003dd33d   _sQ1Command
003dd2b8   _sQ2Command
003dcefe   _sQ3Command
003dd17c   _sQBBSCommand
003dcfae   _sQBDSCommand
003dd141   _sQBRSCommand
003dd069   _sQBTSCommand
003dcec4   _sQDCommand
003e32ed   _sQDataIn
003e32d7   _sQDataOut
003e32d1   _sQInit
003e1538   _sRDAlphaBMSRT2InfoCmd
003e151a   _sRDAlphaBMSRT2InfoData
003e14fd   _sRDAlphaBMSRTInfoCmd
003e14df   _sRDAlphaBMSRTInfoData
003e14c2   _sRDBMSBaseInfoCmd
003e1492   _sRDBMSBaseInfoData
003e1475   _sRDBMSRTInfoCmd
003e1458   _sRDBMSRTInfoData
003e143a   _sRDBMSRatedInfoCmd
003e141d   _sRDBMSRatedInfoData
003e0e89   _sRInvCurrAdj
003e0e85   _sRInvDCVoltAdj
003e0e4e   _sRInvDCVoltCntl
003e0e4a   _sRInvVoltAdj
003e0e26   _sRInverterNegPowChk
003e0abc   _sRLineCurrAdj
003e0aa3   _sRLineRms3timeAvgUpdate
003e0a9f   _sRLineVoltAdj
003e0a49   _sRLineVoltChk
003e1b98   _sROPCurrAdj
003e1b94   _sROPShareCurrAdj
003e1b90   _sROPVoltAdj
003dd5e2   _sRS485RxDebugCommand
003e24f7   _sRTCDelay4us
003e25a8   _sRTCI2CAckIn
003e24fd   _sRTCI2CBitIn
003e256d   _sRTCI2CBitOut
003e2542   _sRTCI2CBitStart
003e25af   _sRTCI2CBitStop
003e267f   _sRTCI2CByteIn
003e259d   _sRTCI2CByteOut
003dd24c   _sRTCommand
003e0d58   _sRVoltRegu
003df3aa   _sReadEeprom1
003df365   _sReadEeprom2
003df320   _sReadEeprom3
003df2db   _sReadEeprom4
003d971d   _sRealTimeDataDisplay
003dbb52   _sRealTimeDataUpdate
000090ee   _sRlyActionDriver
003e3115   _sRlyDelayProc
003dd4f3   _sSCIProtection
003e0d54   _sSInvCurrAdj
003e0d50   _sSInvDCVoltAdj
003e0d4f   _sSInvDCVoltCntl
003e0d4b   _sSInvVoltAdj
003e0d1d   _sSInverterNegPowChk
003e0a45   _sSLineCurrAdj
003e0a2f   _sSLineFreqCal
003e0a00   _sSLineFreqChk
003e09e1   _sSLineRms3timeAvgUpdate
003e09dd   _sSLineVoltAdj
003e09b2   _sSLineVoltChk
003e09a7   _sSLineZeroLossChk
003e09a3   _sSLineZeroLossClr
003e1b8c   _sSOPCurrAdj
003e1b88   _sSOPShareCurrAdj
003e1b84   _sSOPVoltAdj
003e0d1c   _sSVoltRegu
003e098d   _sSYNFreqCal
003e0959   _sSYNFreqChk
003e093f   _sSYNLossEventHandling
003e0925   _sSYNZeroCrossLossChk
003e0921   _sSYNZeroLossClr
003e3207   _sSciChangeBaudRate
003e319f   _sSciChangeBaudRateA
003e319e   _sSciChangeBaudRateB
003df2d2   _sSciEEDefaultWrite1
003df2c9   _sSciEEDefaultWrite2
003df2c0   _sSciEEDefaultWrite3
003df2b7   _sSciEEDefaultWrite4
003e2e7a   _sSciGetTxStatus
003e2e66   _sSciRead
003e31fd   _sSciResetRx
003e319d   _sSciResetRxA
003e319c   _sSciResetRxB
003e31f3   _sSciResetTx
003e319b   _sSciResetTxA
003e319a   _sSciResetTxB
003dd54e   _sSciRxDebugCommand
003e2e4a   _sSciRxISR
003e31e9   _sSciStartRx
003e3195   _sSciStartRxA
003e3190   _sSciStartRxB
003e31df   _sSciStopRx
003e318b   _sSciStopRxA
003e3186   _sSciStopRxB
003e31d5   _sSciStopTx
003e3181   _sSciStopTxA
003e317c   _sSciStopTxB
003dd64e   _sSciTask
003e31c4   _sSciTxData
003e3176   _sSciTxDataA
003e3170   _sSciTxDataB
003e2e04   _sSciTxISR
003e2de2   _sSciWrite
003e2dbd   _sSciWriteBinary
003e28a8   _sSendBitToVram
003dfb71   _sSetBoost1CtrlSts
003dfb4f   _sSetBoost2CtrlSts
003d8df8   _sSetConfigButton
003e21a9   _sSetDCDCCtrlSts
003d8df3   _sSetDownButton
003df2a5   _sSetEEACChgCurrMax
003df29e   _sSetEEACRange
003df297   _sSetEEAutoBackMainPageEn
003df290   _sSetEEBatCVVolt
003df289   _sSetEEBatChgCurrMax
003df282   _sSetEEBatFloatVolt
003df27b   _sSetEEBatUnderBackVolt
003df274   _sSetEEBatUnderVolt
003df26d   _sSetEEBatWeakBackVolt
003df266   _sSetEEBatWeakVolt
003df25f   _sSetEEBatteryType
003df258   _sSetEEBuzzEn
003df251   _sSetEEChgPriority
003df24a   _sSetEEConvertVoltAdj
003df243   _sSetEEDSPBatAdj
003df23c   _sSetEEDSPBatAdjBias
003df235   _sSetEEDSPPBUSAdj
003df22e   _sSetEEDSPPV1CurrAdj
003df227   _sSetEEDSPPV1VoltAdj
003df220   _sSetEEDSPRInvCurrAdj
003df219   _sSetEEDSPRInvVoltAdj
003df212   _sSetEEDSPRLineVoltAdj
003df20b   _sSetEEDSPROPCurrAdj
003df204   _sSetEEDSPROPShareCurrAdj
003df1fd   _sSetEEEnergyStoredEn
003df1f6   _sSetEEFeedPowerEn
003df1ef   _sSetEELCDBLEn
003df1e8   _sSetEEModbusAddr
003df1e1   _sSetEEOPPriority
003df1da   _sSetEEOutputFreq
003df1d3   _sSetEEOutputVolt
003df1cc   _sSetEEOverLoadBpsEn
003df1c5   _sSetEEOverLoadRstEn
003df1be   _sSetEEOverTempRstEn
003df1b7   _sSetEEParallelEn
003df1b0   _sSetEESerialNum1
003df1a9   _sSetEESerialNum2
003df1a2   _sSetEESerialNum3
003df19b   _sSetEESerialNum4
003df194   _sSetEESerialNum5
003df18d   _sSetEESerialNumLength
003d8dee   _sSetESCButton
003d8de9   _sSetEnterButton
003e2120   _sSetFBInvCtrlSts
003de9a1   _sSetInvStep
003e0d15   _sSetInverterPeriodCntSet
003e20f3   _sSetKpwm
003e091c   _sSetLineWaveLoss
003d9f67   _sSetMasterWorkMode
003e0d0e   _sSetPeriodOKLimit
003e0d07   _sSetPhaseLockLimit
003e0d00   _sSetPhaseLockStep
003e0cf9   _sSetPhaseLossLimit
003e0cf2   _sSetPhaseOKLimit
003e0ceb   _sSetRNewSinAmp
003e0ce4   _sSetRSinAmp
003e30a6   _sSetRlyPointer
003e0cdd   _sSetSNewSinAmp
003e0cd6   _sSetSSinAmp
003e3157   _sSetSciSWReset
003e0ccf   _sSetStepHighLimit
003e0cc8   _sSetTNewSinAmp
003e0cc1   _sSetTSinAmp
003e25f6   _sSetTime
003d8de4   _sSetUpButton
003e289c   _sSetVramArea
003d8d92   _sSettingPageACRange
003d8d44   _sSettingPageAutoBackMainPage
003d8ce1   _sSettingPageBatCVVolt
003d8c7e   _sSettingPageBatFloatVolt
003d8c1b   _sSettingPageBatUnderVolt
003d8bb1   _sSettingPageBatWeakBackVolt
003d8b5a   _sSettingPageBatWeakVolt
003d8b08   _sSettingPageBatteryType
003d8aba   _sSettingPageBuzzer
003d8a6c   _sSettingPageChgPriority
003d8a4c   _sSettingPageESC
003d89fe   _sSettingPageEnergyStoredEn
003d89b0   _sSettingPageFeedPowerEn
003d8962   _sSettingPageLCDBackLight
003d8915   _sSettingPageMaxACChgCurr
003d88c8   _sSettingPageMaxChgCurr
003d8876   _sSettingPageOPPriority
003d8808   _sSettingPageOutputFreq
003d8795   _sSettingPageOutputVolt
003d8747   _sSettingPageOverLoadBps
003d86f9   _sSettingPageOverLoadRst
003d86ab   _sSettingPageOverTempRst
003d865d   _sSettingPageParallel
003d85fd   _sSettingPageTimeDay
003d85bb   _sSettingPageTimeHour
003d8579   _sSettingPageTimeMin
003d8537   _sSettingPageTimeMonth
003d84f5   _sSettingPageTimeSec
003d84b2   _sSettingPageTimeYear
003d84ad   _sSettingParaInit
003dc451   _sShutdownChk
003e0913   _sSigPalCfgChkCntClr
003e08d4   _sSigPalConfigChk
003da85c   _sSlavePhysicalLossChk
0000905e   _sSnatchGraph
003dfb4b   _sSolarCurr1Adj
003dfb47   _sSolarCurr2Adj
003dfb43   _sSolarISOVolt1Adj
003dfb3f   _sSolarISOVolt2Adj
003df99e   _sSolarLimitCurrUpdate
003df995   _sSolarPower1Adj
003df98c   _sSolarPower2Adj
003df93a   _sSolarPowerChk
003dd868   _sSolarProcess
003df900   _sSolarShortChk
003df8f8   _sSolarVolt1Adj
003df888   _sSolarVolt1Chk
003df880   _sSolarVolt2Adj
003df81f   _sSolarVolt2Chk
003e2db5   _sSplit
003dcb8b   _sStandbyMode
003dcce8   _sSuperTask
003d8489   _sSwitchOnButtonProc
003d9f6b   _sSysDataConsistentChk
003d9e96   _sSystemDataInit
003da7d7   _sSystemSourceStatus
003de8c6   _sSystemWorkSts
003e0cbd   _sTInvCurrAdj
003e0cb9   _sTInvDCVoltAdj
003e0cb8   _sTInvDCVoltCntl
003e0cb4   _sTInvVoltAdj
003e0c86   _sTInverterNegPowChk
003e08d0   _sTLineCurrAdj
003e08ba   _sTLineFreqCal
003e088b   _sTLineFreqChk
003e0872   _sTLineRms3timeAvgUpdate
003e086e   _sTLineVoltAdj
003e0843   _sTLineVoltChk
003e0838   _sTLineZeroLossChk
003e0834   _sTLineZeroLossClr
003e1b80   _sTOPCurrAdj
003e1b7c   _sTOPShareCurrAdj
003e1b78   _sTOPVoltAdj
003e0c85   _sTVoltRegu
003df13e   _sTaskEepromPageWrite
003dcdc7   _sTestCommand
003d9f1c   _sToBeMasterModule
003d9ec5   _sToBeNewModule
003da7cc   _sToBeSlaveModule
003da58f   _sUpdateLocalData
003e274c   _sUserEventHandling
003d8298   _sViewBatCap
003d8283   _sViewLoadCap
003dcdfb   _sWTCommand
003e2723   _sWarningUpdate
003d83a4   _sWorkModeDisplay
003d80ac   _sbDisplayWarning
003df131   _sbEECheckCRC1
003df124   _sbEECheckCRC2
003df117   _sbEECheckCRC3
003df10a   _sbEECheckCRC4
003dfdc1   _sbGetCanEventEnable
003e0c79   _sbGetInverterPLStatus
003e3152   _sbGetSciRxDataA
003e314d   _sbGetSciRxDataB
003e3146   _sbGetSciRxRdyA
003e313f   _sbGetSciRxRdyB
003e3138   _sbGetSciTxRdyA
003e3131   _sbGetSciTxRdyB
003e2f23   _sbInRangeChk
003e2f0e   _sbOutRangeChk
003e2efe   _sbOverLevelChk
003da4eb   _sbParameterSetChk
003e31b8   _sbSciGetRxData
003e31ac   _sbSciGetRxRdy
003e31a0   _sbSciGetTxRdy
003dcdaf   _sbStrNCmp
003e2eee   _sbUnderLevelChk
003d9d1c   _sbWorkModeDiffChk
003df106   _sdwGetEEDSPBatAdjBias
003e07d2   _sdwGetLineZeroTime
003e07ce   _sdwGetSYNZeroTime
003e07ca   _sdwGetSineZeroTime
003e07a4   _sdwRInvWattCal
003e0775   _sdwROPWattCal
003e0761   _spGetInvSynTd
003e074d   _spGetInvTd
0000ba00   _strEepromDataStruct1
0000ba40   _strEepromDataStruct2
0000c113   _strfLine
0000c111   _strfLineFeed
003e3019   _subBusUnderChk
003e22f8   _subGetBatDangerSts
003e22f4   _subGetBatLowSts
003e22f0   _subGetBatOpenSts
003e22ec   _subGetBatOverSts
003e22e5   _subGetBatUnderSts
003e22e1   _subGetBatWeakSts
003e0828   _subGetLineFeedLossStatus
003e081c   _subGetLineFreqLossStatus
003e0810   _subGetLineLossStatus
003e0804   _subGetLinePhaseLossStatus
003e07f8   _subGetLineVoltLossStatus
003e07ec   _subGetLineWaveLossStatus
003e07da   _subGetPalLineLossStatus
003e22d5   _subGetParaBatOpenSts
003e22c5   _subGetParaBatUnderSts
003dcd60   _subGetRealTime
003e2526   _subRTCSoftwareReset
003e1011   _suldwCalPowerEnergyTotal
003e0734   _suwConvertTempAvgCal
003e0717   _suwConvertVoltAvgCal
003e06fb   _suwFanLock1AvgCal
003e06df   _suwFanLock2AvgCal
003df81b   _suwGetBoost1CtrlSts
003df817   _suwGetBoost2CtrlSts
003e3015   _suwGetBusAbnormalSts
003e3011   _suwGetBusOverSts
003e20ef   _suwGetDCDCCtrlSts
003e20eb   _suwGetFBInvCtrlSts
003e06db   _suwGetLinePeriodNew
003e06d9   _suwGetOPPeriodNew
003e06c0   _suwInnelTempAvgCal
003e06a7   _suwInvTempAvgCal
003e068e   _suwSolarBSTTempAvgCal
003e0671   _suwSolarCurrAvg1Cal
003e064a   _suwSolarPower1AvgCal
003e0629   _suwSolarVolt1AvgCal
003e060d   _suwSwitchOnAvgCal
003e2ec7   _swASCIIToNum
003e05d3   _swBatVoltCal
003dbfbe   _swBatteryModeReady
003db132   _swBuildFaultFrame
003dafcd   _swBuildRdFrame
003db09c   _swBuildWrFrame
003dc381   _swBusSoftInLineMode
003dc1a5   _swBypassModeReady
003dc135   _swChgModeReady
003d9c4b   _swChkOPRly
[...]
003ddc10   _sDisChgCurrAdj
003ddc44   _sChgDischgEnDisable
003ddc8c   _sBatProtChgMode
003ddd4b   _sChgCtrlCurrAdj
003dde10   _sChgDischgCurrMng
003dde17   _sBusVoltProtLevelCal
003dde3b   _sBatParaUpdate
003ddf15   _sBatteryStageCntl
003ddffe   _sBatteryPercentCal
003de035   _sBusBatProtectTask
003de119   _sInitSysCtrl
003de1aa   _sInitPieCtrl
003de1c9   _sInitPieVectTable
003de1da   _MemCopy
003de1e9   _sInitEPWM
003de4a7   _sInitECAP
003de504   _DelayUs
003de511   _sInitAdc
003de5fb   _sInitGpio
003de833   _sInitSCI
003de84f   _sInitialDSP
003de8c2   _swGetInvStep
003de8c6   _sSystemWorkSts
003de9a1   _sSetInvStep
003de9a8   _sPowerPriorityProc
003dec3a   _sParallelSingleChk
003dec64   _sOutputVoltDrtProc
003ded13   _sKpwmUpdate
003ded35   _sFrePhaseLockProc
003ded8d   _sControllerRefUpdate
003dee53   _ACInputPowerCal
003dee81   _sACOutputVoltChgChk
003dee97   _sEnergyInfoUpdate
003def30   _sInputOutputRvsChk
003def56   _sInvLoadOPTask
003df066   _swGetEESerialNumLength
003df06a   _swGetEESerialNum5
003df06e   _swGetEESerialNum4
003df072   _swGetEESerialNum3
003df076   _swGetEESerialNum2
003df07a   _swGetEESerialNum1
003df07e   _swGetEEParallelEn
003df082   _swGetEEOverTempRstEn
003df086   _swGetEEOverLoadRstEn
003df08a   _swGetEEOverLoadBpsEn
003df08e   _swGetEEOutputVolt
003df092   _swGetEEOutputFreq
003df096   _swGetEEOPPriority
003df09a   _swGetEEModbusAddr
003df09e   _swGetEELCDBLEn
003df0a2   _swGetEEFeedPowerEn
003df0a6   _swGetEEEnergyStoredEn
003df0aa   _swGetEEDSPROPShareCurrAdj
003df0ae   _swGetEEDSPROPCurrAdj
003df0b2   _swGetEEDSPRLineVoltAdj
003df0b6   _swGetEEDSPRInvVoltAdj
003df0ba   _swGetEEDSPRInvCurrAdj
003df0be   _swGetEEDSPPV1VoltAdj
003df0c2   _swGetEEDSPPV1CurrAdj
003df0c6   _swGetEEDSPPBUSAdj
003df0ca   _swGetEEDSPBatAdj
003df0ce   _swGetEEConvertVoltAdj
003df0d2   _swGetEEChgPriority
003df0d6   _swGetEEBuzzEn
003df0da   _swGetEEBatteryType
003df0de   _swGetEEBatWeakVolt
003df0e2   _swGetEEBatWeakBackVolt
003df0e6   _swGetEEBatUnderVolt
003df0ea   _swGetEEBatUnderBackVolt
003df0ee   _swGetEEBatFloatVolt
003df0f2   _swGetEEBatChgCurrMax
003df0f6   _swGetEEBatCVVolt
003df0fa   _swGetEEAutoBackMainPageEn
003df0fe   _swGetEEACRange
003df102   _swGetEEACChgCurrMax
003df106   _sdwGetEEDSPBatAdjBias
003df10a   _sbEECheckCRC4
003df117   _sbEECheckCRC3
003df124   _sbEECheckCRC2
003df131   _sbEECheckCRC1
003df13e   _sTaskEepromPageWrite
003df18d   _sSetEESerialNumLength
003df194   _sSetEESerialNum5
003df19b   _sSetEESerialNum4
003df1a2   _sSetEESerialNum3
003df1a9   _sSetEESerialNum2
003df1b0   _sSetEESerialNum1
003df1b7   _sSetEEParallelEn
003df1be   _sSetEEOverTempRstEn
003df1c5   _sSetEEOverLoadRstEn
003df1cc   _sSetEEOverLoadBpsEn
003df1d3   _sSetEEOutputVolt
003df1da   _sSetEEOutputFreq
003df1e1   _sSetEEOPPriority
003df1e8   _sSetEEModbusAddr
003df1ef   _sSetEELCDBLEn
003df1f6   _sSetEEFeedPowerEn
003df1fd   _sSetEEEnergyStoredEn
003df204   _sSetEEDSPROPShareCurrAdj
003df20b   _sSetEEDSPROPCurrAdj
003df212   _sSetEEDSPRLineVoltAdj
003df219   _sSetEEDSPRInvVoltAdj
003df220   _sSetEEDSPRInvCurrAdj
003df227   _sSetEEDSPPV1VoltAdj
003df22e   _sSetEEDSPPV1CurrAdj
003df235   _sSetEEDSPPBUSAdj
003df23c   _sSetEEDSPBatAdjBias
003df243   _sSetEEDSPBatAdj
003df24a   _sSetEEConvertVoltAdj
003df251   _sSetEEChgPriority
003df258   _sSetEEBuzzEn
003df25f   _sSetEEBatteryType
003df266   _sSetEEBatWeakVolt
003df26d   _sSetEEBatWeakBackVolt
003df274   _sSetEEBatUnderVolt
003df27b   _sSetEEBatUnderBackVolt
003df282   _sSetEEBatFloatVolt
003df289   _sSetEEBatChgCurrMax
003df290   _sSetEEBatCVVolt
003df297   _sSetEEAutoBackMainPageEn
003df29e   _sSetEEACRange
003df2a5   _sSetEEACChgCurrMax
003df2ac   _sEEDefaultWrite
003df2b7   _sSciEEDefaultWrite4
003df2c0   _sSciEEDefaultWrite3
003df2c9   _sSciEEDefaultWrite2
003df2d2   _sSciEEDefaultWrite1
003df2db   _sReadEeprom4
003df320   _sReadEeprom3
003df365   _sReadEeprom2
003df3aa   _sReadEeprom1
003df3ea   _sEepromSaveBackUp4
003df413   _sEepromSaveBackUp3
003df43c   _sEepromSaveBackUp2
003df465   _sEepromSaveBackUp1
003df48e   _sEepromSave4
003df4c1   _sEepromSave3
003df4f4   _sEepromSave2
003df527   _sEepromSave1
003df558   _sEEpromDataRangeChk
003df75c   _swMPPTTrack
003df7f3   _swGetVm_P
003df7f7   _swGetVerr_P1
003df7fb   _swGetR_Is_P2
003df7ff   _swGetR_Is_P1
003df803   _swGetPV2CurrLimit
003df807   _swGetPV1CurrLimit
003df80b   _swGetImo_P2
003df80f   _swGetImo_P1
003df813   _swGetBoost_PWM
003df817   _suwGetBoost2CtrlSts
003df81b   _suwGetBoost1CtrlSts
003df81f   _sSolarVolt2Chk
003df880   _sSolarVolt2Adj
003df888   _sSolarVolt1Chk
003df8f8   _sSolarVolt1Adj
003df900   _sSolarShortChk
003df93a   _sSolarPowerChk
003df98c   _sSolarPower2Adj
003df995   _sSolarPower1Adj
003df99e   _sSolarLimitCurrUpdate
003dfb3f   _sSolarISOVolt2Adj
003dfb43   _sSolarISOVolt1Adj
003dfb47   _sSolarCurr2Adj
003dfb4b   _sSolarCurr1Adj
003dfb4f   _sSetBoost2CtrlSts
003dfb53   _sClearBoostRam
003dfb71   _sSetBoost1CtrlSts
003dfbc4   _sMPPTControl
003dfc94   _sInitBoostParams
003dfcbb   _sClearBoost2Ram
003dfcdd   _sBoost2Control
003dfdc1   _sbGetCanEventEnable
003dfdc5   _sCanHdSend9
003dfe2a   _sCanWrite9
003dfe32   _sCanHdSend8
003dfe97   _sCanWrite8
003dfe9f   _sCanHdSend7
003dff02   _sCanWrite7
003dff0a   _sCanHdSend4
003dff6d   _sCanWrite4
003dff75   _sCanHdSend2
003dffd8   _sCanWrite2
003dffe0   _sCanHdSend10
003dffe0   _sCanWrite10
003e0048   _sCanHdSend1
003e00ab   _sCanWrite1
003e00bf   _sCanResetTxInt1
003e00c5   _sCanTxISR1
003e00cf   _sCanSetRxMask
003e00d6   _sCanSetRxId
003e015e   _sCanResetRxInt6
003e0164   _sCanHdRead6
003e0173   _sCanRxISR6
003e01a6   _sCanResetRxInt5
003e01ac   _sCanHdRead5
003e01bb   _sCanRxISR5
003e01ee   _sCanResetRxInt3
003e01f4   _sCanHdRead3
003e0203   _sCanRxISR3
003e0236   _sCanResetRxInt0
003e023c   _sCanHdRead0
003e0247   _sCanRxISR0
003e027a   _sCanResetTxInt9
003e0281   _sCanResetTxInt8
003e0288   _sCanResetTxInt7
003e028e   _sCanResetTxInt4
003e0294   _sCanResetTxInt2
003e029a   _sCanResetTxInt10
003e02a1   _sCanCopy
003e02ac   _sCanRead
003e02c7   _sCanHdInit
003e032b   _sCanInitial
003e033e   _sCanEventEnable
003e0343   _sCanEventDisable
003e0347   _swROPVoltCal
003e038a   _swROPShareCurrCal
003e03c2   _swROPCurrCal
003e03f6   _swRLineVoltCal
003e040d   _swRInvVoltCal
003e0424   _swRInvDCVoltCal
003e0444   _swRInvCurrCal
003e0478   _swPDCDCCurrCal
003e0499   _swPDCDCAvgCurrCal
003e04c0   _swPBusVoltCal
003e04e4   _swGetSynchroPeriodNew
003e04e8   _swGetSynPeriodCntNew
003e04ec   _swGetSolarVolt1Sample
003e04f0   _swGetSolarVolt1Real
003e04f7   _swGetSolarCurrAvg1Sample
003e04fb   _swGetSolarCurrAvg1Real
003e0502   _swGetSolarCurr1Sample
003e0506   _swGetSolarCurr1Real
003e050d   _swGetSolarBSTTempSample
003e0511   _swGetSinePeriodCntNew
003e0515   _swGetROPVoltSample
003e0519   _swGetROPVoltReal
003e0520   _swGetROPShareCurrSample
003e0524   _swGetROPShareCurrReal
003e052b   _swGetROPCurrSample
003e052f   _swGetROPCurrReal
003e0536   _swGetRLineVoltSample
003e053a   _swGetRLineVoltReal
003e0541   _swGetRInvVoltSample
003e0545   _swGetRInvVoltReal
003e054c   _swGetRInvOverCurrPCnt
003e0554   _swGetRInvHWOverCurrPCnt
003e055c   _swGetRInvDCVoltSample
003e0560   _swGetRInvDCVoltReal
003e0567   _swGetRInvCurrSample
003e056b   _swGetRInvCurrReal
003e0572   _swGetRInvCurr2Sample
003e0576   _swGetRInvCurr2Real
003e057d   _swGetRInvCurr1Sample
003e0581   _swGetRInvCurr1Real
003e0588   _swGetPDCDCCurrSample
003e058c   _swGetPDCDCCurrReal
003e0593   _swGetPDCDCAvgCurrSample
003e0597   _swGetPDCDCAvgCurrReal
003e059e   _swGetPBusVoltSample
003e05a2   _swGetPBusVoltReal
003e05a9   _swGetModelSample
003e05ad   _swGetLinePeriodCntNew
003e05b1   _swGetInvTempSample
003e05b5   _swGetInnelTempSample
003e05b9   _swGetConvertVoltSample
003e05bd   _swGetConvertVoltReal
003e05c4   _swGetConvertTempSample
003e05c8   _swGetBatVoltSample
003e05cc   _swGetBatVoltReal
003e05d3   _swBatVoltCal
003e060d   _suwSwitchOnAvgCal
003e0629   _suwSolarVolt1AvgCal
003e064a   _suwSolarPower1AvgCal
003e0671   _suwSolarCurrAvg1Cal
003e068e   _suwSolarBSTTempAvgCal
003e06a7   _suwInvTempAvgCal
003e06c0   _suwInnelTempAvgCal
003e06d9   _suwGetOPPeriodNew
003e06db   _suwGetLinePeriodNew
003e06df   _suwFanLock2AvgCal
003e06fb   _suwFanLock1AvgCal
003e0717   _suwConvertVoltAvgCal
003e0734   _suwConvertTempAvgCal
003e074d   _spGetInvTd
003e0761   _spGetInvSynTd
003e0775   _sdwROPWattCal
003e07a4   _sdwRInvWattCal
003e07ca   _sdwGetSineZeroTime
003e07ce   _sdwGetSYNZeroTime
003e07d2   _sdwGetLineZeroTime
003e07d6   _swGetLineSts
003e07da   _subGetPalLineLossStatus
003e07ec   _subGetLineWaveLossStatus
003e07f8   _subGetLineVoltLossStatus
003e0804   _subGetLinePhaseLossStatus
003e0810   _subGetLineLossStatus
003e081c   _subGetLineFreqLossStatus
003e0828   _subGetLineFeedLossStatus
003e0834   _sTLineZeroLossClr
003e0838   _sTLineZeroLossChk
003e0843   _sTLineVoltChk
003e086e   _sTLineVoltAdj
003e0872   _sTLineRms3timeAvgUpdate
003e088b   _sTLineFreqChk
003e08ba   _sTLineFreqCal
003e08d0   _sTLineCurrAdj
003e08d4   _sSigPalConfigChk
003e0913   _sSigPalCfgChkCntClr
003e091c   _sSetLineWaveLoss
003e0921   _sSYNZeroLossClr
003e0925   _sSYNZeroCrossLossChk
003e093f   _sSYNLossEventHandling
003e0959   _sSYNFreqChk
003e098d   _sSYNFreqCal
003e09a3   _sSLineZeroLossClr
003e09a7   _sSLineZeroLossChk
003e09b2   _sSLineVoltChk
003e09dd   _sSLineVoltAdj
003e09e1   _sSLineRms3timeAvgUpdate
003e0a00   _sSLineFreqChk
003e0a2f   _sSLineFreqCal
003e0a45   _sSLineCurrAdj
003e0a49   _sRLineVoltChk
003e0a9f   _sRLineVoltAdj
003e0aa3   _sRLineRms3timeAvgUpdate
003e0abc   _sRLineCurrAdj
003e0ac0   _sLineZeroLossClr
003e0ac4   _sLineZeroLossChk
003e0ad1   _sLineStsInit
003e0ad8   _sLinePhaseChk
003e0b2c   _sLineModuleUpdate
003e0b92   _sLineModuleInit
003e0bbe   _sLineFreqChk
003e0bed   _sLineFreqCal
003e0c03   _sClrLineWaveLoss
003e0c08   _swInverterStepCompensation
003e0c13   _swInverterStepCal
003e0c6d   _swGetPhaseLockStep
003e0c71   _swGetPhaseLockLimit
003e0c75   _swGetInverterPeriodCntSet
003e0c79   _sbGetInverterPLStatus
003e0c85   _sTVoltRegu
003e0c86   _sTInverterNegPowChk
003e0cb4   _sTInvVoltAdj
003e0cb8   _sTInvDCVoltCntl
003e0cb9   _sTInvDCVoltAdj
003e0cbd   _sTInvCurrAdj
003e0cc1   _sSetTSinAmp
003e0cc8   _sSetTNewSinAmp
003e0ccf   _sSetStepHighLimit
003e0cd6   _sSetSSinAmp
003e0cdd   _sSetSNewSinAmp
003e0ce4   _sSetRSinAmp
003e0ceb   _sSetRNewSinAmp
003e0cf2   _sSetPhaseOKLimit
003e0cf9   _sSetPhaseLossLimit
003e0d00   _sSetPhaseLockStep
003e0d07   _sSetPhaseLockLimit
003e0d0e   _sSetPeriodOKLimit
003e0d15   _sSetInverterPeriodCntSet
003e0d1c   _sSVoltRegu
003e0d1d   _sSInverterNegPowChk
003e0d4b   _sSInvVoltAdj
003e0d4f   _sSInvDCVoltCntl
003e0d50   _sSInvDCVoltAdj
003e0d54   _sSInvCurrAdj
003e0d58   _sRVoltRegu
003e0e26   _sRInverterNegPowChk
003e0e4a   _sRInvVoltAdj
003e0e4e   _sRInvDCVoltCntl
003e0e85   _sRInvDCVoltAdj
003e0e89   _sRInvCurrAdj
003e0e8d   _sPeriodLimit
003e0e9e   _sAdjPhase
003e0ed6   _sInverterPhaseLock
003e0f4a   _sInverterModuleInitail
003e0f61   _sInverterFreqCal
003e0f77   _sInvWattAdj
003e0f83   _sInvVoltLowChk
003e0fbb   _sInvVoltHighChk
003e0fe7   _sFreeRun
003e1005   _sClrInvDCVoltCntlPara
003e1011   _suldwCalPowerEnergyTotal
003e102f   _sClrPowerEnergySaved
003e103f   _sPowerEnergySaved
003e1225   _sLoadEnergySaved
003e1419   _wConvertOCTToHEX
003e141d   _sRDBMSRatedInfoData
003e143a   _sRDBMSRatedInfoCmd
003e1458   _sRDBMSRTInfoData
003e1475   _sRDBMSRTInfoCmd
003e1492   _sRDBMSBaseInfoData
003e14c2   _sRDBMSBaseInfoCmd
003e14df   _sRDAlphaBMSRTInfoData
003e14fd   _sRDAlphaBMSRTInfoCmd
003e151a   _sRDAlphaBMSRT2InfoData
003e1538   _sRDAlphaBMSRT2InfoCmd
003e1555   _sBMSParaInit
003e157e   _sBMSDataParsing
003e15c7   _sBMSDataAnalyze
003e171a   _sBMSCommandRollProc
003e17e2   _sBMSCommandProc
003e1802   _SinTab384
003e1863   _CosTab384
003e19e3   _SinTab324
003e1a34   _CosTab324
003e1b78   _sTOPVoltAdj
003e1b7c   _sTOPShareCurrAdj
003e1b80   _sTOPCurrAdj
003e1b84   _sSOPVoltAdj
003e1b88   _sSOPShareCurrAdj
003e1b8c   _sSOPCurrAdj
003e1b90   _sROPVoltAdj
003e1b94   _sROPShareCurrAdj
003e1b98   _sROPCurrAdj
003e1b9c   _sParaTShareCurChk
003e1bc7   _sParaShareCurChk
003e1bf2   _sParaSShareCurChk
003e1c1d   _sOverLoadChk
003e1c9a   _sOPZeroLossClr
003e1c9e   _sOPZeroLossChk
003e1cb2   _sOPWattAdj
003e1cf6   _sOPVoltTransferRatioCal
003e1d55   _sOPVAAdj
003e1d71   _sOPPercentCal
003e1e03   _sOPFreqCal
003e1e1a   _sInvOPShortChk
003e1e3a   _sDelay4us
003e1e40   _sI2CBitOut
003e1e72   _sI2CByteOut
003e1e7d   _sI2CBitIn
003e1ea7   _sI2CByteIn
003e1eb7   _sI2CBitStop
003e1edb   _sI2CBitStart
003e1f07   _sI2CAckIn
003e1f0e   _sEepromWrite
003e1f6d   _sEepromSoftwareReset
003e1f88   _sEepromReadChkWR
003e1ffb   _sEepromRead
003e2052   _sEepromPageWrite
003e208c   _swGetVref
003e2090   _swGetVoltLimit
003e2094   _swGetVBeforeSaturation
003e2098   _swGetRSinPointer
003e209c   _swGetRLoadCurrCntl
003e20a0   _swGetRLineVoltTest
003e20a7   _swGetRInvVoltCntl
003e20ab   _swGetRInvDCVoltCtrl
003e20af   _swGetRInvCurrCntl
003e20b3   _swGetRFBVm_P
003e20b7   _swGetRFBPWM
003e20bb   _swGetPDCDCPWM
003e20bf   _swGetPDCDCImo
003e20c3   _swGetLoopOutput
003e20c7   _swGetKpwm
003e20cb   _swGetInvVoltError
003e20cf   _swGetInvBusVoltRef
003e20d3   _swGetFBVm_P
003e20d7   _swGetFBR_Is_P
003e20db   _swGetFBPWM
003e20df   _swGetFBImo_P
003e20e3   _swGetBusVoltErr
003e20e7   _swGetBusVmo
003e20eb   _suwGetFBInvCtrlSts
003e20ef   _suwGetDCDCCtrlSts
003e20f3   _sSetKpwm
003e20fa   _sClearFBRam
003e2120   _sSetFBInvCtrlSts
003e218b   _sClrDCDCCtrlPara
003e21a9   _sSetDCDCCtrlSts
003e2207   _sFBINVPFCInitial
003e223b   _sClearFBRCurrRam
003e2249   _sBuckSoftProc
003e229e   _sBoostSoftProc
003e22c5   _subGetParaBatUnderSts
003e22d5   _subGetParaBatOpenSts
003e22e1   _subGetBatWeakSts
003e22e5   _subGetBatUnderSts
003e22ec   _subGetBatOverSts
003e22f0   _subGetBatOpenSts
003e22f4   _subGetBatLowSts
003e22f8   _subGetBatDangerSts
003e22fc   _sDCDCCurrAvgAdj
003e230f   _sDCDCCurrAdj
003e2318   _sConvertVoltAvgAdj
003e231c   _sBatteryModuleInit
003e2356   _sBatWeakChk
003e239c   _sBatVoltAvgAdj
003e23a0   _sBatUnderChk
003e2447   _sBatOverChk
003e2464   _sBatOverChgChk
003e248a   _sBatOpenChk
003e24a9   _sBatLowChk
003e24d3   _sBMSSOCFullChk
003e24f7   _sRTCDelay4us
003e24fd   _sRTCI2CBitIn
003e2526   _subRTCSoftwareReset
003e2542   _sRTCI2CBitStart
003e256d   _sRTCI2CBitOut
003e259d   _sRTCI2CByteOut
003e25a8   _sRTCI2CAckIn
003e25af   _sRTCI2CBitStop
003e25d2   _sIICRTCWrite
003e25f6   _sSetTime
003e267f   _sRTCI2CByteIn
003e268d   _sIICRTCRead
003e26ba   _sGetTime
003e2723   _sWarningUpdate
003e274c   _sUserEventHandling
003e2765   _sInitial60HzPara
003e2789   _sInitial50HzPara
003e27ad   _sAutoDetectForLineFreq
003e2809   _sGridChgBatComp
003e283d   _sGridTask
003e289c   _sSetVramArea
003e28a8   _sSendBitToVram
003e28d5   _sLcdDelay1us
003e28da   _sDisplayUpdateData
003e291a   _sDisplayUpdate
003e2943   _sDisplayHwInit
003e29b7   _sDisplayDevInit
003e29ea   _sClearVramArea
003e29f3   _sBackLightOn
003e2a02   _sBackLightOff
003e2a07   _SYNZeroCrossInterrupt
003e2a4e   _SCIBTransmitInterrupt
003e2a67   _SCIBReceiveInterrupt
003e2a80   _SCIATransmitInterrupt
003e2a99   _SCIAReceiveInterrupt
003e2ab2   _InvZeroCrossInterrupt
003e2ad2   _Epwm1_tzInterrupt
003e2adb   _CANInterrupt
003e2b69   _rsvd_ISR
003e2b6e   _XINT2_ISR
003e2b73   _XINT1_ISR
003e2b78   _WAKEINT_ISR
003e2b7d   _USER9_ISR
003e2b82   _USER8_ISR
003e2b87   _USER7_ISR
003e2b8c   _USER6_ISR
003e2b91   _USER5_ISR
003e2b96   _USER4_ISR
003e2b9b   _USER3_ISR
003e2ba0   _USER2_ISR
003e2ba5   _USER1_ISR
003e2baa   _USER12_ISR
003e2baf   _USER11_ISR
003e2bb4   _USER10_ISR
003e2bb9   _TINT0_ISR
003e2bbe   _SPITXINTD_ISR
003e2bc3   _SPITXINTC_ISR
003e2bc8   _SPITXINTB_ISR
003e2bcd   _SPITXINTA_ISR
003e2bd2   _SPIRXINTD_ISR
003e2bd7   _SPIRXINTC_ISR
003e2bdc   _SPIRXINTB_ISR
003e2be1   _SPIRXINTA_ISR
003e2be6   _SEQ2INT_ISR
003e2beb   _SEQ1INT_ISR
003e2bf0   _SCITXINTB_ISR
003e2bf5   _SCITXINTA_ISR
003e2bfa   _SCIRXINTB_ISR
003e2bff   _SCIRXINTA_ISR
003e2c04   _RTOSINT_ISR
003e2c09   _PIE_RESERVED
003e2c0e   _NMI_ISR
003e2c13   _INT14_ISR
003e2c18   _INT13_ISR
003e2c1d   _ILLEGAL_ISR
003e2c22   _I2CINT2A_ISR
003e2c27   _I2CINT1A_ISR
003e2c2c   _EQEP2_INT_ISR
003e2c31   _EQEP1_INT_ISR
003e2c36   _EPWM6_TZINT_ISR
003e2c3b   _EPWM6_INT_ISR
003e2c40   _EPWM5_TZINT_ISR
003e2c45   _EPWM5_INT_ISR
003e2c4a   _EPWM4_TZINT_ISR
003e2c4f   _EPWM4_INT_ISR
003e2c54   _EPWM3_TZINT_ISR
003e2c59   _EPWM3_INT_ISR
003e2c5e   _EPWM2_TZINT_ISR
003e2c63   _EPWM2_INT_ISR
003e2c68   _EPWM1_TZINT_ISR
003e2c6d   _EPWM1_INT_ISR
003e2c72   _EMUINT_ISR
003e2c77   _EMPTY_ISR
003e2c7c   _ECAP4_INT_ISR
003e2c81   _ECAP3_INT_ISR
003e2c86   _ECAP2_INT_ISR
003e2c8b   _ECAP1_INT_ISR
003e2c90   _ECAN1INTB_ISR
003e2c95   _ECAN1INTA_ISR
003e2c9a   _ECAN0INTB_ISR
003e2c9f   _ECAN0INTA_ISR
003e2ca4   _DATALOG_ISR
003e2ca9   _ADCINT_ISR
003e2cae   LL$$DIV
003e2cea   LL$$MOD
003e2d24   ULL$$DIV
003e2d53   ULL$$MOD
003e2db5   _sSplit
003e2dbd   _sSciWriteBinary
003e2de2   _sSciWrite
003e2e04   _sSciTxISR
003e2e4a   _sSciRxISR
003e2e66   _sSciRead
003e2e7a   _sSciGetTxStatus
003e2e82   _sInitialSci
003e2e9b   _swRoot
003e2ec7   _swASCIIToNum
003e2eee   _sbUnderLevelChk
003e2efe   _sbOverLevelChk
003e2f0e   _sbOutRangeChk
003e2f23   _sbInRangeChk
003e2f38   _sNumToASCII
003e2f76   _sOSTimerStop
003e2f86   _sOSTimerStart
003e2faa   _main
003e3011   _suwGetBusOverSts
003e3015   _suwGetBusAbnormalSts
003e3019   _subBusUnderChk
003e306f   _sBusOverChk
003e30a1   _sBusAvgVoltAdj
003e30a6   _sSetRlyPointer
003e3115   _sRlyDelayProc
003e3124   _ubGetSciRxError
003e3131   _sbGetSciTxRdyB
003e3138   _sbGetSciTxRdyA
003e313f   _sbGetSciRxRdyB
003e3146   _sbGetSciRxRdyA
003e314d   _sbGetSciRxDataB
003e3152   _sbGetSciRxDataA
003e3157   _sSetSciSWReset
003e3170   _sSciTxDataB
003e3176   _sSciTxDataA
003e317c   _sSciStopTxB
003e3181   _sSciStopTxA
003e3186   _sSciStopRxB
003e318b   _sSciStopRxA
003e3190   _sSciStartRxB
003e3195   _sSciStartRxA
003e319a   _sSciResetTxB
003e319b   _sSciResetTxA
003e319c   _sSciResetRxB
003e319d   _sSciResetRxA
003e319e   _sSciChangeBaudRateB
003e319f   _sSciChangeBaudRateA
003e31a0   _sbSciGetTxRdy
003e31ac   _sbSciGetRxRdy
003e31b8   _sbSciGetRxData
003e31c4   _sSciTxData
003e31d5   _sSciStopTx
003e31df   _sSciStopRx
003e31e9   _sSciStartRx
003e31f3   _sSciResetTx
003e31fd   _sSciResetRx
003e3207   _sSciChangeBaudRate
003e3213   _OSFindHighPrio
003e3242   _OSSched
003e325c   _OSInitTCBList
003e326a   _OSInitSys
003e3270   _OSInitRdyList
003e3281   _OSMaskEventPend
003e32ad   _OSEventSend
003e32c8   _OSEventGet
003e32d1   _sQInit
003e32d7   _sQDataOut
003e32ed   _sQDataIn
003e3321   _OSTaskCreate
003e333d   _OSStart
003e334f   _OSIntExit
003e3364   _OSInit
003e336b   _c_int00
003e33af   _OSStartHighRdy
003e33bf   _OSCtxSw
003e33e2   _OSIntCtxSw
003e33e5   L$$DIV
003e33f4   L$$MOD
003e3402   UL$$DIV
003e3409   UL$$MOD
003e340f   _OSTaskStkInit
003e3438   I$$DIV
003e3449   I$$MOD
003e345a   ___memcpy_ff
003e347b   LL$$CMP
003e348d   ULL$$CMP
003e3499   __args_main
003e34b2   C$$EXIT
003e34b2   _abort
003e34b4   _exit
003e34cb   U$$DIV
003e34d0   U$$MOD
003e34d6   __register_unlock
003e34da   __register_lock
003e34de   __nop
003e34df   ___etext__
003e34df   etext
003f0000   ___cinit__
003f0000   cinit
003f1000   _RamfuncsLoadStart
003f217e   _RamfuncsLoadEnd
003f2e00   _PieVectTableInit
003f2f00   _GetDataSubArray
003f2fc8   _gc_strEepromDaultTable1
003f2fe6   _gc_strEepromDaultTable2
003f3006   _gc_strEepromDaultTable3
003f3074   _gc_strCOMParsingTable
003f311c   _wNTCTempSampleTab1
003f319a   _wNTCTempSampleTab
003f3200   _FigureSEG_TAB
003f3238   _gc_RealTimeDataMap
003f3270   _Seg7CodeTab
003f3296   _gc_BMSDataMap
003f32aa   _gc_EnergyDataMap
003f32e2   _gc_INFODataMap
003f3300   _gc_uwBoostCtrlSts
003f3efe   _clearram
003f7ff6   code_start
ffffffff   ___binit__
ffffffff   ___c_args__
ffffffff   ___pinit__
ffffffff   binit
ffffffff   pinit

[2079 symbols]
